Archive member included because of file (symbol)

obj_cooja/mtype892.a(rimeaddr.o)
                              obj_cooja/mtype892.o (rimeaddr_node_addr)
obj_cooja/mtype892.a(nullrdc.o)
                              obj_cooja/mtype892.o (nullrdc_driver)
obj_cooja/mtype892.a(mac.o)   obj_cooja/mtype892.a(nullrdc.o) (mac_call_sent_callback)
obj_cooja/mtype892.a(framer-802154.o)
                              obj_cooja/mtype892.a(nullrdc.o) (framer_802154)
obj_cooja/mtype892.a(csma.o)  obj_cooja/mtype892.o (csma_driver)
obj_cooja/mtype892.a(process.o)
                              obj_cooja/mtype892.o (process_start)
obj_cooja/mtype892.a(autostart.o)
                              obj_cooja/mtype892.o (autostart_start)
obj_cooja/mtype892.a(serial-line.o)
                              obj_cooja/mtype892.o (serial_line_init)
obj_cooja/mtype892.a(memb.o)  obj_cooja/mtype892.a(csma.o) (memb_init)
obj_cooja/mtype892.a(list.o)  obj_cooja/mtype892.a(csma.o) (list_init)
obj_cooja/mtype892.a(etimer.o)
                              obj_cooja/mtype892.o (etimer_process)
obj_cooja/mtype892.a(ctimer.o)
                              obj_cooja/mtype892.o (ctimer_init)
obj_cooja/mtype892.a(energest.o)
                              desk-controller.co (energest_type_time)
obj_cooja/mtype892.a(random.o)
                              desk-controller.co (random_rand)
obj_cooja/mtype892.a(ringbuf.o)
                              obj_cooja/mtype892.a(serial-line.o) (ringbuf_init)
obj_cooja/mtype892.a(netstack.o)
                              obj_cooja/mtype892.o (netstack_init)
obj_cooja/mtype892.a(packetbuf.o)
                              obj_cooja/mtype892.a(nullrdc.o) (packetbuf_attrs)
obj_cooja/mtype892.a(queuebuf.o)
                              obj_cooja/mtype892.o (queuebuf_init)
obj_cooja/mtype892.a(sicslowpan.o)
                              obj_cooja/mtype892.o (sicslowpan_driver)
obj_cooja/mtype892.a(simple-udp.o)
                              desk-controller.co (simple_udp_sendto)
obj_cooja/mtype892.a(tcpip.o)
                              obj_cooja/mtype892.a(simple-udp.o) (tcpip_event)
obj_cooja/mtype892.a(uip-debug.o)
                              desk-controller.co (uip_debug_ipaddr_print)
obj_cooja/mtype892.a(uip-ds6-route.o)
                              obj_cooja/mtype892.a(tcpip.o) (uip_ds6_route_nexthop)
obj_cooja/mtype892.a(uip-ds6-nbr.o)
                              obj_cooja/mtype892.a(tcpip.o) (uip_ds6_nbr_add)
obj_cooja/mtype892.a(uip-ds6.o)
                              obj_cooja/mtype892.a(tcpip.o) (uip_ds6_timer_periodic)
obj_cooja/mtype892.a(uip-nd6.o)
                              obj_cooja/mtype892.a(tcpip.o) (uip_nd6_ns_output)
obj_cooja/mtype892.a(uip-packetqueue)
                              obj_cooja/mtype892.a(uip-ds6-nbr.o) (uip_packetqueue_new)
obj_cooja/mtype892.a(uip-udp-packet.)
                              obj_cooja/mtype892.a(simple-udp.o) (uip_udp_packet_sendto)
obj_cooja/mtype892.a(uip6.o)  desk-controller.co (uip_lladdr)
obj_cooja/mtype892.a(servreg-hack.o)
                              desk-controller.co (servreg_hack_init)
obj_cooja/mtype892.a(simEnvChange.o)
                              obj_cooja/mtype892.o (simDontFallAsleep)
obj_cooja/mtype892.a(cooja_mt.o)
                              obj_cooja/mtype892.o (cooja_mt_start)
obj_cooja/mtype892.a(cooja_mtarch.o)
                              obj_cooja/mtype892.a(cooja_mt.o) (cooja_mtarch_init)
obj_cooja/mtype892.a(rtimer-arch.o)
                              obj_cooja/mtype892.o (rtimer_arch_next)
obj_cooja/mtype892.a(watchdog.o)
                              obj_cooja/mtype892.a(nullrdc.o) (watchdog_periodic)
obj_cooja/mtype892.a(beep.o)  obj_cooja/mtype892.o (beep_interface)
obj_cooja/mtype892.a(button-sensor.o)
                              obj_cooja/mtype892.o (button_interface)
obj_cooja/mtype892.a(leds-arch.o)
                              obj_cooja/mtype892.o (leds_interface)
obj_cooja/mtype892.a(moteid.o)
                              obj_cooja/mtype892.o (moteid_interface)
obj_cooja/mtype892.a(pir-sensor.o)
                              obj_cooja/mtype892.o (pir_interface)
obj_cooja/mtype892.a(rs232.o)
                              obj_cooja/mtype892.o (rs232_interface)
obj_cooja/mtype892.a(vib-sensor.o)
                              obj_cooja/mtype892.o (vib_interface)
obj_cooja/mtype892.a(clock.o)
                              obj_cooja/mtype892.o (clock_interface)
obj_cooja/mtype892.a(log.o)   obj_cooja/mtype892.o (simlog_interface)
obj_cooja/mtype892.a(cfs-cooja.o)
                              obj_cooja/mtype892.o (cfs_interface)
obj_cooja/mtype892.a(cooja-radio.o)
                              obj_cooja/mtype892.o (radio_interface)
obj_cooja/mtype892.a(sensors.o)
                              desk-controller.co (sensors_event)
obj_cooja/mtype892.a(leds.o)  desk-controller.co (leds_toggle)
obj_cooja/mtype892.a(rimestats.o)
                              obj_cooja/mtype892.a(nullrdc.o) (rimestats)
[...]
Memory Configuration

Name             Origin             Length             Attributes
*default*        0x0000000000000000 0xffffffffffffffff

Linker script and memory map

LOAD /usr/lib/gcc/i686-linux-gnu/4.6/../../../i386-linux-gnu/crti.o
LOAD /usr/lib/gcc/i686-linux-gnu/4.6/crtbeginS.o
LOAD desk-controller.co
LOAD obj_cooja/mtype892.o
LOAD obj_cooja/mtype892.a
LOAD /usr/lib/gcc/i686-linux-gnu/4.6/libgcc.a
LOAD /usr/lib/gcc/i686-linux-gnu/4.6/libgcc_s.so
LOAD /usr/lib/gcc/i686-linux-gnu/4.6/../../../i386-linux-gnu/libc.so
START GROUP
LOAD /lib/i386-linux-gnu/libc.so.6
LOAD /usr/lib/i386-linux-gnu/libc_nonshared.a
LOAD /lib/i386-linux-gnu/ld-linux.so.2
END GROUP
LOAD /usr/lib/gcc/i686-linux-gnu/4.6/libgcc.a
LOAD /usr/lib/gcc/i686-linux-gnu/4.6/libgcc_s.so
LOAD /usr/lib/gcc/i686-linux-gnu/4.6/crtendS.o
LOAD /usr/lib/gcc/i686-linux-gnu/4.6/../../../i386-linux-gnu/crtn.o
                0x0000000000000114                . = (0x0 + SIZEOF_HEADERS)

.note.gnu.build-id
                0x0000000000000114       0x24
 *(.note.gnu.build-id)
 .note.gnu.build-id
                0x0000000000000114       0x24 /usr/lib/gcc/i686-linux-gnu/4.6/../../../i386-linux-gnu/crti.o

.hash
 *(.hash)

.gnu.hash       0x0000000000000138      0xdc8
 *(.gnu.hash)
 .gnu.hash      0x0000000000000138      0xdc8 /usr/lib/gcc/i686-linux-gnu/4.6/../../../i386-linux-gnu/crti.o

.dynsym         0x0000000000000f00     0x1f50
 *(.dynsym)
 .dynsym        0x0000000000000f00     0x1f50 /usr/lib/gcc/i686-linux-gnu/4.6/../../../i386-linux-gnu/crti.o

.dynstr         0x0000000000002e50     0x1f9a
 *(.dynstr)
 .dynstr        0x0000000000002e50     0x1f9a /usr/lib/gcc/i686-linux-gnu/4.6/../../../i386-linux-gnu/crti.o

.gnu.version    0x0000000000004dea      0x3ea
 *(.gnu.version)
 .gnu.version   0x0000000000004dea      0x3ea /usr/lib/gcc/i686-linux-gnu/4.6/../../../i386-linux-gnu/crti.o

.gnu.version_d  0x00000000000051d4        0x0
 *(.gnu.version_d)
 .gnu.version_d
                0x0000000000000000        0x0 /usr/lib/gcc/i686-linux-gnu/4.6/../../../i386-linux-gnu/crti.o

.gnu.version_r  0x00000000000051d4       0x40
 *(.gnu.version_r)
 .gnu.version_r
                0x00000000000051d4       0x40 /usr/lib/gcc/i686-linux-gnu/4.6/../../../i386-linux-gnu/crti.o

.rel.dyn        0x0000000000005214     0x8278
 *(.rel.init)
 *(.rel.text .rel.text.* .rel.gnu.linkonce.t.*)
 .rel.text      0x0000000000000000        0x0 /usr/lib/gcc/i686-linux-gnu/4.6/../../../i386-linux-gnu/crti.o
 .rel.text.set_global_address
                0x0000000000005214       0x60 /usr/lib/gcc/i686-linux-gnu/4.6/../../../i386-linux-gnu/crti.o
 .rel.text.process_thread_unicast_sender_process
                0x0000000000005274      0x108 /usr/lib/gcc/i686-linux-gnu/4.6/../../../i386-linux-gnu/crti.o
 .rel.text.print_processes
                0x000000000000537c       0x28 /usr/lib/gcc/i686-linux-gnu/4.6/../../../i386-linux-gnu/crti.o
 .rel.text.rtimer_thread_loop
                0x00000000000053a4       0x10 /usr/lib/gcc/i686-linux-gnu/4.6/../../../i386-linux-gnu/crti.o
 .rel.text.set_rime_addr
                0x00000000000053b4       0x50 /usr/lib/gcc/i686-linux-gnu/4.6/../../../i386-linux-gnu/crti.o
 .rel.text.contiki_init
                0x0000000000005404      0x1d0 /usr/lib/gcc/i686-linux-gnu/4.6/../../../i386-linux-gnu/crti.o
 .rel.text.process_run_thread_loop
                0x00000000000055d4       0x70 /usr/lib/gcc/i686-linux-gnu/4.6/../../../i386-linux-gnu/crti.o
 .rel.text.Java_se_sics_cooja_corecomm_Lib143_init
                0x0000000000005644       0x30 /usr/lib/gcc/i686-linux-gnu/4.6/../../../i386-linux-gnu/crti.o
 .rel.text.Java_se_sics_cooja_corecomm_Lib143_getMemory
                0x0000000000005674        0x8 /usr/lib/gcc/i686-linux-gnu/4.6/../../../i386-linux-gnu/crti.o
 .rel.text.Java_se_sics_cooja_corecomm_Lib143_setMemory
                0x000000000000567c       0x10 /usr/lib/gcc/i686-linux-gnu/4.6/../../../i386-linux-gnu/crti.o
 .rel.text.Java_se_sics_cooja_corecomm_Lib143_tick
                0x000000000000568c       0xc8 /usr/lib/gcc/i686-linux-gnu/4.6/../../../i386-linux-gnu/crti.o
 .rel.text.Java_se_sics_cooja_corecomm_Lib143_setReferenceAddress
                0x0000000000005754       0x10 /usr/lib/gcc/i686-linux-gnu/4.6/../../../i386-linux-gnu/crti.o
 .rel.text.rimeaddr_cmp
                0x0000000000005764        0x8 /usr/lib/gcc/i686-linux-gnu/4.6/../../../i386-linux-gnu/crti.o
 .rel.text.rimeaddr_set_node_addr
                0x000000000000576c       0x10 /usr/lib/gcc/i686-linux-gnu/4.6/../../../i386-linux-gnu/crti.o
 .rel.text.packetbuf_set_attr
                0x000000000000577c       0x20 /usr/lib/gcc/i686-linux-gnu/4.6/../../../i386-linux-gnu/crti.o
 .rel.text.packetbuf_attr
                0x000000000000579c       0x18 /usr/lib/gcc/i686-linux-gnu/4.6/../../../i386-linux-gnu/crti.o
 .rel.text.packetbuf_set_addr
                0x00000000000057b4       0x30 /usr/lib/gcc/i686-linux-gnu/4.6/../../../i386-linux-gnu/crti.o
 .rel.text.packetbuf_addr
                0x00000000000057e4       0x30 /usr/lib/gcc/i686-linux-gnu/4.6/../../../i386-linux-gnu/crti.o
 .rel.text.send_one_packet
                0x0000000000005814       0xd8 /usr/lib/gcc/i686-linux-gnu/4.6/../../../i386-linux-gnu/crti.o
 .rel.text.send_list
                0x00000000000058ec        0x8 /usr/lib/gcc/i686-linux-gnu/4.6/../../../i386-linux-gnu/crti.o
 .rel.text.packet_input
                0x00000000000058f4       0xd0 /usr/lib/gcc/i686-linux-gnu/4.6/../../../i386-linux-gnu/crti.o
 .rel.text.on   0x00000000000059c4       0x10 /usr/lib/gcc/i686-linux-gnu/4.6/../../../i386-linux-gnu/crti.o
 .rel.text.off  0x00000000000059d4       0x18 /usr/lib/gcc/i686-linux-gnu/4.6/../../../i386-linux-gnu/crti.o
 .rel.text.create
                0x00000000000059ec       0xb0 /usr/lib/gcc/i686-linux-gnu/4.6/../../../i386-linux-gnu/crti.o
 .rel.text.parse
                0x0000000000005a9c       0x30 /usr/lib/gcc/i686-linux-gnu/4.6/../../../i386-linux-gnu/crti.o
 .rel.text.neighbor_queue_from_addr
                0x0000000000005acc       0x20 /usr/lib/gcc/i686-linux-gnu/4.6/../../../i386-linux-gnu/crti.o
 .rel.text.default_timebase
                0x0000000000005aec        0x8 /usr/lib/gcc/i686-linux-gnu/4.6/../../../i386-linux-gnu/crti.o
 .rel.text.transmit_packet_list
                0x0000000000005af4       0x18 /usr/lib/gcc/i686-linux-gnu/4.6/../../../i386-linux-gnu/crti.o
 .rel.text.free_packet
                0x0000000000005b0c       0x70 /usr/lib/gcc/i686-linux-gnu/4.6/../../../i386-linux-gnu/crti.o
 .rel.text.packet_sent
                0x0000000000005b7c       0x68 /usr/lib/gcc/i686-linux-gnu/4.6/../../../i386-linux-gnu/crti.o
 .rel.text.send_packet
                0x0000000000005be4      0x110 /usr/lib/gcc/i686-linux-gnu/4.6/../../../i386-linux-gnu/crti.o
 .rel.text.input_packet
                0x0000000000005cf4        0x8 /usr/lib/gcc/i686-linux-gnu/4.6/../../../i386-linux-gnu/crti.o
 .rel.text.channel_check_interval
                0x0000000000005cfc       0x10 /usr/lib/gcc/i686-linux-gnu/4.6/../../../i386-linux-gnu/crti.o
 .rel.text.init
                0x0000000000005d0c       0x40 /usr/lib/gcc/i686-linux-gnu/4.6/../../../i386-linux-gnu/crti.o
 .rel.text.process_alloc_event
                0x0000000000005d4c       0x10 /usr/lib/gcc/i686-linux-gnu/4.6/../../../i386-linux-gnu/crti.o
 .rel.text.process_start
                0x0000000000005d5c       0x20 /usr/lib/gcc/i686-linux-gnu/4.6/../../../i386-linux-gnu/crti.o
 .rel.text.exit_process
                0x0000000000005d7c       0x50 /usr/lib/gcc/i686-linux-gnu/4.6/../../../i386-linux-gnu/crti.o
 .rel.text.call_process
                0x0000000000005dcc        0x8 /usr/lib/gcc/i686-linux-gnu/4.6/../../../i386-linux-gnu/crti.o
 .rel.text.process_exit
                0x0000000000005dd4        0x8 /usr/lib/gcc/i686-linux-gnu/4.6/../../../i386-linux-gnu/crti.o
 .rel.text.process_init
                0x0000000000005ddc       0x38 /usr/lib/gcc/i686-linux-gnu/4.6/../../../i386-linux-gnu/crti.o
 .rel.text.do_poll
                0x0000000000005e14       0x10 /usr/lib/gcc/i686-linux-gnu/4.6/../../../i386-linux-gnu/crti.o
 .rel.text.do_event
                0x0000000000005e24       0xe8 /usr/lib/gcc/i686-linux-gnu/4.6/../../../i386-linux-gnu/crti.o
 .rel.text.process_run
                0x0000000000005f0c       0x18 /usr/lib/gcc/i686-linux-gnu/4.6/../../../i386-linux-gnu/crti.o
 .rel.text.process_nevents
                0x0000000000005f24       0x10 /usr/lib/gcc/i686-linux-gnu/4.6/../../../i386-linux-gnu/crti.o
 .rel.text.process_post
                0x0000000000005f34       0x60 /usr/lib/gcc/i686-linux-gnu/4.6/../../../i386-linux-gnu/crti.o
 .rel.text.process_post_synch
                0x0000000000005f94       0x10 /usr/lib/gcc/i686-linux-gnu/4.6/../../../i386-linux-gnu/crti.o
 .rel.text.process_poll
                0x0000000000005fa4        0x8 /usr/lib/gcc/i686-linux-gnu/4.6/../../../i386-linux-gnu/crti.o
 .rel.text.autostart_start
                0x0000000000005fac        0x8 /usr/lib/gcc/i686-linux-gnu/4.6/../../../i386-linux-gnu/crti.o
 .rel.text.autostart_exit
                0x0000000000005fb4        0x8 /usr/lib/gcc/i686-linux-gnu/4.6/../../../i386-linux-gnu/crti.o
 .rel.text.serial_line_input_byte
                0x0000000000005fbc       0x48 /usr/lib/gcc/i686-linux-gnu/4.6/../../../i386-linux-gnu/crti.o
 .rel.text.process_thread_serial_line_process
                0x0000000000006004       0x90 /usr/lib/gcc/i686-linux-gnu/4.6/../../../i386-linux-gnu/crti.o
 .rel.text.serial_line_init
                0x0000000000006094       0x28 /usr/lib/gcc/i686-linux-gnu/4.6/../../../i386-linux-gnu/crti.o
 .rel.text.memb_init
                0x00000000000060bc       0x10 /usr/lib/gcc/i686-linux-gnu/4.6/../../../i386-linux-gnu/crti.o
 .rel.text.list_add
                0x00000000000060cc       0x10 /usr/lib/gcc/i686-linux-gnu/4.6/../../../i386-linux-gnu/crti.o
 .rel.text.list_push
                0x00000000000060dc        0x8 /usr/lib/gcc/i686-linux-gnu/4.6/../../../i386-linux-gnu/crti.o
 .rel.text.list_insert
                0x00000000000060e4        0x8 /usr/lib/gcc/i686-linux-gnu/4.6/../../../i386-linux-gnu/crti.o
 .rel.text.update_time
                0x00000000000060ec       0x28 /usr/lib/gcc/i686-linux-gnu/4.6/../../../i386-linux-gnu/crti.o
 .rel.text.process_thread_etimer_process
                0x0000000000006114       0x60 /usr/lib/gcc/i686-linux-gnu/4.6/../../../i386-linux-gnu/crti.o
 .rel.text.etimer_request_poll
                0x0000000000006174       0x10 /usr/lib/gcc/i686-linux-gnu/4.6/../../../i386-linux-gnu/crti.o
 .rel.text.add_timer
                0x0000000000006184       0x30 /usr/lib/gcc/i686-linux-gnu/4.6/../../../i386-linux-gnu/crti.o
 .rel.text.etimer_set
                0x00000000000061b4        0x8 /usr/lib/gcc/i686-linux-gnu/4.6/../../../i386-linux-gnu/crti.o
 .rel.text.etimer_reset
                0x00000000000061bc        0x8 /usr/lib/gcc/i686-linux-gnu/4.6/../../../i386-linux-gnu/crti.o
 .rel.text.etimer_restart
                0x00000000000061c4        0x8 /usr/lib/gcc/i686-linux-gnu/4.6/../../../i386-linux-gnu/crti.o
 .rel.text.etimer_pending
                0x00000000000061cc        0x8 /usr/lib/gcc/i686-linux-gnu/4.6/../../../i386-linux-gnu/crti.o
 .rel.text.etimer_next_expiration_time
                0x00000000000061d4       0x10 /usr/lib/gcc/i686-linux-gnu/4.6/../../../i386-linux-gnu/crti.o
 .rel.text.etimer_stop
                0x00000000000061e4       0x20 /usr/lib/gcc/i686-linux-gnu/4.6/../../../i386-linux-gnu/crti.o
 .rel.text.process_thread_ctimer_process
                0x0000000000006204       0x58 /usr/lib/gcc/i686-linux-gnu/4.6/../../../i386-linux-gnu/crti.o
 .rel.text.ctimer_init
                0x000000000000625c       0x28 /usr/lib/gcc/i686-linux-gnu/4.6/../../../i386-linux-gnu/crti.o
 .rel.text.ctimer_set
                0x0000000000006284       0x58 /usr/lib/gcc/i686-linux-gnu/4.6/../../../i386-linux-gnu/crti.o
 .rel.text.ctimer_reset
                0x00000000000062dc       0x50 /usr/lib/gcc/i686-linux-gnu/4.6/../../../i386-linux-gnu/crti.o
 .rel.text.ctimer_restart
                0x000000000000632c       0x50 /usr/lib/gcc/i686-linux-gnu/4.6/../../../i386-linux-gnu/crti.o
 .rel.text.ctimer_stop
                0x000000000000637c       0x20 /usr/lib/gcc/i686-linux-gnu/4.6/../../../i386-linux-gnu/crti.o
 .rel.text.ctimer_expired
                0x000000000000639c       0x20 /usr/lib/gcc/i686-linux-gnu/4.6/../../../i386-linux-gnu/crti.o
 .rel.text.random_init
                0x00000000000063bc        0x8 /usr/lib/gcc/i686-linux-gnu/4.6/../../../i386-linux-gnu/crti.o
 .rel.text.random_rand
                0x00000000000063c4        0x8 /usr/lib/gcc/i686-linux-gnu/4.6/../../../i386-linux-gnu/crti.o
 .rel.text.netstack_init
                0x00000000000063cc       0x20 /usr/lib/gcc/i686-linux-gnu/4.6/../../../i386-linux-gnu/crti.o
 .rel.text.packetbuf_clear
                0x00000000000063ec       0x38 /usr/lib/gcc/i686-linux-gnu/4.6/../../../i386-linux-gnu/crti.o
 .rel.text.packetbuf_clear_hdr
                0x0000000000006424        0x8 /usr/lib/gcc/i686-linux-gnu/4.6/../../../i386-linux-gnu/crti.o
 .rel.text.packetbuf_copyfrom
                0x000000000000642c       0x20 /usr/lib/gcc/i686-linux-gnu/4.6/../../../i386-linux-gnu/crti.o
 .rel.text.packetbuf_compact
                0x000000000000644c       0x58 /usr/lib/gcc/i686-linux-gnu/4.6/../../../i386-linux-gnu/crti.o
 .rel.text.packetbuf_copyto_hdr
                0x00000000000064a4       0x28 /usr/lib/gcc/i686-linux-gnu/4.6/../../../i386-linux-gnu/crti.o
 .rel.text.packetbuf_copyto
                0x00000000000064cc       0x68 /usr/lib/gcc/i686-linux-gnu/4.6/../../../i386-linux-gnu/crti.o
 .rel.text.packetbuf_hdralloc
                0x0000000000006534       0x20 /usr/lib/gcc/i686-linux-gnu/4.6/../../../i386-linux-gnu/crti.o
 .rel.text.packetbuf_hdr_remove
                0x0000000000006554       0x10 /usr/lib/gcc/i686-linux-gnu/4.6/../../../i386-linux-gnu/crti.o
 .rel.text.packetbuf_hdrreduce
                0x0000000000006564       0x28 /usr/lib/gcc/i686-linux-gnu/4.6/../../../i386-linux-gnu/crti.o
 .rel.text.packetbuf_set_datalen
                0x000000000000658c        0x8 /usr/lib/gcc/i686-linux-gnu/4.6/../../../i386-linux-gnu/crti.o
 .rel.text.packetbuf_dataptr
                0x0000000000006594       0x10 /usr/lib/gcc/i686-linux-gnu/4.6/../../../i386-linux-gnu/crti.o
 .rel.text.packetbuf_hdrptr
                0x00000000000065a4       0x10 /usr/lib/gcc/i686-linux-gnu/4.6/../../../i386-linux-gnu/crti.o
 .rel.text.packetbuf_reference
                0x00000000000065b4       0x18 /usr/lib/gcc/i686-linux-gnu/4.6/../../../i386-linux-gnu/crti.o
 .rel.text.packetbuf_is_reference
                0x00000000000065cc       0x10 /usr/lib/gcc/i686-linux-gnu/4.6/../../../i386-linux-gnu/crti.o
 .rel.text.packetbuf_reference_ptr
                0x00000000000065dc        0x8 /usr/lib/gcc/i686-linux-gnu/4.6/../../../i386-linux-gnu/crti.o
 .rel.text.packetbuf_datalen
                0x00000000000065e4        0x8 /usr/lib/gcc/i686-linux-gnu/4.6/../../../i386-linux-gnu/crti.o
 .rel.text.packetbuf_hdrlen
                0x00000000000065ec        0x8 /usr/lib/gcc/i686-linux-gnu/4.6/../../../i386-linux-gnu/crti.o
 .rel.text.packetbuf_totlen
                0x00000000000065f4       0x10 /usr/lib/gcc/i686-linux-gnu/4.6/../../../i386-linux-gnu/crti.o
 .rel.text.packetbuf_attr_clear
                0x0000000000006604       0x20 /usr/lib/gcc/i686-linux-gnu/4.6/../../../i386-linux-gnu/crti.o
 .rel.text.packetbuf_attr_copyto
                0x0000000000006624       0x48 /usr/lib/gcc/i686-linux-gnu/4.6/../../../i386-linux-gnu/crti.o
 .rel.text.packetbuf_attr_copyfrom
                0x000000000000666c       0x48 /usr/lib/gcc/i686-linux-gnu/4.6/../../../i386-linux-gnu/crti.o
 .rel.text.queuebuf_init
                0x00000000000066b4       0x30 /usr/lib/gcc/i686-linux-gnu/4.6/../../../i386-linux-gnu/crti.o
 .rel.text.queuebuf_new_from_packetbuf
                0x00000000000066e4       0x60 /usr/lib/gcc/i686-linux-gnu/4.6/../../../i386-linux-gnu/crti.o
 .rel.text.queuebuf_update_attr_from_packetbuf
                0x0000000000006744        0x8 /usr/lib/gcc/i686-linux-gnu/4.6/../../../i386-linux-gnu/crti.o
 .rel.text.queuebuf_free
                0x000000000000674c       0x50 /usr/lib/gcc/i686-linux-gnu/4.6/../../../i386-linux-gnu/crti.o
 .rel.text.queuebuf_to_packetbuf
                0x000000000000679c       0x58 /usr/lib/gcc/i686-linux-gnu/4.6/../../../i386-linux-gnu/crti.o
 .rel.text.queuebuf_dataptr
                0x00000000000067f4       0x20 /usr/lib/gcc/i686-linux-gnu/4.6/../../../i386-linux-gnu/crti.o
 .rel.text.rime_sniffer_add
                0x0000000000006814        0x8 /usr/lib/gcc/i686-linux-gnu/4.6/../../../i386-linux-gnu/crti.o
 .rel.text.rime_sniffer_remove
                0x000000000000681c        0x8 /usr/lib/gcc/i686-linux-gnu/4.6/../../../i386-linux-gnu/crti.o
 .rel.text.set_packet_attrs
                0x0000000000006824       0x60 /usr/lib/gcc/i686-linux-gnu/4.6/../../../i386-linux-gnu/crti.o
 .rel.text.addr_context_lookup_by_prefix
                0x0000000000006884       0x20 /usr/lib/gcc/i686-linux-gnu/4.6/../../../i386-linux-gnu/crti.o
 .rel.text.addr_context_lookup_by_number
                0x00000000000068a4       0x18 /usr/lib/gcc/i686-linux-gnu/4.6/../../../i386-linux-gnu/crti.o
 .rel.text.compress_addr_64
                0x00000000000068bc       0x30 /usr/lib/gcc/i686-linux-gnu/4.6/../../../i386-linux-gnu/crti.o
 .rel.text.uncompress_addr
                0x00000000000068ec       0x38 /usr/lib/gcc/i686-linux-gnu/4.6/../../../i386-linux-gnu/crti.o
 .rel.text.compress_hdr_hc06
                0x0000000000006924      0x5a0 /usr/lib/gcc/i686-linux-gnu/4.6/../../../i386-linux-gnu/crti.o
 .rel.text.uncompress_hdr_hc06
                0x0000000000006ec4      0x3e0 /usr/lib/gcc/i686-linux-gnu/4.6/../../../i386-linux-gnu/crti.o
 .rel.text.compress_hdr_ipv6
                0x00000000000072a4       0x50 /usr/lib/gcc/i686-linux-gnu/4.6/../../../i386-linux-gnu/crti.o
 .rel.text.output
                0x00000000000072f4      0x2f8 /usr/lib/gcc/i686-linux-gnu/4.6/../../../i386-linux-gnu/crti.o
 .rel.text.input
                0x00000000000075ec      0x2e8 /usr/lib/gcc/i686-linux-gnu/4.6/../../../i386-linux-gnu/crti.o
 .rel.text.sicslowpan_init
                0x00000000000078d4       0x38 /usr/lib/gcc/i686-linux-gnu/4.6/../../../i386-linux-gnu/crti.o
 .rel.text.init_simple_udp
                0x000000000000790c       0x20 /usr/lib/gcc/i686-linux-gnu/4.6/../../../i386-linux-gnu/crti.o
 .rel.text.simple_udp_send
                0x000000000000792c        0x8 /usr/lib/gcc/i686-linux-gnu/4.6/../../../i386-linux-gnu/crti.o
 .rel.text.simple_udp_sendto
                0x0000000000007934        0x8 /usr/lib/gcc/i686-linux-gnu/4.6/../../../i386-linux-gnu/crti.o
 .rel.text.simple_udp_sendto_port
                0x000000000000793c        0x8 /usr/lib/gcc/i686-linux-gnu/4.6/../../../i386-linux-gnu/crti.o
 .rel.text.simple_udp_register
                0x0000000000007944       0x28 /usr/lib/gcc/i686-linux-gnu/4.6/../../../i386-linux-gnu/crti.o
 .rel.text.process_thread_simple_udp_process
                0x000000000000796c       0x88 /usr/lib/gcc/i686-linux-gnu/4.6/../../../i386-linux-gnu/crti.o
 .rel.text.tcpip_output
                0x00000000000079f4       0x10 /usr/lib/gcc/i686-linux-gnu/4.6/../../../i386-linux-gnu/crti.o
 .rel.text.tcpip_set_outputfunc
                0x0000000000007a04        0x8 /usr/lib/gcc/i686-linux-gnu/4.6/../../../i386-linux-gnu/crti.o
 .rel.text.start_periodic_tcp_timer
                0x0000000000007a0c       0x20 /usr/lib/gcc/i686-linux-gnu/4.6/../../../i386-linux-gnu/crti.o
 .rel.text.check_for_tcp_syn
                0x0000000000007a2c       0x10 /usr/lib/gcc/i686-linux-gnu/4.6/../../../i386-linux-gnu/crti.o
 .rel.text.tcp_connect
                0x0000000000007a3c       0x18 /usr/lib/gcc/i686-linux-gnu/4.6/../../../i386-linux-gnu/crti.o
 .rel.text.tcp_unlisten
                0x0000000000007a54       0x38 /usr/lib/gcc/i686-linux-gnu/4.6/../../../i386-linux-gnu/crti.o
 .rel.text.tcp_listen
                0x0000000000007a8c       0x38 /usr/lib/gcc/i686-linux-gnu/4.6/../../../i386-linux-gnu/crti.o
 .rel.text.tcp_attach
                0x0000000000007ac4        0x8 /usr/lib/gcc/i686-linux-gnu/4.6/../../../i386-linux-gnu/crti.o
 .rel.text.udp_attach
                0x0000000000007acc        0x8 /usr/lib/gcc/i686-linux-gnu/4.6/../../../i386-linux-gnu/crti.o
 .rel.text.udp_new
                0x0000000000007ad4       0x10 /usr/lib/gcc/i686-linux-gnu/4.6/../../../i386-linux-gnu/crti.o
 .rel.text.udp_broadcast_new
                0x0000000000007ae4       0x10 /usr/lib/gcc/i686-linux-gnu/4.6/../../../i386-linux-gnu/crti.o
 .rel.text.eventhandler
                0x0000000000007af4      0x128 /usr/lib/gcc/i686-linux-gnu/4.6/../../../i386-linux-gnu/crti.o
 .rel.text.tcpip_input
                0x0000000000007c1c       0x20 /usr/lib/gcc/i686-linux-gnu/4.6/../../../i386-linux-gnu/crti.o
 .rel.text.tcpip_ipv6_output
                0x0000000000007c3c      0x258 /usr/lib/gcc/i686-linux-gnu/4.6/../../../i386-linux-gnu/crti.o
 .rel.text.tcpip_poll_udp
                0x0000000000007e94       0x10 /usr/lib/gcc/i686-linux-gnu/4.6/../../../i386-linux-gnu/crti.o
 .rel.text.tcpip_poll_tcp
                0x0000000000007ea4       0x10 /usr/lib/gcc/i686-linux-gnu/4.6/../../../i386-linux-gnu/crti.o
 .rel.text.tcpip_uipcall
                0x0000000000007eb4       0x60 /usr/lib/gcc/i686-linux-gnu/4.6/../../../i386-linux-gnu/crti.o
 .rel.text.process_thread_tcpip_process
                0x0000000000007f14       0x70 /usr/lib/gcc/i686-linux-gnu/4.6/../../../i386-linux-gnu/crti.o
 .rel.text.uip_debug_ipaddr_print
                0x0000000000007f84       0x40 /usr/lib/gcc/i686-linux-gnu/4.6/../../../i386-linux-gnu/crti.o
 .rel.text.uip_debug_lladdr_print
                0x0000000000007fc4       0x20 /usr/lib/gcc/i686-linux-gnu/4.6/../../../i386-linux-gnu/crti.o
 .rel.text.call_route_callback
                0x0000000000007fe4       0x30 /usr/lib/gcc/i686-linux-gnu/4.6/../../../i386-linux-gnu/crti.o
 .rel.text.uip_ds6_notification_add
                0x0000000000008014       0x10 /usr/lib/gcc/i686-linux-gnu/4.6/../../../i386-linux-gnu/crti.o
 .rel.text.uip_ds6_notification_rm
                0x0000000000008024       0x10 /usr/lib/gcc/i686-linux-gnu/4.6/../../../i386-linux-gnu/crti.o
 .rel.text.uip_ds6_route_init
                0x0000000000008034       0x58 /usr/lib/gcc/i686-linux-gnu/4.6/../../../i386-linux-gnu/crti.o
 .rel.text.uip_ds6_route_nexthop_lladdr
                0x000000000000808c       0x10 /usr/lib/gcc/i686-linux-gnu/4.6/../../../i386-linux-gnu/crti.o
 .rel.text.uip_ds6_route_nexthop
                0x000000000000809c        0x8 /usr/lib/gcc/i686-linux-gnu/4.6/../../../i386-linux-gnu/crti.o
 .rel.text.uip_ds6_route_head
                0x00000000000080a4       0x20 /usr/lib/gcc/i686-linux-gnu/4.6/../../../i386-linux-gnu/crti.o
 .rel.text.uip_ds6_route_next
                0x00000000000080c4       0x20 /usr/lib/gcc/i686-linux-gnu/4.6/../../../i386-linux-gnu/crti.o
 .rel.text.uip_ds6_route_num_routes
                0x00000000000080e4        0x8 /usr/lib/gcc/i686-linux-gnu/4.6/../../../i386-linux-gnu/crti.o
 .rel.text.uip_ds6_route_lookup
                0x00000000000080ec       0x18 /usr/lib/gcc/i686-linux-gnu/4.6/../../../i386-linux-gnu/crti.o
 .rel.text.uip_ds6_route_add
                0x0000000000008104       0x60 /usr/lib/gcc/i686-linux-gnu/4.6/../../../i386-linux-gnu/crti.o
 .rel.text.uip_ds6_route_rm
                0x0000000000008164       0x48 /usr/lib/gcc/i686-linux-gnu/4.6/../../../i386-linux-gnu/crti.o
 .rel.text.rm_routelist
                0x00000000000081ac       0x28 /usr/lib/gcc/i686-linux-gnu/4.6/../../../i386-linux-gnu/crti.o
 .rel.text.uip_ds6_route_rm_by_nexthop
                0x00000000000081d4       0x18 /usr/lib/gcc/i686-linux-gnu/4.6/../../../i386-linux-gnu/crti.o
 .rel.text.uip_ds6_defrt_add
                0x00000000000081ec       0x30 /usr/lib/gcc/i686-linux-gnu/4.6/../../../i386-linux-gnu/crti.o
 .rel.text.uip_ds6_defrt_rm
                0x000000000000821c       0x38 /usr/lib/gcc/i686-linux-gnu/4.6/../../../i386-linux-gnu/crti.o
 .rel.text.uip_ds6_defrt_lookup
                0x0000000000008254       0x20 /usr/lib/gcc/i686-linux-gnu/4.6/../../../i386-linux-gnu/crti.o
 .rel.text.uip_ds6_defrt_choose
                0x0000000000008274       0x20 /usr/lib/gcc/i686-linux-gnu/4.6/../../../i386-linux-gnu/crti.o
 .rel.text.uip_ds6_defrt_periodic
                0x0000000000008294       0x38 /usr/lib/gcc/i686-linux-gnu/4.6/../../../i386-linux-gnu/crti.o
 .rel.text.uip_ds6_neighbors_init
                0x00000000000082cc       0x18 /usr/lib/gcc/i686-linux-gnu/4.6/../../../i386-linux-gnu/crti.o
 .rel.text.uip_ds6_nbr_add
                0x00000000000082e4       0x30 /usr/lib/gcc/i686-linux-gnu/4.6/../../../i386-linux-gnu/crti.o
 .rel.text.uip_ds6_nbr_rm
                0x0000000000008314       0x20 /usr/lib/gcc/i686-linux-gnu/4.6/../../../i386-linux-gnu/crti.o
 .rel.text.uip_ds6_nbr_get_ll
                0x0000000000008334       0x10 /usr/lib/gcc/i686-linux-gnu/4.6/../../../i386-linux-gnu/crti.o
 .rel.text.uip_ds6_nbr_num
                0x0000000000008344       0x20 /usr/lib/gcc/i686-linux-gnu/4.6/../../../i386-linux-gnu/crti.o
 .rel.text.uip_ds6_nbr_lookup
                0x0000000000008364       0x28 /usr/lib/gcc/i686-linux-gnu/4.6/../../../i386-linux-gnu/crti.o
 .rel.text.uip_ds6_nbr_ll_lookup
                0x000000000000838c       0x10 /usr/lib/gcc/i686-linux-gnu/4.6/../../../i386-linux-gnu/crti.o
 .rel.text.uip_ds6_nbr_ipaddr_from_lladdr
                0x000000000000839c        0x8 /usr/lib/gcc/i686-linux-gnu/4.6/../../../i386-linux-gnu/crti.o
 .rel.text.uip_ds6_nbr_lladdr_from_ipaddr
                0x00000000000083a4       0x10 /usr/lib/gcc/i686-linux-gnu/4.6/../../../i386-linux-gnu/crti.o
 .rel.text.uip_ds6_link_neighbor_callback
                0x00000000000083b4       0x18 /usr/lib/gcc/i686-linux-gnu/4.6/../../../i386-linux-gnu/crti.o
 .rel.text.uip_ds6_neighbor_periodic
                0x00000000000083cc       0xa8 /usr/lib/gcc/i686-linux-gnu/4.6/../../../i386-linux-gnu/crti.o
 .rel.text.uip_ds6_get_least_lifetime_neighbor
                0x0000000000008474       0x30 /usr/lib/gcc/i686-linux-gnu/4.6/../../../i386-linux-gnu/crti.o
 .rel.text.uip_ds6_init
                0x00000000000084a4      0x170 /usr/lib/gcc/i686-linux-gnu/4.6/../../../i386-linux-gnu/crti.o
 .rel.text.uip_ds6_periodic
                0x0000000000008614       0x80 /usr/lib/gcc/i686-linux-gnu/4.6/../../../i386-linux-gnu/crti.o
 .rel.text.uip_ds6_list_loop
                0x0000000000008694        0x8 /usr/lib/gcc/i686-linux-gnu/4.6/../../../i386-linux-gnu/crti.o
 .rel.text.uip_ds6_prefix_add
                0x000000000000869c       0x58 /usr/lib/gcc/i686-linux-gnu/4.6/../../../i386-linux-gnu/crti.o
 .rel.text.uip_ds6_prefix_lookup
                0x00000000000086f4       0x20 /usr/lib/gcc/i686-linux-gnu/4.6/../../../i386-linux-gnu/crti.o
 .rel.text.uip_ds6_is_addr_onlink
                0x0000000000008714       0x50 /usr/lib/gcc/i686-linux-gnu/4.6/../../../i386-linux-gnu/crti.o
 .rel.text.uip_ds6_addr_add
                0x0000000000008764       0xc8 /usr/lib/gcc/i686-linux-gnu/4.6/../../../i386-linux-gnu/crti.o
 .rel.text.uip_ds6_addr_rm
                0x000000000000882c       0x88 /usr/lib/gcc/i686-linux-gnu/4.6/../../../i386-linux-gnu/crti.o
 .rel.text.uip_ds6_addr_lookup
                0x00000000000088b4       0x20 /usr/lib/gcc/i686-linux-gnu/4.6/../../../i386-linux-gnu/crti.o
 .rel.text.uip_ds6_get_link_local
                0x00000000000088d4       0x58 /usr/lib/gcc/i686-linux-gnu/4.6/../../../i386-linux-gnu/crti.o
 .rel.text.uip_ds6_get_global
                0x000000000000892c       0x58 /usr/lib/gcc/i686-linux-gnu/4.6/../../../i386-linux-gnu/crti.o
 .rel.text.uip_ds6_maddr_add
                0x0000000000008984       0x30 /usr/lib/gcc/i686-linux-gnu/4.6/../../../i386-linux-gnu/crti.o
 .rel.text.uip_ds6_maddr_lookup
                0x00000000000089b4       0x20 /usr/lib/gcc/i686-linux-gnu/4.6/../../../i386-linux-gnu/crti.o
 .rel.text.uip_ds6_aaddr_add
                0x00000000000089d4       0x30 /usr/lib/gcc/i686-linux-gnu/4.6/../../../i386-linux-gnu/crti.o
 .rel.text.uip_ds6_aaddr_lookup
                0x0000000000008a04       0x20 /usr/lib/gcc/i686-linux-gnu/4.6/../../../i386-linux-gnu/crti.o
 .rel.text.uip_ds6_select_src
                0x0000000000008a24       0x70 /usr/lib/gcc/i686-linux-gnu/4.6/../../../i386-linux-gnu/crti.o
 .rel.text.uip_ds6_compute_reachable_time
                0x0000000000008a94       0x30 /usr/lib/gcc/i686-linux-gnu/4.6/../../../i386-linux-gnu/crti.o
 .rel.text.create_llao
                0x0000000000008ac4       0x10 /usr/lib/gcc/i686-linux-gnu/4.6/../../../i386-linux-gnu/crti.o
 .rel.text.uip_nd6_ns_input
                0x0000000000008ad4      0x378 /usr/lib/gcc/i686-linux-gnu/4.6/../../../i386-linux-gnu/crti.o
 .rel.text.uip_nd6_ns_output
                0x0000000000008e4c      0x1e0 /usr/lib/gcc/i686-linux-gnu/4.6/../../../i386-linux-gnu/crti.o
 .rel.text.uip_nd6_na_input
                0x000000000000902c      0x2d0 /usr/lib/gcc/i686-linux-gnu/4.6/../../../i386-linux-gnu/crti.o
 .rel.text.packet_timedout
                0x00000000000092fc       0x10 /usr/lib/gcc/i686-linux-gnu/4.6/../../../i386-linux-gnu/crti.o
 .rel.text.uip_packetqueue_alloc
                0x000000000000930c       0x20 /usr/lib/gcc/i686-linux-gnu/4.6/../../../i386-linux-gnu/crti.o
 .rel.text.uip_packetqueue_free
                0x000000000000932c       0x18 /usr/lib/gcc/i686-linux-gnu/4.6/../../../i386-linux-gnu/crti.o
 .rel.text.uip_udp_packet_send
                0x0000000000009344       0x38 /usr/lib/gcc/i686-linux-gnu/4.6/../../../i386-linux-gnu/crti.o
 .rel.text.uip_udp_packet_sendto
                0x000000000000937c       0x10 /usr/lib/gcc/i686-linux-gnu/4.6/../../../i386-linux-gnu/crti.o
 .rel.text.uip_add32
                0x000000000000938c       0x98 /usr/lib/gcc/i686-linux-gnu/4.6/../../../i386-linux-gnu/crti.o
 .rel.text.uip_chksum
                0x0000000000009424        0x8 /usr/lib/gcc/i686-linux-gnu/4.6/../../../i386-linux-gnu/crti.o
 .rel.text.upper_layer_chksum
                0x000000000000942c       0x38 /usr/lib/gcc/i686-linux-gnu/4.6/../../../i386-linux-gnu/crti.o
 .rel.text.uip_init
                0x0000000000009464       0xa0 /usr/lib/gcc/i686-linux-gnu/4.6/../../../i386-linux-gnu/crti.o
 .rel.text.uip_connect
                0x0000000000009504       0xc0 /usr/lib/gcc/i686-linux-gnu/4.6/../../../i386-linux-gnu/crti.o
 .rel.text.remove_ext_hdr
                0x00000000000095c4       0x98 /usr/lib/gcc/i686-linux-gnu/4.6/../../../i386-linux-gnu/crti.o
 .rel.text.uip_udp_new
                0x000000000000965c       0xb8 /usr/lib/gcc/i686-linux-gnu/4.6/../../../i386-linux-gnu/crti.o
 .rel.text.uip_unlisten
                0x0000000000009714       0x40 /usr/lib/gcc/i686-linux-gnu/4.6/../../../i386-linux-gnu/crti.o
 .rel.text.uip_listen
                0x0000000000009754       0x40 /usr/lib/gcc/i686-linux-gnu/4.6/../../../i386-linux-gnu/crti.o
 .rel.text.uip_add_rcv_nxt
                0x0000000000009794       0x50 /usr/lib/gcc/i686-linux-gnu/4.6/../../../i386-linux-gnu/crti.o
 .rel.text.ext_hdr_options_process
                0x00000000000097e4      0x108 /usr/lib/gcc/i686-linux-gnu/4.6/../../../i386-linux-gnu/crti.o
 .rel.text.uip_process
                0x00000000000098ec     0x1188 /usr/lib/gcc/i686-linux-gnu/4.6/../../../i386-linux-gnu/crti.o
 .rel.text.uip_send
                0x000000000000aa74       0x38 /usr/lib/gcc/i686-linux-gnu/4.6/../../../i386-linux-gnu/crti.o
 .rel.text.purge_registrations
                0x000000000000aaac       0x78 /usr/lib/gcc/i686-linux-gnu/4.6/../../../i386-linux-gnu/crti.o
 .rel.text.servreg_hack_init
                0x000000000000ab24       0x50 /usr/lib/gcc/i686-linux-gnu/4.6/../../../i386-linux-gnu/crti.o
 .rel.text.servreg_hack_register
                0x000000000000ab74       0x98 /usr/lib/gcc/i686-linux-gnu/4.6/../../../i386-linux-gnu/crti.o
 .rel.text.servreg_hack_list_head
                0x000000000000ac0c       0x10 /usr/lib/gcc/i686-linux-gnu/4.6/../../../i386-linux-gnu/crti.o
 .rel.text.servreg_hack_lookup
                0x000000000000ac1c       0x28 /usr/lib/gcc/i686-linux-gnu/4.6/../../../i386-linux-gnu/crti.o
 .rel.text.handle_incoming_reg
                0x000000000000ac44       0x78 /usr/lib/gcc/i686-linux-gnu/4.6/../../../i386-linux-gnu/crti.o
 .rel.text.send_udp_packet
                0x000000000000acbc       0x58 /usr/lib/gcc/i686-linux-gnu/4.6/../../../i386-linux-gnu/crti.o
 .rel.text.process_thread_servreg_hack_process
                0x000000000000ad14       0xb0 /usr/lib/gcc/i686-linux-gnu/4.6/../../../i386-linux-gnu/crti.o
 .rel.text.doActionsBeforeTick
                0x000000000000adc4       0x10 /usr/lib/gcc/i686-linux-gnu/4.6/../../../i386-linux-gnu/crti.o
 .rel.text.doActionsAfterTick
                0x000000000000add4       0x10 /usr/lib/gcc/i686-linux-gnu/4.6/../../../i386-linux-gnu/crti.o
 .rel.text.cooja_mt_init
                0x000000000000ade4        0x8 /usr/lib/gcc/i686-linux-gnu/4.6/../../../i386-linux-gnu/crti.o
 .rel.text.cooja_mt_remove
                0x000000000000adec        0x8 /usr/lib/gcc/i686-linux-gnu/4.6/../../../i386-linux-gnu/crti.o
 .rel.text.cooja_mt_start
                0x000000000000adf4        0x8 /usr/lib/gcc/i686-linux-gnu/4.6/../../../i386-linux-gnu/crti.o
 .rel.text.cooja_mt_exec
                0x000000000000adfc       0x10 /usr/lib/gcc/i686-linux-gnu/4.6/../../../i386-linux-gnu/crti.o
 .rel.text.cooja_mt_exit
                0x000000000000ae0c       0x18 /usr/lib/gcc/i686-linux-gnu/4.6/../../../i386-linux-gnu/crti.o
 .rel.text.cooja_mt_yield
                0x000000000000ae24       0x18 /usr/lib/gcc/i686-linux-gnu/4.6/../../../i386-linux-gnu/crti.o
 .rel.text.cooja_sw
                0x000000000000ae3c        0x8 /usr/lib/gcc/i686-linux-gnu/4.6/../../../i386-linux-gnu/crti.o
 .rel.text.cooja_mtarch_exec
                0x000000000000ae44       0x18 /usr/lib/gcc/i686-linux-gnu/4.6/../../../i386-linux-gnu/crti.o
 .rel.text.cooja_mtarch_yield
                0x000000000000ae5c        0x8 /usr/lib/gcc/i686-linux-gnu/4.6/../../../i386-linux-gnu/crti.o
 .rel.text.rtimer_arch_init
                0x000000000000ae64       0x18 /usr/lib/gcc/i686-linux-gnu/4.6/../../../i386-linux-gnu/crti.o
 .rel.text.rtimer_arch_schedule
                0x000000000000ae7c       0x10 /usr/lib/gcc/i686-linux-gnu/4.6/../../../i386-linux-gnu/crti.o
 .rel.text.rtimer_arch_next
                0x000000000000ae8c        0x8 /usr/lib/gcc/i686-linux-gnu/4.6/../../../i386-linux-gnu/crti.o
 .rel.text.rtimer_arch_pending
                0x000000000000ae94        0x8 /usr/lib/gcc/i686-linux-gnu/4.6/../../../i386-linux-gnu/crti.o
 .rel.text.rtimer_arch_check
                0x000000000000ae9c       0x20 /usr/lib/gcc/i686-linux-gnu/4.6/../../../i386-linux-gnu/crti.o
 .rel.text.rtimer_arch_now
                0x000000000000aebc       0x48 /usr/lib/gcc/i686-linux-gnu/4.6/../../../i386-linux-gnu/crti.o
 .rel.text.beep_alarm
                0x000000000000af04        0x8 /usr/lib/gcc/i686-linux-gnu/4.6/../../../i386-linux-gnu/crti.o
 .rel.text.beep_beep
                0x000000000000af0c        0x8 /usr/lib/gcc/i686-linux-gnu/4.6/../../../i386-linux-gnu/crti.o
 .rel.text.beep
                0x000000000000af14        0x8 /usr/lib/gcc/i686-linux-gnu/4.6/../../../i386-linux-gnu/crti.o
 .rel.text.beep_down
                0x000000000000af1c        0x8 /usr/lib/gcc/i686-linux-gnu/4.6/../../../i386-linux-gnu/crti.o
 .rel.text.beep_on
                0x000000000000af24        0x8 /usr/lib/gcc/i686-linux-gnu/4.6/../../../i386-linux-gnu/crti.o
 .rel.text.beep_off
                0x000000000000af2c        0x8 /usr/lib/gcc/i686-linux-gnu/4.6/../../../i386-linux-gnu/crti.o
 .rel.text.beep_spinup
                0x000000000000af34        0x8 /usr/lib/gcc/i686-linux-gnu/4.6/../../../i386-linux-gnu/crti.o
 .rel.text.beep_quick
                0x000000000000af3c        0x8 /usr/lib/gcc/i686-linux-gnu/4.6/../../../i386-linux-gnu/crti.o
 .rel.text.beep_long
                0x000000000000af44        0x8 /usr/lib/gcc/i686-linux-gnu/4.6/../../../i386-linux-gnu/crti.o
 .rel.text.value
                0x000000000000af4c       0x28 /usr/lib/gcc/i686-linux-gnu/4.6/../../../i386-linux-gnu/crti.o
 .rel.text.configure
                0x000000000000af74       0x40 /usr/lib/gcc/i686-linux-gnu/4.6/../../../i386-linux-gnu/crti.o
 .rel.text.status
                0x000000000000afb4       0x18 /usr/lib/gcc/i686-linux-gnu/4.6/../../../i386-linux-gnu/crti.o
 .rel.text.doInterfaceActionsBeforeTick
                0x000000000000afcc      0x188 /usr/lib/gcc/i686-linux-gnu/4.6/../../../i386-linux-gnu/crti.o
 .rel.text.leds_arch_init
                0x000000000000b154        0x8 /usr/lib/gcc/i686-linux-gnu/4.6/../../../i386-linux-gnu/crti.o
 .rel.text.leds_arch_get
                0x000000000000b15c        0x8 /usr/lib/gcc/i686-linux-gnu/4.6/../../../i386-linux-gnu/crti.o
 .rel.text.leds_arch_set
                0x000000000000b164       0x10 /usr/lib/gcc/i686-linux-gnu/4.6/../../../i386-linux-gnu/crti.o
 .rel.text.rs232_set_input
                0x000000000000b174        0x8 /usr/lib/gcc/i686-linux-gnu/4.6/../../../i386-linux-gnu/crti.o
 .rel.text.rs232_send
                0x000000000000b17c       0x10 /usr/lib/gcc/i686-linux-gnu/4.6/../../../i386-linux-gnu/crti.o
 .rel.text.rs232_print
                0x000000000000b18c       0x10 /usr/lib/gcc/i686-linux-gnu/4.6/../../../i386-linux-gnu/crti.o
 .rel.text.slip_arch_writeb
                0x000000000000b19c        0x8 /usr/lib/gcc/i686-linux-gnu/4.6/../../../i386-linux-gnu/crti.o
 .rel.text.clock_time
                0x000000000000b1a4        0x8 /usr/lib/gcc/i686-linux-gnu/4.6/../../../i386-linux-gnu/crti.o
 .rel.text.clock_seconds
                0x000000000000b1ac        0x8 /usr/lib/gcc/i686-linux-gnu/4.6/../../../i386-linux-gnu/crti.o
 .rel.text.simlog_char
                0x000000000000b1b4       0x30 /usr/lib/gcc/i686-linux-gnu/4.6/../../../i386-linux-gnu/crti.o
 .rel.text.simlog
                0x000000000000b1e4       0x38 /usr/lib/gcc/i686-linux-gnu/4.6/../../../i386-linux-gnu/crti.o
 .rel.text.log_message
                0x000000000000b21c       0x10 /usr/lib/gcc/i686-linux-gnu/4.6/../../../i386-linux-gnu/crti.o
 .rel.text.log_set_putchar_with_slip
                0x000000000000b22c        0x8 /usr/lib/gcc/i686-linux-gnu/4.6/../../../i386-linux-gnu/crti.o
 .rel.text.putchar
                0x000000000000b234       0x50 /usr/lib/gcc/i686-linux-gnu/4.6/../../../i386-linux-gnu/crti.o
 .rel.text.puts
                0x000000000000b284       0x10 /usr/lib/gcc/i686-linux-gnu/4.6/../../../i386-linux-gnu/crti.o
 .rel.text.printf
                0x000000000000b294       0x20 /usr/lib/gcc/i686-linux-gnu/4.6/../../../i386-linux-gnu/crti.o
 .rel.text.cfs_open
                0x000000000000b2b4       0x30 /usr/lib/gcc/i686-linux-gnu/4.6/../../../i386-linux-gnu/crti.o
 .rel.text.cfs_close
                0x000000000000b2e4        0x8 /usr/lib/gcc/i686-linux-gnu/4.6/../../../i386-linux-gnu/crti.o
 .rel.text.cfs_read
                0x000000000000b2ec       0x70 /usr/lib/gcc/i686-linux-gnu/4.6/../../../i386-linux-gnu/crti.o
 .rel.text.cfs_write
                0x000000000000b35c       0x90 /usr/lib/gcc/i686-linux-gnu/4.6/../../../i386-linux-gnu/crti.o
 .rel.text.cfs_seek
                0x000000000000b3ec       0x68 /usr/lib/gcc/i686-linux-gnu/4.6/../../../i386-linux-gnu/crti.o
 .rel.text.cfs_remove
                0x000000000000b454        0x8 /usr/lib/gcc/i686-linux-gnu/4.6/../../../i386-linux-gnu/crti.o
 .rel.text.radio_set_channel
                0x000000000000b45c        0x8 /usr/lib/gcc/i686-linux-gnu/4.6/../../../i386-linux-gnu/crti.o
 .rel.text.radio_set_txpower
                0x000000000000b464        0x8 /usr/lib/gcc/i686-linux-gnu/4.6/../../../i386-linux-gnu/crti.o
 .rel.text.radio_signal_strength_last
                0x000000000000b46c        0x8 /usr/lib/gcc/i686-linux-gnu/4.6/../../../i386-linux-gnu/crti.o
 .rel.text.radio_signal_strength_current
                0x000000000000b474        0x8 /usr/lib/gcc/i686-linux-gnu/4.6/../../../i386-linux-gnu/crti.o
 .rel.text.radio_on
                0x000000000000b47c        0x8 /usr/lib/gcc/i686-linux-gnu/4.6/../../../i386-linux-gnu/crti.o
 .rel.text.radio_off
                0x000000000000b484        0x8 /usr/lib/gcc/i686-linux-gnu/4.6/../../../i386-linux-gnu/crti.o
 .rel.text.radio_read
                0x000000000000b48c       0x50 /usr/lib/gcc/i686-linux-gnu/4.6/../../../i386-linux-gnu/crti.o
 .rel.text.channel_clear
                0x000000000000b4dc        0x8 /usr/lib/gcc/i686-linux-gnu/4.6/../../../i386-linux-gnu/crti.o
 .rel.text.radio_send
                0x000000000000b4e4       0x70 /usr/lib/gcc/i686-linux-gnu/4.6/../../../i386-linux-gnu/crti.o
 .rel.text.prepare_packet
                0x000000000000b554        0x8 /usr/lib/gcc/i686-linux-gnu/4.6/../../../i386-linux-gnu/crti.o
 .rel.text.transmit_packet
                0x000000000000b55c       0x10 /usr/lib/gcc/i686-linux-gnu/4.6/../../../i386-linux-gnu/crti.o
 .rel.text.receiving_packet
                0x000000000000b56c        0x8 /usr/lib/gcc/i686-linux-gnu/4.6/../../../i386-linux-gnu/crti.o
 .rel.text.pending_packet
                0x000000000000b574       0x10 /usr/lib/gcc/i686-linux-gnu/4.6/../../../i386-linux-gnu/crti.o
 .rel.text.process_thread_cooja_radio_process
                0x000000000000b584       0x20 /usr/lib/gcc/i686-linux-gnu/4.6/../../../i386-linux-gnu/crti.o
 .rel.text.get_sensor_index
                0x000000000000b5a4       0x10 /usr/lib/gcc/i686-linux-gnu/4.6/../../../i386-linux-gnu/crti.o
 .rel.text.sensors_first
                0x000000000000b5b4        0x8 /usr/lib/gcc/i686-linux-gnu/4.6/../../../i386-linux-gnu/crti.o
 .rel.text.sensors_next
                0x000000000000b5bc        0x8 /usr/lib/gcc/i686-linux-gnu/4.6/../../../i386-linux-gnu/crti.o
 .rel.text.sensors_changed
                0x000000000000b5c4       0x20 /usr/lib/gcc/i686-linux-gnu/4.6/../../../i386-linux-gnu/crti.o
 .rel.text.sensors_find
                0x000000000000b5e4       0x20 /usr/lib/gcc/i686-linux-gnu/4.6/../../../i386-linux-gnu/crti.o
 .rel.text.process_thread_sensors_process
                0x000000000000b604      0x108 /usr/lib/gcc/i686-linux-gnu/4.6/../../../i386-linux-gnu/crti.o
 .rel.text.show_leds
                0x000000000000b70c       0x18 /usr/lib/gcc/i686-linux-gnu/4.6/../../../i386-linux-gnu/crti.o
 .rel.text.leds_init
                0x000000000000b724       0x20 /usr/lib/gcc/i686-linux-gnu/4.6/../../../i386-linux-gnu/crti.o
 .rel.text.leds_blink
                0x000000000000b744       0x28 /usr/lib/gcc/i686-linux-gnu/4.6/../../../i386-linux-gnu/crti.o
 .rel.text.leds_get
                0x000000000000b76c        0x8 /usr/lib/gcc/i686-linux-gnu/4.6/../../../i386-linux-gnu/crti.o
 .rel.text.leds_on
                0x000000000000b774       0x18 /usr/lib/gcc/i686-linux-gnu/4.6/../../../i386-linux-gnu/crti.o
 .rel.text.leds_off
                0x000000000000b78c       0x18 /usr/lib/gcc/i686-linux-gnu/4.6/../../../i386-linux-gnu/crti.o
 .rel.text.leds_toggle
                0x000000000000b7a4        0x8 /usr/lib/gcc/i686-linux-gnu/4.6/../../../i386-linux-gnu/crti.o
 .rel.text.leds_invert
                0x000000000000b7ac       0x10 /usr/lib/gcc/i686-linux-gnu/4.6/../../../i386-linux-gnu/crti.o
 .rel.text.frame802154_parse
                0x000000000000b7bc       0x40 /usr/lib/gcc/i686-linux-gnu/4.6/../../../i386-linux-gnu/crti.o
 .rel.text.rpl_purge_routes
                0x000000000000b7fc       0x50 /usr/lib/gcc/i686-linux-gnu/4.6/../../../i386-linux-gnu/crti.o
 .rel.text.rpl_remove_routes
                0x000000000000b84c       0x20 /usr/lib/gcc/i686-linux-gnu/4.6/../../../i386-linux-gnu/crti.o
 .rel.text.rpl_remove_routes_by_nexthop
                0x000000000000b86c       0x30 /usr/lib/gcc/i686-linux-gnu/4.6/../../../i386-linux-gnu/crti.o
 .rel.text.rpl_add_route
                0x000000000000b89c        0x8 /usr/lib/gcc/i686-linux-gnu/4.6/../../../i386-linux-gnu/crti.o
 .rel.text.rpl_link_neighbor_callback
                0x000000000000b8a4       0x20 /usr/lib/gcc/i686-linux-gnu/4.6/../../../i386-linux-gnu/crti.o
 .rel.text.rpl_ipv6_neighbor_callback
                0x000000000000b8c4       0x10 /usr/lib/gcc/i686-linux-gnu/4.6/../../../i386-linux-gnu/crti.o
 .rel.text.rpl_init
                0x000000000000b8d4       0x28 /usr/lib/gcc/i686-linux-gnu/4.6/../../../i386-linux-gnu/crti.o
 .rel.text.rpl_dag_init
                0x000000000000b8fc       0x18 /usr/lib/gcc/i686-linux-gnu/4.6/../../../i386-linux-gnu/crti.o
 .rel.text.rpl_get_parent_rank
                0x000000000000b914       0x10 /usr/lib/gcc/i686-linux-gnu/4.6/../../../i386-linux-gnu/crti.o
 .rel.text.rpl_get_parent_link_metric
                0x000000000000b924       0x10 /usr/lib/gcc/i686-linux-gnu/4.6/../../../i386-linux-gnu/crti.o
 .rel.text.rpl_get_parent_ipaddr
                0x000000000000b934       0x18 /usr/lib/gcc/i686-linux-gnu/4.6/../../../i386-linux-gnu/crti.o
 .rel.text.rpl_set_preferred_parent
                0x000000000000b94c       0x20 /usr/lib/gcc/i686-linux-gnu/4.6/../../../i386-linux-gnu/crti.o
 .rel.text.remove_parents
                0x000000000000b96c       0x28 /usr/lib/gcc/i686-linux-gnu/4.6/../../../i386-linux-gnu/crti.o
 .rel.text.nullify_parents
                0x000000000000b994       0x28 /usr/lib/gcc/i686-linux-gnu/4.6/../../../i386-linux-gnu/crti.o
 .rel.text.get_dag
                0x000000000000b9bc       0x10 /usr/lib/gcc/i686-linux-gnu/4.6/../../../i386-linux-gnu/crti.o
 .rel.text.rpl_set_root
                0x000000000000b9cc       0x30 /usr/lib/gcc/i686-linux-gnu/4.6/../../../i386-linux-gnu/crti.o
 .rel.text.rpl_repair_root
                0x000000000000b9fc       0x10 /usr/lib/gcc/i686-linux-gnu/4.6/../../../i386-linux-gnu/crti.o
 .rel.text.set_ip_from_prefix
                0x000000000000ba0c       0x18 /usr/lib/gcc/i686-linux-gnu/4.6/../../../i386-linux-gnu/crti.o
 .rel.text.check_prefix
                0x000000000000ba24       0x30 /usr/lib/gcc/i686-linux-gnu/4.6/../../../i386-linux-gnu/crti.o
 .rel.text.rpl_set_prefix
                0x000000000000ba54       0x10 /usr/lib/gcc/i686-linux-gnu/4.6/../../../i386-linux-gnu/crti.o
 .rel.text.rpl_set_default_route
                0x000000000000ba64       0x18 /usr/lib/gcc/i686-linux-gnu/4.6/../../../i386-linux-gnu/crti.o
 .rel.text.rpl_alloc_instance
                0x000000000000ba7c        0x8 /usr/lib/gcc/i686-linux-gnu/4.6/../../../i386-linux-gnu/crti.o
 .rel.text.rpl_alloc_dag
                0x000000000000ba84       0x18 /usr/lib/gcc/i686-linux-gnu/4.6/../../../i386-linux-gnu/crti.o
 .rel.text.rpl_set_default_instance
                0x000000000000ba9c        0x8 /usr/lib/gcc/i686-linux-gnu/4.6/../../../i386-linux-gnu/crti.o
 .rel.text.rpl_free_instance
                0x000000000000baa4       0x30 /usr/lib/gcc/i686-linux-gnu/4.6/../../../i386-linux-gnu/crti.o
 .rel.text.rpl_free_dag
                0x000000000000bad4        0x8 /usr/lib/gcc/i686-linux-gnu/4.6/../../../i386-linux-gnu/crti.o
 .rel.text.rpl_add_parent
                0x000000000000badc       0x18 /usr/lib/gcc/i686-linux-gnu/4.6/../../../i386-linux-gnu/crti.o
 .rel.text.find_parent_any_dag_any_instance
                0x000000000000baf4       0x20 /usr/lib/gcc/i686-linux-gnu/4.6/../../../i386-linux-gnu/crti.o
 .rel.text.rpl_select_dag
                0x000000000000bb14       0x40 /usr/lib/gcc/i686-linux-gnu/4.6/../../../i386-linux-gnu/crti.o
 .rel.text.rpl_select_parent
                0x000000000000bb54       0x20 /usr/lib/gcc/i686-linux-gnu/4.6/../../../i386-linux-gnu/crti.o
 .rel.text.rpl_remove_parent
                0x000000000000bb74       0x18 /usr/lib/gcc/i686-linux-gnu/4.6/../../../i386-linux-gnu/crti.o
 .rel.text.rpl_nullify_parent
                0x000000000000bb8c       0x10 /usr/lib/gcc/i686-linux-gnu/4.6/../../../i386-linux-gnu/crti.o
 .rel.text.rpl_move_parent
                0x000000000000bb9c       0x28 /usr/lib/gcc/i686-linux-gnu/4.6/../../../i386-linux-gnu/crti.o
 .rel.text.rpl_get_any_dag
                0x000000000000bbc4       0x18 /usr/lib/gcc/i686-linux-gnu/4.6/../../../i386-linux-gnu/crti.o
 .rel.text.rpl_get_instance
                0x000000000000bbdc       0x18 /usr/lib/gcc/i686-linux-gnu/4.6/../../../i386-linux-gnu/crti.o
 .rel.text.rpl_find_of
                0x000000000000bbf4       0x10 /usr/lib/gcc/i686-linux-gnu/4.6/../../../i386-linux-gnu/crti.o
 .rel.text.rpl_join_instance
                0x000000000000bc04       0x48 /usr/lib/gcc/i686-linux-gnu/4.6/../../../i386-linux-gnu/crti.o
 .rel.text.rpl_add_dag
                0x000000000000bc4c       0x38 /usr/lib/gcc/i686-linux-gnu/4.6/../../../i386-linux-gnu/crti.o
 .rel.text.global_repair
                0x000000000000bc84       0x10 /usr/lib/gcc/i686-linux-gnu/4.6/../../../i386-linux-gnu/crti.o
 .rel.text.rpl_local_repair
                0x000000000000bc94        0x8 /usr/lib/gcc/i686-linux-gnu/4.6/../../../i386-linux-gnu/crti.o
 .rel.text.rpl_recalculate_ranks
                0x000000000000bc9c       0x28 /usr/lib/gcc/i686-linux-gnu/4.6/../../../i386-linux-gnu/crti.o
 .rel.text.rpl_process_parent_event
                0x000000000000bcc4       0x18 /usr/lib/gcc/i686-linux-gnu/4.6/../../../i386-linux-gnu/crti.o
 .rel.text.rpl_process_dio
                0x000000000000bcdc       0x78 /usr/lib/gcc/i686-linux-gnu/4.6/../../../i386-linux-gnu/crti.o
 .rel.text.get_global_addr
                0x000000000000bd54       0x28 /usr/lib/gcc/i686-linux-gnu/4.6/../../../i386-linux-gnu/crti.o
 .rel.text.dis_input
                0x000000000000bd7c       0x28 /usr/lib/gcc/i686-linux-gnu/4.6/../../../i386-linux-gnu/crti.o
 .rel.text.dis_output
                0x000000000000bda4       0x20 /usr/lib/gcc/i686-linux-gnu/4.6/../../../i386-linux-gnu/crti.o
 .rel.text.dio_input
                0x000000000000bdc4       0x60 /usr/lib/gcc/i686-linux-gnu/4.6/../../../i386-linux-gnu/crti.o
 .rel.text.dio_output
                0x000000000000be24       0x28 /usr/lib/gcc/i686-linux-gnu/4.6/../../../i386-linux-gnu/crti.o
 .rel.text.dao_input
                0x000000000000be4c       0x98 /usr/lib/gcc/i686-linux-gnu/4.6/../../../i386-linux-gnu/crti.o
 .rel.text.dao_output
                0x000000000000bee4       0x10 /usr/lib/gcc/i686-linux-gnu/4.6/../../../i386-linux-gnu/crti.o
 .rel.text.dao_output_target
                0x000000000000bef4       0x60 /usr/lib/gcc/i686-linux-gnu/4.6/../../../i386-linux-gnu/crti.o
 .rel.text.dao_ack_output
                0x000000000000bf54       0x18 /usr/lib/gcc/i686-linux-gnu/4.6/../../../i386-linux-gnu/crti.o
 .rel.text.uip_rpl_input
                0x000000000000bf6c       0x18 /usr/lib/gcc/i686-linux-gnu/4.6/../../../i386-linux-gnu/crti.o
 .rel.text.handle_periodic_timer
                0x000000000000bf84       0x50 /usr/lib/gcc/i686-linux-gnu/4.6/../../../i386-linux-gnu/crti.o
 .rel.text.new_dio_interval
                0x000000000000bfd4       0x18 /usr/lib/gcc/i686-linux-gnu/4.6/../../../i386-linux-gnu/crti.o
 .rel.text.handle_dio_timer
                0x000000000000bfec       0x40 /usr/lib/gcc/i686-linux-gnu/4.6/../../../i386-linux-gnu/crti.o
 .rel.text.rpl_reset_periodic_timer
                0x000000000000c02c       0x28 /usr/lib/gcc/i686-linux-gnu/4.6/../../../i386-linux-gnu/crti.o
 .rel.text.handle_dao_timer
                0x000000000000c054       0x30 /usr/lib/gcc/i686-linux-gnu/4.6/../../../i386-linux-gnu/crti.o
 .rel.text.rpl_schedule_dao
                0x000000000000c084       0x28 /usr/lib/gcc/i686-linux-gnu/4.6/../../../i386-linux-gnu/crti.o
 .rel.text.rpl_verify_header
                0x000000000000c0ac       0xd0 /usr/lib/gcc/i686-linux-gnu/4.6/../../../i386-linux-gnu/crti.o
 .rel.text.set_rpl_opt
                0x000000000000c17c      0x108 /usr/lib/gcc/i686-linux-gnu/4.6/../../../i386-linux-gnu/crti.o
 .rel.text.rpl_update_header_empty
                0x000000000000c284      0x120 /usr/lib/gcc/i686-linux-gnu/4.6/../../../i386-linux-gnu/crti.o
 .rel.text.rpl_update_header_final
                0x000000000000c3a4       0xc0 /usr/lib/gcc/i686-linux-gnu/4.6/../../../i386-linux-gnu/crti.o
 .rel.text.rpl_remove_header
                0x000000000000c464       0xb0 /usr/lib/gcc/i686-linux-gnu/4.6/../../../i386-linux-gnu/crti.o
 .rel.text.rpl_invert_header
                0x000000000000c514       0xa8 /usr/lib/gcc/i686-linux-gnu/4.6/../../../i386-linux-gnu/crti.o
 .rel.text.rpl_insert_header
                0x000000000000c5bc       0x20 /usr/lib/gcc/i686-linux-gnu/4.6/../../../i386-linux-gnu/crti.o
 .rel.text.timer_set
                0x000000000000c5dc        0x8 /usr/lib/gcc/i686-linux-gnu/4.6/../../../i386-linux-gnu/crti.o
 .rel.text.timer_restart
                0x000000000000c5e4        0x8 /usr/lib/gcc/i686-linux-gnu/4.6/../../../i386-linux-gnu/crti.o
 .rel.text.timer_expired
                0x000000000000c5ec        0x8 /usr/lib/gcc/i686-linux-gnu/4.6/../../../i386-linux-gnu/crti.o
 .rel.text.timer_remaining
                0x000000000000c5f4        0x8 /usr/lib/gcc/i686-linux-gnu/4.6/../../../i386-linux-gnu/crti.o
 .rel.text.rtimer_init
                0x000000000000c5fc        0x8 /usr/lib/gcc/i686-linux-gnu/4.6/../../../i386-linux-gnu/crti.o
 .rel.text.rtimer_set
                0x000000000000c604       0x18 /usr/lib/gcc/i686-linux-gnu/4.6/../../../i386-linux-gnu/crti.o
 .rel.text.rtimer_run_next
                0x000000000000c61c       0x30 /usr/lib/gcc/i686-linux-gnu/4.6/../../../i386-linux-gnu/crti.o
 .rel.text.stimer_set
                0x000000000000c64c        0x8 /usr/lib/gcc/i686-linux-gnu/4.6/../../../i386-linux-gnu/crti.o
 .rel.text.stimer_restart
                0x000000000000c654        0x8 /usr/lib/gcc/i686-linux-gnu/4.6/../../../i386-linux-gnu/crti.o
 .rel.text.stimer_expired
                0x000000000000c65c        0x8 /usr/lib/gcc/i686-linux-gnu/4.6/../../../i386-linux-gnu/crti.o
 .rel.text.stimer_remaining
                0x000000000000c664        0x8 /usr/lib/gcc/i686-linux-gnu/4.6/../../../i386-linux-gnu/crti.o
 .rel.text.stimer_elapsed
                0x000000000000c66c        0x8 /usr/lib/gcc/i686-linux-gnu/4.6/../../../i386-linux-gnu/crti.o
 .rel.text.key_from_index
                0x000000000000c674        0x8 /usr/lib/gcc/i686-linux-gnu/4.6/../../../i386-linux-gnu/crti.o
 .rel.text.index_from_key
                0x000000000000c67c        0x8 /usr/lib/gcc/i686-linux-gnu/4.6/../../../i386-linux-gnu/crti.o
 .rel.text.index_from_lladdr
                0x000000000000c684       0x28 /usr/lib/gcc/i686-linux-gnu/4.6/../../../i386-linux-gnu/crti.o
 .rel.text.nbr_table_allocate
                0x000000000000c6ac       0x80 /usr/lib/gcc/i686-linux-gnu/4.6/../../../i386-linux-gnu/crti.o
 .rel.text.nbr_table_register
                0x000000000000c72c       0x20 /usr/lib/gcc/i686-linux-gnu/4.6/../../../i386-linux-gnu/crti.o
 .rel.text.nbr_table_head
                0x000000000000c74c       0x20 /usr/lib/gcc/i686-linux-gnu/4.6/../../../i386-linux-gnu/crti.o
 .rel.text.nbr_table_next
                0x000000000000c76c       0x10 /usr/lib/gcc/i686-linux-gnu/4.6/../../../i386-linux-gnu/crti.o
 .rel.text.nbr_table_add_lladdr
                0x000000000000c77c       0x30 /usr/lib/gcc/i686-linux-gnu/4.6/../../../i386-linux-gnu/crti.o
 .rel.text.nbr_table_get_from_lladdr
                0x000000000000c7ac        0x8 /usr/lib/gcc/i686-linux-gnu/4.6/../../../i386-linux-gnu/crti.o
 .rel.text.nbr_table_remove
                0x000000000000c7b4       0x10 /usr/lib/gcc/i686-linux-gnu/4.6/../../../i386-linux-gnu/crti.o
 .rel.text.nbr_table_lock
                0x000000000000c7c4        0x8 /usr/lib/gcc/i686-linux-gnu/4.6/../../../i386-linux-gnu/crti.o
 .rel.text.nbr_table_unlock
                0x000000000000c7cc        0x8 /usr/lib/gcc/i686-linux-gnu/4.6/../../../i386-linux-gnu/crti.o
 .rel.text.uip_icmp6_echo_request_input
                0x000000000000c7d4      0x1f0 /usr/lib/gcc/i686-linux-gnu/4.6/../../../i386-linux-gnu/crti.o
 .rel.text.uip_icmp6_error_output
                0x000000000000c9c4      0x238 /usr/lib/gcc/i686-linux-gnu/4.6/../../../i386-linux-gnu/crti.o
 .rel.text.uip_icmp6_send
                0x000000000000cbfc       0xb8 /usr/lib/gcc/i686-linux-gnu/4.6/../../../i386-linux-gnu/crti.o
 *(.rel.fini)
 *(.rel.rodata .rel.rodata.* .rel.gnu.linkonce.r.*)
 .rel.rodata    0x000000000000ccb4      0x568 /usr/lib/gcc/i686-linux-gnu/4.6/../../../i386-linux-gnu/crti.o
 *(.rel.data.rel.ro* .rel.gnu.linkonce.d.rel.ro.*)
 *(.rel.data .rel.data.* .rel.gnu.linkonce.d.*)
 .rel.data.rel  0x000000000000d21c        0x8 /usr/lib/gcc/i686-linux-gnu/4.6/../../../i386-linux-gnu/crti.o
 .rel.data      0x000000000000d224      0x250 /usr/lib/gcc/i686-linux-gnu/4.6/../../../i386-linux-gnu/crti.o
 *(.rel.tdata .rel.tdata.* .rel.gnu.linkonce.td.*)
 *(.rel.tbss .rel.tbss.* .rel.gnu.linkonce.tb.*)
 *(.rel.ctors)
 *(.rel.dtors)
 *(.rel.got)
 .rel.got       0x000000000000d474       0x18 /usr/lib/gcc/i686-linux-gnu/4.6/../../../i386-linux-gnu/crti.o
 *(.rel.bss .rel.bss.* .rel.gnu.linkonce.b.*)
 *(.rel.ifunc)
 .rel.ifunc     0x0000000000000000        0x0 /usr/lib/gcc/i686-linux-gnu/4.6/../../../i386-linux-gnu/crti.o

.rel.plt        0x000000000000d48c       0x10
 *(.rel.plt)
 .rel.plt       0x000000000000d48c       0x10 /usr/lib/gcc/i686-linux-gnu/4.6/../../../i386-linux-gnu/crti.o
 *(.rel.iplt)

.init           0x000000000000d49c       0x2e
 *(.init)
 .init          0x000000000000d49c       0x1f /usr/lib/gcc/i686-linux-gnu/4.6/../../../i386-linux-gnu/crti.o
                0x000000000000d49c                _init
 .init          0x000000000000d4bb        0x5 /usr/lib/gcc/i686-linux-gnu/4.6/crtbeginS.o
 .init          0x000000000000d4c0        0x5 /usr/lib/gcc/i686-linux-gnu/4.6/crtendS.o
 .init          0x000000000000d4c5        0x5 /usr/lib/gcc/i686-linux-gnu/4.6/../../../i386-linux-gnu/crtn.o

.plt            0x000000000000d4d0       0x30
 *(.plt)
 .plt           0x000000000000d4d0       0x30 /usr/lib/gcc/i686-linux-gnu/4.6/../../../i386-linux-gnu/crti.o
 *(.iplt)

.text           0x000000000000d500    0x13838
 *(.text.unlikely .text.*_unlikely)
 *(.text.exit .text.exit.*)
 *(.text.startup .text.startup.*)
 *(.text.hot .text.hot.*)
 *(.text .stub .text.* .gnu.linkonce.t.*)
 .text          0x000000000000d500        0x0 /usr/lib/gcc/i686-linux-gnu/4.6/../../../i386-linux-gnu/crti.o
 .text          0x000000000000d500       0xb7 /usr/lib/gcc/i686-linux-gnu/4.6/crtbeginS.o
 .text.__i686.get_pc_thunk.bx
                0x000000000000d5b7        0x4 /usr/lib/gcc/i686-linux-gnu/4.6/crtbeginS.o
                0x000000000000d5b7                __i686.get_pc_thunk.bx
 *fill*         0x000000000000d5bb        0x1 90909090
 .text          0x000000000000d5bc        0x0 desk-controller.co
 .text.receiver
                0x000000000000d5bc       0x1d desk-controller.co
 .text.set_global_address
                0x000000000000d5d9       0xfc desk-controller.co
 .text.process_thread_unicast_sender_process
                0x000000000000d6d5      0x264 desk-controller.co
 *fill*         0x000000000000d939        0x3 90909090
 .text          0x000000000000d93c        0x0 obj_cooja/mtype892.o
 .text.print_processes
                0x000000000000d93c       0x49 obj_cooja/mtype892.o
 .text.rtimer_thread_loop
                0x000000000000d985       0x12 obj_cooja/mtype892.o
 .text.set_rime_addr
                0x000000000000d997       0xd1 obj_cooja/mtype892.o
 .text.contiki_init
                0x000000000000da68      0x3b0 obj_cooja/mtype892.o
                0x000000000000da68                contiki_init
 .text.process_run_thread_loop
                0x000000000000de18       0x6e obj_cooja/mtype892.o
 .text.Java_se_sics_cooja_corecomm_Lib143_init
                0x000000000000de86       0x40 obj_cooja/mtype892.o
                0x000000000000de86                Java_se_sics_cooja_corecomm_Lib143_init
 .text.Java_se_sics_cooja_corecomm_Lib143_getMemory
                0x000000000000dec6       0x3d obj_cooja/mtype892.o
                0x000000000000dec6                Java_se_sics_cooja_corecomm_Lib143_getMemory
 .text.Java_se_sics_cooja_corecomm_Lib143_setMemory
                0x000000000000df03       0x74 obj_cooja/mtype892.o
                0x000000000000df03                Java_se_sics_cooja_corecomm_Lib143_setMemory
 .text.Java_se_sics_cooja_corecomm_Lib143_tick
                0x000000000000df77       0xe1 obj_cooja/mtype892.o
                0x000000000000df77                Java_se_sics_cooja_corecomm_Lib143_tick
 .text.Java_se_sics_cooja_corecomm_Lib143_setReferenceAddress
                0x000000000000e058       0x12 obj_cooja/mtype892.o
                0x000000000000e058                Java_se_sics_cooja_corecomm_Lib143_setReferenceAddress
 *fill*         0x000000000000e06a        0x2 90909090
 .text          0x000000000000e06c        0x0 obj_cooja/mtype892.a(rimeaddr.o)
 .text.rimeaddr_copy
                0x000000000000e06c       0x15 obj_cooja/mtype892.a(rimeaddr.o)
                0x000000000000e06c                rimeaddr_copy
 .text.rimeaddr_cmp
                0x000000000000e081       0x2a obj_cooja/mtype892.a(rimeaddr.o)
                0x000000000000e081                rimeaddr_cmp
 .text.rimeaddr_set_node_addr
                0x000000000000e0ab       0x1b obj_cooja/mtype892.a(rimeaddr.o)
                0x000000000000e0ab                rimeaddr_set_node_addr
 *fill*         0x000000000000e0c6        0x2 90909090
 .text          0x000000000000e0c8        0x0 obj_cooja/mtype892.a(nullrdc.o)
 .text.packetbuf_set_attr
                0x000000000000e0c8       0x2a obj_cooja/mtype892.a(nullrdc.o)
 .text.packetbuf_attr
                0x000000000000e0f2       0x1a obj_cooja/mtype892.a(nullrdc.o)
 .text.packetbuf_set_addr
                0x000000000000e10c       0x32 obj_cooja/mtype892.a(nullrdc.o)
 .text.packetbuf_addr
                0x000000000000e13e       0x1d obj_cooja/mtype892.a(nullrdc.o)
 .text.send_one_packet
                0x000000000000e15b      0x1f9 obj_cooja/mtype892.a(nullrdc.o)
 .text.send_packet
                0x000000000000e354       0x1a obj_cooja/mtype892.a(nullrdc.o)
 .text.send_list
                0x000000000000e36e       0x4a obj_cooja/mtype892.a(nullrdc.o)
 .text.packet_input
                0x000000000000e3b8      0x212 obj_cooja/mtype892.a(nullrdc.o)
 .text.on       0x000000000000e5ca        0xf obj_cooja/mtype892.a(nullrdc.o)
 .text.off      0x000000000000e5d9       0x1e obj_cooja/mtype892.a(nullrdc.o)
 .text.channel_check_interval
                0x000000000000e5f7        0xa obj_cooja/mtype892.a(nullrdc.o)
 .text.init     0x000000000000e601        0xd obj_cooja/mtype892.a(nullrdc.o)
 *fill*         0x000000000000e60e        0x2 90909090
 .text          0x000000000000e610        0x0 obj_cooja/mtype892.a(mac.o)
 .text.mac_call_sent_callback
                0x000000000000e610       0x3c obj_cooja/mtype892.a(mac.o)
                0x000000000000e610                mac_call_sent_callback
 .text          0x000000000000e64c        0x0 obj_cooja/mtype892.a(framer-802154.o)
 .text.packetbuf_set_attr
                0x000000000000e64c       0x2a obj_cooja/mtype892.a(framer-802154.o)
 .text.packetbuf_attr
                0x000000000000e676       0x1a obj_cooja/mtype892.a(framer-802154.o)
 .text.packetbuf_set_addr
                0x000000000000e690       0x32 obj_cooja/mtype892.a(framer-802154.o)
 .text.packetbuf_addr
                0x000000000000e6c2       0x1d obj_cooja/mtype892.a(framer-802154.o)
 .text.is_broadcast_addr
                0x000000000000e6df       0x4d obj_cooja/mtype892.a(framer-802154.o)
 .text.create   0x000000000000e72c      0x1cd obj_cooja/mtype892.a(framer-802154.o)
 .text.parse    0x000000000000e8f9      0x12c obj_cooja/mtype892.a(framer-802154.o)
 *fill*         0x000000000000ea25        0x3 90909090
 .text          0x000000000000ea28        0x0 obj_cooja/mtype892.a(csma.o)
 .text.packetbuf_set_attr
                0x000000000000ea28       0x2a obj_cooja/mtype892.a(csma.o)
 .text.packetbuf_attr
                0x000000000000ea52       0x1a obj_cooja/mtype892.a(csma.o)
 .text.packetbuf_addr
                0x000000000000ea6c       0x1d obj_cooja/mtype892.a(csma.o)
 .text.neighbor_queue_from_addr
                0x000000000000ea89       0x51 obj_cooja/mtype892.a(csma.o)
 .text.default_timebase
                0x000000000000eada       0x25 obj_cooja/mtype892.a(csma.o)
 .text.transmit_packet_list
                0x000000000000eaff       0x48 obj_cooja/mtype892.a(csma.o)
 .text.free_packet
                0x000000000000eb47       0xe2 obj_cooja/mtype892.a(csma.o)
 .text.packet_sent
                0x000000000000ec29      0x215 obj_cooja/mtype892.a(csma.o)
 .text.send_packet
                0x000000000000ee3e      0x28b obj_cooja/mtype892.a(csma.o)
 .text.input_packet
                0x000000000000f0c9        0xf obj_cooja/mtype892.a(csma.o)
 .text.on       0x000000000000f0d8        0xf obj_cooja/mtype892.a(csma.o)
 .text.off      0x000000000000f0e7       0x16 obj_cooja/mtype892.a(csma.o)
 .text.channel_check_interval
                0x000000000000f0fd       0x1f obj_cooja/mtype892.a(csma.o)
 .text.init     0x000000000000f11c       0x2c obj_cooja/mtype892.a(csma.o)
 .text          0x000000000000f148        0x0 obj_cooja/mtype892.a(process.o)
 .text.process_alloc_event
                0x000000000000f148       0x18 obj_cooja/mtype892.a(process.o)
                0x000000000000f148                process_alloc_event
 .text.process_start
                0x000000000000f160       0x70 obj_cooja/mtype892.a(process.o)
                0x000000000000f160                process_start
 .text.exit_process
                0x000000000000f1d0       0xec obj_cooja/mtype892.a(process.o)
 .text.call_process
                0x000000000000f2bc       0x90 obj_cooja/mtype892.a(process.o)
 .text.process_exit
                0x000000000000f34c       0x1c obj_cooja/mtype892.a(process.o)
                0x000000000000f34c                process_exit
 .text.process_init
                0x000000000000f368       0x33 obj_cooja/mtype892.a(process.o)
                0x000000000000f368                process_init
 .text.do_poll  0x000000000000f39b       0x5b obj_cooja/mtype892.a(process.o)
 .text.do_event
                0x000000000000f3f6      0x145 obj_cooja/mtype892.a(process.o)
 .text.process_run
                0x000000000000f53b       0x33 obj_cooja/mtype892.a(process.o)
                0x000000000000f53b                process_run
 .text.process_nevents
                0x000000000000f56e       0x1b obj_cooja/mtype892.a(process.o)
                0x000000000000f56e                process_nevents
 .text.process_post
                0x000000000000f589       0xac obj_cooja/mtype892.a(process.o)
                0x000000000000f589                process_post
 .text.process_post_synch
                0x000000000000f635       0x38 obj_cooja/mtype892.a(process.o)
                0x000000000000f635                process_post_synch
 .text.process_poll
                0x000000000000f66d       0x2f obj_cooja/mtype892.a(process.o)
                0x000000000000f66d                process_poll
 .text.process_is_running
                0x000000000000f69c       0x14 obj_cooja/mtype892.a(process.o)
                0x000000000000f69c                process_is_running
 .text          0x000000000000f6b0        0x0 obj_cooja/mtype892.a(autostart.o)
 .text.autostart_start
                0x000000000000f6b0       0x3f obj_cooja/mtype892.a(autostart.o)
                0x000000000000f6b0                autostart_start
 .text.autostart_exit
                0x000000000000f6ef       0x37 obj_cooja/mtype892.a(autostart.o)
                0x000000000000f6ef                autostart_exit
 *fill*         0x000000000000f726        0x2 90909090
 .text          0x000000000000f728        0x0 obj_cooja/mtype892.a(serial-line.o)
 .text.serial_line_input_byte
                0x000000000000f728       0x7d obj_cooja/mtype892.a(serial-line.o)
                0x000000000000f728                serial_line_input_byte
 .text.process_thread_serial_line_process
                0x000000000000f7a5      0x137 obj_cooja/mtype892.a(serial-line.o)
 .text.serial_line_init
                0x000000000000f8dc       0x38 obj_cooja/mtype892.a(serial-line.o)
                0x000000000000f8dc                serial_line_init
 .text          0x000000000000f914        0x0 obj_cooja/mtype892.a(memb.o)
 .text.memb_init
                0x000000000000f914       0x5e obj_cooja/mtype892.a(memb.o)
                0x000000000000f914                memb_init
 .text.memb_alloc
                0x000000000000f972       0x65 obj_cooja/mtype892.a(memb.o)
                0x000000000000f972                memb_alloc
 .text.memb_free
                0x000000000000f9d7       0x7b obj_cooja/mtype892.a(memb.o)
                0x000000000000f9d7                memb_free
 .text.memb_inmemb
                0x000000000000fa52       0x3f obj_cooja/mtype892.a(memb.o)
                0x000000000000fa52                memb_inmemb
 *fill*         0x000000000000fa91        0x3 90909090
 .text          0x000000000000fa94        0x0 obj_cooja/mtype892.a(list.o)
 .text.list_init
                0x000000000000fa94        0xe obj_cooja/mtype892.a(list.o)
                0x000000000000fa94                list_init
 .text.list_head
                0x000000000000faa2        0xa obj_cooja/mtype892.a(list.o)
                0x000000000000faa2                list_head
 .text.list_copy
                0x000000000000faac        0xf obj_cooja/mtype892.a(list.o)
                0x000000000000faac                list_copy
 .text.list_tail
                0x000000000000fabb       0x36 obj_cooja/mtype892.a(list.o)
                0x000000000000fabb                list_tail
 .text.list_add
                0x000000000000faf1       0x49 obj_cooja/mtype892.a(list.o)
                0x000000000000faf1                list_add
 .text.list_push
                0x000000000000fb3a       0x2c obj_cooja/mtype892.a(list.o)
                0x000000000000fb3a                list_push
 .text.list_chop
                0x000000000000fb66       0x6a obj_cooja/mtype892.a(list.o)
                0x000000000000fb66                list_chop
 .text.list_pop
                0x000000000000fbd0       0x28 obj_cooja/mtype892.a(list.o)
                0x000000000000fbd0                list_pop
 .text.list_remove
                0x000000000000fbf8       0x68 obj_cooja/mtype892.a(list.o)
                0x000000000000fbf8                list_remove
 .text.list_length
                0x000000000000fc60       0x2e obj_cooja/mtype892.a(list.o)
                0x000000000000fc60                list_length
 .text.list_insert
                0x000000000000fc8e       0x34 obj_cooja/mtype892.a(list.o)
                0x000000000000fc8e                list_insert
 .text.list_item_next
                0x000000000000fcc2       0x17 obj_cooja/mtype892.a(list.o)
                0x000000000000fcc2                list_item_next
 *fill*         0x000000000000fcd9        0x3 90909090
 .text          0x000000000000fcdc        0x0 obj_cooja/mtype892.a(etimer.o)
 .text.update_time
                0x000000000000fcdc       0x8f obj_cooja/mtype892.a(etimer.o)
 .text.process_thread_etimer_process
                0x000000000000fd6b      0x190 obj_cooja/mtype892.a(etimer.o)
 .text.etimer_request_poll
                0x000000000000fefb       0x14 obj_cooja/mtype892.a(etimer.o)
                0x000000000000fefb                etimer_request_poll
 .text.add_timer
                0x000000000000ff0f       0x70 obj_cooja/mtype892.a(etimer.o)
 .text.etimer_set
                0x000000000000ff7f       0x25 obj_cooja/mtype892.a(etimer.o)
                0x000000000000ff7f                etimer_set
 .text.etimer_reset
                0x000000000000ffa4       0x1e obj_cooja/mtype892.a(etimer.o)
                0x000000000000ffa4                etimer_reset
 .text.etimer_restart
                0x000000000000ffc2       0x1e obj_cooja/mtype892.a(etimer.o)
                0x000000000000ffc2                etimer_restart
 .text.etimer_adjust
                0x000000000000ffe0       0x1c obj_cooja/mtype892.a(etimer.o)
                0x000000000000ffe0                etimer_adjust
 .text.etimer_expired
                0x000000000000fffc       0x13 obj_cooja/mtype892.a(etimer.o)
                0x000000000000fffc                etimer_expired
 .text.etimer_expiration_time
                0x000000000001000f       0x12 obj_cooja/mtype892.a(etimer.o)
                0x000000000001000f                etimer_expiration_time
 .text.etimer_start_time
                0x0000000000010021        0xa obj_cooja/mtype892.a(etimer.o)
                0x0000000000010021                etimer_start_time
 .text.etimer_pending
                0x000000000001002b       0x12 obj_cooja/mtype892.a(etimer.o)
                0x000000000001002b                etimer_pending
 .text.etimer_next_expiration_time
                0x000000000001003d       0x1a obj_cooja/mtype892.a(etimer.o)
                0x000000000001003d                etimer_next_expiration_time
 .text.etimer_stop
                0x0000000000010057       0x75 obj_cooja/mtype892.a(etimer.o)
                0x0000000000010057                etimer_stop
 .text          0x00000000000100cc        0x0 obj_cooja/mtype892.a(ctimer.o)
 .text.process_thread_ctimer_process
                0x00000000000100cc      0x11b obj_cooja/mtype892.a(ctimer.o)
 .text.ctimer_init
                0x00000000000101e7       0x30 obj_cooja/mtype892.a(ctimer.o)
                0x00000000000101e7                ctimer_init
 .text.ctimer_set
                0x0000000000010217       0x93 obj_cooja/mtype892.a(ctimer.o)
                0x0000000000010217                ctimer_set
 .text.ctimer_reset
                0x00000000000102aa       0x63 obj_cooja/mtype892.a(ctimer.o)
                0x00000000000102aa                ctimer_reset
 .text.ctimer_restart
                0x000000000001030d       0x63 obj_cooja/mtype892.a(ctimer.o)
                0x000000000001030d                ctimer_restart
 .text.ctimer_stop
                0x0000000000010370       0x4b obj_cooja/mtype892.a(ctimer.o)
                0x0000000000010370                ctimer_stop
 .text.ctimer_expired
                0x00000000000103bb       0x57 obj_cooja/mtype892.a(ctimer.o)
                0x00000000000103bb                ctimer_expired
 *fill*         0x0000000000010412        0x2 90909090
 .text          0x0000000000010414        0x0 obj_cooja/mtype892.a(energest.o)
 .text.energest_type_set
                0x0000000000010414        0x5 obj_cooja/mtype892.a(energest.o)
                0x0000000000010414                energest_type_set
 .text.energest_init
                0x0000000000010419        0x5 obj_cooja/mtype892.a(energest.o)
                0x0000000000010419                energest_init
 .text.energest_type_time
                0x000000000001041e        0xa obj_cooja/mtype892.a(energest.o)
                0x000000000001041e                energest_type_time
 .text.energest_flush
                0x0000000000010428        0x5 obj_cooja/mtype892.a(energest.o)
                0x0000000000010428                energest_flush
 *fill*         0x000000000001042d        0x3 90909090
 .text          0x0000000000010430        0x0 obj_cooja/mtype892.a(random.o)
 .text.random_init
                0x0000000000010430       0x1b obj_cooja/mtype892.a(random.o)
                0x0000000000010430                random_init
 .text.random_rand
                0x000000000001044b        0xd obj_cooja/mtype892.a(random.o)
                0x000000000001044b                random_rand
 .text          0x0000000000010458        0x0 obj_cooja/mtype892.a(ringbuf.o)
 .text.ringbuf_init
                0x0000000000010458       0x31 obj_cooja/mtype892.a(ringbuf.o)
                0x0000000000010458                ringbuf_init
 .text.ringbuf_put
                0x0000000000010489       0x7e obj_cooja/mtype892.a(ringbuf.o)
                0x0000000000010489                ringbuf_put
 .text.ringbuf_get
                0x0000000000010507       0x6d obj_cooja/mtype892.a(ringbuf.o)
                0x0000000000010507                ringbuf_get
 .text.ringbuf_size
                0x0000000000010574       0x12 obj_cooja/mtype892.a(ringbuf.o)
                0x0000000000010574                ringbuf_size
 .text.ringbuf_elements
                0x0000000000010586       0x27 obj_cooja/mtype892.a(ringbuf.o)
                0x0000000000010586                ringbuf_elements
 *fill*         0x00000000000105ad        0x3 90909090
 .text          0x00000000000105b0        0x0 obj_cooja/mtype892.a(netstack.o)
 .text.netstack_init
                0x00000000000105b0       0x24 obj_cooja/mtype892.a(netstack.o)
                0x00000000000105b0                netstack_init
 .text          0x00000000000105d4        0x0 obj_cooja/mtype892.a(packetbuf.o)
 .text.packetbuf_clear
                0x00000000000105d4       0x37 obj_cooja/mtype892.a(packetbuf.o)
                0x00000000000105d4                packetbuf_clear
 .text.packetbuf_clear_hdr
                0x000000000001060b        0xc obj_cooja/mtype892.a(packetbuf.o)
                0x000000000001060b                packetbuf_clear_hdr
 .text.packetbuf_copyfrom
                0x0000000000010617       0x52 obj_cooja/mtype892.a(packetbuf.o)
                0x0000000000010617                packetbuf_copyfrom
 .text.packetbuf_compact
                0x0000000000010669       0x9e obj_cooja/mtype892.a(packetbuf.o)
                0x0000000000010669                packetbuf_compact
 .text.packetbuf_copyto_hdr
                0x0000000000010707       0x5a obj_cooja/mtype892.a(packetbuf.o)
                0x0000000000010707                packetbuf_copyto_hdr
 .text.packetbuf_copyto
                0x0000000000010761       0xe3 obj_cooja/mtype892.a(packetbuf.o)
                0x0000000000010761                packetbuf_copyto
 .text.packetbuf_hdralloc
                0x0000000000010844       0x4a obj_cooja/mtype892.a(packetbuf.o)
                0x0000000000010844                packetbuf_hdralloc
 .text.packetbuf_hdr_remove
                0x000000000001088e       0x18 obj_cooja/mtype892.a(packetbuf.o)
                0x000000000001088e                packetbuf_hdr_remove
 .text.packetbuf_hdrreduce
                0x00000000000108a6       0x4b obj_cooja/mtype892.a(packetbuf.o)
                0x00000000000108a6                packetbuf_hdrreduce
 .text.packetbuf_set_datalen
                0x00000000000108f1       0x19 obj_cooja/mtype892.a(packetbuf.o)
                0x00000000000108f1                packetbuf_set_datalen
 .text.packetbuf_dataptr
                0x000000000001090a       0x19 obj_cooja/mtype892.a(packetbuf.o)
                0x000000000001090a                packetbuf_dataptr
 .text.packetbuf_hdrptr
                0x0000000000010923       0x17 obj_cooja/mtype892.a(packetbuf.o)
                0x0000000000010923                packetbuf_hdrptr
 .text.packetbuf_reference
                0x000000000001093a       0x26 obj_cooja/mtype892.a(packetbuf.o)
                0x000000000001093a                packetbuf_reference
 .text.packetbuf_is_reference
                0x0000000000010960       0x1a obj_cooja/mtype892.a(packetbuf.o)
                0x0000000000010960                packetbuf_is_reference
 .text.packetbuf_reference_ptr
                0x000000000001097a        0xa obj_cooja/mtype892.a(packetbuf.o)
                0x000000000001097a                packetbuf_reference_ptr
 .text.packetbuf_datalen
                0x0000000000010984        0xc obj_cooja/mtype892.a(packetbuf.o)
                0x0000000000010984                packetbuf_datalen
 .text.packetbuf_hdrlen
                0x0000000000010990       0x17 obj_cooja/mtype892.a(packetbuf.o)
                0x0000000000010990                packetbuf_hdrlen
 .text.packetbuf_totlen
                0x00000000000109a7       0x16 obj_cooja/mtype892.a(packetbuf.o)
                0x00000000000109a7                packetbuf_totlen
 .text.packetbuf_attr_clear
                0x00000000000109bd       0x56 obj_cooja/mtype892.a(packetbuf.o)
                0x00000000000109bd                packetbuf_attr_clear
 .text.packetbuf_attr_copyto
                0x0000000000010a13       0x9d obj_cooja/mtype892.a(packetbuf.o)
                0x0000000000010a13                packetbuf_attr_copyto
 .text.packetbuf_attr_copyfrom
                0x0000000000010ab0       0x9c obj_cooja/mtype892.a(packetbuf.o)
                0x0000000000010ab0                packetbuf_attr_copyfrom
 .text          0x0000000000010b4c        0x0 obj_cooja/mtype892.a(queuebuf.o)
 .text.queuebuf_load_to_ram
                0x0000000000010b4c        0xa obj_cooja/mtype892.a(queuebuf.o)
 .text.queuebuf_init
                0x0000000000010b56       0x2c obj_cooja/mtype892.a(queuebuf.o)
                0x0000000000010b56                queuebuf_init
 .text.queuebuf_new_from_packetbuf
                0x0000000000010b82       0xcb obj_cooja/mtype892.a(queuebuf.o)
                0x0000000000010b82                queuebuf_new_from_packetbuf
 .text.queuebuf_update_attr_from_packetbuf
                0x0000000000010c4d       0x33 obj_cooja/mtype892.a(queuebuf.o)
                0x0000000000010c4d                queuebuf_update_attr_from_packetbuf
 .text.queuebuf_free
                0x0000000000010c80       0x73 obj_cooja/mtype892.a(queuebuf.o)
                0x0000000000010c80                queuebuf_free
 .text.queuebuf_to_packetbuf
                0x0000000000010cf3       0xe8 obj_cooja/mtype892.a(queuebuf.o)
                0x0000000000010cf3                queuebuf_to_packetbuf
 .text.queuebuf_dataptr
                0x0000000000010ddb       0x5f obj_cooja/mtype892.a(queuebuf.o)
                0x0000000000010ddb                queuebuf_dataptr
 .text.queuebuf_datalen
                0x0000000000010e3a       0x1f obj_cooja/mtype892.a(queuebuf.o)
                0x0000000000010e3a                queuebuf_datalen
 .text.queuebuf_addr
                0x0000000000010e59       0x2f obj_cooja/mtype892.a(queuebuf.o)
                0x0000000000010e59                queuebuf_addr
 .text.queuebuf_attr
                0x0000000000010e88       0x2b obj_cooja/mtype892.a(queuebuf.o)
                0x0000000000010e88                queuebuf_attr
 .text.queuebuf_debug_print
                0x0000000000010eb3        0x5 obj_cooja/mtype892.a(queuebuf.o)
                0x0000000000010eb3                queuebuf_debug_print
 .text          0x0000000000010eb8        0x0 obj_cooja/mtype892.a(sicslowpan.o)
 .text.packetbuf_set_attr
                0x0000000000010eb8       0x2a obj_cooja/mtype892.a(sicslowpan.o)
 .text.packetbuf_set_addr
                0x0000000000010ee2       0x32 obj_cooja/mtype892.a(sicslowpan.o)
 .text.packetbuf_addr
                0x0000000000010f14       0x1d obj_cooja/mtype892.a(sicslowpan.o)
 .text.rime_sniffer_add
                0x0000000000010f31        0xd obj_cooja/mtype892.a(sicslowpan.o)
                0x0000000000010f31                rime_sniffer_add
 .text.rime_sniffer_remove
                0x0000000000010f3e        0xf obj_cooja/mtype892.a(sicslowpan.o)
                0x0000000000010f3e                rime_sniffer_remove
 .text.set_packet_attrs
                0x0000000000010f4d       0xe9 obj_cooja/mtype892.a(sicslowpan.o)
 .text.addr_context_lookup_by_prefix
                0x0000000000011036       0x7a obj_cooja/mtype892.a(sicslowpan.o)
 .text.addr_context_lookup_by_number
                0x00000000000110b0       0x6a obj_cooja/mtype892.a(sicslowpan.o)
 .text.compress_addr_64
                0x000000000001111a      0x163 obj_cooja/mtype892.a(sicslowpan.o)
 .text.uncompress_addr
                0x000000000001127d      0x12e obj_cooja/mtype892.a(sicslowpan.o)
 .text.compress_hdr_hc06
                0x00000000000113ab      0x942 obj_cooja/mtype892.a(sicslowpan.o)
 .text.uncompress_hdr_hc06
                0x0000000000011ced      0x77d obj_cooja/mtype892.a(sicslowpan.o)
 .text.compress_hdr_ipv6
                0x000000000001246a       0x8d obj_cooja/mtype892.a(sicslowpan.o)
 .text.packet_sent
                0x00000000000124f7       0x3b obj_cooja/mtype892.a(sicslowpan.o)
 .text.send_packet
                0x0000000000012532       0x36 obj_cooja/mtype892.a(sicslowpan.o)
 .text.output   0x0000000000012568      0x54f obj_cooja/mtype892.a(sicslowpan.o)
 .text.input    0x0000000000012ab7      0x54f obj_cooja/mtype892.a(sicslowpan.o)
 .text.sicslowpan_init
                0x0000000000013006       0x57 obj_cooja/mtype892.a(sicslowpan.o)
                0x0000000000013006                sicslowpan_init
 *fill*         0x000000000001305d        0x3 90909090
 .text          0x0000000000013060        0x0 obj_cooja/mtype892.a(simple-udp.o)
 .text.init_simple_udp
                0x0000000000013060       0x2e obj_cooja/mtype892.a(simple-udp.o)
 .text.simple_udp_send
                0x000000000001308e       0x6d obj_cooja/mtype892.a(simple-udp.o)
                0x000000000001308e                simple_udp_send
 .text.simple_udp_sendto
                0x00000000000130fb       0x65 obj_cooja/mtype892.a(simple-udp.o)
                0x00000000000130fb                simple_udp_sendto
 .text.simple_udp_sendto_port
                0x0000000000013160       0x63 obj_cooja/mtype892.a(simple-udp.o)
                0x0000000000013160                simple_udp_sendto_port
 .text.simple_udp_register
                0x00000000000131c3       0xe6 obj_cooja/mtype892.a(simple-udp.o)
                0x00000000000131c3                simple_udp_register
 .text.process_thread_simple_udp_process
                0x00000000000132a9      0x15b obj_cooja/mtype892.a(simple-udp.o)
 .text          0x0000000000013404        0x0 obj_cooja/mtype892.a(tcpip.o)
 .text.tcpip_output
                0x0000000000013404       0x2f obj_cooja/mtype892.a(tcpip.o)
                0x0000000000013404                tcpip_output
 .text.tcpip_set_outputfunc
                0x0000000000013433        0xd obj_cooja/mtype892.a(tcpip.o)
                0x0000000000013433                tcpip_set_outputfunc
 .text.start_periodic_tcp_timer
                0x0000000000013440       0x24 obj_cooja/mtype892.a(tcpip.o)
 .text.check_for_tcp_syn
                0x0000000000013464       0x2d obj_cooja/mtype892.a(tcpip.o)
 .text.packet_input
                0x0000000000013491       0x36 obj_cooja/mtype892.a(tcpip.o)
 .text.tcp_connect
                0x00000000000134c7       0x55 obj_cooja/mtype892.a(tcpip.o)
                0x00000000000134c7                tcp_connect
 .text.tcp_unlisten
                0x000000000001351c       0x6e obj_cooja/mtype892.a(tcpip.o)
                0x000000000001351c                tcp_unlisten
 .text.tcp_listen
                0x000000000001358a       0x6c obj_cooja/mtype892.a(tcpip.o)
                0x000000000001358a                tcp_listen
 .text.tcp_attach
                0x00000000000135f6       0x25 obj_cooja/mtype892.a(tcpip.o)
                0x00000000000135f6                tcp_attach
 .text.udp_attach
                0x000000000001361b       0x25 obj_cooja/mtype892.a(tcpip.o)
                0x000000000001361b                udp_attach
 .text.udp_new  0x0000000000013640       0x52 obj_cooja/mtype892.a(tcpip.o)
                0x0000000000013640                udp_new
 .text.udp_broadcast_new
                0x0000000000013692       0x92 obj_cooja/mtype892.a(tcpip.o)
                0x0000000000013692                udp_broadcast_new
 .text.eventhandler
                0x0000000000013724      0x21b obj_cooja/mtype892.a(tcpip.o)
 .text.tcpip_input
                0x000000000001393f       0x34 obj_cooja/mtype892.a(tcpip.o)
                0x000000000001393f                tcpip_input
 .text.tcpip_ipv6_output
                0x0000000000013973      0x483 obj_cooja/mtype892.a(tcpip.o)
                0x0000000000013973                tcpip_ipv6_output
 .text.tcpip_poll_udp
                0x0000000000013df6       0x23 obj_cooja/mtype892.a(tcpip.o)
                0x0000000000013df6                tcpip_poll_udp
 .text.tcpip_poll_tcp
                0x0000000000013e19       0x23 obj_cooja/mtype892.a(tcpip.o)
                0x0000000000013e19                tcpip_poll_tcp
 .text.tcpip_uipcall
                0x0000000000013e3c       0xd0 obj_cooja/mtype892.a(tcpip.o)
                0x0000000000013e3c                tcpip_uipcall
 .text.process_thread_tcpip_process
                0x0000000000013f0c       0xd3 obj_cooja/mtype892.a(tcpip.o)
 *fill*         0x0000000000013fdf        0x1 90909090
 .text          0x0000000000013fe0        0x0 obj_cooja/mtype892.a(uip-debug.o)
 .text.uip_debug_ipaddr_print
                0x0000000000013fe0       0xd3 obj_cooja/mtype892.a(uip-debug.o)
                0x0000000000013fe0                uip_debug_ipaddr_print
 .text.uip_debug_lladdr_print
                0x00000000000140b3       0x4d obj_cooja/mtype892.a(uip-debug.o)
                0x00000000000140b3                uip_debug_lladdr_print
 .text          0x0000000000014100        0x0 obj_cooja/mtype892.a(uip-ds6-route.o)
 .text.call_route_callback
                0x0000000000014100       0x77 obj_cooja/mtype892.a(uip-ds6-route.o)
 .text.uip_ds6_notification_add
                0x0000000000014177       0x31 obj_cooja/mtype892.a(uip-ds6-route.o)
                0x0000000000014177                uip_ds6_notification_add
 .text.uip_ds6_notification_rm
                0x00000000000141a8       0x1c obj_cooja/mtype892.a(uip-ds6-route.o)
                0x00000000000141a8                uip_ds6_notification_rm
 .text.uip_ds6_route_init
                0x00000000000141c4       0x4f obj_cooja/mtype892.a(uip-ds6-route.o)
                0x00000000000141c4                uip_ds6_route_init
 .text.uip_ds6_route_nexthop_lladdr
                0x0000000000014213       0x2c obj_cooja/mtype892.a(uip-ds6-route.o)
 .text.uip_ds6_route_nexthop
                0x000000000001423f       0x28 obj_cooja/mtype892.a(uip-ds6-route.o)
                0x000000000001423f                uip_ds6_route_nexthop
 .text.uip_ds6_route_head
                0x0000000000014267       0x41 obj_cooja/mtype892.a(uip-ds6-route.o)
                0x0000000000014267                uip_ds6_route_head
 .text.uip_ds6_route_next
                0x00000000000142a8       0x5c obj_cooja/mtype892.a(uip-ds6-route.o)
                0x00000000000142a8                uip_ds6_route_next
 .text.uip_ds6_route_num_routes
                0x0000000000014304        0xa obj_cooja/mtype892.a(uip-ds6-route.o)
                0x0000000000014304                uip_ds6_route_num_routes
 .text.uip_ds6_route_lookup
                0x000000000001430e       0x7a obj_cooja/mtype892.a(uip-ds6-route.o)
                0x000000000001430e                uip_ds6_route_lookup
 .text.uip_ds6_route_add
                0x0000000000014388      0x150 obj_cooja/mtype892.a(uip-ds6-route.o)
                0x0000000000014388                uip_ds6_route_add
 .text.uip_ds6_route_rm
                0x00000000000144d8       0xac obj_cooja/mtype892.a(uip-ds6-route.o)
                0x00000000000144d8                uip_ds6_route_rm
 .text.rm_routelist
                0x0000000000014584       0x61 obj_cooja/mtype892.a(uip-ds6-route.o)
 .text.rm_routelist_callback
                0x00000000000145e5       0x13 obj_cooja/mtype892.a(uip-ds6-route.o)
 .text.uip_ds6_route_rm_by_nexthop
                0x00000000000145f8       0x38 obj_cooja/mtype892.a(uip-ds6-route.o)
                0x00000000000145f8                uip_ds6_route_rm_by_nexthop
 .text.uip_ds6_defrt_add
                0x0000000000014630       0xb1 obj_cooja/mtype892.a(uip-ds6-route.o)
                0x0000000000014630                uip_ds6_defrt_add
 .text.uip_ds6_defrt_rm
                0x00000000000146e1       0x7f obj_cooja/mtype892.a(uip-ds6-route.o)
                0x00000000000146e1                uip_ds6_defrt_rm
 .text.uip_ds6_defrt_lookup
                0x0000000000014760       0x59 obj_cooja/mtype892.a(uip-ds6-route.o)
                0x0000000000014760                uip_ds6_defrt_lookup
 .text.uip_ds6_defrt_choose
                0x00000000000147b9       0x6b obj_cooja/mtype892.a(uip-ds6-route.o)
                0x00000000000147b9                uip_ds6_defrt_choose
 .text.uip_ds6_defrt_periodic
                0x0000000000014824       0x68 obj_cooja/mtype892.a(uip-ds6-route.o)
                0x0000000000014824                uip_ds6_defrt_periodic
 .text          0x000000000001488c        0x0 obj_cooja/mtype892.a(uip-ds6-nbr.o)
 .text.packetbuf_addr
                0x000000000001488c       0x1d obj_cooja/mtype892.a(uip-ds6-nbr.o)
 .text.uip_ds6_neighbors_init
                0x00000000000148a9       0x1d obj_cooja/mtype892.a(uip-ds6-nbr.o)
                0x00000000000148a9                uip_ds6_neighbors_init
 .text.uip_ds6_nbr_add
                0x00000000000148c6       0xbb obj_cooja/mtype892.a(uip-ds6-nbr.o)
                0x00000000000148c6                uip_ds6_nbr_add
 .text.uip_ds6_nbr_rm
                0x0000000000014981       0x3b obj_cooja/mtype892.a(uip-ds6-nbr.o)
                0x0000000000014981                uip_ds6_nbr_rm
 .text.uip_ds6_nbr_get_ipaddr
                0x00000000000149bc       0x15 obj_cooja/mtype892.a(uip-ds6-nbr.o)
                0x00000000000149bc                uip_ds6_nbr_get_ipaddr
 .text.uip_ds6_nbr_get_ll
                0x00000000000149d1       0x1c obj_cooja/mtype892.a(uip-ds6-nbr.o)
                0x00000000000149d1                uip_ds6_nbr_get_ll
 .text.uip_ds6_nbr_num
                0x00000000000149ed       0x45 obj_cooja/mtype892.a(uip-ds6-nbr.o)
                0x00000000000149ed                uip_ds6_nbr_num
 .text.uip_ds6_nbr_lookup
                0x0000000000014a32       0x65 obj_cooja/mtype892.a(uip-ds6-nbr.o)
                0x0000000000014a32                uip_ds6_nbr_lookup
 .text.uip_ds6_nbr_ll_lookup
                0x0000000000014a97       0x1c obj_cooja/mtype892.a(uip-ds6-nbr.o)
                0x0000000000014a97                uip_ds6_nbr_ll_lookup
 .text.uip_ds6_nbr_ipaddr_from_lladdr
                0x0000000000014ab3       0x26 obj_cooja/mtype892.a(uip-ds6-nbr.o)
                0x0000000000014ab3                uip_ds6_nbr_ipaddr_from_lladdr
 .text.uip_ds6_nbr_lladdr_from_ipaddr
                0x0000000000014ad9       0x2e obj_cooja/mtype892.a(uip-ds6-nbr.o)
                0x0000000000014ad9                uip_ds6_nbr_lladdr_from_ipaddr
 .text.uip_ds6_link_neighbor_callback
                0x0000000000014b07       0x4a obj_cooja/mtype892.a(uip-ds6-nbr.o)