Archive member included because of file (symbol)

obj_cooja/mtype49.a(rimeaddr.o)
                              obj_cooja/mtype49.o (rimeaddr_node_addr)
obj_cooja/mtype49.a(nullrdc.o)
                              obj_cooja/mtype49.o (nullrdc_driver)
obj_cooja/mtype49.a(mac.o)    obj_cooja/mtype49.a(nullrdc.o) (mac_call_sent_callback)
obj_cooja/mtype49.a(framer-802154.o)
                              obj_cooja/mtype49.a(nullrdc.o) (framer_802154)
obj_cooja/mtype49.a(csma.o)   obj_cooja/mtype49.o (csma_driver)
obj_cooja/mtype49.a(process.o)
                              obj_cooja/mtype49.o (process_start)
obj_cooja/mtype49.a(autostart.o)
                              obj_cooja/mtype49.o (autostart_start)
obj_cooja/mtype49.a(serial-line.o)
                              obj_cooja/mtype49.o (serial_line_init)
obj_cooja/mtype49.a(memb.o)   obj_cooja/mtype49.a(csma.o) (memb_init)
obj_cooja/mtype49.a(list.o)   obj_cooja/mtype49.a(csma.o) (list_init)
obj_cooja/mtype49.a(etimer.o)
                              obj_cooja/mtype49.o (etimer_process)
obj_cooja/mtype49.a(ctimer.o)
                              obj_cooja/mtype49.o (ctimer_init)
obj_cooja/mtype49.a(energest.o)
                              room-controller.co (energest_type_time)
obj_cooja/mtype49.a(random.o)
                              room-controller.co (random_rand)
obj_cooja/mtype49.a(ringbuf.o)
                              obj_cooja/mtype49.a(serial-line.o) (ringbuf_init)
obj_cooja/mtype49.a(netstack.o)
                              obj_cooja/mtype49.o (netstack_init)
obj_cooja/mtype49.a(packetbuf.o)
                              obj_cooja/mtype49.a(nullrdc.o) (packetbuf_attrs)
obj_cooja/mtype49.a(queuebuf.o)
                              obj_cooja/mtype49.o (queuebuf_init)
obj_cooja/mtype49.a(sicslowpan.o)
                              obj_cooja/mtype49.o (sicslowpan_driver)
obj_cooja/mtype49.a(simple-udp.o)
                              room-controller.co (simple_udp_sendto)
obj_cooja/mtype49.a(tcpip.o)  obj_cooja/mtype49.a(simple-udp.o) (tcpip_event)
obj_cooja/mtype49.a(uip-ds6-route.o)
                              obj_cooja/mtype49.a(tcpip.o) (uip_ds6_route_nexthop)
obj_cooja/mtype49.a(uip-ds6-nbr.o)
                              obj_cooja/mtype49.a(tcpip.o) (uip_ds6_nbr_add)
obj_cooja/mtype49.a(uip-ds6.o)
                              obj_cooja/mtype49.a(tcpip.o) (uip_ds6_timer_periodic)
obj_cooja/mtype49.a(uip-nd6.o)
                              obj_cooja/mtype49.a(tcpip.o) (uip_nd6_ns_output)
obj_cooja/mtype49.a(uip-packetqueue)
                              obj_cooja/mtype49.a(uip-ds6-nbr.o) (uip_packetqueue_new)
obj_cooja/mtype49.a(uip-udp-packet.)
                              obj_cooja/mtype49.a(simple-udp.o) (uip_udp_packet_sendto)
obj_cooja/mtype49.a(uip6.o)   obj_cooja/mtype49.o (uip_lladdr)
obj_cooja/mtype49.a(simEnvChange.o)
                              obj_cooja/mtype49.o (simDontFallAsleep)
obj_cooja/mtype49.a(cooja_mt.o)
                              obj_cooja/mtype49.o (cooja_mt_start)
obj_cooja/mtype49.a(cooja_mtarch.o)
                              obj_cooja/mtype49.a(cooja_mt.o) (cooja_mtarch_init)
obj_cooja/mtype49.a(rtimer-arch.o)
                              obj_cooja/mtype49.o (rtimer_arch_next)
obj_cooja/mtype49.a(watchdog.o)
                              obj_cooja/mtype49.a(nullrdc.o) (watchdog_periodic)
obj_cooja/mtype49.a(beep.o)   obj_cooja/mtype49.o (beep_interface)
obj_cooja/mtype49.a(button-sensor.o)
                              obj_cooja/mtype49.o (button_interface)
obj_cooja/mtype49.a(leds-arch.o)
                              obj_cooja/mtype49.o (leds_interface)
obj_cooja/mtype49.a(moteid.o)
                              obj_cooja/mtype49.o (moteid_interface)
obj_cooja/mtype49.a(pir-sensor.o)
                              obj_cooja/mtype49.o (pir_interface)
obj_cooja/mtype49.a(rs232.o)  obj_cooja/mtype49.o (rs232_interface)
obj_cooja/mtype49.a(vib-sensor.o)
                              obj_cooja/mtype49.o (vib_interface)
obj_cooja/mtype49.a(clock.o)  obj_cooja/mtype49.o (clock_interface)
obj_cooja/mtype49.a(log.o)    obj_cooja/mtype49.o (simlog_interface)
obj_cooja/mtype49.a(cfs-cooja.o)
                              obj_cooja/mtype49.o (cfs_interface)
obj_cooja/mtype49.a(cooja-radio.o)
                              obj_cooja/mtype49.o (radio_interface)
obj_cooja/mtype49.a(sensors.o)
                              room-controller.co (sensors_event)
obj_cooja/mtype49.a(rimestats.o)
                              obj_cooja/mtype49.a(nullrdc.o) (rimestats)
obj_cooja/mtype49.a(frame802154.o)
                              obj_cooja/mtype49.a(framer-802154.o) (frame802154_hdrlen)
obj_cooja/mtype49.a(rpl.o)    obj_cooja/mtype49.a(uip-ds6-nbr.o) (rpl_link_neighbor_callback)
obj_cooja/mtype49.a(rpl-dag.o)
                              obj_cooja/mtype49.a(rpl.o) (instance_table)
obj_cooja/mtype49.a(rpl-icmp6.o)
                              obj_cooja/mtype49.a(rpl-dag.o) (dao_output)
obj_cooja/mtype49.a(rpl-timers.o)
[...]
Memory Configuration

Name             Origin             Length             Attributes
*default*        0x0000000000000000 0xffffffffffffffff

Linker script and memory map

LOAD /usr/lib/gcc/i686-linux-gnu/4.6/../../../i386-linux-gnu/crti.o
LOAD /usr/lib/gcc/i686-linux-gnu/4.6/crtbeginS.o
LOAD room-controller.co
LOAD obj_cooja/mtype49.o
LOAD obj_cooja/mtype49.a
LOAD /usr/lib/gcc/i686-linux-gnu/4.6/libgcc.a
LOAD /usr/lib/gcc/i686-linux-gnu/4.6/libgcc_s.so
LOAD /usr/lib/gcc/i686-linux-gnu/4.6/../../../i386-linux-gnu/libc.so
START GROUP
LOAD /lib/i386-linux-gnu/libc.so.6
LOAD /usr/lib/i386-linux-gnu/libc_nonshared.a
LOAD /lib/i386-linux-gnu/ld-linux.so.2
END GROUP
LOAD /usr/lib/gcc/i686-linux-gnu/4.6/libgcc.a
LOAD /usr/lib/gcc/i686-linux-gnu/4.6/libgcc_s.so
LOAD /usr/lib/gcc/i686-linux-gnu/4.6/crtendS.o
LOAD /usr/lib/gcc/i686-linux-gnu/4.6/../../../i386-linux-gnu/crtn.o
                0x0000000000000114                . = (0x0 + SIZEOF_HEADERS)

.note.gnu.build-id
                0x0000000000000114       0x24
 *(.note.gnu.build-id)
 .note.gnu.build-id
                0x0000000000000114       0x24 /usr/lib/gcc/i686-linux-gnu/4.6/../../../i386-linux-gnu/crti.o

.hash
 *(.hash)

.gnu.hash       0x0000000000000138      0xd88
 *(.gnu.hash)
 .gnu.hash      0x0000000000000138      0xd88 /usr/lib/gcc/i686-linux-gnu/4.6/../../../i386-linux-gnu/crti.o

.dynsym         0x0000000000000ec0     0x1e40
 *(.dynsym)
 .dynsym        0x0000000000000ec0     0x1e40 /usr/lib/gcc/i686-linux-gnu/4.6/../../../i386-linux-gnu/crti.o

.dynstr         0x0000000000002d00     0x1e86
 *(.dynstr)
 .dynstr        0x0000000000002d00     0x1e86 /usr/lib/gcc/i686-linux-gnu/4.6/../../../i386-linux-gnu/crti.o

.gnu.version    0x0000000000004b86      0x3c8
 *(.gnu.version)
 .gnu.version   0x0000000000004b86      0x3c8 /usr/lib/gcc/i686-linux-gnu/4.6/../../../i386-linux-gnu/crti.o

.gnu.version_d  0x0000000000004f50        0x0
 *(.gnu.version_d)
 .gnu.version_d
                0x0000000000000000        0x0 /usr/lib/gcc/i686-linux-gnu/4.6/../../../i386-linux-gnu/crti.o

.gnu.version_r  0x0000000000004f50       0x40
 *(.gnu.version_r)
 .gnu.version_r
                0x0000000000004f50       0x40 /usr/lib/gcc/i686-linux-gnu/4.6/../../../i386-linux-gnu/crti.o

.rel.dyn        0x0000000000004f90     0x8040
 *(.rel.init)
 *(.rel.text .rel.text.* .rel.gnu.linkonce.t.*)
 .rel.text      0x0000000000000000        0x0 /usr/lib/gcc/i686-linux-gnu/4.6/../../../i386-linux-gnu/crti.o
 .rel.text.receiver
                0x0000000000004f90       0x28 /usr/lib/gcc/i686-linux-gnu/4.6/../../../i386-linux-gnu/crti.o
 .rel.text.process_thread_broadcast_process
                0x0000000000004fb8      0x2b8 /usr/lib/gcc/i686-linux-gnu/4.6/../../../i386-linux-gnu/crti.o
 .rel.text.print_processes
                0x0000000000005270       0x28 /usr/lib/gcc/i686-linux-gnu/4.6/../../../i386-linux-gnu/crti.o
 .rel.text.rtimer_thread_loop
                0x0000000000005298       0x10 /usr/lib/gcc/i686-linux-gnu/4.6/../../../i386-linux-gnu/crti.o
 .rel.text.set_rime_addr
                0x00000000000052a8       0x50 /usr/lib/gcc/i686-linux-gnu/4.6/../../../i386-linux-gnu/crti.o
 .rel.text.contiki_init
                0x00000000000052f8      0x1d0 /usr/lib/gcc/i686-linux-gnu/4.6/../../../i386-linux-gnu/crti.o
 .rel.text.process_run_thread_loop
                0x00000000000054c8       0x70 /usr/lib/gcc/i686-linux-gnu/4.6/../../../i386-linux-gnu/crti.o
 .rel.text.Java_se_sics_cooja_corecomm_Lib58_init
                0x0000000000005538       0x30 /usr/lib/gcc/i686-linux-gnu/4.6/../../../i386-linux-gnu/crti.o
 .rel.text.Java_se_sics_cooja_corecomm_Lib58_getMemory
                0x0000000000005568        0x8 /usr/lib/gcc/i686-linux-gnu/4.6/../../../i386-linux-gnu/crti.o
 .rel.text.Java_se_sics_cooja_corecomm_Lib58_setMemory
                0x0000000000005570       0x10 /usr/lib/gcc/i686-linux-gnu/4.6/../../../i386-linux-gnu/crti.o
 .rel.text.Java_se_sics_cooja_corecomm_Lib58_tick
                0x0000000000005580       0xc8 /usr/lib/gcc/i686-linux-gnu/4.6/../../../i386-linux-gnu/crti.o
 .rel.text.Java_se_sics_cooja_corecomm_Lib58_setReferenceAddress
                0x0000000000005648       0x10 /usr/lib/gcc/i686-linux-gnu/4.6/../../../i386-linux-gnu/crti.o
 .rel.text.rimeaddr_cmp
                0x0000000000005658        0x8 /usr/lib/gcc/i686-linux-gnu/4.6/../../../i386-linux-gnu/crti.o
 .rel.text.rimeaddr_set_node_addr
                0x0000000000005660       0x10 /usr/lib/gcc/i686-linux-gnu/4.6/../../../i386-linux-gnu/crti.o
 .rel.text.packetbuf_set_attr
                0x0000000000005670       0x20 /usr/lib/gcc/i686-linux-gnu/4.6/../../../i386-linux-gnu/crti.o
 .rel.text.packetbuf_attr
                0x0000000000005690       0x18 /usr/lib/gcc/i686-linux-gnu/4.6/../../../i386-linux-gnu/crti.o
 .rel.text.packetbuf_set_addr
                0x00000000000056a8       0x30 /usr/lib/gcc/i686-linux-gnu/4.6/../../../i386-linux-gnu/crti.o
 .rel.text.packetbuf_addr
                0x00000000000056d8       0x30 /usr/lib/gcc/i686-linux-gnu/4.6/../../../i386-linux-gnu/crti.o
 .rel.text.send_one_packet
                0x0000000000005708       0xd8 /usr/lib/gcc/i686-linux-gnu/4.6/../../../i386-linux-gnu/crti.o
 .rel.text.send_list
                0x00000000000057e0        0x8 /usr/lib/gcc/i686-linux-gnu/4.6/../../../i386-linux-gnu/crti.o
 .rel.text.packet_input
                0x00000000000057e8       0xd0 /usr/lib/gcc/i686-linux-gnu/4.6/../../../i386-linux-gnu/crti.o
 .rel.text.on   0x00000000000058b8       0x10 /usr/lib/gcc/i686-linux-gnu/4.6/../../../i386-linux-gnu/crti.o
 .rel.text.off  0x00000000000058c8       0x18 /usr/lib/gcc/i686-linux-gnu/4.6/../../../i386-linux-gnu/crti.o
 .rel.text.create
                0x00000000000058e0       0xb0 /usr/lib/gcc/i686-linux-gnu/4.6/../../../i386-linux-gnu/crti.o
 .rel.text.parse
                0x0000000000005990       0x30 /usr/lib/gcc/i686-linux-gnu/4.6/../../../i386-linux-gnu/crti.o
 .rel.text.neighbor_queue_from_addr
                0x00000000000059c0       0x20 /usr/lib/gcc/i686-linux-gnu/4.6/../../../i386-linux-gnu/crti.o
 .rel.text.default_timebase
                0x00000000000059e0        0x8 /usr/lib/gcc/i686-linux-gnu/4.6/../../../i386-linux-gnu/crti.o
 .rel.text.transmit_packet_list
                0x00000000000059e8       0x18 /usr/lib/gcc/i686-linux-gnu/4.6/../../../i386-linux-gnu/crti.o
 .rel.text.free_packet
                0x0000000000005a00       0x70 /usr/lib/gcc/i686-linux-gnu/4.6/../../../i386-linux-gnu/crti.o
 .rel.text.packet_sent
                0x0000000000005a70       0x68 /usr/lib/gcc/i686-linux-gnu/4.6/../../../i386-linux-gnu/crti.o
 .rel.text.send_packet
                0x0000000000005ad8      0x110 /usr/lib/gcc/i686-linux-gnu/4.6/../../../i386-linux-gnu/crti.o
 .rel.text.input_packet
                0x0000000000005be8        0x8 /usr/lib/gcc/i686-linux-gnu/4.6/../../../i386-linux-gnu/crti.o
 .rel.text.channel_check_interval
                0x0000000000005bf0       0x10 /usr/lib/gcc/i686-linux-gnu/4.6/../../../i386-linux-gnu/crti.o
 .rel.text.init
                0x0000000000005c00       0x40 /usr/lib/gcc/i686-linux-gnu/4.6/../../../i386-linux-gnu/crti.o
 .rel.text.process_alloc_event
                0x0000000000005c40       0x10 /usr/lib/gcc/i686-linux-gnu/4.6/../../../i386-linux-gnu/crti.o
 .rel.text.process_start
                0x0000000000005c50       0x20 /usr/lib/gcc/i686-linux-gnu/4.6/../../../i386-linux-gnu/crti.o
 .rel.text.exit_process
                0x0000000000005c70       0x50 /usr/lib/gcc/i686-linux-gnu/4.6/../../../i386-linux-gnu/crti.o
 .rel.text.call_process
                0x0000000000005cc0        0x8 /usr/lib/gcc/i686-linux-gnu/4.6/../../../i386-linux-gnu/crti.o
 .rel.text.process_exit
                0x0000000000005cc8        0x8 /usr/lib/gcc/i686-linux-gnu/4.6/../../../i386-linux-gnu/crti.o
 .rel.text.process_init
                0x0000000000005cd0       0x38 /usr/lib/gcc/i686-linux-gnu/4.6/../../../i386-linux-gnu/crti.o
 .rel.text.do_poll
                0x0000000000005d08       0x10 /usr/lib/gcc/i686-linux-gnu/4.6/../../../i386-linux-gnu/crti.o
 .rel.text.do_event
                0x0000000000005d18       0xe8 /usr/lib/gcc/i686-linux-gnu/4.6/../../../i386-linux-gnu/crti.o
 .rel.text.process_run
                0x0000000000005e00       0x18 /usr/lib/gcc/i686-linux-gnu/4.6/../../../i386-linux-gnu/crti.o
 .rel.text.process_nevents
                0x0000000000005e18       0x10 /usr/lib/gcc/i686-linux-gnu/4.6/../../../i386-linux-gnu/crti.o
 .rel.text.process_post
                0x0000000000005e28       0x60 /usr/lib/gcc/i686-linux-gnu/4.6/../../../i386-linux-gnu/crti.o
 .rel.text.process_post_synch
                0x0000000000005e88       0x10 /usr/lib/gcc/i686-linux-gnu/4.6/../../../i386-linux-gnu/crti.o
 .rel.text.process_poll
                0x0000000000005e98        0x8 /usr/lib/gcc/i686-linux-gnu/4.6/../../../i386-linux-gnu/crti.o
 .rel.text.autostart_start
                0x0000000000005ea0        0x8 /usr/lib/gcc/i686-linux-gnu/4.6/../../../i386-linux-gnu/crti.o
 .rel.text.autostart_exit
                0x0000000000005ea8        0x8 /usr/lib/gcc/i686-linux-gnu/4.6/../../../i386-linux-gnu/crti.o
 .rel.text.serial_line_input_byte
                0x0000000000005eb0       0x48 /usr/lib/gcc/i686-linux-gnu/4.6/../../../i386-linux-gnu/crti.o
 .rel.text.process_thread_serial_line_process
                0x0000000000005ef8       0x90 /usr/lib/gcc/i686-linux-gnu/4.6/../../../i386-linux-gnu/crti.o
 .rel.text.serial_line_init
                0x0000000000005f88       0x28 /usr/lib/gcc/i686-linux-gnu/4.6/../../../i386-linux-gnu/crti.o
 .rel.text.memb_init
                0x0000000000005fb0       0x10 /usr/lib/gcc/i686-linux-gnu/4.6/../../../i386-linux-gnu/crti.o
 .rel.text.list_add
                0x0000000000005fc0       0x10 /usr/lib/gcc/i686-linux-gnu/4.6/../../../i386-linux-gnu/crti.o
 .rel.text.list_push
                0x0000000000005fd0        0x8 /usr/lib/gcc/i686-linux-gnu/4.6/../../../i386-linux-gnu/crti.o
 .rel.text.list_insert
                0x0000000000005fd8        0x8 /usr/lib/gcc/i686-linux-gnu/4.6/../../../i386-linux-gnu/crti.o
 .rel.text.update_time
                0x0000000000005fe0       0x28 /usr/lib/gcc/i686-linux-gnu/4.6/../../../i386-linux-gnu/crti.o
 .rel.text.process_thread_etimer_process
                0x0000000000006008       0x60 /usr/lib/gcc/i686-linux-gnu/4.6/../../../i386-linux-gnu/crti.o
 .rel.text.etimer_request_poll
                0x0000000000006068       0x10 /usr/lib/gcc/i686-linux-gnu/4.6/../../../i386-linux-gnu/crti.o
 .rel.text.add_timer
                0x0000000000006078       0x30 /usr/lib/gcc/i686-linux-gnu/4.6/../../../i386-linux-gnu/crti.o
 .rel.text.etimer_set
                0x00000000000060a8        0x8 /usr/lib/gcc/i686-linux-gnu/4.6/../../../i386-linux-gnu/crti.o
 .rel.text.etimer_reset
                0x00000000000060b0        0x8 /usr/lib/gcc/i686-linux-gnu/4.6/../../../i386-linux-gnu/crti.o
 .rel.text.etimer_restart
                0x00000000000060b8        0x8 /usr/lib/gcc/i686-linux-gnu/4.6/../../../i386-linux-gnu/crti.o
 .rel.text.etimer_pending
                0x00000000000060c0        0x8 /usr/lib/gcc/i686-linux-gnu/4.6/../../../i386-linux-gnu/crti.o
 .rel.text.etimer_next_expiration_time
                0x00000000000060c8       0x10 /usr/lib/gcc/i686-linux-gnu/4.6/../../../i386-linux-gnu/crti.o
 .rel.text.etimer_stop
                0x00000000000060d8       0x20 /usr/lib/gcc/i686-linux-gnu/4.6/../../../i386-linux-gnu/crti.o
 .rel.text.process_thread_ctimer_process
                0x00000000000060f8       0x58 /usr/lib/gcc/i686-linux-gnu/4.6/../../../i386-linux-gnu/crti.o
 .rel.text.ctimer_init
                0x0000000000006150       0x28 /usr/lib/gcc/i686-linux-gnu/4.6/../../../i386-linux-gnu/crti.o
 .rel.text.ctimer_set
                0x0000000000006178       0x58 /usr/lib/gcc/i686-linux-gnu/4.6/../../../i386-linux-gnu/crti.o
 .rel.text.ctimer_reset
                0x00000000000061d0       0x50 /usr/lib/gcc/i686-linux-gnu/4.6/../../../i386-linux-gnu/crti.o
 .rel.text.ctimer_restart
                0x0000000000006220       0x50 /usr/lib/gcc/i686-linux-gnu/4.6/../../../i386-linux-gnu/crti.o
 .rel.text.ctimer_stop
                0x0000000000006270       0x20 /usr/lib/gcc/i686-linux-gnu/4.6/../../../i386-linux-gnu/crti.o
 .rel.text.ctimer_expired
                0x0000000000006290       0x20 /usr/lib/gcc/i686-linux-gnu/4.6/../../../i386-linux-gnu/crti.o
 .rel.text.random_init
                0x00000000000062b0        0x8 /usr/lib/gcc/i686-linux-gnu/4.6/../../../i386-linux-gnu/crti.o
 .rel.text.random_rand
                0x00000000000062b8        0x8 /usr/lib/gcc/i686-linux-gnu/4.6/../../../i386-linux-gnu/crti.o
 .rel.text.netstack_init
                0x00000000000062c0       0x20 /usr/lib/gcc/i686-linux-gnu/4.6/../../../i386-linux-gnu/crti.o
 .rel.text.packetbuf_clear
                0x00000000000062e0       0x38 /usr/lib/gcc/i686-linux-gnu/4.6/../../../i386-linux-gnu/crti.o
 .rel.text.packetbuf_clear_hdr
                0x0000000000006318        0x8 /usr/lib/gcc/i686-linux-gnu/4.6/../../../i386-linux-gnu/crti.o
 .rel.text.packetbuf_copyfrom
                0x0000000000006320       0x20 /usr/lib/gcc/i686-linux-gnu/4.6/../../../i386-linux-gnu/crti.o
 .rel.text.packetbuf_compact
                0x0000000000006340       0x58 /usr/lib/gcc/i686-linux-gnu/4.6/../../../i386-linux-gnu/crti.o
 .rel.text.packetbuf_copyto_hdr
                0x0000000000006398       0x28 /usr/lib/gcc/i686-linux-gnu/4.6/../../../i386-linux-gnu/crti.o
 .rel.text.packetbuf_copyto
                0x00000000000063c0       0x68 /usr/lib/gcc/i686-linux-gnu/4.6/../../../i386-linux-gnu/crti.o
 .rel.text.packetbuf_hdralloc
                0x0000000000006428       0x20 /usr/lib/gcc/i686-linux-gnu/4.6/../../../i386-linux-gnu/crti.o
 .rel.text.packetbuf_hdr_remove
                0x0000000000006448       0x10 /usr/lib/gcc/i686-linux-gnu/4.6/../../../i386-linux-gnu/crti.o
 .rel.text.packetbuf_hdrreduce
                0x0000000000006458       0x28 /usr/lib/gcc/i686-linux-gnu/4.6/../../../i386-linux-gnu/crti.o
 .rel.text.packetbuf_set_datalen
                0x0000000000006480        0x8 /usr/lib/gcc/i686-linux-gnu/4.6/../../../i386-linux-gnu/crti.o
 .rel.text.packetbuf_dataptr
                0x0000000000006488       0x10 /usr/lib/gcc/i686-linux-gnu/4.6/../../../i386-linux-gnu/crti.o
 .rel.text.packetbuf_hdrptr
                0x0000000000006498       0x10 /usr/lib/gcc/i686-linux-gnu/4.6/../../../i386-linux-gnu/crti.o
 .rel.text.packetbuf_reference
                0x00000000000064a8       0x18 /usr/lib/gcc/i686-linux-gnu/4.6/../../../i386-linux-gnu/crti.o
 .rel.text.packetbuf_is_reference
                0x00000000000064c0       0x10 /usr/lib/gcc/i686-linux-gnu/4.6/../../../i386-linux-gnu/crti.o
 .rel.text.packetbuf_reference_ptr
                0x00000000000064d0        0x8 /usr/lib/gcc/i686-linux-gnu/4.6/../../../i386-linux-gnu/crti.o
 .rel.text.packetbuf_datalen
                0x00000000000064d8        0x8 /usr/lib/gcc/i686-linux-gnu/4.6/../../../i386-linux-gnu/crti.o
 .rel.text.packetbuf_hdrlen
                0x00000000000064e0        0x8 /usr/lib/gcc/i686-linux-gnu/4.6/../../../i386-linux-gnu/crti.o
 .rel.text.packetbuf_totlen
                0x00000000000064e8       0x10 /usr/lib/gcc/i686-linux-gnu/4.6/../../../i386-linux-gnu/crti.o
 .rel.text.packetbuf_attr_clear
                0x00000000000064f8       0x20 /usr/lib/gcc/i686-linux-gnu/4.6/../../../i386-linux-gnu/crti.o
 .rel.text.packetbuf_attr_copyto
                0x0000000000006518       0x48 /usr/lib/gcc/i686-linux-gnu/4.6/../../../i386-linux-gnu/crti.o
 .rel.text.packetbuf_attr_copyfrom
                0x0000000000006560       0x48 /usr/lib/gcc/i686-linux-gnu/4.6/../../../i386-linux-gnu/crti.o
 .rel.text.queuebuf_init
                0x00000000000065a8       0x30 /usr/lib/gcc/i686-linux-gnu/4.6/../../../i386-linux-gnu/crti.o
 .rel.text.queuebuf_new_from_packetbuf
                0x00000000000065d8       0x60 /usr/lib/gcc/i686-linux-gnu/4.6/../../../i386-linux-gnu/crti.o
 .rel.text.queuebuf_update_attr_from_packetbuf
                0x0000000000006638        0x8 /usr/lib/gcc/i686-linux-gnu/4.6/../../../i386-linux-gnu/crti.o
 .rel.text.queuebuf_free
                0x0000000000006640       0x50 /usr/lib/gcc/i686-linux-gnu/4.6/../../../i386-linux-gnu/crti.o
 .rel.text.queuebuf_to_packetbuf
                0x0000000000006690       0x58 /usr/lib/gcc/i686-linux-gnu/4.6/../../../i386-linux-gnu/crti.o
 .rel.text.queuebuf_dataptr
                0x00000000000066e8       0x20 /usr/lib/gcc/i686-linux-gnu/4.6/../../../i386-linux-gnu/crti.o
 .rel.text.rime_sniffer_add
                0x0000000000006708        0x8 /usr/lib/gcc/i686-linux-gnu/4.6/../../../i386-linux-gnu/crti.o
 .rel.text.rime_sniffer_remove
                0x0000000000006710        0x8 /usr/lib/gcc/i686-linux-gnu/4.6/../../../i386-linux-gnu/crti.o
 .rel.text.set_packet_attrs
                0x0000000000006718       0x60 /usr/lib/gcc/i686-linux-gnu/4.6/../../../i386-linux-gnu/crti.o
 .rel.text.addr_context_lookup_by_prefix
                0x0000000000006778       0x20 /usr/lib/gcc/i686-linux-gnu/4.6/../../../i386-linux-gnu/crti.o
 .rel.text.addr_context_lookup_by_number
                0x0000000000006798       0x18 /usr/lib/gcc/i686-linux-gnu/4.6/../../../i386-linux-gnu/crti.o
 .rel.text.compress_addr_64
                0x00000000000067b0       0x30 /usr/lib/gcc/i686-linux-gnu/4.6/../../../i386-linux-gnu/crti.o
 .rel.text.uncompress_addr
                0x00000000000067e0       0x38 /usr/lib/gcc/i686-linux-gnu/4.6/../../../i386-linux-gnu/crti.o
 .rel.text.compress_hdr_hc06
                0x0000000000006818      0x5a0 /usr/lib/gcc/i686-linux-gnu/4.6/../../../i386-linux-gnu/crti.o
 .rel.text.uncompress_hdr_hc06
                0x0000000000006db8      0x3e0 /usr/lib/gcc/i686-linux-gnu/4.6/../../../i386-linux-gnu/crti.o
 .rel.text.compress_hdr_ipv6
                0x0000000000007198       0x50 /usr/lib/gcc/i686-linux-gnu/4.6/../../../i386-linux-gnu/crti.o
 .rel.text.output
                0x00000000000071e8      0x2f8 /usr/lib/gcc/i686-linux-gnu/4.6/../../../i386-linux-gnu/crti.o
 .rel.text.input
                0x00000000000074e0      0x2e8 /usr/lib/gcc/i686-linux-gnu/4.6/../../../i386-linux-gnu/crti.o
 .rel.text.sicslowpan_init
                0x00000000000077c8       0x38 /usr/lib/gcc/i686-linux-gnu/4.6/../../../i386-linux-gnu/crti.o
 .rel.text.init_simple_udp
                0x0000000000007800       0x20 /usr/lib/gcc/i686-linux-gnu/4.6/../../../i386-linux-gnu/crti.o
 .rel.text.simple_udp_send
                0x0000000000007820        0x8 /usr/lib/gcc/i686-linux-gnu/4.6/../../../i386-linux-gnu/crti.o
 .rel.text.simple_udp_sendto
                0x0000000000007828        0x8 /usr/lib/gcc/i686-linux-gnu/4.6/../../../i386-linux-gnu/crti.o
 .rel.text.simple_udp_sendto_port
                0x0000000000007830        0x8 /usr/lib/gcc/i686-linux-gnu/4.6/../../../i386-linux-gnu/crti.o
 .rel.text.simple_udp_register
                0x0000000000007838       0x28 /usr/lib/gcc/i686-linux-gnu/4.6/../../../i386-linux-gnu/crti.o
 .rel.text.process_thread_simple_udp_process
                0x0000000000007860       0x88 /usr/lib/gcc/i686-linux-gnu/4.6/../../../i386-linux-gnu/crti.o
 .rel.text.tcpip_output
                0x00000000000078e8       0x10 /usr/lib/gcc/i686-linux-gnu/4.6/../../../i386-linux-gnu/crti.o
 .rel.text.tcpip_set_outputfunc
                0x00000000000078f8        0x8 /usr/lib/gcc/i686-linux-gnu/4.6/../../../i386-linux-gnu/crti.o
 .rel.text.start_periodic_tcp_timer
                0x0000000000007900       0x20 /usr/lib/gcc/i686-linux-gnu/4.6/../../../i386-linux-gnu/crti.o
 .rel.text.check_for_tcp_syn
                0x0000000000007920       0x10 /usr/lib/gcc/i686-linux-gnu/4.6/../../../i386-linux-gnu/crti.o
 .rel.text.tcp_connect
                0x0000000000007930       0x18 /usr/lib/gcc/i686-linux-gnu/4.6/../../../i386-linux-gnu/crti.o
 .rel.text.tcp_unlisten
                0x0000000000007948       0x38 /usr/lib/gcc/i686-linux-gnu/4.6/../../../i386-linux-gnu/crti.o
 .rel.text.tcp_listen
                0x0000000000007980       0x38 /usr/lib/gcc/i686-linux-gnu/4.6/../../../i386-linux-gnu/crti.o
 .rel.text.tcp_attach
                0x00000000000079b8        0x8 /usr/lib/gcc/i686-linux-gnu/4.6/../../../i386-linux-gnu/crti.o
 .rel.text.udp_attach
                0x00000000000079c0        0x8 /usr/lib/gcc/i686-linux-gnu/4.6/../../../i386-linux-gnu/crti.o
 .rel.text.udp_new
                0x00000000000079c8       0x10 /usr/lib/gcc/i686-linux-gnu/4.6/../../../i386-linux-gnu/crti.o
 .rel.text.udp_broadcast_new
                0x00000000000079d8       0x10 /usr/lib/gcc/i686-linux-gnu/4.6/../../../i386-linux-gnu/crti.o
 .rel.text.eventhandler
                0x00000000000079e8      0x128 /usr/lib/gcc/i686-linux-gnu/4.6/../../../i386-linux-gnu/crti.o
 .rel.text.tcpip_input
                0x0000000000007b10       0x20 /usr/lib/gcc/i686-linux-gnu/4.6/../../../i386-linux-gnu/crti.o
 .rel.text.tcpip_ipv6_output
                0x0000000000007b30      0x258 /usr/lib/gcc/i686-linux-gnu/4.6/../../../i386-linux-gnu/crti.o
 .rel.text.tcpip_poll_udp
                0x0000000000007d88       0x10 /usr/lib/gcc/i686-linux-gnu/4.6/../../../i386-linux-gnu/crti.o
 .rel.text.tcpip_poll_tcp
                0x0000000000007d98       0x10 /usr/lib/gcc/i686-linux-gnu/4.6/../../../i386-linux-gnu/crti.o
 .rel.text.tcpip_uipcall
                0x0000000000007da8       0x60 /usr/lib/gcc/i686-linux-gnu/4.6/../../../i386-linux-gnu/crti.o
 .rel.text.process_thread_tcpip_process
                0x0000000000007e08       0x70 /usr/lib/gcc/i686-linux-gnu/4.6/../../../i386-linux-gnu/crti.o
 .rel.text.call_route_callback
                0x0000000000007e78       0x30 /usr/lib/gcc/i686-linux-gnu/4.6/../../../i386-linux-gnu/crti.o
 .rel.text.uip_ds6_notification_add
                0x0000000000007ea8       0x10 /usr/lib/gcc/i686-linux-gnu/4.6/../../../i386-linux-gnu/crti.o
 .rel.text.uip_ds6_notification_rm
                0x0000000000007eb8       0x10 /usr/lib/gcc/i686-linux-gnu/4.6/../../../i386-linux-gnu/crti.o
 .rel.text.uip_ds6_route_init
                0x0000000000007ec8       0x58 /usr/lib/gcc/i686-linux-gnu/4.6/../../../i386-linux-gnu/crti.o
 .rel.text.uip_ds6_route_nexthop_lladdr
                0x0000000000007f20       0x10 /usr/lib/gcc/i686-linux-gnu/4.6/../../../i386-linux-gnu/crti.o
 .rel.text.uip_ds6_route_nexthop
                0x0000000000007f30        0x8 /usr/lib/gcc/i686-linux-gnu/4.6/../../../i386-linux-gnu/crti.o
 .rel.text.uip_ds6_route_head
                0x0000000000007f38       0x20 /usr/lib/gcc/i686-linux-gnu/4.6/../../../i386-linux-gnu/crti.o
 .rel.text.uip_ds6_route_next
                0x0000000000007f58       0x20 /usr/lib/gcc/i686-linux-gnu/4.6/../../../i386-linux-gnu/crti.o
 .rel.text.uip_ds6_route_num_routes
                0x0000000000007f78        0x8 /usr/lib/gcc/i686-linux-gnu/4.6/../../../i386-linux-gnu/crti.o
 .rel.text.uip_ds6_route_lookup
                0x0000000000007f80       0x18 /usr/lib/gcc/i686-linux-gnu/4.6/../../../i386-linux-gnu/crti.o
 .rel.text.uip_ds6_route_add
                0x0000000000007f98       0x60 /usr/lib/gcc/i686-linux-gnu/4.6/../../../i386-linux-gnu/crti.o
 .rel.text.uip_ds6_route_rm
                0x0000000000007ff8       0x48 /usr/lib/gcc/i686-linux-gnu/4.6/../../../i386-linux-gnu/crti.o
 .rel.text.rm_routelist
                0x0000000000008040       0x28 /usr/lib/gcc/i686-linux-gnu/4.6/../../../i386-linux-gnu/crti.o
 .rel.text.uip_ds6_route_rm_by_nexthop
                0x0000000000008068       0x18 /usr/lib/gcc/i686-linux-gnu/4.6/../../../i386-linux-gnu/crti.o
 .rel.text.uip_ds6_defrt_add
                0x0000000000008080       0x30 /usr/lib/gcc/i686-linux-gnu/4.6/../../../i386-linux-gnu/crti.o
 .rel.text.uip_ds6_defrt_rm
                0x00000000000080b0       0x38 /usr/lib/gcc/i686-linux-gnu/4.6/../../../i386-linux-gnu/crti.o
 .rel.text.uip_ds6_defrt_lookup
                0x00000000000080e8       0x20 /usr/lib/gcc/i686-linux-gnu/4.6/../../../i386-linux-gnu/crti.o
 .rel.text.uip_ds6_defrt_choose
                0x0000000000008108       0x20 /usr/lib/gcc/i686-linux-gnu/4.6/../../../i386-linux-gnu/crti.o
 .rel.text.uip_ds6_defrt_periodic
                0x0000000000008128       0x38 /usr/lib/gcc/i686-linux-gnu/4.6/../../../i386-linux-gnu/crti.o
 .rel.text.uip_ds6_neighbors_init
                0x0000000000008160       0x18 /usr/lib/gcc/i686-linux-gnu/4.6/../../../i386-linux-gnu/crti.o
 .rel.text.uip_ds6_nbr_add
                0x0000000000008178       0x30 /usr/lib/gcc/i686-linux-gnu/4.6/../../../i386-linux-gnu/crti.o
 .rel.text.uip_ds6_nbr_rm
                0x00000000000081a8       0x20 /usr/lib/gcc/i686-linux-gnu/4.6/../../../i386-linux-gnu/crti.o
 .rel.text.uip_ds6_nbr_get_ll
                0x00000000000081c8       0x10 /usr/lib/gcc/i686-linux-gnu/4.6/../../../i386-linux-gnu/crti.o
 .rel.text.uip_ds6_nbr_num
                0x00000000000081d8       0x20 /usr/lib/gcc/i686-linux-gnu/4.6/../../../i386-linux-gnu/crti.o
 .rel.text.uip_ds6_nbr_lookup
                0x00000000000081f8       0x28 /usr/lib/gcc/i686-linux-gnu/4.6/../../../i386-linux-gnu/crti.o
 .rel.text.uip_ds6_nbr_ll_lookup
                0x0000000000008220       0x10 /usr/lib/gcc/i686-linux-gnu/4.6/../../../i386-linux-gnu/crti.o
 .rel.text.uip_ds6_nbr_ipaddr_from_lladdr
                0x0000000000008230        0x8 /usr/lib/gcc/i686-linux-gnu/4.6/../../../i386-linux-gnu/crti.o
 .rel.text.uip_ds6_nbr_lladdr_from_ipaddr
                0x0000000000008238       0x10 /usr/lib/gcc/i686-linux-gnu/4.6/../../../i386-linux-gnu/crti.o
 .rel.text.uip_ds6_link_neighbor_callback
                0x0000000000008248       0x18 /usr/lib/gcc/i686-linux-gnu/4.6/../../../i386-linux-gnu/crti.o
 .rel.text.uip_ds6_neighbor_periodic
                0x0000000000008260       0xa8 /usr/lib/gcc/i686-linux-gnu/4.6/../../../i386-linux-gnu/crti.o
 .rel.text.uip_ds6_get_least_lifetime_neighbor
                0x0000000000008308       0x30 /usr/lib/gcc/i686-linux-gnu/4.6/../../../i386-linux-gnu/crti.o
 .rel.text.uip_ds6_init
                0x0000000000008338      0x170 /usr/lib/gcc/i686-linux-gnu/4.6/../../../i386-linux-gnu/crti.o
 .rel.text.uip_ds6_periodic
                0x00000000000084a8       0x80 /usr/lib/gcc/i686-linux-gnu/4.6/../../../i386-linux-gnu/crti.o
 .rel.text.uip_ds6_list_loop
                0x0000000000008528        0x8 /usr/lib/gcc/i686-linux-gnu/4.6/../../../i386-linux-gnu/crti.o
 .rel.text.uip_ds6_prefix_add
                0x0000000000008530       0x58 /usr/lib/gcc/i686-linux-gnu/4.6/../../../i386-linux-gnu/crti.o
 .rel.text.uip_ds6_prefix_lookup
                0x0000000000008588       0x20 /usr/lib/gcc/i686-linux-gnu/4.6/../../../i386-linux-gnu/crti.o
 .rel.text.uip_ds6_is_addr_onlink
                0x00000000000085a8       0x50 /usr/lib/gcc/i686-linux-gnu/4.6/../../../i386-linux-gnu/crti.o
 .rel.text.uip_ds6_addr_add
                0x00000000000085f8       0xc8 /usr/lib/gcc/i686-linux-gnu/4.6/../../../i386-linux-gnu/crti.o
 .rel.text.uip_ds6_addr_rm
                0x00000000000086c0       0x88 /usr/lib/gcc/i686-linux-gnu/4.6/../../../i386-linux-gnu/crti.o
 .rel.text.uip_ds6_addr_lookup
                0x0000000000008748       0x20 /usr/lib/gcc/i686-linux-gnu/4.6/../../../i386-linux-gnu/crti.o
 .rel.text.uip_ds6_get_link_local
                0x0000000000008768       0x58 /usr/lib/gcc/i686-linux-gnu/4.6/../../../i386-linux-gnu/crti.o
 .rel.text.uip_ds6_get_global
                0x00000000000087c0       0x58 /usr/lib/gcc/i686-linux-gnu/4.6/../../../i386-linux-gnu/crti.o
 .rel.text.uip_ds6_maddr_add
                0x0000000000008818       0x30 /usr/lib/gcc/i686-linux-gnu/4.6/../../../i386-linux-gnu/crti.o
 .rel.text.uip_ds6_maddr_lookup
                0x0000000000008848       0x20 /usr/lib/gcc/i686-linux-gnu/4.6/../../../i386-linux-gnu/crti.o
 .rel.text.uip_ds6_aaddr_add
                0x0000000000008868       0x30 /usr/lib/gcc/i686-linux-gnu/4.6/../../../i386-linux-gnu/crti.o
 .rel.text.uip_ds6_aaddr_lookup
                0x0000000000008898       0x20 /usr/lib/gcc/i686-linux-gnu/4.6/../../../i386-linux-gnu/crti.o
 .rel.text.uip_ds6_select_src
                0x00000000000088b8       0x70 /usr/lib/gcc/i686-linux-gnu/4.6/../../../i386-linux-gnu/crti.o
 .rel.text.uip_ds6_compute_reachable_time
                0x0000000000008928       0x30 /usr/lib/gcc/i686-linux-gnu/4.6/../../../i386-linux-gnu/crti.o
 .rel.text.create_llao
                0x0000000000008958       0x10 /usr/lib/gcc/i686-linux-gnu/4.6/../../../i386-linux-gnu/crti.o
 .rel.text.uip_nd6_ns_input
                0x0000000000008968      0x378 /usr/lib/gcc/i686-linux-gnu/4.6/../../../i386-linux-gnu/crti.o
 .rel.text.uip_nd6_ns_output
                0x0000000000008ce0      0x1e0 /usr/lib/gcc/i686-linux-gnu/4.6/../../../i386-linux-gnu/crti.o
 .rel.text.uip_nd6_na_input
                0x0000000000008ec0      0x2d0 /usr/lib/gcc/i686-linux-gnu/4.6/../../../i386-linux-gnu/crti.o
 .rel.text.packet_timedout
                0x0000000000009190       0x10 /usr/lib/gcc/i686-linux-gnu/4.6/../../../i386-linux-gnu/crti.o
 .rel.text.uip_packetqueue_alloc
                0x00000000000091a0       0x20 /usr/lib/gcc/i686-linux-gnu/4.6/../../../i386-linux-gnu/crti.o
 .rel.text.uip_packetqueue_free
                0x00000000000091c0       0x18 /usr/lib/gcc/i686-linux-gnu/4.6/../../../i386-linux-gnu/crti.o
 .rel.text.uip_udp_packet_send
                0x00000000000091d8       0x38 /usr/lib/gcc/i686-linux-gnu/4.6/../../../i386-linux-gnu/crti.o
 .rel.text.uip_udp_packet_sendto
                0x0000000000009210       0x10 /usr/lib/gcc/i686-linux-gnu/4.6/../../../i386-linux-gnu/crti.o
 .rel.text.uip_add32
                0x0000000000009220       0x98 /usr/lib/gcc/i686-linux-gnu/4.6/../../../i386-linux-gnu/crti.o
 .rel.text.uip_chksum
                0x00000000000092b8        0x8 /usr/lib/gcc/i686-linux-gnu/4.6/../../../i386-linux-gnu/crti.o
 .rel.text.upper_layer_chksum
                0x00000000000092c0       0x38 /usr/lib/gcc/i686-linux-gnu/4.6/../../../i386-linux-gnu/crti.o
 .rel.text.uip_init
                0x00000000000092f8       0xa0 /usr/lib/gcc/i686-linux-gnu/4.6/../../../i386-linux-gnu/crti.o
 .rel.text.uip_connect
                0x0000000000009398       0xc0 /usr/lib/gcc/i686-linux-gnu/4.6/../../../i386-linux-gnu/crti.o
 .rel.text.remove_ext_hdr
                0x0000000000009458       0x98 /usr/lib/gcc/i686-linux-gnu/4.6/../../../i386-linux-gnu/crti.o
 .rel.text.uip_udp_new
                0x00000000000094f0       0xb8 /usr/lib/gcc/i686-linux-gnu/4.6/../../../i386-linux-gnu/crti.o
 .rel.text.uip_unlisten
                0x00000000000095a8       0x40 /usr/lib/gcc/i686-linux-gnu/4.6/../../../i386-linux-gnu/crti.o
 .rel.text.uip_listen
                0x00000000000095e8       0x40 /usr/lib/gcc/i686-linux-gnu/4.6/../../../i386-linux-gnu/crti.o
 .rel.text.uip_add_rcv_nxt
                0x0000000000009628       0x50 /usr/lib/gcc/i686-linux-gnu/4.6/../../../i386-linux-gnu/crti.o
 .rel.text.ext_hdr_options_process
                0x0000000000009678      0x108 /usr/lib/gcc/i686-linux-gnu/4.6/../../../i386-linux-gnu/crti.o
 .rel.text.uip_process
                0x0000000000009780     0x1188 /usr/lib/gcc/i686-linux-gnu/4.6/../../../i386-linux-gnu/crti.o
 .rel.text.uip_send
                0x000000000000a908       0x38 /usr/lib/gcc/i686-linux-gnu/4.6/../../../i386-linux-gnu/crti.o
 .rel.text.doActionsBeforeTick
                0x000000000000a940       0x10 /usr/lib/gcc/i686-linux-gnu/4.6/../../../i386-linux-gnu/crti.o
 .rel.text.doActionsAfterTick
                0x000000000000a950       0x10 /usr/lib/gcc/i686-linux-gnu/4.6/../../../i386-linux-gnu/crti.o
 .rel.text.cooja_mt_init
                0x000000000000a960        0x8 /usr/lib/gcc/i686-linux-gnu/4.6/../../../i386-linux-gnu/crti.o
 .rel.text.cooja_mt_remove
                0x000000000000a968        0x8 /usr/lib/gcc/i686-linux-gnu/4.6/../../../i386-linux-gnu/crti.o
 .rel.text.cooja_mt_start
                0x000000000000a970        0x8 /usr/lib/gcc/i686-linux-gnu/4.6/../../../i386-linux-gnu/crti.o
 .rel.text.cooja_mt_exec
                0x000000000000a978       0x10 /usr/lib/gcc/i686-linux-gnu/4.6/../../../i386-linux-gnu/crti.o
 .rel.text.cooja_mt_exit
                0x000000000000a988       0x18 /usr/lib/gcc/i686-linux-gnu/4.6/../../../i386-linux-gnu/crti.o
 .rel.text.cooja_mt_yield
                0x000000000000a9a0       0x18 /usr/lib/gcc/i686-linux-gnu/4.6/../../../i386-linux-gnu/crti.o
 .rel.text.cooja_sw
                0x000000000000a9b8        0x8 /usr/lib/gcc/i686-linux-gnu/4.6/../../../i386-linux-gnu/crti.o
 .rel.text.cooja_mtarch_exec
                0x000000000000a9c0       0x18 /usr/lib/gcc/i686-linux-gnu/4.6/../../../i386-linux-gnu/crti.o
 .rel.text.cooja_mtarch_yield
                0x000000000000a9d8        0x8 /usr/lib/gcc/i686-linux-gnu/4.6/../../../i386-linux-gnu/crti.o
 .rel.text.rtimer_arch_init
                0x000000000000a9e0       0x18 /usr/lib/gcc/i686-linux-gnu/4.6/../../../i386-linux-gnu/crti.o
 .rel.text.rtimer_arch_schedule
                0x000000000000a9f8       0x10 /usr/lib/gcc/i686-linux-gnu/4.6/../../../i386-linux-gnu/crti.o
 .rel.text.rtimer_arch_next
                0x000000000000aa08        0x8 /usr/lib/gcc/i686-linux-gnu/4.6/../../../i386-linux-gnu/crti.o
 .rel.text.rtimer_arch_pending
                0x000000000000aa10        0x8 /usr/lib/gcc/i686-linux-gnu/4.6/../../../i386-linux-gnu/crti.o
 .rel.text.rtimer_arch_check
                0x000000000000aa18       0x20 /usr/lib/gcc/i686-linux-gnu/4.6/../../../i386-linux-gnu/crti.o
 .rel.text.rtimer_arch_now
                0x000000000000aa38       0x48 /usr/lib/gcc/i686-linux-gnu/4.6/../../../i386-linux-gnu/crti.o
 .rel.text.beep_alarm
                0x000000000000aa80        0x8 /usr/lib/gcc/i686-linux-gnu/4.6/../../../i386-linux-gnu/crti.o
 .rel.text.beep_beep
                0x000000000000aa88        0x8 /usr/lib/gcc/i686-linux-gnu/4.6/../../../i386-linux-gnu/crti.o
 .rel.text.beep
                0x000000000000aa90        0x8 /usr/lib/gcc/i686-linux-gnu/4.6/../../../i386-linux-gnu/crti.o
 .rel.text.beep_down
                0x000000000000aa98        0x8 /usr/lib/gcc/i686-linux-gnu/4.6/../../../i386-linux-gnu/crti.o
 .rel.text.beep_on
                0x000000000000aaa0        0x8 /usr/lib/gcc/i686-linux-gnu/4.6/../../../i386-linux-gnu/crti.o
 .rel.text.beep_off
                0x000000000000aaa8        0x8 /usr/lib/gcc/i686-linux-gnu/4.6/../../../i386-linux-gnu/crti.o
 .rel.text.beep_spinup
                0x000000000000aab0        0x8 /usr/lib/gcc/i686-linux-gnu/4.6/../../../i386-linux-gnu/crti.o
 .rel.text.beep_quick
                0x000000000000aab8        0x8 /usr/lib/gcc/i686-linux-gnu/4.6/../../../i386-linux-gnu/crti.o
 .rel.text.beep_long
                0x000000000000aac0        0x8 /usr/lib/gcc/i686-linux-gnu/4.6/../../../i386-linux-gnu/crti.o
 .rel.text.value
                0x000000000000aac8       0x28 /usr/lib/gcc/i686-linux-gnu/4.6/../../../i386-linux-gnu/crti.o
 .rel.text.configure
                0x000000000000aaf0       0x40 /usr/lib/gcc/i686-linux-gnu/4.6/../../../i386-linux-gnu/crti.o
 .rel.text.status
                0x000000000000ab30       0x18 /usr/lib/gcc/i686-linux-gnu/4.6/../../../i386-linux-gnu/crti.o
 .rel.text.doInterfaceActionsBeforeTick
                0x000000000000ab48      0x188 /usr/lib/gcc/i686-linux-gnu/4.6/../../../i386-linux-gnu/crti.o
 .rel.text.leds_arch_init
                0x000000000000acd0        0x8 /usr/lib/gcc/i686-linux-gnu/4.6/../../../i386-linux-gnu/crti.o
 .rel.text.leds_arch_get
                0x000000000000acd8        0x8 /usr/lib/gcc/i686-linux-gnu/4.6/../../../i386-linux-gnu/crti.o
 .rel.text.leds_arch_set
                0x000000000000ace0       0x10 /usr/lib/gcc/i686-linux-gnu/4.6/../../../i386-linux-gnu/crti.o
 .rel.text.rs232_set_input
                0x000000000000acf0        0x8 /usr/lib/gcc/i686-linux-gnu/4.6/../../../i386-linux-gnu/crti.o
 .rel.text.rs232_send
                0x000000000000acf8       0x10 /usr/lib/gcc/i686-linux-gnu/4.6/../../../i386-linux-gnu/crti.o
 .rel.text.rs232_print
                0x000000000000ad08       0x10 /usr/lib/gcc/i686-linux-gnu/4.6/../../../i386-linux-gnu/crti.o
 .rel.text.slip_arch_writeb
                0x000000000000ad18        0x8 /usr/lib/gcc/i686-linux-gnu/4.6/../../../i386-linux-gnu/crti.o
 .rel.text.clock_time
                0x000000000000ad20        0x8 /usr/lib/gcc/i686-linux-gnu/4.6/../../../i386-linux-gnu/crti.o
 .rel.text.clock_seconds
                0x000000000000ad28        0x8 /usr/lib/gcc/i686-linux-gnu/4.6/../../../i386-linux-gnu/crti.o
 .rel.text.simlog_char
                0x000000000000ad30       0x30 /usr/lib/gcc/i686-linux-gnu/4.6/../../../i386-linux-gnu/crti.o
 .rel.text.simlog
                0x000000000000ad60       0x38 /usr/lib/gcc/i686-linux-gnu/4.6/../../../i386-linux-gnu/crti.o
 .rel.text.log_message
                0x000000000000ad98       0x10 /usr/lib/gcc/i686-linux-gnu/4.6/../../../i386-linux-gnu/crti.o
 .rel.text.log_set_putchar_with_slip
                0x000000000000ada8        0x8 /usr/lib/gcc/i686-linux-gnu/4.6/../../../i386-linux-gnu/crti.o
 .rel.text.putchar
                0x000000000000adb0       0x50 /usr/lib/gcc/i686-linux-gnu/4.6/../../../i386-linux-gnu/crti.o
 .rel.text.puts
                0x000000000000ae00       0x10 /usr/lib/gcc/i686-linux-gnu/4.6/../../../i386-linux-gnu/crti.o
 .rel.text.printf
                0x000000000000ae10       0x20 /usr/lib/gcc/i686-linux-gnu/4.6/../../../i386-linux-gnu/crti.o
 .rel.text.cfs_open
                0x000000000000ae30       0x30 /usr/lib/gcc/i686-linux-gnu/4.6/../../../i386-linux-gnu/crti.o
 .rel.text.cfs_close
                0x000000000000ae60        0x8 /usr/lib/gcc/i686-linux-gnu/4.6/../../../i386-linux-gnu/crti.o
 .rel.text.cfs_read
                0x000000000000ae68       0x70 /usr/lib/gcc/i686-linux-gnu/4.6/../../../i386-linux-gnu/crti.o
 .rel.text.cfs_write
                0x000000000000aed8       0x90 /usr/lib/gcc/i686-linux-gnu/4.6/../../../i386-linux-gnu/crti.o
 .rel.text.cfs_seek
                0x000000000000af68       0x68 /usr/lib/gcc/i686-linux-gnu/4.6/../../../i386-linux-gnu/crti.o
 .rel.text.cfs_remove
                0x000000000000afd0        0x8 /usr/lib/gcc/i686-linux-gnu/4.6/../../../i386-linux-gnu/crti.o
 .rel.text.radio_set_channel
                0x000000000000afd8        0x8 /usr/lib/gcc/i686-linux-gnu/4.6/../../../i386-linux-gnu/crti.o
 .rel.text.radio_set_txpower
                0x000000000000afe0        0x8 /usr/lib/gcc/i686-linux-gnu/4.6/../../../i386-linux-gnu/crti.o
 .rel.text.radio_signal_strength_last
                0x000000000000afe8        0x8 /usr/lib/gcc/i686-linux-gnu/4.6/../../../i386-linux-gnu/crti.o
 .rel.text.radio_signal_strength_current
                0x000000000000aff0        0x8 /usr/lib/gcc/i686-linux-gnu/4.6/../../../i386-linux-gnu/crti.o
 .rel.text.radio_on
                0x000000000000aff8        0x8 /usr/lib/gcc/i686-linux-gnu/4.6/../../../i386-linux-gnu/crti.o
 .rel.text.radio_off
                0x000000000000b000        0x8 /usr/lib/gcc/i686-linux-gnu/4.6/../../../i386-linux-gnu/crti.o
 .rel.text.radio_read
                0x000000000000b008       0x50 /usr/lib/gcc/i686-linux-gnu/4.6/../../../i386-linux-gnu/crti.o
 .rel.text.channel_clear
                0x000000000000b058        0x8 /usr/lib/gcc/i686-linux-gnu/4.6/../../../i386-linux-gnu/crti.o
 .rel.text.radio_send
                0x000000000000b060       0x70 /usr/lib/gcc/i686-linux-gnu/4.6/../../../i386-linux-gnu/crti.o
 .rel.text.prepare_packet
                0x000000000000b0d0        0x8 /usr/lib/gcc/i686-linux-gnu/4.6/../../../i386-linux-gnu/crti.o
 .rel.text.transmit_packet
                0x000000000000b0d8       0x10 /usr/lib/gcc/i686-linux-gnu/4.6/../../../i386-linux-gnu/crti.o
 .rel.text.receiving_packet
                0x000000000000b0e8        0x8 /usr/lib/gcc/i686-linux-gnu/4.6/../../../i386-linux-gnu/crti.o
 .rel.text.pending_packet
                0x000000000000b0f0       0x10 /usr/lib/gcc/i686-linux-gnu/4.6/../../../i386-linux-gnu/crti.o
 .rel.text.process_thread_cooja_radio_process
                0x000000000000b100       0x20 /usr/lib/gcc/i686-linux-gnu/4.6/../../../i386-linux-gnu/crti.o
 .rel.text.get_sensor_index
                0x000000000000b120       0x10 /usr/lib/gcc/i686-linux-gnu/4.6/../../../i386-linux-gnu/crti.o
 .rel.text.sensors_first
                0x000000000000b130        0x8 /usr/lib/gcc/i686-linux-gnu/4.6/../../../i386-linux-gnu/crti.o
 .rel.text.sensors_next
                0x000000000000b138        0x8 /usr/lib/gcc/i686-linux-gnu/4.6/../../../i386-linux-gnu/crti.o
 .rel.text.sensors_changed
                0x000000000000b140       0x20 /usr/lib/gcc/i686-linux-gnu/4.6/../../../i386-linux-gnu/crti.o
 .rel.text.sensors_find
                0x000000000000b160       0x20 /usr/lib/gcc/i686-linux-gnu/4.6/../../../i386-linux-gnu/crti.o
 .rel.text.process_thread_sensors_process
                0x000000000000b180      0x108 /usr/lib/gcc/i686-linux-gnu/4.6/../../../i386-linux-gnu/crti.o
 .rel.text.frame802154_parse
                0x000000000000b288       0x40 /usr/lib/gcc/i686-linux-gnu/4.6/../../../i386-linux-gnu/crti.o
 .rel.text.rpl_purge_routes
                0x000000000000b2c8       0x50 /usr/lib/gcc/i686-linux-gnu/4.6/../../../i386-linux-gnu/crti.o
 .rel.text.rpl_remove_routes
                0x000000000000b318       0x20 /usr/lib/gcc/i686-linux-gnu/4.6/../../../i386-linux-gnu/crti.o
 .rel.text.rpl_remove_routes_by_nexthop
                0x000000000000b338       0x30 /usr/lib/gcc/i686-linux-gnu/4.6/../../../i386-linux-gnu/crti.o
 .rel.text.rpl_add_route
                0x000000000000b368        0x8 /usr/lib/gcc/i686-linux-gnu/4.6/../../../i386-linux-gnu/crti.o
 .rel.text.rpl_link_neighbor_callback
                0x000000000000b370       0x20 /usr/lib/gcc/i686-linux-gnu/4.6/../../../i386-linux-gnu/crti.o
 .rel.text.rpl_ipv6_neighbor_callback
                0x000000000000b390       0x10 /usr/lib/gcc/i686-linux-gnu/4.6/../../../i386-linux-gnu/crti.o
 .rel.text.rpl_init
                0x000000000000b3a0       0x28 /usr/lib/gcc/i686-linux-gnu/4.6/../../../i386-linux-gnu/crti.o
 .rel.text.rpl_dag_init
                0x000000000000b3c8       0x18 /usr/lib/gcc/i686-linux-gnu/4.6/../../../i386-linux-gnu/crti.o
 .rel.text.rpl_get_parent_rank
                0x000000000000b3e0       0x10 /usr/lib/gcc/i686-linux-gnu/4.6/../../../i386-linux-gnu/crti.o
 .rel.text.rpl_get_parent_link_metric
                0x000000000000b3f0       0x10 /usr/lib/gcc/i686-linux-gnu/4.6/../../../i386-linux-gnu/crti.o
 .rel.text.rpl_get_parent_ipaddr
                0x000000000000b400       0x18 /usr/lib/gcc/i686-linux-gnu/4.6/../../../i386-linux-gnu/crti.o
 .rel.text.rpl_set_preferred_parent
                0x000000000000b418       0x20 /usr/lib/gcc/i686-linux-gnu/4.6/../../../i386-linux-gnu/crti.o
 .rel.text.remove_parents
                0x000000000000b438       0x28 /usr/lib/gcc/i686-linux-gnu/4.6/../../../i386-linux-gnu/crti.o
 .rel.text.nullify_parents
                0x000000000000b460       0x28 /usr/lib/gcc/i686-linux-gnu/4.6/../../../i386-linux-gnu/crti.o
 .rel.text.get_dag
                0x000000000000b488       0x10 /usr/lib/gcc/i686-linux-gnu/4.6/../../../i386-linux-gnu/crti.o
 .rel.text.rpl_set_root
                0x000000000000b498       0x30 /usr/lib/gcc/i686-linux-gnu/4.6/../../../i386-linux-gnu/crti.o
 .rel.text.rpl_repair_root
                0x000000000000b4c8       0x10 /usr/lib/gcc/i686-linux-gnu/4.6/../../../i386-linux-gnu/crti.o
 .rel.text.set_ip_from_prefix
                0x000000000000b4d8       0x18 /usr/lib/gcc/i686-linux-gnu/4.6/../../../i386-linux-gnu/crti.o
 .rel.text.check_prefix
                0x000000000000b4f0       0x30 /usr/lib/gcc/i686-linux-gnu/4.6/../../../i386-linux-gnu/crti.o
 .rel.text.rpl_set_prefix
                0x000000000000b520       0x10 /usr/lib/gcc/i686-linux-gnu/4.6/../../../i386-linux-gnu/crti.o
 .rel.text.rpl_set_default_route
                0x000000000000b530       0x18 /usr/lib/gcc/i686-linux-gnu/4.6/../../../i386-linux-gnu/crti.o
 .rel.text.rpl_alloc_instance
                0x000000000000b548        0x8 /usr/lib/gcc/i686-linux-gnu/4.6/../../../i386-linux-gnu/crti.o
 .rel.text.rpl_alloc_dag
                0x000000000000b550       0x18 /usr/lib/gcc/i686-linux-gnu/4.6/../../../i386-linux-gnu/crti.o
 .rel.text.rpl_set_default_instance
                0x000000000000b568        0x8 /usr/lib/gcc/i686-linux-gnu/4.6/../../../i386-linux-gnu/crti.o
 .rel.text.rpl_free_instance
                0x000000000000b570       0x30 /usr/lib/gcc/i686-linux-gnu/4.6/../../../i386-linux-gnu/crti.o
 .rel.text.rpl_free_dag
                0x000000000000b5a0        0x8 /usr/lib/gcc/i686-linux-gnu/4.6/../../../i386-linux-gnu/crti.o
 .rel.text.rpl_add_parent
                0x000000000000b5a8       0x18 /usr/lib/gcc/i686-linux-gnu/4.6/../../../i386-linux-gnu/crti.o
 .rel.text.find_parent_any_dag_any_instance
                0x000000000000b5c0       0x20 /usr/lib/gcc/i686-linux-gnu/4.6/../../../i386-linux-gnu/crti.o
 .rel.text.rpl_select_dag
                0x000000000000b5e0       0x40 /usr/lib/gcc/i686-linux-gnu/4.6/../../../i386-linux-gnu/crti.o
 .rel.text.rpl_select_parent
                0x000000000000b620       0x20 /usr/lib/gcc/i686-linux-gnu/4.6/../../../i386-linux-gnu/crti.o
 .rel.text.rpl_remove_parent
                0x000000000000b640       0x18 /usr/lib/gcc/i686-linux-gnu/4.6/../../../i386-linux-gnu/crti.o
 .rel.text.rpl_nullify_parent
                0x000000000000b658       0x10 /usr/lib/gcc/i686-linux-gnu/4.6/../../../i386-linux-gnu/crti.o
 .rel.text.rpl_move_parent
                0x000000000000b668       0x28 /usr/lib/gcc/i686-linux-gnu/4.6/../../../i386-linux-gnu/crti.o
 .rel.text.rpl_get_any_dag
                0x000000000000b690       0x18 /usr/lib/gcc/i686-linux-gnu/4.6/../../../i386-linux-gnu/crti.o
 .rel.text.rpl_get_instance
                0x000000000000b6a8       0x18 /usr/lib/gcc/i686-linux-gnu/4.6/../../../i386-linux-gnu/crti.o
 .rel.text.rpl_find_of
                0x000000000000b6c0       0x10 /usr/lib/gcc/i686-linux-gnu/4.6/../../../i386-linux-gnu/crti.o
 .rel.text.rpl_join_instance
                0x000000000000b6d0       0x48 /usr/lib/gcc/i686-linux-gnu/4.6/../../../i386-linux-gnu/crti.o
 .rel.text.rpl_add_dag
                0x000000000000b718       0x38 /usr/lib/gcc/i686-linux-gnu/4.6/../../../i386-linux-gnu/crti.o
 .rel.text.global_repair
                0x000000000000b750       0x10 /usr/lib/gcc/i686-linux-gnu/4.6/../../../i386-linux-gnu/crti.o
 .rel.text.rpl_local_repair
                0x000000000000b760        0x8 /usr/lib/gcc/i686-linux-gnu/4.6/../../../i386-linux-gnu/crti.o
 .rel.text.rpl_recalculate_ranks
                0x000000000000b768       0x28 /usr/lib/gcc/i686-linux-gnu/4.6/../../../i386-linux-gnu/crti.o
 .rel.text.rpl_process_parent_event
                0x000000000000b790       0x18 /usr/lib/gcc/i686-linux-gnu/4.6/../../../i386-linux-gnu/crti.o
 .rel.text.rpl_process_dio
                0x000000000000b7a8       0x78 /usr/lib/gcc/i686-linux-gnu/4.6/../../../i386-linux-gnu/crti.o
 .rel.text.get_global_addr
                0x000000000000b820       0x28 /usr/lib/gcc/i686-linux-gnu/4.6/../../../i386-linux-gnu/crti.o
 .rel.text.dis_input
                0x000000000000b848       0x28 /usr/lib/gcc/i686-linux-gnu/4.6/../../../i386-linux-gnu/crti.o
 .rel.text.dis_output
                0x000000000000b870       0x20 /usr/lib/gcc/i686-linux-gnu/4.6/../../../i386-linux-gnu/crti.o
 .rel.text.dio_input
                0x000000000000b890       0x60 /usr/lib/gcc/i686-linux-gnu/4.6/../../../i386-linux-gnu/crti.o
 .rel.text.dio_output
                0x000000000000b8f0       0x28 /usr/lib/gcc/i686-linux-gnu/4.6/../../../i386-linux-gnu/crti.o
 .rel.text.dao_input
                0x000000000000b918       0x98 /usr/lib/gcc/i686-linux-gnu/4.6/../../../i386-linux-gnu/crti.o
 .rel.text.dao_output
                0x000000000000b9b0       0x10 /usr/lib/gcc/i686-linux-gnu/4.6/../../../i386-linux-gnu/crti.o
 .rel.text.dao_output_target
                0x000000000000b9c0       0x60 /usr/lib/gcc/i686-linux-gnu/4.6/../../../i386-linux-gnu/crti.o
 .rel.text.dao_ack_output
                0x000000000000ba20       0x18 /usr/lib/gcc/i686-linux-gnu/4.6/../../../i386-linux-gnu/crti.o
 .rel.text.uip_rpl_input
                0x000000000000ba38       0x18 /usr/lib/gcc/i686-linux-gnu/4.6/../../../i386-linux-gnu/crti.o
 .rel.text.handle_periodic_timer
                0x000000000000ba50       0x50 /usr/lib/gcc/i686-linux-gnu/4.6/../../../i386-linux-gnu/crti.o
 .rel.text.new_dio_interval
                0x000000000000baa0       0x18 /usr/lib/gcc/i686-linux-gnu/4.6/../../../i386-linux-gnu/crti.o
 .rel.text.handle_dio_timer
                0x000000000000bab8       0x40 /usr/lib/gcc/i686-linux-gnu/4.6/../../../i386-linux-gnu/crti.o
 .rel.text.rpl_reset_periodic_timer
                0x000000000000baf8       0x28 /usr/lib/gcc/i686-linux-gnu/4.6/../../../i386-linux-gnu/crti.o
 .rel.text.handle_dao_timer
                0x000000000000bb20       0x30 /usr/lib/gcc/i686-linux-gnu/4.6/../../../i386-linux-gnu/crti.o
 .rel.text.rpl_schedule_dao
                0x000000000000bb50       0x28 /usr/lib/gcc/i686-linux-gnu/4.6/../../../i386-linux-gnu/crti.o
 .rel.text.rpl_verify_header
                0x000000000000bb78       0xd0 /usr/lib/gcc/i686-linux-gnu/4.6/../../../i386-linux-gnu/crti.o
 .rel.text.set_rpl_opt
                0x000000000000bc48      0x108 /usr/lib/gcc/i686-linux-gnu/4.6/../../../i386-linux-gnu/crti.o
 .rel.text.rpl_update_header_empty
                0x000000000000bd50      0x120 /usr/lib/gcc/i686-linux-gnu/4.6/../../../i386-linux-gnu/crti.o
 .rel.text.rpl_update_header_final
                0x000000000000be70       0xc0 /usr/lib/gcc/i686-linux-gnu/4.6/../../../i386-linux-gnu/crti.o
 .rel.text.rpl_remove_header
                0x000000000000bf30       0xb0 /usr/lib/gcc/i686-linux-gnu/4.6/../../../i386-linux-gnu/crti.o
 .rel.text.rpl_invert_header
                0x000000000000bfe0       0xa8 /usr/lib/gcc/i686-linux-gnu/4.6/../../../i386-linux-gnu/crti.o
 .rel.text.rpl_insert_header
                0x000000000000c088       0x20 /usr/lib/gcc/i686-linux-gnu/4.6/../../../i386-linux-gnu/crti.o
 .rel.text.timer_set
                0x000000000000c0a8        0x8 /usr/lib/gcc/i686-linux-gnu/4.6/../../../i386-linux-gnu/crti.o
 .rel.text.timer_restart
                0x000000000000c0b0        0x8 /usr/lib/gcc/i686-linux-gnu/4.6/../../../i386-linux-gnu/crti.o
 .rel.text.timer_expired
                0x000000000000c0b8        0x8 /usr/lib/gcc/i686-linux-gnu/4.6/../../../i386-linux-gnu/crti.o
 .rel.text.timer_remaining
                0x000000000000c0c0        0x8 /usr/lib/gcc/i686-linux-gnu/4.6/../../../i386-linux-gnu/crti.o
 .rel.text.rtimer_init
                0x000000000000c0c8        0x8 /usr/lib/gcc/i686-linux-gnu/4.6/../../../i386-linux-gnu/crti.o
 .rel.text.rtimer_set
                0x000000000000c0d0       0x18 /usr/lib/gcc/i686-linux-gnu/4.6/../../../i386-linux-gnu/crti.o
 .rel.text.rtimer_run_next
                0x000000000000c0e8       0x30 /usr/lib/gcc/i686-linux-gnu/4.6/../../../i386-linux-gnu/crti.o
 .rel.text.stimer_set
                0x000000000000c118        0x8 /usr/lib/gcc/i686-linux-gnu/4.6/../../../i386-linux-gnu/crti.o
 .rel.text.stimer_restart
                0x000000000000c120        0x8 /usr/lib/gcc/i686-linux-gnu/4.6/../../../i386-linux-gnu/crti.o
 .rel.text.stimer_expired
                0x000000000000c128        0x8 /usr/lib/gcc/i686-linux-gnu/4.6/../../../i386-linux-gnu/crti.o
 .rel.text.stimer_remaining
                0x000000000000c130        0x8 /usr/lib/gcc/i686-linux-gnu/4.6/../../../i386-linux-gnu/crti.o
 .rel.text.stimer_elapsed
                0x000000000000c138        0x8 /usr/lib/gcc/i686-linux-gnu/4.6/../../../i386-linux-gnu/crti.o
 .rel.text.key_from_index
                0x000000000000c140        0x8 /usr/lib/gcc/i686-linux-gnu/4.6/../../../i386-linux-gnu/crti.o
 .rel.text.index_from_key
                0x000000000000c148        0x8 /usr/lib/gcc/i686-linux-gnu/4.6/../../../i386-linux-gnu/crti.o
 .rel.text.index_from_lladdr
                0x000000000000c150       0x28 /usr/lib/gcc/i686-linux-gnu/4.6/../../../i386-linux-gnu/crti.o
 .rel.text.nbr_table_allocate
                0x000000000000c178       0x80 /usr/lib/gcc/i686-linux-gnu/4.6/../../../i386-linux-gnu/crti.o
 .rel.text.nbr_table_register
                0x000000000000c1f8       0x20 /usr/lib/gcc/i686-linux-gnu/4.6/../../../i386-linux-gnu/crti.o
 .rel.text.nbr_table_head
                0x000000000000c218       0x20 /usr/lib/gcc/i686-linux-gnu/4.6/../../../i386-linux-gnu/crti.o
 .rel.text.nbr_table_next
                0x000000000000c238       0x10 /usr/lib/gcc/i686-linux-gnu/4.6/../../../i386-linux-gnu/crti.o
 .rel.text.nbr_table_add_lladdr
                0x000000000000c248       0x30 /usr/lib/gcc/i686-linux-gnu/4.6/../../../i386-linux-gnu/crti.o
 .rel.text.nbr_table_get_from_lladdr
                0x000000000000c278        0x8 /usr/lib/gcc/i686-linux-gnu/4.6/../../../i386-linux-gnu/crti.o
 .rel.text.nbr_table_remove
                0x000000000000c280       0x10 /usr/lib/gcc/i686-linux-gnu/4.6/../../../i386-linux-gnu/crti.o
 .rel.text.nbr_table_lock
                0x000000000000c290        0x8 /usr/lib/gcc/i686-linux-gnu/4.6/../../../i386-linux-gnu/crti.o
 .rel.text.nbr_table_unlock
                0x000000000000c298        0x8 /usr/lib/gcc/i686-linux-gnu/4.6/../../../i386-linux-gnu/crti.o
 .rel.text.uip_icmp6_echo_request_input
                0x000000000000c2a0      0x1f0 /usr/lib/gcc/i686-linux-gnu/4.6/../../../i386-linux-gnu/crti.o
 .rel.text.uip_icmp6_error_output
                0x000000000000c490      0x238 /usr/lib/gcc/i686-linux-gnu/4.6/../../../i386-linux-gnu/crti.o
 .rel.text.uip_icmp6_send
                0x000000000000c6c8       0xb8 /usr/lib/gcc/i686-linux-gnu/4.6/../../../i386-linux-gnu/crti.o
 *(.rel.fini)
 *(.rel.rodata .rel.rodata.* .rel.gnu.linkonce.r.*)
 .rel.rodata    0x000000000000c780      0x610 /usr/lib/gcc/i686-linux-gnu/4.6/../../../i386-linux-gnu/crti.o
 *(.rel.data.rel.ro* .rel.gnu.linkonce.d.rel.ro.*)
 *(.rel.data .rel.data.* .rel.gnu.linkonce.d.*)
 .rel.data.rel  0x000000000000cd90        0x8 /usr/lib/gcc/i686-linux-gnu/4.6/../../../i386-linux-gnu/crti.o
 .rel.data      0x000000000000cd98      0x220 /usr/lib/gcc/i686-linux-gnu/4.6/../../../i386-linux-gnu/crti.o
 *(.rel.tdata .rel.tdata.* .rel.gnu.linkonce.td.*)
 *(.rel.tbss .rel.tbss.* .rel.gnu.linkonce.tb.*)
 *(.rel.ctors)
 *(.rel.dtors)
 *(.rel.got)
 .rel.got       0x000000000000cfb8       0x18 /usr/lib/gcc/i686-linux-gnu/4.6/../../../i386-linux-gnu/crti.o
 *(.rel.bss .rel.bss.* .rel.gnu.linkonce.b.*)
 *(.rel.ifunc)
 .rel.ifunc     0x0000000000000000        0x0 /usr/lib/gcc/i686-linux-gnu/4.6/../../../i386-linux-gnu/crti.o

.rel.plt        0x000000000000cfd0       0x10
 *(.rel.plt)
 .rel.plt       0x000000000000cfd0       0x10 /usr/lib/gcc/i686-linux-gnu/4.6/../../../i386-linux-gnu/crti.o
 *(.rel.iplt)

.init           0x000000000000cfe0       0x2e
 *(.init)
 .init          0x000000000000cfe0       0x1f /usr/lib/gcc/i686-linux-gnu/4.6/../../../i386-linux-gnu/crti.o
                0x000000000000cfe0                _init
 .init          0x000000000000cfff        0x5 /usr/lib/gcc/i686-linux-gnu/4.6/crtbeginS.o
 .init          0x000000000000d004        0x5 /usr/lib/gcc/i686-linux-gnu/4.6/crtendS.o
 .init          0x000000000000d009        0x5 /usr/lib/gcc/i686-linux-gnu/4.6/../../../i386-linux-gnu/crtn.o

.plt            0x000000000000d010       0x30
 *(.plt)
 .plt           0x000000000000d010       0x30 /usr/lib/gcc/i686-linux-gnu/4.6/../../../i386-linux-gnu/crti.o
 *(.iplt)

.text           0x000000000000d040    0x133b8
 *(.text.unlikely .text.*_unlikely)
 *(.text.exit .text.exit.*)
 *(.text.startup .text.startup.*)
 *(.text.hot .text.hot.*)
 *(.text .stub .text.* .gnu.linkonce.t.*)
 .text          0x000000000000d040        0x0 /usr/lib/gcc/i686-linux-gnu/4.6/../../../i386-linux-gnu/crti.o
 .text          0x000000000000d040       0xb7 /usr/lib/gcc/i686-linux-gnu/4.6/crtbeginS.o
 .text.__i686.get_pc_thunk.bx
                0x000000000000d0f7        0x4 /usr/lib/gcc/i686-linux-gnu/4.6/crtbeginS.o
                0x000000000000d0f7                __i686.get_pc_thunk.bx
 *fill*         0x000000000000d0fb        0x1 90909090
 .text          0x000000000000d0fc        0x0 room-controller.co
 .text.receiver
                0x000000000000d0fc       0x59 room-controller.co
 .text.process_thread_broadcast_process
                0x000000000000d155      0x90e room-controller.co
 *fill*         0x000000000000da63        0x1 90909090
 .text          0x000000000000da64        0x0 obj_cooja/mtype49.o
 .text.print_processes
                0x000000000000da64       0x49 obj_cooja/mtype49.o
 .text.rtimer_thread_loop
                0x000000000000daad       0x12 obj_cooja/mtype49.o
 .text.set_rime_addr
                0x000000000000dabf       0xd1 obj_cooja/mtype49.o
 .text.contiki_init
                0x000000000000db90      0x3b0 obj_cooja/mtype49.o
                0x000000000000db90                contiki_init
 .text.process_run_thread_loop
                0x000000000000df40       0x6e obj_cooja/mtype49.o
 .text.Java_se_sics_cooja_corecomm_Lib58_init
                0x000000000000dfae       0x40 obj_cooja/mtype49.o
                0x000000000000dfae                Java_se_sics_cooja_corecomm_Lib58_init
 .text.Java_se_sics_cooja_corecomm_Lib58_getMemory
                0x000000000000dfee       0x3d obj_cooja/mtype49.o
                0x000000000000dfee                Java_se_sics_cooja_corecomm_Lib58_getMemory
 .text.Java_se_sics_cooja_corecomm_Lib58_setMemory
                0x000000000000e02b       0x74 obj_cooja/mtype49.o
                0x000000000000e02b                Java_se_sics_cooja_corecomm_Lib58_setMemory
 .text.Java_se_sics_cooja_corecomm_Lib58_tick
                0x000000000000e09f       0xe1 obj_cooja/mtype49.o
                0x000000000000e09f                Java_se_sics_cooja_corecomm_Lib58_tick
 .text.Java_se_sics_cooja_corecomm_Lib58_setReferenceAddress
                0x000000000000e180       0x12 obj_cooja/mtype49.o
                0x000000000000e180                Java_se_sics_cooja_corecomm_Lib58_setReferenceAddress
 *fill*         0x000000000000e192        0x2 90909090
 .text          0x000000000000e194        0x0 obj_cooja/mtype49.a(rimeaddr.o)
 .text.rimeaddr_copy
                0x000000000000e194       0x15 obj_cooja/mtype49.a(rimeaddr.o)
                0x000000000000e194                rimeaddr_copy
 .text.rimeaddr_cmp
                0x000000000000e1a9       0x2a obj_cooja/mtype49.a(rimeaddr.o)
                0x000000000000e1a9                rimeaddr_cmp
 .text.rimeaddr_set_node_addr
                0x000000000000e1d3       0x1b obj_cooja/mtype49.a(rimeaddr.o)
                0x000000000000e1d3                rimeaddr_set_node_addr
 *fill*         0x000000000000e1ee        0x2 90909090
 .text          0x000000000000e1f0        0x0 obj_cooja/mtype49.a(nullrdc.o)
 .text.packetbuf_set_attr
                0x000000000000e1f0       0x2a obj_cooja/mtype49.a(nullrdc.o)
 .text.packetbuf_attr
                0x000000000000e21a       0x1a obj_cooja/mtype49.a(nullrdc.o)
 .text.packetbuf_set_addr
                0x000000000000e234       0x32 obj_cooja/mtype49.a(nullrdc.o)
 .text.packetbuf_addr
                0x000000000000e266       0x1d obj_cooja/mtype49.a(nullrdc.o)
 .text.send_one_packet
                0x000000000000e283      0x1f9 obj_cooja/mtype49.a(nullrdc.o)
 .text.send_packet
                0x000000000000e47c       0x1a obj_cooja/mtype49.a(nullrdc.o)
 .text.send_list
                0x000000000000e496       0x4a obj_cooja/mtype49.a(nullrdc.o)
 .text.packet_input
                0x000000000000e4e0      0x212 obj_cooja/mtype49.a(nullrdc.o)
 .text.on       0x000000000000e6f2        0xf obj_cooja/mtype49.a(nullrdc.o)
 .text.off      0x000000000000e701       0x1e obj_cooja/mtype49.a(nullrdc.o)
 .text.channel_check_interval
                0x000000000000e71f        0xa obj_cooja/mtype49.a(nullrdc.o)
 .text.init     0x000000000000e729        0xd obj_cooja/mtype49.a(nullrdc.o)
 *fill*         0x000000000000e736        0x2 90909090
 .text          0x000000000000e738        0x0 obj_cooja/mtype49.a(mac.o)
 .text.mac_call_sent_callback
                0x000000000000e738       0x3c obj_cooja/mtype49.a(mac.o)
                0x000000000000e738                mac_call_sent_callback
 .text          0x000000000000e774        0x0 obj_cooja/mtype49.a(framer-802154.o)
 .text.packetbuf_set_attr
                0x000000000000e774       0x2a obj_cooja/mtype49.a(framer-802154.o)
 .text.packetbuf_attr
                0x000000000000e79e       0x1a obj_cooja/mtype49.a(framer-802154.o)
 .text.packetbuf_set_addr
                0x000000000000e7b8       0x32 obj_cooja/mtype49.a(framer-802154.o)
 .text.packetbuf_addr
                0x000000000000e7ea       0x1d obj_cooja/mtype49.a(framer-802154.o)
 .text.is_broadcast_addr
                0x000000000000e807       0x4d obj_cooja/mtype49.a(framer-802154.o)
 .text.create   0x000000000000e854      0x1cd obj_cooja/mtype49.a(framer-802154.o)
 .text.parse    0x000000000000ea21      0x12c obj_cooja/mtype49.a(framer-802154.o)
 *fill*         0x000000000000eb4d        0x3 90909090
 .text          0x000000000000eb50        0x0 obj_cooja/mtype49.a(csma.o)
 .text.packetbuf_set_attr
                0x000000000000eb50       0x2a obj_cooja/mtype49.a(csma.o)
 .text.packetbuf_attr
                0x000000000000eb7a       0x1a obj_cooja/mtype49.a(csma.o)
 .text.packetbuf_addr
                0x000000000000eb94       0x1d obj_cooja/mtype49.a(csma.o)
 .text.neighbor_queue_from_addr
                0x000000000000ebb1       0x51 obj_cooja/mtype49.a(csma.o)
 .text.default_timebase
                0x000000000000ec02       0x25 obj_cooja/mtype49.a(csma.o)
 .text.transmit_packet_list
                0x000000000000ec27       0x48 obj_cooja/mtype49.a(csma.o)
 .text.free_packet
                0x000000000000ec6f       0xe2 obj_cooja/mtype49.a(csma.o)
 .text.packet_sent
                0x000000000000ed51      0x215 obj_cooja/mtype49.a(csma.o)
 .text.send_packet
                0x000000000000ef66      0x28b obj_cooja/mtype49.a(csma.o)
 .text.input_packet
                0x000000000000f1f1        0xf obj_cooja/mtype49.a(csma.o)
 .text.on       0x000000000000f200        0xf obj_cooja/mtype49.a(csma.o)
 .text.off      0x000000000000f20f       0x16 obj_cooja/mtype49.a(csma.o)
 .text.channel_check_interval
                0x000000000000f225       0x1f obj_cooja/mtype49.a(csma.o)
 .text.init     0x000000000000f244       0x2c obj_cooja/mtype49.a(csma.o)
 .text          0x000000000000f270        0x0 obj_cooja/mtype49.a(process.o)
 .text.process_alloc_event
                0x000000000000f270       0x18 obj_cooja/mtype49.a(process.o)
                0x000000000000f270                process_alloc_event
 .text.process_start
                0x000000000000f288       0x70 obj_cooja/mtype49.a(process.o)
                0x000000000000f288                process_start
 .text.exit_process
                0x000000000000f2f8       0xec obj_cooja/mtype49.a(process.o)
 .text.call_process
                0x000000000000f3e4       0x90 obj_cooja/mtype49.a(process.o)
 .text.process_exit
                0x000000000000f474       0x1c obj_cooja/mtype49.a(process.o)
                0x000000000000f474                process_exit
 .text.process_init
                0x000000000000f490       0x33 obj_cooja/mtype49.a(process.o)
                0x000000000000f490                process_init
 .text.do_poll  0x000000000000f4c3       0x5b obj_cooja/mtype49.a(process.o)
 .text.do_event
                0x000000000000f51e      0x145 obj_cooja/mtype49.a(process.o)
 .text.process_run
                0x000000000000f663       0x33 obj_cooja/mtype49.a(process.o)
                0x000000000000f663                process_run
 .text.process_nevents
                0x000000000000f696       0x1b obj_cooja/mtype49.a(process.o)
                0x000000000000f696                process_nevents
 .text.process_post
                0x000000000000f6b1       0xac obj_cooja/mtype49.a(process.o)
                0x000000000000f6b1                process_post
 .text.process_post_synch
                0x000000000000f75d       0x38 obj_cooja/mtype49.a(process.o)
                0x000000000000f75d                process_post_synch
 .text.process_poll
                0x000000000000f795       0x2f obj_cooja/mtype49.a(process.o)
                0x000000000000f795                process_poll
 .text.process_is_running
                0x000000000000f7c4       0x14 obj_cooja/mtype49.a(process.o)
                0x000000000000f7c4                process_is_running
 .text          0x000000000000f7d8        0x0 obj_cooja/mtype49.a(autostart.o)
 .text.autostart_start
                0x000000000000f7d8       0x3f obj_cooja/mtype49.a(autostart.o)
                0x000000000000f7d8                autostart_start
 .text.autostart_exit
                0x000000000000f817       0x37 obj_cooja/mtype49.a(autostart.o)
                0x000000000000f817                autostart_exit
 *fill*         0x000000000000f84e        0x2 90909090
 .text          0x000000000000f850        0x0 obj_cooja/mtype49.a(serial-line.o)
 .text.serial_line_input_byte
                0x000000000000f850       0x7d obj_cooja/mtype49.a(serial-line.o)
                0x000000000000f850                serial_line_input_byte
 .text.process_thread_serial_line_process
                0x000000000000f8cd      0x137 obj_cooja/mtype49.a(serial-line.o)
 .text.serial_line_init
                0x000000000000fa04       0x38 obj_cooja/mtype49.a(serial-line.o)
                0x000000000000fa04                serial_line_init
 .text          0x000000000000fa3c        0x0 obj_cooja/mtype49.a(memb.o)
 .text.memb_init
                0x000000000000fa3c       0x5e obj_cooja/mtype49.a(memb.o)
                0x000000000000fa3c                memb_init
 .text.memb_alloc
                0x000000000000fa9a       0x65 obj_cooja/mtype49.a(memb.o)
                0x000000000000fa9a                memb_alloc
 .text.memb_free
                0x000000000000faff       0x7b obj_cooja/mtype49.a(memb.o)
                0x000000000000faff                memb_free
 .text.memb_inmemb
                0x000000000000fb7a       0x3f obj_cooja/mtype49.a(memb.o)
                0x000000000000fb7a                memb_inmemb
 *fill*         0x000000000000fbb9        0x3 90909090
 .text          0x000000000000fbbc        0x0 obj_cooja/mtype49.a(list.o)
 .text.list_init
                0x000000000000fbbc        0xe obj_cooja/mtype49.a(list.o)
                0x000000000000fbbc                list_init
 .text.list_head
                0x000000000000fbca        0xa obj_cooja/mtype49.a(list.o)
                0x000000000000fbca                list_head
 .text.list_copy
                0x000000000000fbd4        0xf obj_cooja/mtype49.a(list.o)
                0x000000000000fbd4                list_copy
 .text.list_tail
                0x000000000000fbe3       0x36 obj_cooja/mtype49.a(list.o)
                0x000000000000fbe3                list_tail
 .text.list_add
                0x000000000000fc19       0x49 obj_cooja/mtype49.a(list.o)
                0x000000000000fc19                list_add
 .text.list_push
                0x000000000000fc62       0x2c obj_cooja/mtype49.a(list.o)
                0x000000000000fc62                list_push
 .text.list_chop
                0x000000000000fc8e       0x6a obj_cooja/mtype49.a(list.o)
                0x000000000000fc8e                list_chop
 .text.list_pop
                0x000000000000fcf8       0x28 obj_cooja/mtype49.a(list.o)
                0x000000000000fcf8                list_pop
 .text.list_remove
                0x000000000000fd20       0x68 obj_cooja/mtype49.a(list.o)
                0x000000000000fd20                list_remove
 .text.list_length
                0x000000000000fd88       0x2e obj_cooja/mtype49.a(list.o)
                0x000000000000fd88                list_length
 .text.list_insert
                0x000000000000fdb6       0x34 obj_cooja/mtype49.a(list.o)
                0x000000000000fdb6                list_insert
 .text.list_item_next
                0x000000000000fdea       0x17 obj_cooja/mtype49.a(list.o)
                0x000000000000fdea                list_item_next
 *fill*         0x000000000000fe01        0x3 90909090
 .text          0x000000000000fe04        0x0 obj_cooja/mtype49.a(etimer.o)
 .text.update_time
                0x000000000000fe04       0x8f obj_cooja/mtype49.a(etimer.o)
 .text.process_thread_etimer_process
                0x000000000000fe93      0x190 obj_cooja/mtype49.a(etimer.o)
 .text.etimer_request_poll
                0x0000000000010023       0x14 obj_cooja/mtype49.a(etimer.o)
                0x0000000000010023                etimer_request_poll
 .text.add_timer
                0x0000000000010037       0x70 obj_cooja/mtype49.a(etimer.o)
 .text.etimer_set
                0x00000000000100a7       0x25 obj_cooja/mtype49.a(etimer.o)
                0x00000000000100a7                etimer_set
 .text.etimer_reset
                0x00000000000100cc       0x1e obj_cooja/mtype49.a(etimer.o)
                0x00000000000100cc                etimer_reset
 .text.etimer_restart
                0x00000000000100ea       0x1e obj_cooja/mtype49.a(etimer.o)
                0x00000000000100ea                etimer_restart
 .text.etimer_adjust
                0x0000000000010108       0x1c obj_cooja/mtype49.a(etimer.o)
                0x0000000000010108                etimer_adjust
 .text.etimer_expired
                0x0000000000010124       0x13 obj_cooja/mtype49.a(etimer.o)
                0x0000000000010124                etimer_expired
 .text.etimer_expiration_time
                0x0000000000010137       0x12 obj_cooja/mtype49.a(etimer.o)
                0x0000000000010137                etimer_expiration_time
 .text.etimer_start_time
                0x0000000000010149        0xa obj_cooja/mtype49.a(etimer.o)
                0x0000000000010149                etimer_start_time
 .text.etimer_pending
                0x0000000000010153       0x12 obj_cooja/mtype49.a(etimer.o)
                0x0000000000010153                etimer_pending
 .text.etimer_next_expiration_time
                0x0000000000010165       0x1a obj_cooja/mtype49.a(etimer.o)
                0x0000000000010165                etimer_next_expiration_time
 .text.etimer_stop
                0x000000000001017f       0x75 obj_cooja/mtype49.a(etimer.o)
                0x000000000001017f                etimer_stop
 .text          0x00000000000101f4        0x0 obj_cooja/mtype49.a(ctimer.o)
 .text.process_thread_ctimer_process
                0x00000000000101f4      0x11b obj_cooja/mtype49.a(ctimer.o)
 .text.ctimer_init
                0x000000000001030f       0x30 obj_cooja/mtype49.a(ctimer.o)
                0x000000000001030f                ctimer_init
 .text.ctimer_set
                0x000000000001033f       0x93 obj_cooja/mtype49.a(ctimer.o)
                0x000000000001033f                ctimer_set
 .text.ctimer_reset
                0x00000000000103d2       0x63 obj_cooja/mtype49.a(ctimer.o)
                0x00000000000103d2                ctimer_reset
 .text.ctimer_restart
                0x0000000000010435       0x63 obj_cooja/mtype49.a(ctimer.o)
                0x0000000000010435                ctimer_restart
 .text.ctimer_stop
                0x0000000000010498       0x4b obj_cooja/mtype49.a(ctimer.o)
                0x0000000000010498                ctimer_stop
 .text.ctimer_expired
                0x00000000000104e3       0x57 obj_cooja/mtype49.a(ctimer.o)
                0x00000000000104e3                ctimer_expired
 *fill*         0x000000000001053a        0x2 90909090
 .text          0x000000000001053c        0x0 obj_cooja/mtype49.a(energest.o)
 .text.energest_type_set
                0x000000000001053c        0x5 obj_cooja/mtype49.a(energest.o)
                0x000000000001053c                energest_type_set
 .text.energest_init
                0x0000000000010541        0x5 obj_cooja/mtype49.a(energest.o)
                0x0000000000010541                energest_init
 .text.energest_type_time
                0x0000000000010546        0xa obj_cooja/mtype49.a(energest.o)
                0x0000000000010546                energest_type_time
 .text.energest_flush
                0x0000000000010550        0x5 obj_cooja/mtype49.a(energest.o)
                0x0000000000010550                energest_flush
 *fill*         0x0000000000010555        0x3 90909090
 .text          0x0000000000010558        0x0 obj_cooja/mtype49.a(random.o)
 .text.random_init
                0x0000000000010558       0x1b obj_cooja/mtype49.a(random.o)
                0x0000000000010558                random_init
 .text.random_rand
                0x0000000000010573        0xd obj_cooja/mtype49.a(random.o)
                0x0000000000010573                random_rand
 .text          0x0000000000010580        0x0 obj_cooja/mtype49.a(ringbuf.o)
 .text.ringbuf_init
                0x0000000000010580       0x31 obj_cooja/mtype49.a(ringbuf.o)
                0x0000000000010580                ringbuf_init
 .text.ringbuf_put
                0x00000000000105b1       0x7e obj_cooja/mtype49.a(ringbuf.o)
                0x00000000000105b1                ringbuf_put
 .text.ringbuf_get
                0x000000000001062f       0x6d obj_cooja/mtype49.a(ringbuf.o)
                0x000000000001062f                ringbuf_get
 .text.ringbuf_size
                0x000000000001069c       0x12 obj_cooja/mtype49.a(ringbuf.o)
                0x000000000001069c                ringbuf_size
 .text.ringbuf_elements
                0x00000000000106ae       0x27 obj_cooja/mtype49.a(ringbuf.o)
                0x00000000000106ae                ringbuf_elements
 *fill*         0x00000000000106d5        0x3 90909090
 .text          0x00000000000106d8        0x0 obj_cooja/mtype49.a(netstack.o)
 .text.netstack_init
                0x00000000000106d8       0x24 obj_cooja/mtype49.a(netstack.o)
                0x00000000000106d8                netstack_init
 .text          0x00000000000106fc        0x0 obj_cooja/mtype49.a(packetbuf.o)
 .text.packetbuf_clear
                0x00000000000106fc       0x37 obj_cooja/mtype49.a(packetbuf.o)
                0x00000000000106fc                packetbuf_clear
 .text.packetbuf_clear_hdr
                0x0000000000010733        0xc obj_cooja/mtype49.a(packetbuf.o)
                0x0000000000010733                packetbuf_clear_hdr
 .text.packetbuf_copyfrom
                0x000000000001073f       0x52 obj_cooja/mtype49.a(packetbuf.o)
                0x000000000001073f                packetbuf_copyfrom
 .text.packetbuf_compact
                0x0000000000010791       0x9e obj_cooja/mtype49.a(packetbuf.o)
                0x0000000000010791                packetbuf_compact
 .text.packetbuf_copyto_hdr
                0x000000000001082f       0x5a obj_cooja/mtype49.a(packetbuf.o)
                0x000000000001082f                packetbuf_copyto_hdr
 .text.packetbuf_copyto
                0x0000000000010889       0xe3 obj_cooja/mtype49.a(packetbuf.o)
                0x0000000000010889                packetbuf_copyto
 .text.packetbuf_hdralloc
                0x000000000001096c       0x4a obj_cooja/mtype49.a(packetbuf.o)
                0x000000000001096c                packetbuf_hdralloc
 .text.packetbuf_hdr_remove
                0x00000000000109b6       0x18 obj_cooja/mtype49.a(packetbuf.o)
                0x00000000000109b6                packetbuf_hdr_remove
 .text.packetbuf_hdrreduce
                0x00000000000109ce       0x4b obj_cooja/mtype49.a(packetbuf.o)
                0x00000000000109ce                packetbuf_hdrreduce
 .text.packetbuf_set_datalen
                0x0000000000010a19       0x19 obj_cooja/mtype49.a(packetbuf.o)
                0x0000000000010a19                packetbuf_set_datalen
 .text.packetbuf_dataptr
                0x0000000000010a32       0x19 obj_cooja/mtype49.a(packetbuf.o)
                0x0000000000010a32                packetbuf_dataptr
 .text.packetbuf_hdrptr
                0x0000000000010a4b       0x17 obj_cooja/mtype49.a(packetbuf.o)
                0x0000000000010a4b                packetbuf_hdrptr
 .text.packetbuf_reference
                0x0000000000010a62       0x26 obj_cooja/mtype49.a(packetbuf.o)
                0x0000000000010a62                packetbuf_reference
 .text.packetbuf_is_reference
                0x0000000000010a88       0x1a obj_cooja/mtype49.a(packetbuf.o)
                0x0000000000010a88                packetbuf_is_reference
 .text.packetbuf_reference_ptr
                0x0000000000010aa2        0xa obj_cooja/mtype49.a(packetbuf.o)
                0x0000000000010aa2                packetbuf_reference_ptr
 .text.packetbuf_datalen
                0x0000000000010aac        0xc obj_cooja/mtype49.a(packetbuf.o)
                0x0000000000010aac                packetbuf_datalen
 .text.packetbuf_hdrlen
                0x0000000000010ab8       0x17 obj_cooja/mtype49.a(packetbuf.o)
                0x0000000000010ab8                packetbuf_hdrlen
 .text.packetbuf_totlen
                0x0000000000010acf       0x16 obj_cooja/mtype49.a(packetbuf.o)
                0x0000000000010acf                packetbuf_totlen
 .text.packetbuf_attr_clear
                0x0000000000010ae5       0x56 obj_cooja/mtype49.a(packetbuf.o)
                0x0000000000010ae5                packetbuf_attr_clear
 .text.packetbuf_attr_copyto
                0x0000000000010b3b       0x9d obj_cooja/mtype49.a(packetbuf.o)
                0x0000000000010b3b                packetbuf_attr_copyto
 .text.packetbuf_attr_copyfrom
                0x0000000000010bd8       0x9c obj_cooja/mtype49.a(packetbuf.o)
                0x0000000000010bd8                packetbuf_attr_copyfrom
 .text          0x0000000000010c74        0x0 obj_cooja/mtype49.a(queuebuf.o)
 .text.queuebuf_load_to_ram
                0x0000000000010c74        0xa obj_cooja/mtype49.a(queuebuf.o)
 .text.queuebuf_init
                0x0000000000010c7e       0x2c obj_cooja/mtype49.a(queuebuf.o)
                0x0000000000010c7e                queuebuf_init
 .text.queuebuf_new_from_packetbuf
                0x0000000000010caa       0xcb obj_cooja/mtype49.a(queuebuf.o)
                0x0000000000010caa                queuebuf_new_from_packetbuf
 .text.queuebuf_update_attr_from_packetbuf
                0x0000000000010d75       0x33 obj_cooja/mtype49.a(queuebuf.o)
                0x0000000000010d75                queuebuf_update_attr_from_packetbuf
 .text.queuebuf_free
                0x0000000000010da8       0x73 obj_cooja/mtype49.a(queuebuf.o)
                0x0000000000010da8                queuebuf_free
 .text.queuebuf_to_packetbuf
                0x0000000000010e1b       0xe8 obj_cooja/mtype49.a(queuebuf.o)
                0x0000000000010e1b                queuebuf_to_packetbuf
 .text.queuebuf_dataptr
                0x0000000000010f03       0x5f obj_cooja/mtype49.a(queuebuf.o)
                0x0000000000010f03                queuebuf_dataptr
 .text.queuebuf_datalen
                0x0000000000010f62       0x1f obj_cooja/mtype49.a(queuebuf.o)
                0x0000000000010f62                queuebuf_datalen
 .text.queuebuf_addr
                0x0000000000010f81       0x2f obj_cooja/mtype49.a(queuebuf.o)
                0x0000000000010f81                queuebuf_addr
 .text.queuebuf_attr
                0x0000000000010fb0       0x2b obj_cooja/mtype49.a(queuebuf.o)
                0x0000000000010fb0                queuebuf_attr
 .text.queuebuf_debug_print
                0x0000000000010fdb        0x5 obj_cooja/mtype49.a(queuebuf.o)
                0x0000000000010fdb                queuebuf_debug_print
 .text          0x0000000000010fe0        0x0 obj_cooja/mtype49.a(sicslowpan.o)
 .text.packetbuf_set_attr
                0x0000000000010fe0       0x2a obj_cooja/mtype49.a(sicslowpan.o)
 .text.packetbuf_set_addr
                0x000000000001100a       0x32 obj_cooja/mtype49.a(sicslowpan.o)
 .text.packetbuf_addr
                0x000000000001103c       0x1d obj_cooja/mtype49.a(sicslowpan.o)
 .text.rime_sniffer_add
                0x0000000000011059        0xd obj_cooja/mtype49.a(sicslowpan.o)
                0x0000000000011059                rime_sniffer_add
 .text.rime_sniffer_remove
                0x0000000000011066        0xf obj_cooja/mtype49.a(sicslowpan.o)
                0x0000000000011066                rime_sniffer_remove
 .text.set_packet_attrs
                0x0000000000011075       0xe9 obj_cooja/mtype49.a(sicslowpan.o)
 .text.addr_context_lookup_by_prefix
                0x000000000001115e       0x7a obj_cooja/mtype49.a(sicslowpan.o)
 .text.addr_context_lookup_by_number
                0x00000000000111d8       0x6a obj_cooja/mtype49.a(sicslowpan.o)
 .text.compress_addr_64
                0x0000000000011242      0x163 obj_cooja/mtype49.a(sicslowpan.o)
 .text.uncompress_addr
                0x00000000000113a5      0x12e obj_cooja/mtype49.a(sicslowpan.o)
 .text.compress_hdr_hc06
                0x00000000000114d3      0x942 obj_cooja/mtype49.a(sicslowpan.o)
 .text.uncompress_hdr_hc06
                0x0000000000011e15      0x77d obj_cooja/mtype49.a(sicslowpan.o)
 .text.compress_hdr_ipv6
                0x0000000000012592       0x8d obj_cooja/mtype49.a(sicslowpan.o)
 .text.packet_sent
                0x000000000001261f       0x3b obj_cooja/mtype49.a(sicslowpan.o)
 .text.send_packet
                0x000000000001265a       0x36 obj_cooja/mtype49.a(sicslowpan.o)
 .text.output   0x0000000000012690      0x54f obj_cooja/mtype49.a(sicslowpan.o)
 .text.input    0x0000000000012bdf      0x54f obj_cooja/mtype49.a(sicslowpan.o)
 .text.sicslowpan_init
                0x000000000001312e       0x57 obj_cooja/mtype49.a(sicslowpan.o)
                0x000000000001312e                sicslowpan_init
 *fill*         0x0000000000013185        0x3 90909090
 .text          0x0000000000013188        0x0 obj_cooja/mtype49.a(simple-udp.o)
 .text.init_simple_udp
                0x0000000000013188       0x2e obj_cooja/mtype49.a(simple-udp.o)
 .text.simple_udp_send
                0x00000000000131b6       0x6d obj_cooja/mtype49.a(simple-udp.o)
                0x00000000000131b6                simple_udp_send
 .text.simple_udp_sendto
                0x0000000000013223       0x65 obj_cooja/mtype49.a(simple-udp.o)
                0x0000000000013223                simple_udp_sendto
 .text.simple_udp_sendto_port
                0x0000000000013288       0x63 obj_cooja/mtype49.a(simple-udp.o)
                0x0000000000013288                simple_udp_sendto_port
 .text.simple_udp_register
                0x00000000000132eb       0xe6 obj_cooja/mtype49.a(simple-udp.o)
                0x00000000000132eb                simple_udp_register
 .text.process_thread_simple_udp_process
                0x00000000000133d1      0x15b obj_cooja/mtype49.a(simple-udp.o)
 .text          0x000000000001352c        0x0 obj_cooja/mtype49.a(tcpip.o)
 .text.tcpip_output
                0x000000000001352c       0x2f obj_cooja/mtype49.a(tcpip.o)
                0x000000000001352c                tcpip_output
 .text.tcpip_set_outputfunc
                0x000000000001355b        0xd obj_cooja/mtype49.a(tcpip.o)
                0x000000000001355b                tcpip_set_outputfunc
 .text.start_periodic_tcp_timer
                0x0000000000013568       0x24 obj_cooja/mtype49.a(tcpip.o)
 .text.check_for_tcp_syn
                0x000000000001358c       0x2d obj_cooja/mtype49.a(tcpip.o)
 .text.packet_input
                0x00000000000135b9       0x36 obj_cooja/mtype49.a(tcpip.o)
 .text.tcp_connect
                0x00000000000135ef       0x55 obj_cooja/mtype49.a(tcpip.o)
                0x00000000000135ef                tcp_connect
 .text.tcp_unlisten
                0x0000000000013644       0x6e obj_cooja/mtype49.a(tcpip.o)
                0x0000000000013644                tcp_unlisten
 .text.tcp_listen
                0x00000000000136b2       0x6c obj_cooja/mtype49.a(tcpip.o)
                0x00000000000136b2                tcp_listen
 .text.tcp_attach
                0x000000000001371e       0x25 obj_cooja/mtype49.a(tcpip.o)
                0x000000000001371e                tcp_attach
 .text.udp_attach
                0x0000000000013743       0x25 obj_cooja/mtype49.a(tcpip.o)
                0x0000000000013743                udp_attach
 .text.udp_new  0x0000000000013768       0x52 obj_cooja/mtype49.a(tcpip.o)
                0x0000000000013768                udp_new
 .text.udp_broadcast_new
                0x00000000000137ba       0x92 obj_cooja/mtype49.a(tcpip.o)
                0x00000000000137ba                udp_broadcast_new
 .text.eventhandler
                0x000000000001384c      0x21b obj_cooja/mtype49.a(tcpip.o)
 .text.tcpip_input
                0x0000000000013a67       0x34 obj_cooja/mtype49.a(tcpip.o)
                0x0000000000013a67                tcpip_input
 .text.tcpip_ipv6_output
                0x0000000000013a9b      0x483 obj_cooja/mtype49.a(tcpip.o)
                0x0000000000013a9b                tcpip_ipv6_output
 .text.tcpip_poll_udp
                0x0000000000013f1e       0x23 obj_cooja/mtype49.a(tcpip.o)
                0x0000000000013f1e                tcpip_poll_udp
 .text.tcpip_poll_tcp
                0x0000000000013f41       0x23 obj_cooja/mtype49.a(tcpip.o)
                0x0000000000013f41                tcpip_poll_tcp
 .text.tcpip_uipcall
                0x0000000000013f64       0xd0 obj_cooja/mtype49.a(tcpip.o)
                0x0000000000013f64                tcpip_uipcall
 .text.process_thread_tcpip_process
                0x0000000000014034       0xd3 obj_cooja/mtype49.a(tcpip.o)
 *fill*         0x0000000000014107        0x1 90909090
 .text          0x0000000000014108        0x0 obj_cooja/mtype49.a(uip-ds6-route.o)
 .text.call_route_callback
                0x0000000000014108       0x77 obj_cooja/mtype49.a(uip-ds6-route.o)
 .text.uip_ds6_notification_add
                0x000000000001417f       0x31 obj_cooja/mtype49.a(uip-ds6-route.o)
                0x000000000001417f                uip_ds6_notification_add
 .text.uip_ds6_notification_rm
                0x00000000000141b0       0x1c obj_cooja/mtype49.a(uip-ds6-route.o)
                0x00000000000141b0                uip_ds6_notification_rm
 .text.uip_ds6_route_init
                0x00000000000141cc       0x4f obj_cooja/mtype49.a(uip-ds6-route.o)
                0x00000000000141cc                uip_ds6_route_init
 .text.uip_ds6_route_nexthop_lladdr
                0x000000000001421b       0x2c obj_cooja/mtype49.a(uip-ds6-route.o)
 .text.uip_ds6_route_nexthop
                0x0000000000014247       0x28 obj_cooja/mtype49.a(uip-ds6-route.o)
                0x0000000000014247                uip_ds6_route_nexthop
 .text.uip_ds6_route_head
                0x000000000001426f       0x41 obj_cooja/mtype49.a(uip-ds6-route.o)
                0x000000000001426f                uip_ds6_route_head
 .text.uip_ds6_route_next
                0x00000000000142b0       0x5c obj_cooja/mtype49.a(uip-ds6-route.o)
                0x00000000000142b0                uip_ds6_route_next
 .text.uip_ds6_route_num_routes
                0x000000000001430c        0xa obj_cooja/mtype49.a(uip-ds6-route.o)
                0x000000000001430c                uip_ds6_route_num_routes
 .text.uip_ds6_route_lookup
                0x0000000000014316       0x7a obj_cooja/mtype49.a(uip-ds6-route.o)
                0x0000000000014316                uip_ds6_route_lookup
 .text.uip_ds6_route_add
                0x0000000000014390      0x150 obj_cooja/mtype49.a(uip-ds6-route.o)
                0x0000000000014390                uip_ds6_route_add
 .text.uip_ds6_route_rm
                0x00000000000144e0       0xac obj_cooja/mtype49.a(uip-ds6-route.o)
                0x00000000000144e0                uip_ds6_route_rm
 .text.rm_routelist
                0x000000000001458c       0x61 obj_cooja/mtype49.a(uip-ds6-route.o)
 .text.rm_routelist_callback
                0x00000000000145ed       0x13 obj_cooja/mtype49.a(uip-ds6-route.o)
 .text.uip_ds6_route_rm_by_nexthop
                0x0000000000014600       0x38 obj_cooja/mtype49.a(uip-ds6-route.o)
                0x0000000000014600                uip_ds6_route_rm_by_nexthop
 .text.uip_ds6_defrt_add
                0x0000000000014638       0xb1 obj_cooja/mtype49.a(uip-ds6-route.o)
                0x0000000000014638                uip_ds6_defrt_add
 .text.uip_ds6_defrt_rm
                0x00000000000146e9       0x7f obj_cooja/mtype49.a(uip-ds6-route.o)
                0x00000000000146e9                uip_ds6_defrt_rm
 .text.uip_ds6_defrt_lookup
                0x0000000000014768       0x59 obj_cooja/mtype49.a(uip-ds6-route.o)
                0x0000000000014768                uip_ds6_defrt_lookup
 .text.uip_ds6_defrt_choose
                0x00000000000147c1       0x6b obj_cooja/mtype49.a(uip-ds6-route.o)
                0x00000000000147c1                uip_ds6_defrt_choose
 .text.uip_ds6_defrt_periodic
                0x000000000001482c       0x68 obj_cooja/mtype49.a(uip-ds6-route.o)
                0x000000000001482c                uip_ds6_defrt_periodic
 .text          0x0000000000014894        0x0 obj_cooja/mtype49.a(uip-ds6-nbr.o)
 .text.packetbuf_addr
                0x0000000000014894       0x1d obj_cooja/mtype49.a(uip-ds6-nbr.o)
 .text.uip_ds6_neighbors_init
                0x00000000000148b1       0x1d obj_cooja/mtype49.a(uip-ds6-nbr.o)
                0x00000000000148b1                uip_ds6_neighbors_init
 .text.uip_ds6_nbr_add
                0x00000000000148ce       0xbb obj_cooja/mtype49.a(uip-ds6-nbr.o)
                0x00000000000148ce                uip_ds6_nbr_add
 .text.uip_ds6_nbr_rm
                0x0000000000014989       0x3b obj_cooja/mtype49.a(uip-ds6-nbr.o)
                0x0000000000014989                uip_ds6_nbr_rm
 .text.uip_ds6_nbr_get_ipaddr
                0x00000000000149c4       0x15 obj_cooja/mtype49.a(uip-ds6-nbr.o)
                0x00000000000149c4                uip_ds6_nbr_get_ipaddr
 .text.uip_ds6_nbr_get_ll
                0x00000000000149d9       0x1c obj_cooja/mtype49.a(uip-ds6-nbr.o)
                0x00000000000149d9                uip_ds6_nbr_get_ll
 .text.uip_ds6_nbr_num
                0x00000000000149f5       0x45 obj_cooja/mtype49.a(uip-ds6-nbr.o)
                0x00000000000149f5                uip_ds6_nbr_num
 .text.uip_ds6_nbr_lookup
                0x0000000000014a3a       0x65 obj_cooja/mtype49.a(uip-ds6-nbr.o)
                0x0000000000014a3a                uip_ds6_nbr_lookup
 .text.uip_ds6_nbr_ll_lookup
                0x0000000000014a9f       0x1c obj_cooja/mtype49.a(uip-ds6-nbr.o)
                0x0000000000014a9f                uip_ds6_nbr_ll_lookup
 .text.uip_ds6_nbr_ipaddr_from_lladdr
                0x0000000000014abb       0x26 obj_cooja/mtype49.a(uip-ds6-nbr.o)
                0x0000000000014abb                uip_ds6_nbr_ipaddr_from_lladdr
 .text.uip_ds6_nbr_lladdr_from_ipaddr
                0x0000000000014ae1       0x2e obj_cooja/mtype49.a(uip-ds6-nbr.o)
                0x0000000000014ae1                uip_ds6_nbr_lladdr_from_ipaddr
 .text.uip_ds6_link_neighbor_callback
                0x0000000000014b0f       0x4a obj_cooja/mtype49.a(uip-ds6-nbr.o)
                0x0000000000014b0f                uip_ds6_link_neighbor_callback
 .text.uip_ds6_neighbor_periodic
                0x0000000000014b59      0x22a obj_cooja/mtype49.a(uip-ds6-nbr.o)
                0x0000000000014b59                uip_ds6_neighbor_periodic
 .text.uip_ds6_get_least_lifetime_neighbor
                0x0000000000014d83       0x79 obj_cooja/mtype49.a(uip-ds6-nbr.o)
                0x0000000000014d83                uip_ds6_get_least_lifetime_neighbor
 .text          0x0000000000014dfc        0x0 obj_cooja/mtype49.a(uip-ds6.o)
 .text.uip_ds6_init
                0x0000000000014dfc      0x1cb obj_cooja/mtype49.a(uip-ds6.o)
                0x0000000000014dfc                uip_ds6_init
 .text.uip_ds6_periodic
                0x0000000000014fc7       0x7d obj_cooja/mtype49.a(uip-ds6.o)
                0x0000000000014fc7                uip_ds6_periodic
 .text.uip_ds6_list_loop
                0x0000000000015044       0xa3 obj_cooja/mtype49.a(uip-ds6.o)
                0x0000000000015044                uip_ds6_list_loop
 .text.uip_ds6_prefix_add
                0x00000000000150e7       0xbe obj_cooja/mtype49.a(uip-ds6.o)
                0x00000000000150e7                uip_ds6_prefix_add
 .text.uip_ds6_prefix_rm
                0x00000000000151a5       0x11 obj_cooja/mtype49.a(uip-ds6.o)
                0x00000000000151a5                uip_ds6_prefix_rm
 .text.uip_ds6_prefix_lookup
                0x00000000000151b6       0x51 obj_cooja/mtype49.a(uip-ds6.o)
                0x00000000000151b6                uip_ds6_prefix_lookup
 .text.uip_ds6_is_addr_onlink
                0x0000000000015207       0x74 obj_cooja/mtype49.a(uip-ds6.o)
                0x0000000000015207                uip_ds6_is_addr_onlink
 .text.uip_ds6_addr_add
                0x000000000001527b      0x12e obj_cooja/mtype49.a(uip-ds6.o)
                0x000000000001527b                uip_ds6_addr_add
 .text.uip_ds6_addr_rm
                0x00000000000153a9       0x9f obj_cooja/mtype49.a(uip-ds6.o)
                0x00000000000153a9                uip_ds6_addr_rm
 .text.uip_ds6_addr_lookup
                0x0000000000015448       0x4b obj_cooja/mtype49.a(uip-ds6.o)
                0x0000000000015448                uip_ds6_addr_lookup
 .text.uip_ds6_get_link_local
                0x0000000000015493       0x7f obj_cooja/mtype49.a(uip-ds6.o)
                0x0000000000015493                uip_ds6_get_link_local
 .text.uip_ds6_get_global
                0x0000000000015512       0x7f obj_cooja/mtype49.a(uip-ds6.o)
                0x0000000000015512                uip_ds6_get_global
 .text.uip_ds6_maddr_add
                0x0000000000015591       0x72 obj_cooja/mtype49.a(uip-ds6.o)
                0x0000000000015591                uip_ds6_maddr_add
 .text.uip_ds6_maddr_rm
                0x0000000000015603       0x11 obj_cooja/mtype49.a(uip-ds6.o)
                0x0000000000015603                uip_ds6_maddr_rm
 .text.uip_ds6_maddr_lookup
                0x0000000000015614       0x4b obj_cooja/mtype49.a(uip-ds6.o)
                0x0000000000015614                uip_ds6_maddr_lookup
 .text.uip_ds6_aaddr_add
                0x000000000001565f       0x72 obj_cooja/mtype49.a(uip-ds6.o)