Archive member included because of file (symbol)

obj_cooja/mtype74.a(rimeaddr.o)
                              obj_cooja/mtype74.o (rimeaddr_node_addr)
obj_cooja/mtype74.a(nullmac.o)
                              obj_cooja/mtype74.o (nullmac_driver)
obj_cooja/mtype74.a(nullrdc.o)
                              obj_cooja/mtype74.o (nullrdc_driver)
obj_cooja/mtype74.a(mac.o)    obj_cooja/mtype74.a(nullrdc.o) (mac_call_sent_callback)
obj_cooja/mtype74.a(framer-802154.o)
                              obj_cooja/mtype74.a(nullrdc.o) (framer_802154)
obj_cooja/mtype74.a(rpl-dag.o)
                              server.co (rpl_set_root)
obj_cooja/mtype74.a(rpl-icmp6.o)
                              obj_cooja/mtype74.a(rpl-dag.o) (dao_output)
obj_cooja/mtype74.a(rpl-timers.o)
                              obj_cooja/mtype74.a(rpl-dag.o) (rpl_reset_dio_timer)
obj_cooja/mtype74.a(rpl-mrhof.o)
                              obj_cooja/mtype74.a(rpl-dag.o) (rpl_mrhof)
obj_cooja/mtype74.a(process.o)
                              obj_cooja/mtype74.o (process_start)
obj_cooja/mtype74.a(autostart.o)
                              obj_cooja/mtype74.o (autostart_start)
obj_cooja/mtype74.a(serial-line.o)
                              obj_cooja/mtype74.o (serial_line_init)
obj_cooja/mtype74.a(list.o)   obj_cooja/mtype74.a(rpl-dag.o) (list_add)
obj_cooja/mtype74.a(etimer.o)
                              obj_cooja/mtype74.o (etimer_process)
obj_cooja/mtype74.a(ctimer.o)
                              obj_cooja/mtype74.o (ctimer_init)
obj_cooja/mtype74.a(stimer.o)
                              obj_cooja/mtype74.a(rpl-icmp6.o) (stimer_set)
obj_cooja/mtype74.a(random.o)
                              obj_cooja/mtype74.a(framer-802154.o) (random_rand)
obj_cooja/mtype74.a(ringbuf.o)
                              obj_cooja/mtype74.a(serial-line.o) (ringbuf_init)
obj_cooja/mtype74.a(nbr-table.o)
                              obj_cooja/mtype74.a(rpl-dag.o) (nbr_table_register)
obj_cooja/mtype74.a(netstack.o)
                              obj_cooja/mtype74.o (netstack_init)
obj_cooja/mtype74.a(packetbuf.o)
                              obj_cooja/mtype74.a(nullrdc.o) (packetbuf_attrs)
obj_cooja/mtype74.a(queuebuf.o)
                              obj_cooja/mtype74.o (queuebuf_init)
obj_cooja/mtype74.a(sicslowpan.o)
                              obj_cooja/mtype74.o (sicslowpan_driver)
obj_cooja/mtype74.a(simple-udp.o)
                              server.co (simple_udp_sendto)
obj_cooja/mtype74.a(tcpip.o)  obj_cooja/mtype74.a(simple-udp.o) (tcpip_event)
obj_cooja/mtype74.a(uip-debug.o)
                              server.co (uip_debug_ipaddr_print)
obj_cooja/mtype74.a(uip-ds6-route.o)
                              obj_cooja/mtype74.a(rpl-icmp6.o) (uip_ds6_route_nexthop)
obj_cooja/mtype74.a(uip-ds6-nbr.o)
                              obj_cooja/mtype74.a(rpl-icmp6.o) (uip_ds6_nbr_add)
obj_cooja/mtype74.a(uip-ds6.o)
                              obj_cooja/mtype74.a(tcpip.o) (uip_ds6_timer_periodic)
obj_cooja/mtype74.a(uip-icmp6.o)
                              obj_cooja/mtype74.a(rpl-icmp6.o) (uip_icmp6_send)
obj_cooja/mtype74.a(uip-nd6.o)
                              obj_cooja/mtype74.a(tcpip.o) (uip_nd6_ns_output)
obj_cooja/mtype74.a(uip-packetqueue)
                              obj_cooja/mtype74.a(uip-ds6-nbr.o) (uip_packetqueue_new)
obj_cooja/mtype74.a(uip-udp-packet.)
                              obj_cooja/mtype74.a(simple-udp.o) (uip_udp_packet_sendto)
obj_cooja/mtype74.a(uip6.o)   server.co (uip_lladdr)
obj_cooja/mtype74.a(servreg-hack.o)
                              server.co (servreg_hack_init)
obj_cooja/mtype74.a(simEnvChange.o)
                              obj_cooja/mtype74.o (simDontFallAsleep)
obj_cooja/mtype74.a(cooja_mt.o)
                              obj_cooja/mtype74.o (cooja_mt_start)
obj_cooja/mtype74.a(cooja_mtarch.o)
                              obj_cooja/mtype74.a(cooja_mt.o) (cooja_mtarch_init)
obj_cooja/mtype74.a(rtimer-arch.o)
                              obj_cooja/mtype74.o (rtimer_arch_next)
obj_cooja/mtype74.a(watchdog.o)
                              obj_cooja/mtype74.a(nullrdc.o) (watchdog_periodic)
obj_cooja/mtype74.a(beep.o)   obj_cooja/mtype74.o (beep_interface)
obj_cooja/mtype74.a(button-sensor.o)
                              obj_cooja/mtype74.o (button_interface)
obj_cooja/mtype74.a(leds-arch.o)
                              obj_cooja/mtype74.o (leds_interface)
obj_cooja/mtype74.a(moteid.o)
                              obj_cooja/mtype74.o (moteid_interface)
obj_cooja/mtype74.a(pir-sensor.o)
                              obj_cooja/mtype74.o (pir_interface)
obj_cooja/mtype74.a(rs232.o)  obj_cooja/mtype74.o (rs232_interface)
obj_cooja/mtype74.a(vib-sensor.o)
                              obj_cooja/mtype74.o (vib_interface)
obj_cooja/mtype74.a(clock.o)  obj_cooja/mtype74.o (clock_interface)
obj_cooja/mtype74.a(log.o)    obj_cooja/mtype74.o (simlog_interface)
obj_cooja/mtype74.a(cfs-cooja.o)
[...]
Memory Configuration

Name             Origin             Length             Attributes
*default*        0x0000000000000000 0xffffffffffffffff

Linker script and memory map

LOAD /usr/lib/gcc/i686-linux-gnu/4.6/../../../i386-linux-gnu/crti.o
LOAD /usr/lib/gcc/i686-linux-gnu/4.6/crtbeginS.o
LOAD server.co
LOAD obj_cooja/mtype74.o
LOAD obj_cooja/mtype74.a
LOAD /usr/lib/gcc/i686-linux-gnu/4.6/libgcc.a
LOAD /usr/lib/gcc/i686-linux-gnu/4.6/libgcc_s.so
LOAD /usr/lib/gcc/i686-linux-gnu/4.6/../../../i386-linux-gnu/libc.so
START GROUP
LOAD /lib/i386-linux-gnu/libc.so.6
LOAD /usr/lib/i386-linux-gnu/libc_nonshared.a
LOAD /lib/i386-linux-gnu/ld-linux.so.2
END GROUP
LOAD /usr/lib/gcc/i686-linux-gnu/4.6/libgcc.a
LOAD /usr/lib/gcc/i686-linux-gnu/4.6/libgcc_s.so
LOAD /usr/lib/gcc/i686-linux-gnu/4.6/crtendS.o
LOAD /usr/lib/gcc/i686-linux-gnu/4.6/../../../i386-linux-gnu/crtn.o
                0x0000000000000114                . = (0x0 + SIZEOF_HEADERS)

.note.gnu.build-id
                0x0000000000000114       0x24
 *(.note.gnu.build-id)
 .note.gnu.build-id
                0x0000000000000114       0x24 /usr/lib/gcc/i686-linux-gnu/4.6/../../../i386-linux-gnu/crti.o

.hash
 *(.hash)

.gnu.hash       0x0000000000000138      0xda0
 *(.gnu.hash)
 .gnu.hash      0x0000000000000138      0xda0 /usr/lib/gcc/i686-linux-gnu/4.6/../../../i386-linux-gnu/crti.o

.dynsym         0x0000000000000ed8     0x1ee0
 *(.dynsym)
 .dynsym        0x0000000000000ed8     0x1ee0 /usr/lib/gcc/i686-linux-gnu/4.6/../../../i386-linux-gnu/crti.o

.dynstr         0x0000000000002db8     0x1f2e
 *(.dynstr)
 .dynstr        0x0000000000002db8     0x1f2e /usr/lib/gcc/i686-linux-gnu/4.6/../../../i386-linux-gnu/crti.o

.gnu.version    0x0000000000004ce6      0x3dc
 *(.gnu.version)
 .gnu.version   0x0000000000004ce6      0x3dc /usr/lib/gcc/i686-linux-gnu/4.6/../../../i386-linux-gnu/crti.o

.gnu.version_d  0x00000000000050c4        0x0
 *(.gnu.version_d)
 .gnu.version_d
                0x0000000000000000        0x0 /usr/lib/gcc/i686-linux-gnu/4.6/../../../i386-linux-gnu/crti.o

.gnu.version_r  0x00000000000050c4       0x40
 *(.gnu.version_r)
 .gnu.version_r
                0x00000000000050c4       0x40 /usr/lib/gcc/i686-linux-gnu/4.6/../../../i386-linux-gnu/crti.o

.rel.dyn        0x0000000000005104     0x8160
 *(.rel.init)
 *(.rel.text .rel.text.* .rel.gnu.linkonce.t.*)
 .rel.text      0x0000000000000000        0x0 /usr/lib/gcc/i686-linux-gnu/4.6/../../../i386-linux-gnu/crti.o
 .rel.text.receiver
                0x0000000000005104      0x188 /usr/lib/gcc/i686-linux-gnu/4.6/../../../i386-linux-gnu/crti.o
 .rel.text.set_global_address
                0x000000000000528c       0xb0 /usr/lib/gcc/i686-linux-gnu/4.6/../../../i386-linux-gnu/crti.o
 .rel.text.create_rpl_dag
                0x000000000000533c       0x28 /usr/lib/gcc/i686-linux-gnu/4.6/../../../i386-linux-gnu/crti.o
 .rel.text.process_thread_server_process
                0x0000000000005364       0x28 /usr/lib/gcc/i686-linux-gnu/4.6/../../../i386-linux-gnu/crti.o
 .rel.text.process_thread_broadcast_process
                0x000000000000538c       0xd8 /usr/lib/gcc/i686-linux-gnu/4.6/../../../i386-linux-gnu/crti.o
 .rel.text.print_processes
                0x0000000000005464       0x28 /usr/lib/gcc/i686-linux-gnu/4.6/../../../i386-linux-gnu/crti.o
 .rel.text.rtimer_thread_loop
                0x000000000000548c       0x10 /usr/lib/gcc/i686-linux-gnu/4.6/../../../i386-linux-gnu/crti.o
 .rel.text.set_rime_addr
                0x000000000000549c       0x50 /usr/lib/gcc/i686-linux-gnu/4.6/../../../i386-linux-gnu/crti.o
 .rel.text.contiki_init
                0x00000000000054ec      0x1d0 /usr/lib/gcc/i686-linux-gnu/4.6/../../../i386-linux-gnu/crti.o
 .rel.text.process_run_thread_loop
                0x00000000000056bc       0x70 /usr/lib/gcc/i686-linux-gnu/4.6/../../../i386-linux-gnu/crti.o
 .rel.text.Java_se_sics_cooja_corecomm_Lib356_init
                0x000000000000572c       0x30 /usr/lib/gcc/i686-linux-gnu/4.6/../../../i386-linux-gnu/crti.o
 .rel.text.Java_se_sics_cooja_corecomm_Lib356_getMemory
                0x000000000000575c        0x8 /usr/lib/gcc/i686-linux-gnu/4.6/../../../i386-linux-gnu/crti.o
 .rel.text.Java_se_sics_cooja_corecomm_Lib356_setMemory
                0x0000000000005764       0x10 /usr/lib/gcc/i686-linux-gnu/4.6/../../../i386-linux-gnu/crti.o
 .rel.text.Java_se_sics_cooja_corecomm_Lib356_tick
                0x0000000000005774       0xc8 /usr/lib/gcc/i686-linux-gnu/4.6/../../../i386-linux-gnu/crti.o
 .rel.text.Java_se_sics_cooja_corecomm_Lib356_setReferenceAddress
                0x000000000000583c       0x10 /usr/lib/gcc/i686-linux-gnu/4.6/../../../i386-linux-gnu/crti.o
 .rel.text.rimeaddr_cmp
                0x000000000000584c        0x8 /usr/lib/gcc/i686-linux-gnu/4.6/../../../i386-linux-gnu/crti.o
 .rel.text.rimeaddr_set_node_addr
                0x0000000000005854       0x10 /usr/lib/gcc/i686-linux-gnu/4.6/../../../i386-linux-gnu/crti.o
 .rel.text.send_packet
                0x0000000000005864       0x20 /usr/lib/gcc/i686-linux-gnu/4.6/../../../i386-linux-gnu/crti.o
 .rel.text.packet_input
                0x0000000000005884       0xd8 /usr/lib/gcc/i686-linux-gnu/4.6/../../../i386-linux-gnu/crti.o
 .rel.text.on   0x000000000000595c       0x10 /usr/lib/gcc/i686-linux-gnu/4.6/../../../i386-linux-gnu/crti.o
 .rel.text.off  0x000000000000596c       0x18 /usr/lib/gcc/i686-linux-gnu/4.6/../../../i386-linux-gnu/crti.o
 .rel.text.packetbuf_set_attr
                0x0000000000005984       0x18 /usr/lib/gcc/i686-linux-gnu/4.6/../../../i386-linux-gnu/crti.o
 .rel.text.packetbuf_attr
                0x000000000000599c       0x10 /usr/lib/gcc/i686-linux-gnu/4.6/../../../i386-linux-gnu/crti.o
 .rel.text.packetbuf_set_addr
                0x00000000000059ac       0x30 /usr/lib/gcc/i686-linux-gnu/4.6/../../../i386-linux-gnu/crti.o
 .rel.text.packetbuf_addr
                0x00000000000059dc       0x28 /usr/lib/gcc/i686-linux-gnu/4.6/../../../i386-linux-gnu/crti.o
 .rel.text.send_one_packet
                0x0000000000005a04       0xd8 /usr/lib/gcc/i686-linux-gnu/4.6/../../../i386-linux-gnu/crti.o
 .rel.text.send_list
                0x0000000000005adc        0x8 /usr/lib/gcc/i686-linux-gnu/4.6/../../../i386-linux-gnu/crti.o
 .rel.text.create
                0x0000000000005ae4       0xb0 /usr/lib/gcc/i686-linux-gnu/4.6/../../../i386-linux-gnu/crti.o
 .rel.text.parse
                0x0000000000005b94       0x30 /usr/lib/gcc/i686-linux-gnu/4.6/../../../i386-linux-gnu/crti.o
 .rel.text.rpl_dag_init
                0x0000000000005bc4       0x18 /usr/lib/gcc/i686-linux-gnu/4.6/../../../i386-linux-gnu/crti.o
 .rel.text.rpl_get_parent_rank
                0x0000000000005bdc       0x10 /usr/lib/gcc/i686-linux-gnu/4.6/../../../i386-linux-gnu/crti.o
 .rel.text.rpl_get_parent_link_metric
                0x0000000000005bec       0x10 /usr/lib/gcc/i686-linux-gnu/4.6/../../../i386-linux-gnu/crti.o
 .rel.text.rpl_get_parent_ipaddr
                0x0000000000005bfc       0x18 /usr/lib/gcc/i686-linux-gnu/4.6/../../../i386-linux-gnu/crti.o
 .rel.text.rpl_set_preferred_parent
                0x0000000000005c14       0x20 /usr/lib/gcc/i686-linux-gnu/4.6/../../../i386-linux-gnu/crti.o
 .rel.text.remove_parents
                0x0000000000005c34       0x28 /usr/lib/gcc/i686-linux-gnu/4.6/../../../i386-linux-gnu/crti.o
 .rel.text.nullify_parents
                0x0000000000005c5c       0x28 /usr/lib/gcc/i686-linux-gnu/4.6/../../../i386-linux-gnu/crti.o
 .rel.text.get_dag
                0x0000000000005c84       0x10 /usr/lib/gcc/i686-linux-gnu/4.6/../../../i386-linux-gnu/crti.o
 .rel.text.rpl_set_root
                0x0000000000005c94       0x30 /usr/lib/gcc/i686-linux-gnu/4.6/../../../i386-linux-gnu/crti.o
 .rel.text.rpl_repair_root
                0x0000000000005cc4       0x10 /usr/lib/gcc/i686-linux-gnu/4.6/../../../i386-linux-gnu/crti.o
 .rel.text.set_ip_from_prefix
                0x0000000000005cd4       0x18 /usr/lib/gcc/i686-linux-gnu/4.6/../../../i386-linux-gnu/crti.o
 .rel.text.check_prefix
                0x0000000000005cec       0x30 /usr/lib/gcc/i686-linux-gnu/4.6/../../../i386-linux-gnu/crti.o
 .rel.text.rpl_set_prefix
                0x0000000000005d1c       0x10 /usr/lib/gcc/i686-linux-gnu/4.6/../../../i386-linux-gnu/crti.o
 .rel.text.rpl_set_default_route
                0x0000000000005d2c       0x18 /usr/lib/gcc/i686-linux-gnu/4.6/../../../i386-linux-gnu/crti.o
 .rel.text.rpl_alloc_instance
                0x0000000000005d44        0x8 /usr/lib/gcc/i686-linux-gnu/4.6/../../../i386-linux-gnu/crti.o
 .rel.text.rpl_alloc_dag
                0x0000000000005d4c       0x18 /usr/lib/gcc/i686-linux-gnu/4.6/../../../i386-linux-gnu/crti.o
 .rel.text.rpl_set_default_instance
                0x0000000000005d64        0x8 /usr/lib/gcc/i686-linux-gnu/4.6/../../../i386-linux-gnu/crti.o
 .rel.text.rpl_free_instance
                0x0000000000005d6c       0x30 /usr/lib/gcc/i686-linux-gnu/4.6/../../../i386-linux-gnu/crti.o
 .rel.text.rpl_free_dag
                0x0000000000005d9c        0x8 /usr/lib/gcc/i686-linux-gnu/4.6/../../../i386-linux-gnu/crti.o
 .rel.text.rpl_add_parent
                0x0000000000005da4       0x18 /usr/lib/gcc/i686-linux-gnu/4.6/../../../i386-linux-gnu/crti.o
 .rel.text.find_parent_any_dag_any_instance
                0x0000000000005dbc       0x20 /usr/lib/gcc/i686-linux-gnu/4.6/../../../i386-linux-gnu/crti.o
 .rel.text.rpl_select_dag
                0x0000000000005ddc       0x40 /usr/lib/gcc/i686-linux-gnu/4.6/../../../i386-linux-gnu/crti.o
 .rel.text.rpl_select_parent
                0x0000000000005e1c       0x20 /usr/lib/gcc/i686-linux-gnu/4.6/../../../i386-linux-gnu/crti.o
 .rel.text.rpl_remove_parent
                0x0000000000005e3c       0x18 /usr/lib/gcc/i686-linux-gnu/4.6/../../../i386-linux-gnu/crti.o
 .rel.text.rpl_nullify_parent
                0x0000000000005e54       0x10 /usr/lib/gcc/i686-linux-gnu/4.6/../../../i386-linux-gnu/crti.o
 .rel.text.rpl_move_parent
                0x0000000000005e64       0x28 /usr/lib/gcc/i686-linux-gnu/4.6/../../../i386-linux-gnu/crti.o
 .rel.text.rpl_get_any_dag
                0x0000000000005e8c       0x18 /usr/lib/gcc/i686-linux-gnu/4.6/../../../i386-linux-gnu/crti.o
 .rel.text.rpl_get_instance
                0x0000000000005ea4       0x18 /usr/lib/gcc/i686-linux-gnu/4.6/../../../i386-linux-gnu/crti.o
 .rel.text.rpl_find_of
                0x0000000000005ebc       0x10 /usr/lib/gcc/i686-linux-gnu/4.6/../../../i386-linux-gnu/crti.o
 .rel.text.rpl_join_instance
                0x0000000000005ecc       0x48 /usr/lib/gcc/i686-linux-gnu/4.6/../../../i386-linux-gnu/crti.o
 .rel.text.rpl_add_dag
                0x0000000000005f14       0x38 /usr/lib/gcc/i686-linux-gnu/4.6/../../../i386-linux-gnu/crti.o
 .rel.text.global_repair
                0x0000000000005f4c       0x10 /usr/lib/gcc/i686-linux-gnu/4.6/../../../i386-linux-gnu/crti.o
 .rel.text.rpl_local_repair
                0x0000000000005f5c        0x8 /usr/lib/gcc/i686-linux-gnu/4.6/../../../i386-linux-gnu/crti.o
 .rel.text.rpl_recalculate_ranks
                0x0000000000005f64       0x28 /usr/lib/gcc/i686-linux-gnu/4.6/../../../i386-linux-gnu/crti.o
 .rel.text.rpl_process_parent_event
                0x0000000000005f8c       0x18 /usr/lib/gcc/i686-linux-gnu/4.6/../../../i386-linux-gnu/crti.o
 .rel.text.rpl_process_dio
                0x0000000000005fa4       0x78 /usr/lib/gcc/i686-linux-gnu/4.6/../../../i386-linux-gnu/crti.o
 .rel.text.get_global_addr
                0x000000000000601c       0x28 /usr/lib/gcc/i686-linux-gnu/4.6/../../../i386-linux-gnu/crti.o
 .rel.text.dis_input
                0x0000000000006044       0x28 /usr/lib/gcc/i686-linux-gnu/4.6/../../../i386-linux-gnu/crti.o
 .rel.text.dis_output
                0x000000000000606c       0x20 /usr/lib/gcc/i686-linux-gnu/4.6/../../../i386-linux-gnu/crti.o
 .rel.text.dio_input
                0x000000000000608c       0x60 /usr/lib/gcc/i686-linux-gnu/4.6/../../../i386-linux-gnu/crti.o
 .rel.text.dio_output
                0x00000000000060ec       0x28 /usr/lib/gcc/i686-linux-gnu/4.6/../../../i386-linux-gnu/crti.o
 .rel.text.dao_input
                0x0000000000006114       0x98 /usr/lib/gcc/i686-linux-gnu/4.6/../../../i386-linux-gnu/crti.o
 .rel.text.dao_output
                0x00000000000061ac       0x10 /usr/lib/gcc/i686-linux-gnu/4.6/../../../i386-linux-gnu/crti.o
 .rel.text.dao_output_target
                0x00000000000061bc       0x60 /usr/lib/gcc/i686-linux-gnu/4.6/../../../i386-linux-gnu/crti.o
 .rel.text.dao_ack_output
                0x000000000000621c       0x18 /usr/lib/gcc/i686-linux-gnu/4.6/../../../i386-linux-gnu/crti.o
 .rel.text.uip_rpl_input
                0x0000000000006234       0x18 /usr/lib/gcc/i686-linux-gnu/4.6/../../../i386-linux-gnu/crti.o
 .rel.text.handle_periodic_timer
                0x000000000000624c       0x50 /usr/lib/gcc/i686-linux-gnu/4.6/../../../i386-linux-gnu/crti.o
 .rel.text.new_dio_interval
                0x000000000000629c       0x18 /usr/lib/gcc/i686-linux-gnu/4.6/../../../i386-linux-gnu/crti.o
 .rel.text.handle_dio_timer
                0x00000000000062b4       0x40 /usr/lib/gcc/i686-linux-gnu/4.6/../../../i386-linux-gnu/crti.o
 .rel.text.rpl_reset_periodic_timer
                0x00000000000062f4       0x28 /usr/lib/gcc/i686-linux-gnu/4.6/../../../i386-linux-gnu/crti.o
 .rel.text.handle_dao_timer
                0x000000000000631c       0x30 /usr/lib/gcc/i686-linux-gnu/4.6/../../../i386-linux-gnu/crti.o
 .rel.text.rpl_schedule_dao
                0x000000000000634c       0x28 /usr/lib/gcc/i686-linux-gnu/4.6/../../../i386-linux-gnu/crti.o
 .rel.text.process_alloc_event
                0x0000000000006374       0x10 /usr/lib/gcc/i686-linux-gnu/4.6/../../../i386-linux-gnu/crti.o
 .rel.text.process_start
                0x0000000000006384       0x20 /usr/lib/gcc/i686-linux-gnu/4.6/../../../i386-linux-gnu/crti.o
 .rel.text.exit_process
                0x00000000000063a4       0x50 /usr/lib/gcc/i686-linux-gnu/4.6/../../../i386-linux-gnu/crti.o
 .rel.text.call_process
                0x00000000000063f4        0x8 /usr/lib/gcc/i686-linux-gnu/4.6/../../../i386-linux-gnu/crti.o
 .rel.text.process_exit
                0x00000000000063fc        0x8 /usr/lib/gcc/i686-linux-gnu/4.6/../../../i386-linux-gnu/crti.o
 .rel.text.process_init
                0x0000000000006404       0x38 /usr/lib/gcc/i686-linux-gnu/4.6/../../../i386-linux-gnu/crti.o
 .rel.text.do_poll
                0x000000000000643c       0x10 /usr/lib/gcc/i686-linux-gnu/4.6/../../../i386-linux-gnu/crti.o
 .rel.text.do_event
                0x000000000000644c       0xe8 /usr/lib/gcc/i686-linux-gnu/4.6/../../../i386-linux-gnu/crti.o
 .rel.text.process_run
                0x0000000000006534       0x18 /usr/lib/gcc/i686-linux-gnu/4.6/../../../i386-linux-gnu/crti.o
 .rel.text.process_nevents
                0x000000000000654c       0x10 /usr/lib/gcc/i686-linux-gnu/4.6/../../../i386-linux-gnu/crti.o
 .rel.text.process_post
                0x000000000000655c       0x60 /usr/lib/gcc/i686-linux-gnu/4.6/../../../i386-linux-gnu/crti.o
 .rel.text.process_post_synch
                0x00000000000065bc       0x10 /usr/lib/gcc/i686-linux-gnu/4.6/../../../i386-linux-gnu/crti.o
 .rel.text.process_poll
                0x00000000000065cc        0x8 /usr/lib/gcc/i686-linux-gnu/4.6/../../../i386-linux-gnu/crti.o
 .rel.text.autostart_start
                0x00000000000065d4        0x8 /usr/lib/gcc/i686-linux-gnu/4.6/../../../i386-linux-gnu/crti.o
 .rel.text.autostart_exit
                0x00000000000065dc        0x8 /usr/lib/gcc/i686-linux-gnu/4.6/../../../i386-linux-gnu/crti.o
 .rel.text.serial_line_input_byte
                0x00000000000065e4       0x48 /usr/lib/gcc/i686-linux-gnu/4.6/../../../i386-linux-gnu/crti.o
 .rel.text.process_thread_serial_line_process
                0x000000000000662c       0x90 /usr/lib/gcc/i686-linux-gnu/4.6/../../../i386-linux-gnu/crti.o
 .rel.text.serial_line_init
                0x00000000000066bc       0x28 /usr/lib/gcc/i686-linux-gnu/4.6/../../../i386-linux-gnu/crti.o
 .rel.text.list_add
                0x00000000000066e4       0x10 /usr/lib/gcc/i686-linux-gnu/4.6/../../../i386-linux-gnu/crti.o
 .rel.text.list_push
                0x00000000000066f4        0x8 /usr/lib/gcc/i686-linux-gnu/4.6/../../../i386-linux-gnu/crti.o
 .rel.text.list_insert
                0x00000000000066fc        0x8 /usr/lib/gcc/i686-linux-gnu/4.6/../../../i386-linux-gnu/crti.o
 .rel.text.update_time
                0x0000000000006704       0x28 /usr/lib/gcc/i686-linux-gnu/4.6/../../../i386-linux-gnu/crti.o
 .rel.text.process_thread_etimer_process
                0x000000000000672c       0x60 /usr/lib/gcc/i686-linux-gnu/4.6/../../../i386-linux-gnu/crti.o
 .rel.text.etimer_request_poll
                0x000000000000678c       0x10 /usr/lib/gcc/i686-linux-gnu/4.6/../../../i386-linux-gnu/crti.o
 .rel.text.add_timer
                0x000000000000679c       0x30 /usr/lib/gcc/i686-linux-gnu/4.6/../../../i386-linux-gnu/crti.o
 .rel.text.etimer_set
                0x00000000000067cc        0x8 /usr/lib/gcc/i686-linux-gnu/4.6/../../../i386-linux-gnu/crti.o
 .rel.text.etimer_reset
                0x00000000000067d4        0x8 /usr/lib/gcc/i686-linux-gnu/4.6/../../../i386-linux-gnu/crti.o
 .rel.text.etimer_restart
                0x00000000000067dc        0x8 /usr/lib/gcc/i686-linux-gnu/4.6/../../../i386-linux-gnu/crti.o
 .rel.text.etimer_pending
                0x00000000000067e4        0x8 /usr/lib/gcc/i686-linux-gnu/4.6/../../../i386-linux-gnu/crti.o
 .rel.text.etimer_next_expiration_time
                0x00000000000067ec       0x10 /usr/lib/gcc/i686-linux-gnu/4.6/../../../i386-linux-gnu/crti.o
 .rel.text.etimer_stop
                0x00000000000067fc       0x20 /usr/lib/gcc/i686-linux-gnu/4.6/../../../i386-linux-gnu/crti.o
 .rel.text.process_thread_ctimer_process
                0x000000000000681c       0x58 /usr/lib/gcc/i686-linux-gnu/4.6/../../../i386-linux-gnu/crti.o
 .rel.text.ctimer_init
                0x0000000000006874       0x28 /usr/lib/gcc/i686-linux-gnu/4.6/../../../i386-linux-gnu/crti.o
 .rel.text.ctimer_set
                0x000000000000689c       0x58 /usr/lib/gcc/i686-linux-gnu/4.6/../../../i386-linux-gnu/crti.o
 .rel.text.ctimer_reset
                0x00000000000068f4       0x50 /usr/lib/gcc/i686-linux-gnu/4.6/../../../i386-linux-gnu/crti.o
 .rel.text.ctimer_restart
                0x0000000000006944       0x50 /usr/lib/gcc/i686-linux-gnu/4.6/../../../i386-linux-gnu/crti.o
 .rel.text.ctimer_stop
                0x0000000000006994       0x20 /usr/lib/gcc/i686-linux-gnu/4.6/../../../i386-linux-gnu/crti.o
 .rel.text.ctimer_expired
                0x00000000000069b4       0x20 /usr/lib/gcc/i686-linux-gnu/4.6/../../../i386-linux-gnu/crti.o
 .rel.text.stimer_set
                0x00000000000069d4        0x8 /usr/lib/gcc/i686-linux-gnu/4.6/../../../i386-linux-gnu/crti.o
 .rel.text.stimer_restart
                0x00000000000069dc        0x8 /usr/lib/gcc/i686-linux-gnu/4.6/../../../i386-linux-gnu/crti.o
 .rel.text.stimer_expired
                0x00000000000069e4        0x8 /usr/lib/gcc/i686-linux-gnu/4.6/../../../i386-linux-gnu/crti.o
 .rel.text.stimer_remaining
                0x00000000000069ec        0x8 /usr/lib/gcc/i686-linux-gnu/4.6/../../../i386-linux-gnu/crti.o
 .rel.text.stimer_elapsed
                0x00000000000069f4        0x8 /usr/lib/gcc/i686-linux-gnu/4.6/../../../i386-linux-gnu/crti.o
 .rel.text.random_init
                0x00000000000069fc        0x8 /usr/lib/gcc/i686-linux-gnu/4.6/../../../i386-linux-gnu/crti.o
 .rel.text.random_rand
                0x0000000000006a04        0x8 /usr/lib/gcc/i686-linux-gnu/4.6/../../../i386-linux-gnu/crti.o
 .rel.text.key_from_index
                0x0000000000006a0c        0x8 /usr/lib/gcc/i686-linux-gnu/4.6/../../../i386-linux-gnu/crti.o
 .rel.text.index_from_key
                0x0000000000006a14        0x8 /usr/lib/gcc/i686-linux-gnu/4.6/../../../i386-linux-gnu/crti.o
 .rel.text.index_from_lladdr
                0x0000000000006a1c       0x28 /usr/lib/gcc/i686-linux-gnu/4.6/../../../i386-linux-gnu/crti.o
 .rel.text.nbr_table_allocate
                0x0000000000006a44       0x80 /usr/lib/gcc/i686-linux-gnu/4.6/../../../i386-linux-gnu/crti.o
 .rel.text.nbr_table_register
                0x0000000000006ac4       0x20 /usr/lib/gcc/i686-linux-gnu/4.6/../../../i386-linux-gnu/crti.o
 .rel.text.nbr_table_head
                0x0000000000006ae4       0x20 /usr/lib/gcc/i686-linux-gnu/4.6/../../../i386-linux-gnu/crti.o
 .rel.text.nbr_table_next
                0x0000000000006b04       0x10 /usr/lib/gcc/i686-linux-gnu/4.6/../../../i386-linux-gnu/crti.o
 .rel.text.nbr_table_add_lladdr
                0x0000000000006b14       0x30 /usr/lib/gcc/i686-linux-gnu/4.6/../../../i386-linux-gnu/crti.o
 .rel.text.nbr_table_get_from_lladdr
                0x0000000000006b44        0x8 /usr/lib/gcc/i686-linux-gnu/4.6/../../../i386-linux-gnu/crti.o
 .rel.text.nbr_table_remove
                0x0000000000006b4c       0x10 /usr/lib/gcc/i686-linux-gnu/4.6/../../../i386-linux-gnu/crti.o
 .rel.text.nbr_table_lock
                0x0000000000006b5c        0x8 /usr/lib/gcc/i686-linux-gnu/4.6/../../../i386-linux-gnu/crti.o
 .rel.text.nbr_table_unlock
                0x0000000000006b64        0x8 /usr/lib/gcc/i686-linux-gnu/4.6/../../../i386-linux-gnu/crti.o
 .rel.text.netstack_init
                0x0000000000006b6c       0x20 /usr/lib/gcc/i686-linux-gnu/4.6/../../../i386-linux-gnu/crti.o
 .rel.text.packetbuf_clear
                0x0000000000006b8c       0x38 /usr/lib/gcc/i686-linux-gnu/4.6/../../../i386-linux-gnu/crti.o
 .rel.text.packetbuf_clear_hdr
                0x0000000000006bc4        0x8 /usr/lib/gcc/i686-linux-gnu/4.6/../../../i386-linux-gnu/crti.o
 .rel.text.packetbuf_copyfrom
                0x0000000000006bcc       0x20 /usr/lib/gcc/i686-linux-gnu/4.6/../../../i386-linux-gnu/crti.o
 .rel.text.packetbuf_compact
                0x0000000000006bec       0x58 /usr/lib/gcc/i686-linux-gnu/4.6/../../../i386-linux-gnu/crti.o
 .rel.text.packetbuf_copyto_hdr
                0x0000000000006c44       0x28 /usr/lib/gcc/i686-linux-gnu/4.6/../../../i386-linux-gnu/crti.o
 .rel.text.packetbuf_copyto
                0x0000000000006c6c       0x68 /usr/lib/gcc/i686-linux-gnu/4.6/../../../i386-linux-gnu/crti.o
 .rel.text.packetbuf_hdralloc
                0x0000000000006cd4       0x20 /usr/lib/gcc/i686-linux-gnu/4.6/../../../i386-linux-gnu/crti.o
 .rel.text.packetbuf_hdr_remove
                0x0000000000006cf4       0x10 /usr/lib/gcc/i686-linux-gnu/4.6/../../../i386-linux-gnu/crti.o
 .rel.text.packetbuf_hdrreduce
                0x0000000000006d04       0x28 /usr/lib/gcc/i686-linux-gnu/4.6/../../../i386-linux-gnu/crti.o
 .rel.text.packetbuf_set_datalen
                0x0000000000006d2c        0x8 /usr/lib/gcc/i686-linux-gnu/4.6/../../../i386-linux-gnu/crti.o
 .rel.text.packetbuf_dataptr
                0x0000000000006d34       0x10 /usr/lib/gcc/i686-linux-gnu/4.6/../../../i386-linux-gnu/crti.o
 .rel.text.packetbuf_hdrptr
                0x0000000000006d44       0x10 /usr/lib/gcc/i686-linux-gnu/4.6/../../../i386-linux-gnu/crti.o
 .rel.text.packetbuf_reference
                0x0000000000006d54       0x18 /usr/lib/gcc/i686-linux-gnu/4.6/../../../i386-linux-gnu/crti.o
 .rel.text.packetbuf_is_reference
                0x0000000000006d6c       0x10 /usr/lib/gcc/i686-linux-gnu/4.6/../../../i386-linux-gnu/crti.o
 .rel.text.packetbuf_reference_ptr
                0x0000000000006d7c        0x8 /usr/lib/gcc/i686-linux-gnu/4.6/../../../i386-linux-gnu/crti.o
 .rel.text.packetbuf_datalen
                0x0000000000006d84        0x8 /usr/lib/gcc/i686-linux-gnu/4.6/../../../i386-linux-gnu/crti.o
 .rel.text.packetbuf_hdrlen
                0x0000000000006d8c        0x8 /usr/lib/gcc/i686-linux-gnu/4.6/../../../i386-linux-gnu/crti.o
 .rel.text.packetbuf_totlen
                0x0000000000006d94       0x10 /usr/lib/gcc/i686-linux-gnu/4.6/../../../i386-linux-gnu/crti.o
 .rel.text.packetbuf_attr_clear
                0x0000000000006da4       0x20 /usr/lib/gcc/i686-linux-gnu/4.6/../../../i386-linux-gnu/crti.o
 .rel.text.packetbuf_attr_copyto
                0x0000000000006dc4       0x48 /usr/lib/gcc/i686-linux-gnu/4.6/../../../i386-linux-gnu/crti.o
 .rel.text.packetbuf_attr_copyfrom
                0x0000000000006e0c       0x48 /usr/lib/gcc/i686-linux-gnu/4.6/../../../i386-linux-gnu/crti.o
 .rel.text.queuebuf_init
                0x0000000000006e54       0x30 /usr/lib/gcc/i686-linux-gnu/4.6/../../../i386-linux-gnu/crti.o
 .rel.text.queuebuf_new_from_packetbuf
                0x0000000000006e84       0x60 /usr/lib/gcc/i686-linux-gnu/4.6/../../../i386-linux-gnu/crti.o
 .rel.text.queuebuf_update_attr_from_packetbuf
                0x0000000000006ee4        0x8 /usr/lib/gcc/i686-linux-gnu/4.6/../../../i386-linux-gnu/crti.o
 .rel.text.queuebuf_free
                0x0000000000006eec       0x50 /usr/lib/gcc/i686-linux-gnu/4.6/../../../i386-linux-gnu/crti.o
 .rel.text.queuebuf_to_packetbuf
                0x0000000000006f3c       0x58 /usr/lib/gcc/i686-linux-gnu/4.6/../../../i386-linux-gnu/crti.o
 .rel.text.queuebuf_dataptr
                0x0000000000006f94       0x20 /usr/lib/gcc/i686-linux-gnu/4.6/../../../i386-linux-gnu/crti.o
 .rel.text.rime_sniffer_add
                0x0000000000006fb4        0x8 /usr/lib/gcc/i686-linux-gnu/4.6/../../../i386-linux-gnu/crti.o
 .rel.text.rime_sniffer_remove
                0x0000000000006fbc        0x8 /usr/lib/gcc/i686-linux-gnu/4.6/../../../i386-linux-gnu/crti.o
 .rel.text.set_packet_attrs
                0x0000000000006fc4       0x60 /usr/lib/gcc/i686-linux-gnu/4.6/../../../i386-linux-gnu/crti.o
 .rel.text.addr_context_lookup_by_prefix
                0x0000000000007024       0x20 /usr/lib/gcc/i686-linux-gnu/4.6/../../../i386-linux-gnu/crti.o
 .rel.text.addr_context_lookup_by_number
                0x0000000000007044       0x18 /usr/lib/gcc/i686-linux-gnu/4.6/../../../i386-linux-gnu/crti.o
 .rel.text.compress_addr_64
                0x000000000000705c       0x30 /usr/lib/gcc/i686-linux-gnu/4.6/../../../i386-linux-gnu/crti.o
 .rel.text.uncompress_addr
                0x000000000000708c       0x38 /usr/lib/gcc/i686-linux-gnu/4.6/../../../i386-linux-gnu/crti.o
 .rel.text.compress_hdr_hc06
                0x00000000000070c4      0x5a0 /usr/lib/gcc/i686-linux-gnu/4.6/../../../i386-linux-gnu/crti.o
 .rel.text.uncompress_hdr_hc06
                0x0000000000007664      0x3e0 /usr/lib/gcc/i686-linux-gnu/4.6/../../../i386-linux-gnu/crti.o
 .rel.text.compress_hdr_ipv6
                0x0000000000007a44       0x50 /usr/lib/gcc/i686-linux-gnu/4.6/../../../i386-linux-gnu/crti.o
 .rel.text.packet_sent
                0x0000000000007a94       0x20 /usr/lib/gcc/i686-linux-gnu/4.6/../../../i386-linux-gnu/crti.o
 .rel.text.output
                0x0000000000007ab4      0x2f8 /usr/lib/gcc/i686-linux-gnu/4.6/../../../i386-linux-gnu/crti.o
 .rel.text.input
                0x0000000000007dac      0x2e8 /usr/lib/gcc/i686-linux-gnu/4.6/../../../i386-linux-gnu/crti.o
 .rel.text.sicslowpan_init
                0x0000000000008094       0x38 /usr/lib/gcc/i686-linux-gnu/4.6/../../../i386-linux-gnu/crti.o
 .rel.text.init_simple_udp
                0x00000000000080cc       0x20 /usr/lib/gcc/i686-linux-gnu/4.6/../../../i386-linux-gnu/crti.o
 .rel.text.simple_udp_send
                0x00000000000080ec        0x8 /usr/lib/gcc/i686-linux-gnu/4.6/../../../i386-linux-gnu/crti.o
 .rel.text.simple_udp_sendto
                0x00000000000080f4        0x8 /usr/lib/gcc/i686-linux-gnu/4.6/../../../i386-linux-gnu/crti.o
 .rel.text.simple_udp_sendto_port
                0x00000000000080fc        0x8 /usr/lib/gcc/i686-linux-gnu/4.6/../../../i386-linux-gnu/crti.o
 .rel.text.simple_udp_register
                0x0000000000008104       0x28 /usr/lib/gcc/i686-linux-gnu/4.6/../../../i386-linux-gnu/crti.o
 .rel.text.process_thread_simple_udp_process
                0x000000000000812c       0x88 /usr/lib/gcc/i686-linux-gnu/4.6/../../../i386-linux-gnu/crti.o
 .rel.text.tcpip_output
                0x00000000000081b4       0x10 /usr/lib/gcc/i686-linux-gnu/4.6/../../../i386-linux-gnu/crti.o
 .rel.text.tcpip_set_outputfunc
                0x00000000000081c4        0x8 /usr/lib/gcc/i686-linux-gnu/4.6/../../../i386-linux-gnu/crti.o
 .rel.text.start_periodic_tcp_timer
                0x00000000000081cc       0x20 /usr/lib/gcc/i686-linux-gnu/4.6/../../../i386-linux-gnu/crti.o
 .rel.text.check_for_tcp_syn
                0x00000000000081ec       0x10 /usr/lib/gcc/i686-linux-gnu/4.6/../../../i386-linux-gnu/crti.o
 .rel.text.tcp_connect
                0x00000000000081fc       0x18 /usr/lib/gcc/i686-linux-gnu/4.6/../../../i386-linux-gnu/crti.o
 .rel.text.tcp_unlisten
                0x0000000000008214       0x38 /usr/lib/gcc/i686-linux-gnu/4.6/../../../i386-linux-gnu/crti.o
 .rel.text.tcp_listen
                0x000000000000824c       0x38 /usr/lib/gcc/i686-linux-gnu/4.6/../../../i386-linux-gnu/crti.o
 .rel.text.tcp_attach
                0x0000000000008284        0x8 /usr/lib/gcc/i686-linux-gnu/4.6/../../../i386-linux-gnu/crti.o
 .rel.text.udp_attach
                0x000000000000828c        0x8 /usr/lib/gcc/i686-linux-gnu/4.6/../../../i386-linux-gnu/crti.o
 .rel.text.udp_new
                0x0000000000008294       0x10 /usr/lib/gcc/i686-linux-gnu/4.6/../../../i386-linux-gnu/crti.o
 .rel.text.udp_broadcast_new
                0x00000000000082a4       0x10 /usr/lib/gcc/i686-linux-gnu/4.6/../../../i386-linux-gnu/crti.o
 .rel.text.eventhandler
                0x00000000000082b4      0x128 /usr/lib/gcc/i686-linux-gnu/4.6/../../../i386-linux-gnu/crti.o
 .rel.text.tcpip_input
                0x00000000000083dc       0x20 /usr/lib/gcc/i686-linux-gnu/4.6/../../../i386-linux-gnu/crti.o
 .rel.text.tcpip_ipv6_output
                0x00000000000083fc      0x258 /usr/lib/gcc/i686-linux-gnu/4.6/../../../i386-linux-gnu/crti.o
 .rel.text.tcpip_poll_udp
                0x0000000000008654       0x10 /usr/lib/gcc/i686-linux-gnu/4.6/../../../i386-linux-gnu/crti.o
 .rel.text.tcpip_poll_tcp
                0x0000000000008664       0x10 /usr/lib/gcc/i686-linux-gnu/4.6/../../../i386-linux-gnu/crti.o
 .rel.text.tcpip_uipcall
                0x0000000000008674       0x60 /usr/lib/gcc/i686-linux-gnu/4.6/../../../i386-linux-gnu/crti.o
 .rel.text.process_thread_tcpip_process
                0x00000000000086d4       0x70 /usr/lib/gcc/i686-linux-gnu/4.6/../../../i386-linux-gnu/crti.o
 .rel.text.uip_debug_ipaddr_print
                0x0000000000008744       0x40 /usr/lib/gcc/i686-linux-gnu/4.6/../../../i386-linux-gnu/crti.o
 .rel.text.uip_debug_lladdr_print
                0x0000000000008784       0x20 /usr/lib/gcc/i686-linux-gnu/4.6/../../../i386-linux-gnu/crti.o
 .rel.text.call_route_callback
                0x00000000000087a4       0x30 /usr/lib/gcc/i686-linux-gnu/4.6/../../../i386-linux-gnu/crti.o
 .rel.text.uip_ds6_notification_add
                0x00000000000087d4       0x10 /usr/lib/gcc/i686-linux-gnu/4.6/../../../i386-linux-gnu/crti.o
 .rel.text.uip_ds6_notification_rm
                0x00000000000087e4       0x10 /usr/lib/gcc/i686-linux-gnu/4.6/../../../i386-linux-gnu/crti.o
 .rel.text.uip_ds6_route_init
                0x00000000000087f4       0x58 /usr/lib/gcc/i686-linux-gnu/4.6/../../../i386-linux-gnu/crti.o
 .rel.text.uip_ds6_route_nexthop_lladdr
                0x000000000000884c       0x10 /usr/lib/gcc/i686-linux-gnu/4.6/../../../i386-linux-gnu/crti.o
 .rel.text.uip_ds6_route_nexthop
                0x000000000000885c        0x8 /usr/lib/gcc/i686-linux-gnu/4.6/../../../i386-linux-gnu/crti.o
 .rel.text.uip_ds6_route_head
                0x0000000000008864       0x20 /usr/lib/gcc/i686-linux-gnu/4.6/../../../i386-linux-gnu/crti.o
 .rel.text.uip_ds6_route_next
                0x0000000000008884       0x20 /usr/lib/gcc/i686-linux-gnu/4.6/../../../i386-linux-gnu/crti.o
 .rel.text.uip_ds6_route_num_routes
                0x00000000000088a4        0x8 /usr/lib/gcc/i686-linux-gnu/4.6/../../../i386-linux-gnu/crti.o
 .rel.text.uip_ds6_route_lookup
                0x00000000000088ac       0x18 /usr/lib/gcc/i686-linux-gnu/4.6/../../../i386-linux-gnu/crti.o
 .rel.text.uip_ds6_route_add
                0x00000000000088c4       0x60 /usr/lib/gcc/i686-linux-gnu/4.6/../../../i386-linux-gnu/crti.o
 .rel.text.uip_ds6_route_rm
                0x0000000000008924       0x48 /usr/lib/gcc/i686-linux-gnu/4.6/../../../i386-linux-gnu/crti.o
 .rel.text.rm_routelist
                0x000000000000896c       0x28 /usr/lib/gcc/i686-linux-gnu/4.6/../../../i386-linux-gnu/crti.o
 .rel.text.uip_ds6_route_rm_by_nexthop
                0x0000000000008994       0x18 /usr/lib/gcc/i686-linux-gnu/4.6/../../../i386-linux-gnu/crti.o
 .rel.text.uip_ds6_defrt_add
                0x00000000000089ac       0x30 /usr/lib/gcc/i686-linux-gnu/4.6/../../../i386-linux-gnu/crti.o
 .rel.text.uip_ds6_defrt_rm
                0x00000000000089dc       0x38 /usr/lib/gcc/i686-linux-gnu/4.6/../../../i386-linux-gnu/crti.o
 .rel.text.uip_ds6_defrt_lookup
                0x0000000000008a14       0x20 /usr/lib/gcc/i686-linux-gnu/4.6/../../../i386-linux-gnu/crti.o
 .rel.text.uip_ds6_defrt_choose
                0x0000000000008a34       0x20 /usr/lib/gcc/i686-linux-gnu/4.6/../../../i386-linux-gnu/crti.o
 .rel.text.uip_ds6_defrt_periodic
                0x0000000000008a54       0x38 /usr/lib/gcc/i686-linux-gnu/4.6/../../../i386-linux-gnu/crti.o
 .rel.text.uip_ds6_neighbors_init
                0x0000000000008a8c       0x18 /usr/lib/gcc/i686-linux-gnu/4.6/../../../i386-linux-gnu/crti.o
 .rel.text.uip_ds6_nbr_add
                0x0000000000008aa4       0x30 /usr/lib/gcc/i686-linux-gnu/4.6/../../../i386-linux-gnu/crti.o
 .rel.text.uip_ds6_nbr_rm
                0x0000000000008ad4       0x20 /usr/lib/gcc/i686-linux-gnu/4.6/../../../i386-linux-gnu/crti.o
 .rel.text.uip_ds6_nbr_get_ll
                0x0000000000008af4       0x10 /usr/lib/gcc/i686-linux-gnu/4.6/../../../i386-linux-gnu/crti.o
 .rel.text.uip_ds6_nbr_num
                0x0000000000008b04       0x20 /usr/lib/gcc/i686-linux-gnu/4.6/../../../i386-linux-gnu/crti.o
 .rel.text.uip_ds6_nbr_lookup
                0x0000000000008b24       0x28 /usr/lib/gcc/i686-linux-gnu/4.6/../../../i386-linux-gnu/crti.o
 .rel.text.uip_ds6_nbr_ll_lookup
                0x0000000000008b4c       0x10 /usr/lib/gcc/i686-linux-gnu/4.6/../../../i386-linux-gnu/crti.o
 .rel.text.uip_ds6_nbr_ipaddr_from_lladdr
                0x0000000000008b5c        0x8 /usr/lib/gcc/i686-linux-gnu/4.6/../../../i386-linux-gnu/crti.o
 .rel.text.uip_ds6_nbr_lladdr_from_ipaddr
                0x0000000000008b64       0x10 /usr/lib/gcc/i686-linux-gnu/4.6/../../../i386-linux-gnu/crti.o
 .rel.text.uip_ds6_link_neighbor_callback
                0x0000000000008b74       0x18 /usr/lib/gcc/i686-linux-gnu/4.6/../../../i386-linux-gnu/crti.o
 .rel.text.uip_ds6_neighbor_periodic
                0x0000000000008b8c       0xa8 /usr/lib/gcc/i686-linux-gnu/4.6/../../../i386-linux-gnu/crti.o
 .rel.text.uip_ds6_get_least_lifetime_neighbor
                0x0000000000008c34       0x30 /usr/lib/gcc/i686-linux-gnu/4.6/../../../i386-linux-gnu/crti.o
 .rel.text.uip_ds6_init
                0x0000000000008c64      0x170 /usr/lib/gcc/i686-linux-gnu/4.6/../../../i386-linux-gnu/crti.o
 .rel.text.uip_ds6_periodic
                0x0000000000008dd4       0x80 /usr/lib/gcc/i686-linux-gnu/4.6/../../../i386-linux-gnu/crti.o
 .rel.text.uip_ds6_list_loop
                0x0000000000008e54        0x8 /usr/lib/gcc/i686-linux-gnu/4.6/../../../i386-linux-gnu/crti.o
 .rel.text.uip_ds6_prefix_add
                0x0000000000008e5c       0x58 /usr/lib/gcc/i686-linux-gnu/4.6/../../../i386-linux-gnu/crti.o
 .rel.text.uip_ds6_prefix_lookup
                0x0000000000008eb4       0x20 /usr/lib/gcc/i686-linux-gnu/4.6/../../../i386-linux-gnu/crti.o
 .rel.text.uip_ds6_is_addr_onlink
                0x0000000000008ed4       0x50 /usr/lib/gcc/i686-linux-gnu/4.6/../../../i386-linux-gnu/crti.o
 .rel.text.uip_ds6_addr_add
                0x0000000000008f24       0xc8 /usr/lib/gcc/i686-linux-gnu/4.6/../../../i386-linux-gnu/crti.o
 .rel.text.uip_ds6_addr_rm
                0x0000000000008fec       0x88 /usr/lib/gcc/i686-linux-gnu/4.6/../../../i386-linux-gnu/crti.o
 .rel.text.uip_ds6_addr_lookup
                0x0000000000009074       0x20 /usr/lib/gcc/i686-linux-gnu/4.6/../../../i386-linux-gnu/crti.o
 .rel.text.uip_ds6_get_link_local
                0x0000000000009094       0x58 /usr/lib/gcc/i686-linux-gnu/4.6/../../../i386-linux-gnu/crti.o
 .rel.text.uip_ds6_get_global
                0x00000000000090ec       0x58 /usr/lib/gcc/i686-linux-gnu/4.6/../../../i386-linux-gnu/crti.o
 .rel.text.uip_ds6_maddr_add
                0x0000000000009144       0x30 /usr/lib/gcc/i686-linux-gnu/4.6/../../../i386-linux-gnu/crti.o
 .rel.text.uip_ds6_maddr_lookup
                0x0000000000009174       0x20 /usr/lib/gcc/i686-linux-gnu/4.6/../../../i386-linux-gnu/crti.o
 .rel.text.uip_ds6_aaddr_add
                0x0000000000009194       0x30 /usr/lib/gcc/i686-linux-gnu/4.6/../../../i386-linux-gnu/crti.o
 .rel.text.uip_ds6_aaddr_lookup
                0x00000000000091c4       0x20 /usr/lib/gcc/i686-linux-gnu/4.6/../../../i386-linux-gnu/crti.o
 .rel.text.uip_ds6_select_src
                0x00000000000091e4       0x70 /usr/lib/gcc/i686-linux-gnu/4.6/../../../i386-linux-gnu/crti.o
 .rel.text.uip_ds6_compute_reachable_time
                0x0000000000009254       0x30 /usr/lib/gcc/i686-linux-gnu/4.6/../../../i386-linux-gnu/crti.o
 .rel.text.uip_icmp6_echo_request_input
                0x0000000000009284      0x1f0 /usr/lib/gcc/i686-linux-gnu/4.6/../../../i386-linux-gnu/crti.o
 .rel.text.uip_icmp6_error_output
                0x0000000000009474      0x238 /usr/lib/gcc/i686-linux-gnu/4.6/../../../i386-linux-gnu/crti.o
 .rel.text.uip_icmp6_send
                0x00000000000096ac       0xb8 /usr/lib/gcc/i686-linux-gnu/4.6/../../../i386-linux-gnu/crti.o
 .rel.text.create_llao
                0x0000000000009764       0x10 /usr/lib/gcc/i686-linux-gnu/4.6/../../../i386-linux-gnu/crti.o
 .rel.text.uip_nd6_ns_input
                0x0000000000009774      0x378 /usr/lib/gcc/i686-linux-gnu/4.6/../../../i386-linux-gnu/crti.o
 .rel.text.uip_nd6_ns_output
                0x0000000000009aec      0x1e0 /usr/lib/gcc/i686-linux-gnu/4.6/../../../i386-linux-gnu/crti.o
 .rel.text.uip_nd6_na_input
                0x0000000000009ccc      0x2d0 /usr/lib/gcc/i686-linux-gnu/4.6/../../../i386-linux-gnu/crti.o
 .rel.text.packet_timedout
                0x0000000000009f9c       0x10 /usr/lib/gcc/i686-linux-gnu/4.6/../../../i386-linux-gnu/crti.o
 .rel.text.uip_packetqueue_alloc
                0x0000000000009fac       0x20 /usr/lib/gcc/i686-linux-gnu/4.6/../../../i386-linux-gnu/crti.o
 .rel.text.uip_packetqueue_free
                0x0000000000009fcc       0x18 /usr/lib/gcc/i686-linux-gnu/4.6/../../../i386-linux-gnu/crti.o
 .rel.text.uip_udp_packet_send
                0x0000000000009fe4       0x38 /usr/lib/gcc/i686-linux-gnu/4.6/../../../i386-linux-gnu/crti.o
 .rel.text.uip_udp_packet_sendto
                0x000000000000a01c       0x10 /usr/lib/gcc/i686-linux-gnu/4.6/../../../i386-linux-gnu/crti.o
 .rel.text.uip_add32
                0x000000000000a02c       0x98 /usr/lib/gcc/i686-linux-gnu/4.6/../../../i386-linux-gnu/crti.o
 .rel.text.uip_chksum
                0x000000000000a0c4        0x8 /usr/lib/gcc/i686-linux-gnu/4.6/../../../i386-linux-gnu/crti.o
 .rel.text.upper_layer_chksum
                0x000000000000a0cc       0x38 /usr/lib/gcc/i686-linux-gnu/4.6/../../../i386-linux-gnu/crti.o
 .rel.text.uip_init
                0x000000000000a104       0xa0 /usr/lib/gcc/i686-linux-gnu/4.6/../../../i386-linux-gnu/crti.o
 .rel.text.uip_connect
                0x000000000000a1a4       0xc0 /usr/lib/gcc/i686-linux-gnu/4.6/../../../i386-linux-gnu/crti.o
 .rel.text.remove_ext_hdr
                0x000000000000a264       0x98 /usr/lib/gcc/i686-linux-gnu/4.6/../../../i386-linux-gnu/crti.o
 .rel.text.uip_udp_new
                0x000000000000a2fc       0xb8 /usr/lib/gcc/i686-linux-gnu/4.6/../../../i386-linux-gnu/crti.o
 .rel.text.uip_unlisten
                0x000000000000a3b4       0x40 /usr/lib/gcc/i686-linux-gnu/4.6/../../../i386-linux-gnu/crti.o
 .rel.text.uip_listen
                0x000000000000a3f4       0x40 /usr/lib/gcc/i686-linux-gnu/4.6/../../../i386-linux-gnu/crti.o
 .rel.text.uip_add_rcv_nxt
                0x000000000000a434       0x50 /usr/lib/gcc/i686-linux-gnu/4.6/../../../i386-linux-gnu/crti.o
 .rel.text.ext_hdr_options_process
                0x000000000000a484      0x108 /usr/lib/gcc/i686-linux-gnu/4.6/../../../i386-linux-gnu/crti.o
 .rel.text.uip_process
                0x000000000000a58c     0x1188 /usr/lib/gcc/i686-linux-gnu/4.6/../../../i386-linux-gnu/crti.o
 .rel.text.uip_send
                0x000000000000b714       0x38 /usr/lib/gcc/i686-linux-gnu/4.6/../../../i386-linux-gnu/crti.o
 .rel.text.purge_registrations
                0x000000000000b74c       0x78 /usr/lib/gcc/i686-linux-gnu/4.6/../../../i386-linux-gnu/crti.o
 .rel.text.servreg_hack_init
                0x000000000000b7c4       0x50 /usr/lib/gcc/i686-linux-gnu/4.6/../../../i386-linux-gnu/crti.o
 .rel.text.servreg_hack_register
                0x000000000000b814       0x98 /usr/lib/gcc/i686-linux-gnu/4.6/../../../i386-linux-gnu/crti.o
 .rel.text.servreg_hack_list_head
                0x000000000000b8ac       0x10 /usr/lib/gcc/i686-linux-gnu/4.6/../../../i386-linux-gnu/crti.o
 .rel.text.servreg_hack_lookup
                0x000000000000b8bc       0x28 /usr/lib/gcc/i686-linux-gnu/4.6/../../../i386-linux-gnu/crti.o
 .rel.text.handle_incoming_reg
                0x000000000000b8e4       0x78 /usr/lib/gcc/i686-linux-gnu/4.6/../../../i386-linux-gnu/crti.o
 .rel.text.send_udp_packet
                0x000000000000b95c       0x58 /usr/lib/gcc/i686-linux-gnu/4.6/../../../i386-linux-gnu/crti.o
 .rel.text.process_thread_servreg_hack_process
                0x000000000000b9b4       0xb0 /usr/lib/gcc/i686-linux-gnu/4.6/../../../i386-linux-gnu/crti.o
 .rel.text.doActionsBeforeTick
                0x000000000000ba64       0x10 /usr/lib/gcc/i686-linux-gnu/4.6/../../../i386-linux-gnu/crti.o
 .rel.text.doActionsAfterTick
                0x000000000000ba74       0x10 /usr/lib/gcc/i686-linux-gnu/4.6/../../../i386-linux-gnu/crti.o
 .rel.text.cooja_mt_init
                0x000000000000ba84        0x8 /usr/lib/gcc/i686-linux-gnu/4.6/../../../i386-linux-gnu/crti.o
 .rel.text.cooja_mt_remove
                0x000000000000ba8c        0x8 /usr/lib/gcc/i686-linux-gnu/4.6/../../../i386-linux-gnu/crti.o
 .rel.text.cooja_mt_start
                0x000000000000ba94        0x8 /usr/lib/gcc/i686-linux-gnu/4.6/../../../i386-linux-gnu/crti.o
 .rel.text.cooja_mt_exec
                0x000000000000ba9c       0x10 /usr/lib/gcc/i686-linux-gnu/4.6/../../../i386-linux-gnu/crti.o
 .rel.text.cooja_mt_exit
                0x000000000000baac       0x18 /usr/lib/gcc/i686-linux-gnu/4.6/../../../i386-linux-gnu/crti.o
 .rel.text.cooja_mt_yield
                0x000000000000bac4       0x18 /usr/lib/gcc/i686-linux-gnu/4.6/../../../i386-linux-gnu/crti.o
 .rel.text.cooja_sw
                0x000000000000badc        0x8 /usr/lib/gcc/i686-linux-gnu/4.6/../../../i386-linux-gnu/crti.o
 .rel.text.cooja_mtarch_exec
                0x000000000000bae4       0x18 /usr/lib/gcc/i686-linux-gnu/4.6/../../../i386-linux-gnu/crti.o
 .rel.text.cooja_mtarch_yield
                0x000000000000bafc        0x8 /usr/lib/gcc/i686-linux-gnu/4.6/../../../i386-linux-gnu/crti.o
 .rel.text.rtimer_arch_init
                0x000000000000bb04       0x18 /usr/lib/gcc/i686-linux-gnu/4.6/../../../i386-linux-gnu/crti.o
 .rel.text.rtimer_arch_schedule
                0x000000000000bb1c       0x10 /usr/lib/gcc/i686-linux-gnu/4.6/../../../i386-linux-gnu/crti.o
 .rel.text.rtimer_arch_next
                0x000000000000bb2c        0x8 /usr/lib/gcc/i686-linux-gnu/4.6/../../../i386-linux-gnu/crti.o
 .rel.text.rtimer_arch_pending
                0x000000000000bb34        0x8 /usr/lib/gcc/i686-linux-gnu/4.6/../../../i386-linux-gnu/crti.o
 .rel.text.rtimer_arch_check
                0x000000000000bb3c       0x20 /usr/lib/gcc/i686-linux-gnu/4.6/../../../i386-linux-gnu/crti.o
 .rel.text.rtimer_arch_now
                0x000000000000bb5c       0x48 /usr/lib/gcc/i686-linux-gnu/4.6/../../../i386-linux-gnu/crti.o
 .rel.text.beep_alarm
                0x000000000000bba4        0x8 /usr/lib/gcc/i686-linux-gnu/4.6/../../../i386-linux-gnu/crti.o
 .rel.text.beep_beep
                0x000000000000bbac        0x8 /usr/lib/gcc/i686-linux-gnu/4.6/../../../i386-linux-gnu/crti.o
 .rel.text.beep
                0x000000000000bbb4        0x8 /usr/lib/gcc/i686-linux-gnu/4.6/../../../i386-linux-gnu/crti.o
 .rel.text.beep_down
                0x000000000000bbbc        0x8 /usr/lib/gcc/i686-linux-gnu/4.6/../../../i386-linux-gnu/crti.o
 .rel.text.beep_on
                0x000000000000bbc4        0x8 /usr/lib/gcc/i686-linux-gnu/4.6/../../../i386-linux-gnu/crti.o
 .rel.text.beep_off
                0x000000000000bbcc        0x8 /usr/lib/gcc/i686-linux-gnu/4.6/../../../i386-linux-gnu/crti.o
 .rel.text.beep_spinup
                0x000000000000bbd4        0x8 /usr/lib/gcc/i686-linux-gnu/4.6/../../../i386-linux-gnu/crti.o
 .rel.text.beep_quick
                0x000000000000bbdc        0x8 /usr/lib/gcc/i686-linux-gnu/4.6/../../../i386-linux-gnu/crti.o
 .rel.text.beep_long
                0x000000000000bbe4        0x8 /usr/lib/gcc/i686-linux-gnu/4.6/../../../i386-linux-gnu/crti.o
 .rel.text.value
                0x000000000000bbec       0x28 /usr/lib/gcc/i686-linux-gnu/4.6/../../../i386-linux-gnu/crti.o
 .rel.text.configure
                0x000000000000bc14       0x40 /usr/lib/gcc/i686-linux-gnu/4.6/../../../i386-linux-gnu/crti.o
 .rel.text.status
                0x000000000000bc54       0x18 /usr/lib/gcc/i686-linux-gnu/4.6/../../../i386-linux-gnu/crti.o
 .rel.text.doInterfaceActionsBeforeTick
                0x000000000000bc6c      0x188 /usr/lib/gcc/i686-linux-gnu/4.6/../../../i386-linux-gnu/crti.o
 .rel.text.leds_arch_init
                0x000000000000bdf4        0x8 /usr/lib/gcc/i686-linux-gnu/4.6/../../../i386-linux-gnu/crti.o
 .rel.text.leds_arch_get
                0x000000000000bdfc        0x8 /usr/lib/gcc/i686-linux-gnu/4.6/../../../i386-linux-gnu/crti.o
 .rel.text.leds_arch_set
                0x000000000000be04       0x10 /usr/lib/gcc/i686-linux-gnu/4.6/../../../i386-linux-gnu/crti.o
 .rel.text.rs232_set_input
                0x000000000000be14        0x8 /usr/lib/gcc/i686-linux-gnu/4.6/../../../i386-linux-gnu/crti.o
 .rel.text.rs232_send
                0x000000000000be1c       0x10 /usr/lib/gcc/i686-linux-gnu/4.6/../../../i386-linux-gnu/crti.o
 .rel.text.rs232_print
                0x000000000000be2c       0x10 /usr/lib/gcc/i686-linux-gnu/4.6/../../../i386-linux-gnu/crti.o
 .rel.text.slip_arch_writeb
                0x000000000000be3c        0x8 /usr/lib/gcc/i686-linux-gnu/4.6/../../../i386-linux-gnu/crti.o
 .rel.text.clock_time
                0x000000000000be44        0x8 /usr/lib/gcc/i686-linux-gnu/4.6/../../../i386-linux-gnu/crti.o
 .rel.text.clock_seconds
                0x000000000000be4c        0x8 /usr/lib/gcc/i686-linux-gnu/4.6/../../../i386-linux-gnu/crti.o
 .rel.text.simlog_char
                0x000000000000be54       0x30 /usr/lib/gcc/i686-linux-gnu/4.6/../../../i386-linux-gnu/crti.o
 .rel.text.simlog
                0x000000000000be84       0x38 /usr/lib/gcc/i686-linux-gnu/4.6/../../../i386-linux-gnu/crti.o
 .rel.text.log_message
                0x000000000000bebc       0x10 /usr/lib/gcc/i686-linux-gnu/4.6/../../../i386-linux-gnu/crti.o
 .rel.text.log_set_putchar_with_slip
                0x000000000000becc        0x8 /usr/lib/gcc/i686-linux-gnu/4.6/../../../i386-linux-gnu/crti.o
 .rel.text.putchar
                0x000000000000bed4       0x50 /usr/lib/gcc/i686-linux-gnu/4.6/../../../i386-linux-gnu/crti.o
 .rel.text.puts
                0x000000000000bf24       0x10 /usr/lib/gcc/i686-linux-gnu/4.6/../../../i386-linux-gnu/crti.o
 .rel.text.printf
                0x000000000000bf34       0x20 /usr/lib/gcc/i686-linux-gnu/4.6/../../../i386-linux-gnu/crti.o
 .rel.text.cfs_open
                0x000000000000bf54       0x30 /usr/lib/gcc/i686-linux-gnu/4.6/../../../i386-linux-gnu/crti.o
 .rel.text.cfs_close
                0x000000000000bf84        0x8 /usr/lib/gcc/i686-linux-gnu/4.6/../../../i386-linux-gnu/crti.o
 .rel.text.cfs_read
                0x000000000000bf8c       0x70 /usr/lib/gcc/i686-linux-gnu/4.6/../../../i386-linux-gnu/crti.o
 .rel.text.cfs_write
                0x000000000000bffc       0x90 /usr/lib/gcc/i686-linux-gnu/4.6/../../../i386-linux-gnu/crti.o
 .rel.text.cfs_seek
                0x000000000000c08c       0x68 /usr/lib/gcc/i686-linux-gnu/4.6/../../../i386-linux-gnu/crti.o
 .rel.text.cfs_remove
                0x000000000000c0f4        0x8 /usr/lib/gcc/i686-linux-gnu/4.6/../../../i386-linux-gnu/crti.o
 .rel.text.radio_set_channel
                0x000000000000c0fc        0x8 /usr/lib/gcc/i686-linux-gnu/4.6/../../../i386-linux-gnu/crti.o
 .rel.text.radio_set_txpower
                0x000000000000c104        0x8 /usr/lib/gcc/i686-linux-gnu/4.6/../../../i386-linux-gnu/crti.o
 .rel.text.radio_signal_strength_last
                0x000000000000c10c        0x8 /usr/lib/gcc/i686-linux-gnu/4.6/../../../i386-linux-gnu/crti.o
 .rel.text.radio_signal_strength_current
                0x000000000000c114        0x8 /usr/lib/gcc/i686-linux-gnu/4.6/../../../i386-linux-gnu/crti.o
 .rel.text.radio_on
                0x000000000000c11c        0x8 /usr/lib/gcc/i686-linux-gnu/4.6/../../../i386-linux-gnu/crti.o
 .rel.text.radio_off
                0x000000000000c124        0x8 /usr/lib/gcc/i686-linux-gnu/4.6/../../../i386-linux-gnu/crti.o
 .rel.text.radio_read
                0x000000000000c12c       0x50 /usr/lib/gcc/i686-linux-gnu/4.6/../../../i386-linux-gnu/crti.o
 .rel.text.channel_clear
                0x000000000000c17c        0x8 /usr/lib/gcc/i686-linux-gnu/4.6/../../../i386-linux-gnu/crti.o
 .rel.text.radio_send
                0x000000000000c184       0x70 /usr/lib/gcc/i686-linux-gnu/4.6/../../../i386-linux-gnu/crti.o
 .rel.text.prepare_packet
                0x000000000000c1f4        0x8 /usr/lib/gcc/i686-linux-gnu/4.6/../../../i386-linux-gnu/crti.o
 .rel.text.transmit_packet
                0x000000000000c1fc       0x10 /usr/lib/gcc/i686-linux-gnu/4.6/../../../i386-linux-gnu/crti.o
 .rel.text.receiving_packet
                0x000000000000c20c        0x8 /usr/lib/gcc/i686-linux-gnu/4.6/../../../i386-linux-gnu/crti.o
 .rel.text.pending_packet
                0x000000000000c214       0x10 /usr/lib/gcc/i686-linux-gnu/4.6/../../../i386-linux-gnu/crti.o
 .rel.text.process_thread_cooja_radio_process
                0x000000000000c224       0x20 /usr/lib/gcc/i686-linux-gnu/4.6/../../../i386-linux-gnu/crti.o
 .rel.text.init
                0x000000000000c244       0x10 /usr/lib/gcc/i686-linux-gnu/4.6/../../../i386-linux-gnu/crti.o
 .rel.text.get_sensor_index
                0x000000000000c254       0x10 /usr/lib/gcc/i686-linux-gnu/4.6/../../../i386-linux-gnu/crti.o
 .rel.text.sensors_first
                0x000000000000c264        0x8 /usr/lib/gcc/i686-linux-gnu/4.6/../../../i386-linux-gnu/crti.o
 .rel.text.sensors_next
                0x000000000000c26c        0x8 /usr/lib/gcc/i686-linux-gnu/4.6/../../../i386-linux-gnu/crti.o
 .rel.text.sensors_changed
                0x000000000000c274       0x20 /usr/lib/gcc/i686-linux-gnu/4.6/../../../i386-linux-gnu/crti.o
 .rel.text.sensors_find
                0x000000000000c294       0x20 /usr/lib/gcc/i686-linux-gnu/4.6/../../../i386-linux-gnu/crti.o
 .rel.text.process_thread_sensors_process
                0x000000000000c2b4      0x108 /usr/lib/gcc/i686-linux-gnu/4.6/../../../i386-linux-gnu/crti.o
 .rel.text.frame802154_parse
                0x000000000000c3bc       0x40 /usr/lib/gcc/i686-linux-gnu/4.6/../../../i386-linux-gnu/crti.o
 .rel.text.rpl_purge_routes
                0x000000000000c3fc       0x50 /usr/lib/gcc/i686-linux-gnu/4.6/../../../i386-linux-gnu/crti.o
 .rel.text.rpl_remove_routes
                0x000000000000c44c       0x20 /usr/lib/gcc/i686-linux-gnu/4.6/../../../i386-linux-gnu/crti.o
 .rel.text.rpl_remove_routes_by_nexthop
                0x000000000000c46c       0x30 /usr/lib/gcc/i686-linux-gnu/4.6/../../../i386-linux-gnu/crti.o
 .rel.text.rpl_add_route
                0x000000000000c49c        0x8 /usr/lib/gcc/i686-linux-gnu/4.6/../../../i386-linux-gnu/crti.o
 .rel.text.rpl_link_neighbor_callback
                0x000000000000c4a4       0x20 /usr/lib/gcc/i686-linux-gnu/4.6/../../../i386-linux-gnu/crti.o
 .rel.text.rpl_ipv6_neighbor_callback
                0x000000000000c4c4       0x10 /usr/lib/gcc/i686-linux-gnu/4.6/../../../i386-linux-gnu/crti.o
 .rel.text.rpl_init
                0x000000000000c4d4       0x28 /usr/lib/gcc/i686-linux-gnu/4.6/../../../i386-linux-gnu/crti.o
 .rel.text.rpl_verify_header
                0x000000000000c4fc       0xd0 /usr/lib/gcc/i686-linux-gnu/4.6/../../../i386-linux-gnu/crti.o
 .rel.text.set_rpl_opt
                0x000000000000c5cc      0x108 /usr/lib/gcc/i686-linux-gnu/4.6/../../../i386-linux-gnu/crti.o
 .rel.text.rpl_update_header_empty
                0x000000000000c6d4      0x120 /usr/lib/gcc/i686-linux-gnu/4.6/../../../i386-linux-gnu/crti.o
 .rel.text.rpl_update_header_final
                0x000000000000c7f4       0xc0 /usr/lib/gcc/i686-linux-gnu/4.6/../../../i386-linux-gnu/crti.o
 .rel.text.rpl_remove_header
                0x000000000000c8b4       0xb0 /usr/lib/gcc/i686-linux-gnu/4.6/../../../i386-linux-gnu/crti.o
 .rel.text.rpl_invert_header
                0x000000000000c964       0xa8 /usr/lib/gcc/i686-linux-gnu/4.6/../../../i386-linux-gnu/crti.o
 .rel.text.rpl_insert_header
                0x000000000000ca0c       0x20 /usr/lib/gcc/i686-linux-gnu/4.6/../../../i386-linux-gnu/crti.o
 .rel.text.memb_init
                0x000000000000ca2c       0x10 /usr/lib/gcc/i686-linux-gnu/4.6/../../../i386-linux-gnu/crti.o
 .rel.text.timer_set
                0x000000000000ca3c        0x8 /usr/lib/gcc/i686-linux-gnu/4.6/../../../i386-linux-gnu/crti.o
 .rel.text.timer_restart
                0x000000000000ca44        0x8 /usr/lib/gcc/i686-linux-gnu/4.6/../../../i386-linux-gnu/crti.o
 .rel.text.timer_expired
                0x000000000000ca4c        0x8 /usr/lib/gcc/i686-linux-gnu/4.6/../../../i386-linux-gnu/crti.o
 .rel.text.timer_remaining
                0x000000000000ca54        0x8 /usr/lib/gcc/i686-linux-gnu/4.6/../../../i386-linux-gnu/crti.o
 .rel.text.rtimer_init
                0x000000000000ca5c        0x8 /usr/lib/gcc/i686-linux-gnu/4.6/../../../i386-linux-gnu/crti.o
 .rel.text.rtimer_set
                0x000000000000ca64       0x18 /usr/lib/gcc/i686-linux-gnu/4.6/../../../i386-linux-gnu/crti.o
 .rel.text.rtimer_run_next
                0x000000000000ca7c       0x30 /usr/lib/gcc/i686-linux-gnu/4.6/../../../i386-linux-gnu/crti.o
 *(.rel.fini)
 *(.rel.rodata .rel.rodata.* .rel.gnu.linkonce.r.*)
 .rel.rodata    0x000000000000caac      0x570 /usr/lib/gcc/i686-linux-gnu/4.6/../../../i386-linux-gnu/crti.o
 *(.rel.data.rel.ro* .rel.gnu.linkonce.d.rel.ro.*)
 *(.rel.data .rel.data.* .rel.gnu.linkonce.d.*)
 .rel.data.rel  0x000000000000d01c        0x8 /usr/lib/gcc/i686-linux-gnu/4.6/../../../i386-linux-gnu/crti.o
 .rel.data      0x000000000000d024      0x228 /usr/lib/gcc/i686-linux-gnu/4.6/../../../i386-linux-gnu/crti.o
 *(.rel.tdata .rel.tdata.* .rel.gnu.linkonce.td.*)
 *(.rel.tbss .rel.tbss.* .rel.gnu.linkonce.tb.*)
 *(.rel.ctors)
 *(.rel.dtors)
 *(.rel.got)
 .rel.got       0x000000000000d24c       0x18 /usr/lib/gcc/i686-linux-gnu/4.6/../../../i386-linux-gnu/crti.o
 *(.rel.bss .rel.bss.* .rel.gnu.linkonce.b.*)
 *(.rel.ifunc)
 .rel.ifunc     0x0000000000000000        0x0 /usr/lib/gcc/i686-linux-gnu/4.6/../../../i386-linux-gnu/crti.o

.rel.plt        0x000000000000d264       0x10
 *(.rel.plt)
 .rel.plt       0x000000000000d264       0x10 /usr/lib/gcc/i686-linux-gnu/4.6/../../../i386-linux-gnu/crti.o
 *(.rel.iplt)

.init           0x000000000000d274       0x2e
 *(.init)
 .init          0x000000000000d274       0x1f /usr/lib/gcc/i686-linux-gnu/4.6/../../../i386-linux-gnu/crti.o
                0x000000000000d274                _init
 .init          0x000000000000d293        0x5 /usr/lib/gcc/i686-linux-gnu/4.6/crtbeginS.o
 .init          0x000000000000d298        0x5 /usr/lib/gcc/i686-linux-gnu/4.6/crtendS.o
 .init          0x000000000000d29d        0x5 /usr/lib/gcc/i686-linux-gnu/4.6/../../../i386-linux-gnu/crtn.o

.plt            0x000000000000d2b0       0x30
 *(.plt)
 .plt           0x000000000000d2b0       0x30 /usr/lib/gcc/i686-linux-gnu/4.6/../../../i386-linux-gnu/crti.o
 *(.iplt)

.text           0x000000000000d2e0    0x135a8
 *(.text.unlikely .text.*_unlikely)
 *(.text.exit .text.exit.*)
 *(.text.startup .text.startup.*)
 *(.text.hot .text.hot.*)
 *(.text .stub .text.* .gnu.linkonce.t.*)
 .text          0x000000000000d2e0        0x0 /usr/lib/gcc/i686-linux-gnu/4.6/../../../i386-linux-gnu/crti.o
 .text          0x000000000000d2e0       0xb7 /usr/lib/gcc/i686-linux-gnu/4.6/crtbeginS.o
 .text.__i686.get_pc_thunk.bx
                0x000000000000d397        0x4 /usr/lib/gcc/i686-linux-gnu/4.6/crtbeginS.o
                0x000000000000d397                __i686.get_pc_thunk.bx
 *fill*         0x000000000000d39b        0x1 90909090
 .text          0x000000000000d39c        0x0 server.co
 .text.receiver
                0x000000000000d39c      0x4bb server.co
 .text.set_global_address
                0x000000000000d857       0xff server.co
 .text.create_rpl_dag
                0x000000000000d956       0xa3 server.co
 .text.process_thread_server_process
                0x000000000000d9f9       0xac server.co
 .text.process_thread_broadcast_process
                0x000000000000daa5      0x224 server.co
 *fill*         0x000000000000dcc9        0x3 90909090
 .text          0x000000000000dccc        0x0 obj_cooja/mtype74.o
 .text.print_processes
                0x000000000000dccc       0x49 obj_cooja/mtype74.o
 .text.rtimer_thread_loop
                0x000000000000dd15       0x12 obj_cooja/mtype74.o
 .text.set_rime_addr
                0x000000000000dd27       0xd1 obj_cooja/mtype74.o
 .text.contiki_init
                0x000000000000ddf8      0x3b0 obj_cooja/mtype74.o
                0x000000000000ddf8                contiki_init
 .text.process_run_thread_loop
                0x000000000000e1a8       0x6e obj_cooja/mtype74.o
 .text.Java_se_sics_cooja_corecomm_Lib356_init
                0x000000000000e216       0x40 obj_cooja/mtype74.o
                0x000000000000e216                Java_se_sics_cooja_corecomm_Lib356_init
 .text.Java_se_sics_cooja_corecomm_Lib356_getMemory
                0x000000000000e256       0x3d obj_cooja/mtype74.o
                0x000000000000e256                Java_se_sics_cooja_corecomm_Lib356_getMemory
 .text.Java_se_sics_cooja_corecomm_Lib356_setMemory
                0x000000000000e293       0x74 obj_cooja/mtype74.o
                0x000000000000e293                Java_se_sics_cooja_corecomm_Lib356_setMemory
 .text.Java_se_sics_cooja_corecomm_Lib356_tick
                0x000000000000e307       0xe1 obj_cooja/mtype74.o
                0x000000000000e307                Java_se_sics_cooja_corecomm_Lib356_tick
 .text.Java_se_sics_cooja_corecomm_Lib356_setReferenceAddress
                0x000000000000e3e8       0x12 obj_cooja/mtype74.o
                0x000000000000e3e8                Java_se_sics_cooja_corecomm_Lib356_setReferenceAddress
 *fill*         0x000000000000e3fa        0x2 90909090
 .text          0x000000000000e3fc        0x0 obj_cooja/mtype74.a(rimeaddr.o)
 .text.rimeaddr_copy
                0x000000000000e3fc       0x15 obj_cooja/mtype74.a(rimeaddr.o)
                0x000000000000e3fc                rimeaddr_copy
 .text.rimeaddr_cmp
                0x000000000000e411       0x2a obj_cooja/mtype74.a(rimeaddr.o)
                0x000000000000e411                rimeaddr_cmp
 .text.rimeaddr_set_node_addr
                0x000000000000e43b       0x1b obj_cooja/mtype74.a(rimeaddr.o)
                0x000000000000e43b                rimeaddr_set_node_addr
 *fill*         0x000000000000e456        0x2 90909090
 .text          0x000000000000e458        0x0 obj_cooja/mtype74.a(nullmac.o)
 .text.send_packet
                0x000000000000e458       0x1d obj_cooja/mtype74.a(nullmac.o)
 .text.packet_input
                0x000000000000e475        0xf obj_cooja/mtype74.a(nullmac.o)
 .text.on       0x000000000000e484        0xf obj_cooja/mtype74.a(nullmac.o)
 .text.off      0x000000000000e493       0x16 obj_cooja/mtype74.a(nullmac.o)
 .text.channel_check_interval
                0x000000000000e4a9        0xa obj_cooja/mtype74.a(nullmac.o)
 .text.init     0x000000000000e4b3        0x5 obj_cooja/mtype74.a(nullmac.o)
 .text          0x000000000000e4b8        0x0 obj_cooja/mtype74.a(nullrdc.o)
 .text.packetbuf_set_attr
                0x000000000000e4b8       0x2a obj_cooja/mtype74.a(nullrdc.o)
 .text.packetbuf_attr
                0x000000000000e4e2       0x1a obj_cooja/mtype74.a(nullrdc.o)
 .text.packetbuf_set_addr
                0x000000000000e4fc       0x32 obj_cooja/mtype74.a(nullrdc.o)
 .text.packetbuf_addr
                0x000000000000e52e       0x1d obj_cooja/mtype74.a(nullrdc.o)
 .text.send_one_packet
                0x000000000000e54b      0x1f9 obj_cooja/mtype74.a(nullrdc.o)
 .text.send_packet
                0x000000000000e744       0x1a obj_cooja/mtype74.a(nullrdc.o)
 .text.send_list
                0x000000000000e75e       0x4a obj_cooja/mtype74.a(nullrdc.o)
 .text.packet_input
                0x000000000000e7a8      0x212 obj_cooja/mtype74.a(nullrdc.o)
 .text.on       0x000000000000e9ba        0xf obj_cooja/mtype74.a(nullrdc.o)
 .text.off      0x000000000000e9c9       0x1e obj_cooja/mtype74.a(nullrdc.o)
 .text.channel_check_interval
                0x000000000000e9e7        0xa obj_cooja/mtype74.a(nullrdc.o)
 .text.init     0x000000000000e9f1        0xd obj_cooja/mtype74.a(nullrdc.o)
 *fill*         0x000000000000e9fe        0x2 90909090
 .text          0x000000000000ea00        0x0 obj_cooja/mtype74.a(mac.o)
 .text.mac_call_sent_callback
                0x000000000000ea00       0x3c obj_cooja/mtype74.a(mac.o)
                0x000000000000ea00                mac_call_sent_callback
 .text          0x000000000000ea3c        0x0 obj_cooja/mtype74.a(framer-802154.o)
 .text.packetbuf_set_attr
                0x000000000000ea3c       0x2a obj_cooja/mtype74.a(framer-802154.o)
 .text.packetbuf_attr
                0x000000000000ea66       0x1a obj_cooja/mtype74.a(framer-802154.o)
 .text.packetbuf_set_addr
                0x000000000000ea80       0x32 obj_cooja/mtype74.a(framer-802154.o)
 .text.packetbuf_addr
                0x000000000000eab2       0x1d obj_cooja/mtype74.a(framer-802154.o)
 .text.is_broadcast_addr
                0x000000000000eacf       0x4d obj_cooja/mtype74.a(framer-802154.o)
 .text.create   0x000000000000eb1c      0x1cd obj_cooja/mtype74.a(framer-802154.o)
 .text.parse    0x000000000000ece9      0x12c obj_cooja/mtype74.a(framer-802154.o)
 *fill*         0x000000000000ee15        0x3 90909090
 .text          0x000000000000ee18        0x0 obj_cooja/mtype74.a(rpl-dag.o)
 .text.rpl_dag_init
                0x000000000000ee18       0x1d obj_cooja/mtype74.a(rpl-dag.o)
                0x000000000000ee18                rpl_dag_init
 .text.rpl_get_parent_rank
                0x000000000000ee35       0x33 obj_cooja/mtype74.a(rpl-dag.o)
                0x000000000000ee35                rpl_get_parent_rank
 .text.rpl_get_parent_link_metric
                0x000000000000ee68       0x33 obj_cooja/mtype74.a(rpl-dag.o)
                0x000000000000ee68                rpl_get_parent_link_metric
 .text.rpl_get_parent_ipaddr
                0x000000000000ee9b       0x2a obj_cooja/mtype74.a(rpl-dag.o)
                0x000000000000ee9b                rpl_get_parent_ipaddr
 .text.rpl_set_preferred_parent
                0x000000000000eec5       0x4d obj_cooja/mtype74.a(rpl-dag.o)
 .text.lollipop_greater_than
                0x000000000000ef12       0x65 obj_cooja/mtype74.a(rpl-dag.o)
 .text.remove_parents
                0x000000000000ef77       0x61 obj_cooja/mtype74.a(rpl-dag.o)
 .text.nullify_parents
                0x000000000000efd8       0x61 obj_cooja/mtype74.a(rpl-dag.o)
 .text.should_send_dao
                0x000000000000f039       0x5b obj_cooja/mtype74.a(rpl-dag.o)
 .text.acceptable_rank
                0x000000000000f094       0x98 obj_cooja/mtype74.a(rpl-dag.o)
 .text.get_dag  0x000000000000f12c       0x88 obj_cooja/mtype74.a(rpl-dag.o)
 .text.rpl_set_root
                0x000000000000f1b4      0x1d1 obj_cooja/mtype74.a(rpl-dag.o)
                0x000000000000f1b4                rpl_set_root
 .text.rpl_repair_root
                0x000000000000f385       0xd6 obj_cooja/mtype74.a(rpl-dag.o)
                0x000000000000f385                rpl_repair_root
 .text.set_ip_from_prefix
                0x000000000000f45b       0x6b obj_cooja/mtype74.a(rpl-dag.o)
 .text.check_prefix
                0x000000000000f4c6      0x103 obj_cooja/mtype74.a(rpl-dag.o)
 .text.rpl_set_prefix
                0x000000000000f5c9      0x10e obj_cooja/mtype74.a(rpl-dag.o)
                0x000000000000f5c9                rpl_set_prefix
 .text.rpl_set_default_route
                0x000000000000f6d7       0xa5 obj_cooja/mtype74.a(rpl-dag.o)
                0x000000000000f6d7                rpl_set_default_route
 .text.rpl_alloc_instance
                0x000000000000f77c       0xd9 obj_cooja/mtype74.a(rpl-dag.o)
                0x000000000000f77c                rpl_alloc_instance
 .text.rpl_alloc_dag
                0x000000000000f855      0x112 obj_cooja/mtype74.a(rpl-dag.o)
                0x000000000000f855                rpl_alloc_dag
 .text.rpl_set_default_instance
                0x000000000000f967        0xd obj_cooja/mtype74.a(rpl-dag.o)
                0x000000000000f967                rpl_set_default_instance
 .text.rpl_free_instance
                0x000000000000f974       0x91 obj_cooja/mtype74.a(rpl-dag.o)
                0x000000000000f974                rpl_free_instance
 .text.rpl_free_dag
                0x000000000000fa05       0x66 obj_cooja/mtype74.a(rpl-dag.o)
                0x000000000000fa05                rpl_free_dag
 .text.rpl_add_parent
                0x000000000000fa6b       0x6a obj_cooja/mtype74.a(rpl-dag.o)
                0x000000000000fa6b                rpl_add_parent
 .text.find_parent_any_dag_any_instance
                0x000000000000fad5       0x38 obj_cooja/mtype74.a(rpl-dag.o)
 .text.rpl_find_parent
                0x000000000000fb0d       0x31 obj_cooja/mtype74.a(rpl-dag.o)
                0x000000000000fb0d                rpl_find_parent
 .text.find_parent_dag
                0x000000000000fb3e       0x29 obj_cooja/mtype74.a(rpl-dag.o)
 .text.rpl_find_parent_any_dag
                0x000000000000fb67       0x3e obj_cooja/mtype74.a(rpl-dag.o)
                0x000000000000fb67                rpl_find_parent_any_dag
 .text.rpl_select_dag
                0x000000000000fba5      0x31b obj_cooja/mtype74.a(rpl-dag.o)
                0x000000000000fba5                rpl_select_dag
 .text.rpl_select_parent
                0x000000000000fec0       0x92 obj_cooja/mtype74.a(rpl-dag.o)
                0x000000000000fec0                rpl_select_parent
 .text.rpl_remove_parent
                0x000000000000ff52       0x27 obj_cooja/mtype74.a(rpl-dag.o)
                0x000000000000ff52                rpl_remove_parent
 .text.rpl_nullify_parent
                0x000000000000ff79       0x94 obj_cooja/mtype74.a(rpl-dag.o)
                0x000000000000ff79                rpl_nullify_parent
 .text.rpl_move_parent
                0x000000000001000d       0xc8 obj_cooja/mtype74.a(rpl-dag.o)
                0x000000000001000d                rpl_move_parent
 .text.rpl_get_any_dag
                0x00000000000100d5       0x62 obj_cooja/mtype74.a(rpl-dag.o)
                0x00000000000100d5                rpl_get_any_dag
 .text.rpl_get_instance
                0x0000000000010137       0x63 obj_cooja/mtype74.a(rpl-dag.o)
                0x0000000000010137                rpl_get_instance
 .text.rpl_find_of
                0x000000000001019a       0x47 obj_cooja/mtype74.a(rpl-dag.o)
                0x000000000001019a                rpl_find_of
 .text.rpl_join_instance
                0x00000000000101e1      0x2a6 obj_cooja/mtype74.a(rpl-dag.o)
                0x00000000000101e1                rpl_join_instance
 .text.rpl_add_dag
                0x0000000000010487      0x280 obj_cooja/mtype74.a(rpl-dag.o)
                0x0000000000010487                rpl_add_dag
 .text.global_repair
                0x0000000000010707      0x105 obj_cooja/mtype74.a(rpl-dag.o)
 .text.rpl_local_repair
                0x000000000001080c       0x8c obj_cooja/mtype74.a(rpl-dag.o)
                0x000000000001080c                rpl_local_repair
 .text.rpl_recalculate_ranks
                0x0000000000010898       0x78 obj_cooja/mtype74.a(rpl-dag.o)
                0x0000000000010898                rpl_recalculate_ranks
 .text.rpl_process_parent_event
                0x0000000000010910       0x81 obj_cooja/mtype74.a(rpl-dag.o)
                0x0000000000010910                rpl_process_parent_event
 .text.rpl_process_dio
                0x0000000000010991      0x43a obj_cooja/mtype74.a(rpl-dag.o)
                0x0000000000010991                rpl_process_dio
 *fill*         0x0000000000010dcb        0x1 90909090
 .text          0x0000000000010dcc        0x0 obj_cooja/mtype74.a(rpl-icmp6.o)
 .text.packetbuf_addr
                0x0000000000010dcc       0x1d obj_cooja/mtype74.a(rpl-icmp6.o)
 .text.get_global_addr
                0x0000000000010de9       0xb7 obj_cooja/mtype74.a(rpl-icmp6.o)
 .text.get32    0x0000000000010ea0       0x4f obj_cooja/mtype74.a(rpl-icmp6.o)
 .text.set32    0x0000000000010eef       0x4a obj_cooja/mtype74.a(rpl-icmp6.o)
 .text.get16    0x0000000000010f39       0x27 obj_cooja/mtype74.a(rpl-icmp6.o)
 .text.set16    0x0000000000010f60       0x33 obj_cooja/mtype74.a(rpl-icmp6.o)
 .text.dis_input
                0x0000000000010f93       0x65 obj_cooja/mtype74.a(rpl-icmp6.o)
 .text.dis_output
                0x0000000000010ff8       0xaf obj_cooja/mtype74.a(rpl-icmp6.o)
                0x0000000000010ff8                dis_output
 .text.dio_input
                0x00000000000110a7      0x5d8 obj_cooja/mtype74.a(rpl-icmp6.o)
 .text.dio_output
                0x000000000001167f      0x53e obj_cooja/mtype74.a(rpl-icmp6.o)
                0x000000000001167f                dio_output
 .text.dao_input
                0x0000000000011bbd      0x40b obj_cooja/mtype74.a(rpl-icmp6.o)
 .text.dao_output
                0x0000000000011fc8       0x5c obj_cooja/mtype74.a(rpl-icmp6.o)
                0x0000000000011fc8                dao_output
 .text.dao_output_target
                0x0000000000012024      0x243 obj_cooja/mtype74.a(rpl-icmp6.o)
                0x0000000000012024                dao_output_target
 .text.dao_ack_input
                0x0000000000012267        0x5 obj_cooja/mtype74.a(rpl-icmp6.o)
 .text.dao_ack_output
                0x000000000001226c       0x73 obj_cooja/mtype74.a(rpl-icmp6.o)
                0x000000000001226c                dao_ack_output
 .text.uip_rpl_input
                0x00000000000122df       0x63 obj_cooja/mtype74.a(rpl-icmp6.o)
                0x00000000000122df                uip_rpl_input
 *fill*         0x0000000000012342        0x2 90909090
 .text          0x0000000000012344        0x0 obj_cooja/mtype74.a(rpl-timers.o)
 .text.handle_periodic_timer
                0x0000000000012344       0x59 obj_cooja/mtype74.a(rpl-timers.o)
 .text.new_dio_interval
                0x000000000001239d       0xda obj_cooja/mtype74.a(rpl-timers.o)
 .text.handle_dio_timer
                0x0000000000012477      0x11f obj_cooja/mtype74.a(rpl-timers.o)
 .text.rpl_reset_periodic_timer
                0x0000000000012596       0x5b obj_cooja/mtype74.a(rpl-timers.o)
                0x0000000000012596                rpl_reset_periodic_timer
 .text.rpl_reset_dio_timer
                0x00000000000125f1       0x48 obj_cooja/mtype74.a(rpl-timers.o)
                0x00000000000125f1                rpl_reset_dio_timer
 .text.handle_dao_timer
                0x0000000000012639       0x92 obj_cooja/mtype74.a(rpl-timers.o)
 .text.rpl_schedule_dao
                0x00000000000126cb       0x89 obj_cooja/mtype74.a(rpl-timers.o)
                0x00000000000126cb                rpl_schedule_dao
 .text          0x0000000000012754        0x0 obj_cooja/mtype74.a(rpl-mrhof.o)
 .text.calculate_path_metric
                0x0000000000012754       0x22 obj_cooja/mtype74.a(rpl-mrhof.o)
 .text.reset    0x0000000000012776        0x5 obj_cooja/mtype74.a(rpl-mrhof.o)
 .text.neighbor_link_callback
                0x000000000001277b       0x6c obj_cooja/mtype74.a(rpl-mrhof.o)
 .text.calculate_rank
                0x00000000000127e7       0x75 obj_cooja/mtype74.a(rpl-mrhof.o)
 .text.best_dag
                0x000000000001285c       0x75 obj_cooja/mtype74.a(rpl-mrhof.o)
 .text.best_parent
                0x00000000000128d1       0x92 obj_cooja/mtype74.a(rpl-mrhof.o)
 .text.update_metric_container
                0x0000000000012963        0xb obj_cooja/mtype74.a(rpl-mrhof.o)
 *fill*         0x000000000001296e        0x2 90909090
 .text          0x0000000000012970        0x0 obj_cooja/mtype74.a(process.o)
 .text.process_alloc_event
                0x0000000000012970       0x18 obj_cooja/mtype74.a(process.o)
                0x0000000000012970                process_alloc_event
 .text.process_start
                0x0000000000012988       0x70 obj_cooja/mtype74.a(process.o)
                0x0000000000012988                process_start
 .text.exit_process
                0x00000000000129f8       0xec obj_cooja/mtype74.a(process.o)
 .text.call_process
                0x0000000000012ae4       0x90 obj_cooja/mtype74.a(process.o)
 .text.process_exit
                0x0000000000012b74       0x1c obj_cooja/mtype74.a(process.o)
                0x0000000000012b74                process_exit
 .text.process_init
                0x0000000000012b90       0x33 obj_cooja/mtype74.a(process.o)
                0x0000000000012b90                process_init
 .text.do_poll  0x0000000000012bc3       0x5b obj_cooja/mtype74.a(process.o)
 .text.do_event
                0x0000000000012c1e      0x145 obj_cooja/mtype74.a(process.o)
 .text.process_run
                0x0000000000012d63       0x33 obj_cooja/mtype74.a(process.o)
                0x0000000000012d63                process_run
 .text.process_nevents
                0x0000000000012d96       0x1b obj_cooja/mtype74.a(process.o)
                0x0000000000012d96                process_nevents
 .text.process_post
                0x0000000000012db1       0xac obj_cooja/mtype74.a(process.o)
                0x0000000000012db1                process_post
 .text.process_post_synch
                0x0000000000012e5d       0x38 obj_cooja/mtype74.a(process.o)
                0x0000000000012e5d                process_post_synch
 .text.process_poll
                0x0000000000012e95       0x2f obj_cooja/mtype74.a(process.o)
                0x0000000000012e95                process_poll
 .text.process_is_running
                0x0000000000012ec4       0x14 obj_cooja/mtype74.a(process.o)
                0x0000000000012ec4                process_is_running
 .text          0x0000000000012ed8        0x0 obj_cooja/mtype74.a(autostart.o)
 .text.autostart_start
                0x0000000000012ed8       0x3f obj_cooja/mtype74.a(autostart.o)
                0x0000000000012ed8                autostart_start
 .text.autostart_exit
                0x0000000000012f17       0x37 obj_cooja/mtype74.a(autostart.o)
                0x0000000000012f17                autostart_exit
 *fill*         0x0000000000012f4e        0x2 90909090
 .text          0x0000000000012f50        0x0 obj_cooja/mtype74.a(serial-line.o)
 .text.serial_line_input_byte
                0x0000000000012f50       0x7d obj_cooja/mtype74.a(serial-line.o)
                0x0000000000012f50                serial_line_input_byte
 .text.process_thread_serial_line_process
                0x0000000000012fcd      0x137 obj_cooja/mtype74.a(serial-line.o)
 .text.serial_line_init
                0x0000000000013104       0x38 obj_cooja/mtype74.a(serial-line.o)
                0x0000000000013104                serial_line_init
 .text          0x000000000001313c        0x0 obj_cooja/mtype74.a(list.o)
 .text.list_init
                0x000000000001313c        0xe obj_cooja/mtype74.a(list.o)
                0x000000000001313c                list_init
 .text.list_head
                0x000000000001314a        0xa obj_cooja/mtype74.a(list.o)
                0x000000000001314a                list_head
 .text.list_copy
                0x0000000000013154        0xf obj_cooja/mtype74.a(list.o)
                0x0000000000013154                list_copy
 .text.list_tail
                0x0000000000013163       0x36 obj_cooja/mtype74.a(list.o)
                0x0000000000013163                list_tail
 .text.list_add
                0x0000000000013199       0x49 obj_cooja/mtype74.a(list.o)
                0x0000000000013199                list_add
 .text.list_push
                0x00000000000131e2       0x2c obj_cooja/mtype74.a(list.o)
                0x00000000000131e2                list_push
 .text.list_chop
                0x000000000001320e       0x6a obj_cooja/mtype74.a(list.o)
                0x000000000001320e                list_chop
 .text.list_pop
                0x0000000000013278       0x28 obj_cooja/mtype74.a(list.o)
                0x0000000000013278                list_pop
 .text.list_remove
                0x00000000000132a0       0x68 obj_cooja/mtype74.a(list.o)
                0x00000000000132a0                list_remove
 .text.list_length
                0x0000000000013308       0x2e obj_cooja/mtype74.a(list.o)
                0x0000000000013308                list_length
 .text.list_insert
                0x0000000000013336       0x34 obj_cooja/mtype74.a(list.o)
                0x0000000000013336                list_insert
 .text.list_item_next
                0x000000000001336a       0x17 obj_cooja/mtype74.a(list.o)
                0x000000000001336a                list_item_next
 *fill*         0x0000000000013381        0x3 90909090
 .text          0x0000000000013384        0x0 obj_cooja/mtype74.a(etimer.o)
 .text.update_time
                0x0000000000013384       0x8f obj_cooja/mtype74.a(etimer.o)
 .text.process_thread_etimer_process
                0x0000000000013413      0x190 obj_cooja/mtype74.a(etimer.o)
 .text.etimer_request_poll
                0x00000000000135a3       0x14 obj_cooja/mtype74.a(etimer.o)
                0x00000000000135a3                etimer_request_poll
 .text.add_timer
                0x00000000000135b7       0x70 obj_cooja/mtype74.a(etimer.o)
 .text.etimer_set
                0x0000000000013627       0x25 obj_cooja/mtype74.a(etimer.o)
                0x0000000000013627                etimer_set
 .text.etimer_reset
                0x000000000001364c       0x1e obj_cooja/mtype74.a(etimer.o)
                0x000000000001364c                etimer_reset
 .text.etimer_restart
                0x000000000001366a       0x1e obj_cooja/mtype74.a(etimer.o)
                0x000000000001366a                etimer_restart
 .text.etimer_adjust
                0x0000000000013688       0x1c obj_cooja/mtype74.a(etimer.o)
                0x0000000000013688                etimer_adjust
 .text.etimer_expired
                0x00000000000136a4       0x13 obj_cooja/mtype74.a(etimer.o)
                0x00000000000136a4                etimer_expired
 .text.etimer_expiration_time
                0x00000000000136b7       0x12 obj_cooja/mtype74.a(etimer.o)
                0x00000000000136b7                etimer_expiration_time
 .text.etimer_start_time
                0x00000000000136c9        0xa obj_cooja/mtype74.a(etimer.o)
                0x00000000000136c9                etimer_start_time
 .text.etimer_pending
                0x00000000000136d3       0x12 obj_cooja/mtype74.a(etimer.o)
                0x00000000000136d3                etimer_pending
 .text.etimer_next_expiration_time
                0x00000000000136e5       0x1a obj_cooja/mtype74.a(etimer.o)
                0x00000000000136e5                etimer_next_expiration_time
 .text.etimer_stop
                0x00000000000136ff       0x75 obj_cooja/mtype74.a(etimer.o)
                0x00000000000136ff                etimer_stop
 .text          0x0000000000013774        0x0 obj_cooja/mtype74.a(ctimer.o)
 .text.process_thread_ctimer_process
                0x0000000000013774      0x11b obj_cooja/mtype74.a(ctimer.o)
 .text.ctimer_init
                0x000000000001388f       0x30 obj_cooja/mtype74.a(ctimer.o)
                0x000000000001388f                ctimer_init
 .text.ctimer_set
                0x00000000000138bf       0x93 obj_cooja/mtype74.a(ctimer.o)
                0x00000000000138bf                ctimer_set
 .text.ctimer_reset
                0x0000000000013952       0x63 obj_cooja/mtype74.a(ctimer.o)
                0x0000000000013952                ctimer_reset
 .text.ctimer_restart
                0x00000000000139b5       0x63 obj_cooja/mtype74.a(ctimer.o)
                0x00000000000139b5                ctimer_restart
 .text.ctimer_stop
                0x0000000000013a18       0x4b obj_cooja/mtype74.a(ctimer.o)
                0x0000000000013a18                ctimer_stop
 .text.ctimer_expired
                0x0000000000013a63       0x57 obj_cooja/mtype74.a(ctimer.o)
                0x0000000000013a63                ctimer_expired
 *fill*         0x0000000000013aba        0x2 90909090
 .text          0x0000000000013abc        0x0 obj_cooja/mtype74.a(stimer.o)
 .text.stimer_set
                0x0000000000013abc       0x1b obj_cooja/mtype74.a(stimer.o)
                0x0000000000013abc                stimer_set
 .text.stimer_reset
                0x0000000000013ad7       0x17 obj_cooja/mtype74.a(stimer.o)
                0x0000000000013ad7                stimer_reset
 .text.stimer_restart
                0x0000000000013aee       0x12 obj_cooja/mtype74.a(stimer.o)
                0x0000000000013aee                stimer_restart
 .text.stimer_expired
                0x0000000000013b00       0x27 obj_cooja/mtype74.a(stimer.o)
                0x0000000000013b00                stimer_expired
 .text.stimer_remaining
                0x0000000000013b27       0x26 obj_cooja/mtype74.a(stimer.o)
                0x0000000000013b27                stimer_remaining
 .text.stimer_elapsed
                0x0000000000013b4d       0x14 obj_cooja/mtype74.a(stimer.o)
                0x0000000000013b4d                stimer_elapsed
 *fill*         0x0000000000013b61        0x3 90909090
 .text          0x0000000000013b64        0x0 obj_cooja/mtype74.a(random.o)
 .text.random_init
                0x0000000000013b64       0x1b obj_cooja/mtype74.a(random.o)
                0x0000000000013b64                random_init
 .text.random_rand
                0x0000000000013b7f        0xd obj_cooja/mtype74.a(random.o)
                0x0000000000013b7f                random_rand
 .text          0x0000000000013b8c        0x0 obj_cooja/mtype74.a(ringbuf.o)
 .text.ringbuf_init
                0x0000000000013b8c       0x31 obj_cooja/mtype74.a(ringbuf.o)
                0x0000000000013b8c                ringbuf_init
 .text.ringbuf_put
                0x0000000000013bbd       0x7e obj_cooja/mtype74.a(ringbuf.o)
                0x0000000000013bbd                ringbuf_put
 .text.ringbuf_get
                0x0000000000013c3b       0x6d obj_cooja/mtype74.a(ringbuf.o)
                0x0000000000013c3b                ringbuf_get
 .text.ringbuf_size
                0x0000000000013ca8       0x12 obj_cooja/mtype74.a(ringbuf.o)
                0x0000000000013ca8                ringbuf_size
 .text.ringbuf_elements
                0x0000000000013cba       0x27 obj_cooja/mtype74.a(ringbuf.o)
                0x0000000000013cba                ringbuf_elements
 *fill*         0x0000000000013ce1        0x3 90909090
 .text          0x0000000000013ce4        0x0 obj_cooja/mtype74.a(nbr-table.o)
 .text.key_from_index
                0x0000000000013ce4       0x26 obj_cooja/mtype74.a(nbr-table.o)
 .text.item_from_index
                0x0000000000013d0a       0x2a obj_cooja/mtype74.a(nbr-table.o)
 .text.index_from_key
                0x0000000000013d34       0x29 obj_cooja/mtype74.a(nbr-table.o)
 .text.index_from_item
                0x0000000000013d5d       0x3b obj_cooja/mtype74.a(nbr-table.o)
 .text.item_from_key
                0x0000000000013d98       0x22 obj_cooja/mtype74.a(nbr-table.o)
 .text.key_from_item
                0x0000000000013dba       0x22 obj_cooja/mtype74.a(nbr-table.o)
 .text.index_from_lladdr
                0x0000000000013ddc       0x6c obj_cooja/mtype74.a(nbr-table.o)
 .text.nbr_get_bit
                0x0000000000013e48       0x51 obj_cooja/mtype74.a(nbr-table.o)
 .text.nbr_set_bit
                0x0000000000013e99       0x96 obj_cooja/mtype74.a(nbr-table.o)
 .text.nbr_table_allocate
                0x0000000000013f2f      0x19b obj_cooja/mtype74.a(nbr-table.o)
 .text.nbr_table_register
                0x00000000000140ca       0x47 obj_cooja/mtype74.a(nbr-table.o)
                0x00000000000140ca                nbr_table_register
 .text.nbr_table_head
                0x0000000000014111       0x5c obj_cooja/mtype74.a(nbr-table.o)
                0x0000000000014111                nbr_table_head
 .text.nbr_table_next
                0x000000000001416d       0x67 obj_cooja/mtype74.a(nbr-table.o)
                0x000000000001416d                nbr_table_next
 .text.nbr_table_add_lladdr
                0x00000000000141d4       0xd1 obj_cooja/mtype74.a(nbr-table.o)
                0x00000000000141d4                nbr_table_add_lladdr
 .text.nbr_table_get_from_lladdr
                0x00000000000142a5       0x4d obj_cooja/mtype74.a(nbr-table.o)
                0x00000000000142a5                nbr_table_get_from_lladdr
 .text.nbr_table_remove
                0x00000000000142f2       0x52 obj_cooja/mtype74.a(nbr-table.o)
                0x00000000000142f2                nbr_table_remove
 .text.nbr_table_lock
                0x0000000000014344       0x2a obj_cooja/mtype74.a(nbr-table.o)
                0x0000000000014344                nbr_table_lock
 .text.nbr_table_unlock
                0x000000000001436e       0x2a obj_cooja/mtype74.a(nbr-table.o)
                0x000000000001436e                nbr_table_unlock
 .text.nbr_table_get_lladdr
                0x0000000000014398       0x30 obj_cooja/mtype74.a(nbr-table.o)
                0x0000000000014398                nbr_table_get_lladdr
 .text          0x00000000000143c8        0x0 obj_cooja/mtype74.a(netstack.o)
 .text.netstack_init
                0x00000000000143c8       0x24 obj_cooja/mtype74.a(netstack.o)
                0x00000000000143c8                netstack_init
 .text          0x00000000000143ec        0x0 obj_cooja/mtype74.a(packetbuf.o)
 .text.packetbuf_clear
                0x00000000000143ec       0x37 obj_cooja/mtype74.a(packetbuf.o)
                0x00000000000143ec                packetbuf_clear
 .text.packetbuf_clear_hdr
                0x0000000000014423        0xc obj_cooja/mtype74.a(packetbuf.o)
                0x0000000000014423                packetbuf_clear_hdr
 .text.packetbuf_copyfrom
                0x000000000001442f       0x52 obj_cooja/mtype74.a(packetbuf.o)
                0x000000000001442f                packetbuf_copyfrom
 .text.packetbuf_compact
                0x0000000000014481       0x9e obj_cooja/mtype74.a(packetbuf.o)
                0x0000000000014481                packetbuf_compact
 .text.packetbuf_copyto_hdr
                0x000000000001451f       0x5a obj_cooja/mtype74.a(packetbuf.o)
                0x000000000001451f                packetbuf_copyto_hdr
 .text.packetbuf_copyto
                0x0000000000014579       0xe3 obj_cooja/mtype74.a(packetbuf.o)
                0x0000000000014579                packetbuf_copyto
 .text.packetbuf_hdralloc
                0x000000000001465c       0x4a obj_cooja/mtype74.a(packetbuf.o)
                0x000000000001465c                packetbuf_hdralloc
 .text.packetbuf_hdr_remove
                0x00000000000146a6       0x18 obj_cooja/mtype74.a(packetbuf.o)
                0x00000000000146a6                packetbuf_hdr_remove
 .text.packetbuf_hdrreduce
                0x00000000000146be       0x4b obj_cooja/mtype74.a(packetbuf.o)
                0x00000000000146be                packetbuf_hdrreduce
 .text.packetbuf_set_datalen
                0x0000000000014709       0x19 obj_cooja/mtype74.a(packetbuf.o)
                0x0000000000014709                packetbuf_set_datalen
 .text.packetbuf_dataptr
                0x0000000000014722       0x19 obj_cooja/mtype74.a(packetbuf.o)
                0x0000000000014722                packetbuf_dataptr
 .text.packetbuf_hdrptr
                0x000000000001473b       0x17 obj_cooja/mtype74.a(packetbuf.o)
                0x000000000001473b                packetbuf_hdrptr
 .text.packetbuf_reference
                0x0000000000014752       0x26 obj_cooja/mtype74.a(packetbuf.o)
                0x0000000000014752                packetbuf_reference
 .text.packetbuf_is_reference
                0x0000000000014778       0x1a obj_cooja/mtype74.a(packetbuf.o)
                0x0000000000014778                packetbuf_is_reference
 .text.packetbuf_reference_ptr
                0x0000000000014792        0xa obj_cooja/mtype74.a(packetbuf.o)
                0x0000000000014792                packetbuf_reference_ptr
 .text.packetbuf_datalen
                0x000000000001479c        0xc obj_cooja/mtype74.a(packetbuf.o)
                0x000000000001479c                packetbuf_datalen
 .text.packetbuf_hdrlen
                0x00000000000147a8       0x17 obj_cooja/mtype74.a(packetbuf.o)
                0x00000000000147a8                packetbuf_hdrlen
 .text.packetbuf_totlen
                0x00000000000147bf       0x16 obj_cooja/mtype74.a(packetbuf.o)
                0x00000000000147bf                packetbuf_totlen
 .text.packetbuf_attr_clear
                0x00000000000147d5       0x56 obj_cooja/mtype74.a(packetbuf.o)
                0x00000000000147d5                packetbuf_attr_clear
 .text.packetbuf_attr_copyto
                0x000000000001482b       0x9d obj_cooja/mtype74.a(packetbuf.o)
                0x000000000001482b                packetbuf_attr_copyto
 .text.packetbuf_attr_copyfrom
                0x00000000000148c8       0x9c obj_cooja/mtype74.a(packetbuf.o)
                0x00000000000148c8                packetbuf_attr_copyfrom
 .text          0x0000000000014964        0x0 obj_cooja/mtype74.a(queuebuf.o)
 .text.queuebuf_load_to_ram
                0x0000000000014964        0xa obj_cooja/mtype74.a(queuebuf.o)
 .text.queuebuf_init
                0x000000000001496e       0x2c obj_cooja/mtype74.a(queuebuf.o)
                0x000000000001496e                queuebuf_init
 .text.queuebuf_new_from_packetbuf
                0x000000000001499a       0xcb obj_cooja/mtype74.a(queuebuf.o)
                0x000000000001499a                queuebuf_new_from_packetbuf
 .text.queuebuf_update_attr_from_packetbuf
                0x0000000000014a65       0x33 obj_cooja/mtype74.a(queuebuf.o)
                0x0000000000014a65                queuebuf_update_attr_from_packetbuf
 .text.queuebuf_free
                0x0000000000014a98       0x73 obj_cooja/mtype74.a(queuebuf.o)
                0x0000000000014a98                queuebuf_free
 .text.queuebuf_to_packetbuf
                0x0000000000014b0b       0xe8 obj_cooja/mtype74.a(queuebuf.o)
                0x0000000000014b0b                queuebuf_to_packetbuf
 .text.queuebuf_dataptr
                0x0000000000014bf3       0x5f obj_cooja/mtype74.a(queuebuf.o)
                0x0000000000014bf3                queuebuf_dataptr
 .text.queuebuf_datalen
                0x0000000000014c52       0x1f obj_cooja/mtype74.a(queuebuf.o)
                0x0000000000014c52                queuebuf_datalen
 .text.queuebuf_addr
                0x0000000000014c71       0x2f obj_cooja/mtype74.a(queuebuf.o)
                0x0000000000014c71                queuebuf_addr
 .text.queuebuf_attr
                0x0000000000014ca0       0x2b obj_cooja/mtype74.a(queuebuf.o)
                0x0000000000014ca0                queuebuf_attr
 .text.queuebuf_debug_print
                0x0000000000014ccb        0x5 obj_cooja/mtype74.a(queuebuf.o)
                0x0000000000014ccb                queuebuf_debug_print
 .text          0x0000000000014cd0        0x0 obj_cooja/mtype74.a(sicslowpan.o)
 .text.packetbuf_set_attr
                0x0000000000014cd0       0x2a obj_cooja/mtype74.a(sicslowpan.o)
 .text.packetbuf_set_addr
                0x0000000000014cfa       0x32 obj_cooja/mtype74.a(sicslowpan.o)
 .text.packetbuf_addr
                0x0000000000014d2c       0x1d obj_cooja/mtype74.a(sicslowpan.o)
 .text.rime_sniffer_add
                0x0000000000014d49        0xd obj_cooja/mtype74.a(sicslowpan.o)
                0x0000000000014d49                rime_sniffer_add
 .text.rime_sniffer_remove
                0x0000000000014d56        0xf obj_cooja/mtype74.a(sicslowpan.o)
                0x0000000000014d56                rime_sniffer_remove
 .text.set_packet_attrs
                0x0000000000014d65       0xe9 obj_cooja/mtype74.a(sicslowpan.o)
 .text.addr_context_lookup_by_prefix
                0x0000000000014e4e       0x7a obj_cooja/mtype74.a(sicslowpan.o)
 .text.addr_context_lookup_by_number
                0x0000000000014ec8       0x6a obj_cooja/mtype74.a(sicslowpan.o)
 .text.compress_addr_64
                0x0000000000014f32      0x163 obj_cooja/mtype74.a(sicslowpan.o)
 .text.uncompress_addr
                0x0000000000015095      0x12e obj_cooja/mtype74.a(sicslowpan.o)
 .text.compress_hdr_hc06
                0x00000000000151c3      0x942 obj_cooja/mtype74.a(sicslowpan.o)
 .text.uncompress_hdr_hc06
                0x0000000000015b05      0x77d obj_cooja/mtype74.a(sicslowpan.o)
 .text.compress_hdr_ipv6
                0x0000000000016282       0x8d obj_cooja/mtype74.a(sicslowpan.o)
 .text.packet_sent
                0x000000000001630f       0x3b obj_cooja/mtype74.a(sicslowpan.o)
 .text.send_packet
                0x000000000001634a       0x36 obj_cooja/mtype74.a(sicslowpan.o)
 .text.output   0x0000000000016380      0x54f obj_cooja/mtype74.a(sicslowpan.o)