Archive member included because of file (symbol)

obj_cooja/mtype782.a(rimeaddr.o)
                              obj_cooja/mtype782.o (rimeaddr_node_addr)
obj_cooja/mtype782.a(nullrdc.o)
                              obj_cooja/mtype782.o (nullrdc_driver)
obj_cooja/mtype782.a(mac.o)   obj_cooja/mtype782.a(nullrdc.o) (mac_call_sent_callback)
obj_cooja/mtype782.a(framer-802154.o)
                              obj_cooja/mtype782.a(nullrdc.o) (framer_802154)
obj_cooja/mtype782.a(csma.o)  obj_cooja/mtype782.o (csma_driver)
obj_cooja/mtype782.a(process.o)
                              obj_cooja/mtype782.o (process_start)
obj_cooja/mtype782.a(autostart.o)
                              obj_cooja/mtype782.o (autostart_start)
obj_cooja/mtype782.a(serial-line.o)
                              obj_cooja/mtype782.o (serial_line_init)
obj_cooja/mtype782.a(memb.o)  obj_cooja/mtype782.a(csma.o) (memb_init)
obj_cooja/mtype782.a(list.o)  obj_cooja/mtype782.a(csma.o) (list_init)
obj_cooja/mtype782.a(etimer.o)
                              obj_cooja/mtype782.o (etimer_process)
obj_cooja/mtype782.a(ctimer.o)
                              obj_cooja/mtype782.o (ctimer_init)
obj_cooja/mtype782.a(random.o)
                              obj_cooja/mtype782.a(framer-802154.o) (random_rand)
obj_cooja/mtype782.a(ringbuf.o)
                              obj_cooja/mtype782.a(serial-line.o) (ringbuf_init)
obj_cooja/mtype782.a(netstack.o)
                              obj_cooja/mtype782.o (netstack_init)
obj_cooja/mtype782.a(packetbuf.o)
                              obj_cooja/mtype782.a(nullrdc.o) (packetbuf_attrs)
obj_cooja/mtype782.a(queuebuf.o)
                              obj_cooja/mtype782.o (queuebuf_init)
obj_cooja/mtype782.a(sicslowpan.o)
                              obj_cooja/mtype782.o (sicslowpan_driver)
obj_cooja/mtype782.a(simple-udp.o)
                              jammer.co (simple_udp_sendto)
obj_cooja/mtype782.a(tcpip.o)
                              obj_cooja/mtype782.a(simple-udp.o) (tcpip_event)
obj_cooja/mtype782.a(uip-ds6-route.o)
                              obj_cooja/mtype782.a(tcpip.o) (uip_ds6_route_nexthop)
obj_cooja/mtype782.a(uip-ds6-nbr.o)
                              obj_cooja/mtype782.a(tcpip.o) (uip_ds6_nbr_add)
obj_cooja/mtype782.a(uip-ds6.o)
                              obj_cooja/mtype782.a(tcpip.o) (uip_ds6_timer_periodic)
obj_cooja/mtype782.a(uip-nd6.o)
                              obj_cooja/mtype782.a(tcpip.o) (uip_nd6_ns_output)
obj_cooja/mtype782.a(uip-packetqueue)
                              obj_cooja/mtype782.a(uip-ds6-nbr.o) (uip_packetqueue_new)
obj_cooja/mtype782.a(uip-udp-packet.)
                              obj_cooja/mtype782.a(simple-udp.o) (uip_udp_packet_sendto)
obj_cooja/mtype782.a(uip6.o)  obj_cooja/mtype782.o (uip_lladdr)
obj_cooja/mtype782.a(simEnvChange.o)
                              obj_cooja/mtype782.o (simDontFallAsleep)
obj_cooja/mtype782.a(cooja_mt.o)
                              obj_cooja/mtype782.o (cooja_mt_start)
obj_cooja/mtype782.a(cooja_mtarch.o)
                              obj_cooja/mtype782.a(cooja_mt.o) (cooja_mtarch_init)
obj_cooja/mtype782.a(rtimer-arch.o)
                              obj_cooja/mtype782.o (rtimer_arch_next)
obj_cooja/mtype782.a(watchdog.o)
                              obj_cooja/mtype782.a(nullrdc.o) (watchdog_periodic)
obj_cooja/mtype782.a(beep.o)  obj_cooja/mtype782.o (beep_interface)
obj_cooja/mtype782.a(button-sensor.o)
                              obj_cooja/mtype782.o (button_interface)
obj_cooja/mtype782.a(leds-arch.o)
                              obj_cooja/mtype782.o (leds_interface)
obj_cooja/mtype782.a(moteid.o)
                              obj_cooja/mtype782.o (moteid_interface)
obj_cooja/mtype782.a(pir-sensor.o)
                              obj_cooja/mtype782.o (pir_interface)
obj_cooja/mtype782.a(rs232.o)
                              obj_cooja/mtype782.o (rs232_interface)
obj_cooja/mtype782.a(vib-sensor.o)
                              obj_cooja/mtype782.o (vib_interface)
obj_cooja/mtype782.a(clock.o)
                              obj_cooja/mtype782.o (clock_interface)
obj_cooja/mtype782.a(log.o)   obj_cooja/mtype782.o (simlog_interface)
obj_cooja/mtype782.a(cfs-cooja.o)
                              obj_cooja/mtype782.o (cfs_interface)
obj_cooja/mtype782.a(cooja-radio.o)
                              obj_cooja/mtype782.o (radio_interface)
obj_cooja/mtype782.a(sensors.o)
                              obj_cooja/mtype782.o (sensors_process)
obj_cooja/mtype782.a(rimestats.o)
                              obj_cooja/mtype782.a(nullrdc.o) (rimestats)
obj_cooja/mtype782.a(frame802154.o)
                              obj_cooja/mtype782.a(framer-802154.o) (frame802154_hdrlen)
obj_cooja/mtype782.a(rpl.o)   obj_cooja/mtype782.a(uip-ds6-nbr.o) (rpl_link_neighbor_callback)
obj_cooja/mtype782.a(rpl-dag.o)
                              obj_cooja/mtype782.a(rpl.o) (instance_table)
obj_cooja/mtype782.a(rpl-icmp6.o)
[...]
Memory Configuration

Name             Origin             Length             Attributes
*default*        0x0000000000000000 0xffffffffffffffff

Linker script and memory map

LOAD /usr/lib/gcc/i686-linux-gnu/4.6/../../../i386-linux-gnu/crti.o
LOAD /usr/lib/gcc/i686-linux-gnu/4.6/crtbeginS.o
LOAD jammer.co
LOAD obj_cooja/mtype782.o
LOAD obj_cooja/mtype782.a
LOAD /usr/lib/gcc/i686-linux-gnu/4.6/libgcc.a
LOAD /usr/lib/gcc/i686-linux-gnu/4.6/libgcc_s.so
LOAD /usr/lib/gcc/i686-linux-gnu/4.6/../../../i386-linux-gnu/libc.so
START GROUP
LOAD /lib/i386-linux-gnu/libc.so.6
LOAD /usr/lib/i386-linux-gnu/libc_nonshared.a
LOAD /lib/i386-linux-gnu/ld-linux.so.2
END GROUP
LOAD /usr/lib/gcc/i686-linux-gnu/4.6/libgcc.a
LOAD /usr/lib/gcc/i686-linux-gnu/4.6/libgcc_s.so
LOAD /usr/lib/gcc/i686-linux-gnu/4.6/crtendS.o
LOAD /usr/lib/gcc/i686-linux-gnu/4.6/../../../i386-linux-gnu/crtn.o
                0x0000000000000114                . = (0x0 + SIZEOF_HEADERS)

.note.gnu.build-id
                0x0000000000000114       0x24
 *(.note.gnu.build-id)
 .note.gnu.build-id
                0x0000000000000114       0x24 /usr/lib/gcc/i686-linux-gnu/4.6/../../../i386-linux-gnu/crti.o

.hash
 *(.hash)

.gnu.hash       0x0000000000000138      0xd78
 *(.gnu.hash)
 .gnu.hash      0x0000000000000138      0xd78 /usr/lib/gcc/i686-linux-gnu/4.6/../../../i386-linux-gnu/crti.o

.dynsym         0x0000000000000eb0     0x1e00
 *(.dynsym)
 .dynsym        0x0000000000000eb0     0x1e00 /usr/lib/gcc/i686-linux-gnu/4.6/../../../i386-linux-gnu/crti.o

.dynstr         0x0000000000002cb0     0x1e51
 *(.dynstr)
 .dynstr        0x0000000000002cb0     0x1e51 /usr/lib/gcc/i686-linux-gnu/4.6/../../../i386-linux-gnu/crti.o

.gnu.version    0x0000000000004b02      0x3c0
 *(.gnu.version)
 .gnu.version   0x0000000000004b02      0x3c0 /usr/lib/gcc/i686-linux-gnu/4.6/../../../i386-linux-gnu/crti.o

.gnu.version_d  0x0000000000004ec4        0x0
 *(.gnu.version_d)
 .gnu.version_d
                0x0000000000000000        0x0 /usr/lib/gcc/i686-linux-gnu/4.6/../../../i386-linux-gnu/crti.o

.gnu.version_r  0x0000000000004ec4       0x40
 *(.gnu.version_r)
 .gnu.version_r
                0x0000000000004ec4       0x40 /usr/lib/gcc/i686-linux-gnu/4.6/../../../i386-linux-gnu/crti.o

.rel.dyn        0x0000000000004f04     0x7d20
 *(.rel.init)
 *(.rel.text .rel.text.* .rel.gnu.linkonce.t.*)
 .rel.text      0x0000000000000000        0x0 /usr/lib/gcc/i686-linux-gnu/4.6/../../../i386-linux-gnu/crti.o
 .rel.text.process_thread_broadcast_example_process
                0x0000000000004f04       0x68 /usr/lib/gcc/i686-linux-gnu/4.6/../../../i386-linux-gnu/crti.o
 .rel.text.print_processes
                0x0000000000004f6c       0x28 /usr/lib/gcc/i686-linux-gnu/4.6/../../../i386-linux-gnu/crti.o
 .rel.text.rtimer_thread_loop
                0x0000000000004f94       0x10 /usr/lib/gcc/i686-linux-gnu/4.6/../../../i386-linux-gnu/crti.o
 .rel.text.set_rime_addr
                0x0000000000004fa4       0x50 /usr/lib/gcc/i686-linux-gnu/4.6/../../../i386-linux-gnu/crti.o
 .rel.text.contiki_init
                0x0000000000004ff4      0x1d0 /usr/lib/gcc/i686-linux-gnu/4.6/../../../i386-linux-gnu/crti.o
 .rel.text.process_run_thread_loop
                0x00000000000051c4       0x70 /usr/lib/gcc/i686-linux-gnu/4.6/../../../i386-linux-gnu/crti.o
 .rel.text.Java_se_sics_cooja_corecomm_Lib355_init
                0x0000000000005234       0x30 /usr/lib/gcc/i686-linux-gnu/4.6/../../../i386-linux-gnu/crti.o
 .rel.text.Java_se_sics_cooja_corecomm_Lib355_getMemory
                0x0000000000005264        0x8 /usr/lib/gcc/i686-linux-gnu/4.6/../../../i386-linux-gnu/crti.o
 .rel.text.Java_se_sics_cooja_corecomm_Lib355_setMemory
                0x000000000000526c       0x10 /usr/lib/gcc/i686-linux-gnu/4.6/../../../i386-linux-gnu/crti.o
 .rel.text.Java_se_sics_cooja_corecomm_Lib355_tick
                0x000000000000527c       0xc8 /usr/lib/gcc/i686-linux-gnu/4.6/../../../i386-linux-gnu/crti.o
 .rel.text.Java_se_sics_cooja_corecomm_Lib355_setReferenceAddress
                0x0000000000005344       0x10 /usr/lib/gcc/i686-linux-gnu/4.6/../../../i386-linux-gnu/crti.o
 .rel.text.rimeaddr_cmp
                0x0000000000005354        0x8 /usr/lib/gcc/i686-linux-gnu/4.6/../../../i386-linux-gnu/crti.o
 .rel.text.rimeaddr_set_node_addr
                0x000000000000535c       0x10 /usr/lib/gcc/i686-linux-gnu/4.6/../../../i386-linux-gnu/crti.o
 .rel.text.packetbuf_set_attr
                0x000000000000536c       0x20 /usr/lib/gcc/i686-linux-gnu/4.6/../../../i386-linux-gnu/crti.o
 .rel.text.packetbuf_attr
                0x000000000000538c       0x18 /usr/lib/gcc/i686-linux-gnu/4.6/../../../i386-linux-gnu/crti.o
 .rel.text.packetbuf_set_addr
                0x00000000000053a4       0x30 /usr/lib/gcc/i686-linux-gnu/4.6/../../../i386-linux-gnu/crti.o
 .rel.text.packetbuf_addr
                0x00000000000053d4       0x30 /usr/lib/gcc/i686-linux-gnu/4.6/../../../i386-linux-gnu/crti.o
 .rel.text.send_one_packet
                0x0000000000005404       0xd8 /usr/lib/gcc/i686-linux-gnu/4.6/../../../i386-linux-gnu/crti.o
 .rel.text.send_list
                0x00000000000054dc        0x8 /usr/lib/gcc/i686-linux-gnu/4.6/../../../i386-linux-gnu/crti.o
 .rel.text.packet_input
                0x00000000000054e4       0xd0 /usr/lib/gcc/i686-linux-gnu/4.6/../../../i386-linux-gnu/crti.o
 .rel.text.on   0x00000000000055b4       0x10 /usr/lib/gcc/i686-linux-gnu/4.6/../../../i386-linux-gnu/crti.o
 .rel.text.off  0x00000000000055c4       0x18 /usr/lib/gcc/i686-linux-gnu/4.6/../../../i386-linux-gnu/crti.o
 .rel.text.create
                0x00000000000055dc       0xb0 /usr/lib/gcc/i686-linux-gnu/4.6/../../../i386-linux-gnu/crti.o
 .rel.text.parse
                0x000000000000568c       0x30 /usr/lib/gcc/i686-linux-gnu/4.6/../../../i386-linux-gnu/crti.o
 .rel.text.neighbor_queue_from_addr
                0x00000000000056bc       0x20 /usr/lib/gcc/i686-linux-gnu/4.6/../../../i386-linux-gnu/crti.o
 .rel.text.default_timebase
                0x00000000000056dc        0x8 /usr/lib/gcc/i686-linux-gnu/4.6/../../../i386-linux-gnu/crti.o
 .rel.text.transmit_packet_list
                0x00000000000056e4       0x18 /usr/lib/gcc/i686-linux-gnu/4.6/../../../i386-linux-gnu/crti.o
 .rel.text.free_packet
                0x00000000000056fc       0x70 /usr/lib/gcc/i686-linux-gnu/4.6/../../../i386-linux-gnu/crti.o
 .rel.text.packet_sent
                0x000000000000576c       0x68 /usr/lib/gcc/i686-linux-gnu/4.6/../../../i386-linux-gnu/crti.o
 .rel.text.send_packet
                0x00000000000057d4      0x110 /usr/lib/gcc/i686-linux-gnu/4.6/../../../i386-linux-gnu/crti.o
 .rel.text.input_packet
                0x00000000000058e4        0x8 /usr/lib/gcc/i686-linux-gnu/4.6/../../../i386-linux-gnu/crti.o
 .rel.text.channel_check_interval
                0x00000000000058ec       0x10 /usr/lib/gcc/i686-linux-gnu/4.6/../../../i386-linux-gnu/crti.o
 .rel.text.init
                0x00000000000058fc       0x40 /usr/lib/gcc/i686-linux-gnu/4.6/../../../i386-linux-gnu/crti.o
 .rel.text.process_alloc_event
                0x000000000000593c       0x10 /usr/lib/gcc/i686-linux-gnu/4.6/../../../i386-linux-gnu/crti.o
 .rel.text.process_start
                0x000000000000594c       0x20 /usr/lib/gcc/i686-linux-gnu/4.6/../../../i386-linux-gnu/crti.o
 .rel.text.exit_process
                0x000000000000596c       0x50 /usr/lib/gcc/i686-linux-gnu/4.6/../../../i386-linux-gnu/crti.o
 .rel.text.call_process
                0x00000000000059bc        0x8 /usr/lib/gcc/i686-linux-gnu/4.6/../../../i386-linux-gnu/crti.o
 .rel.text.process_exit
                0x00000000000059c4        0x8 /usr/lib/gcc/i686-linux-gnu/4.6/../../../i386-linux-gnu/crti.o
 .rel.text.process_init
                0x00000000000059cc       0x38 /usr/lib/gcc/i686-linux-gnu/4.6/../../../i386-linux-gnu/crti.o
 .rel.text.do_poll
                0x0000000000005a04       0x10 /usr/lib/gcc/i686-linux-gnu/4.6/../../../i386-linux-gnu/crti.o
 .rel.text.do_event
                0x0000000000005a14       0xe8 /usr/lib/gcc/i686-linux-gnu/4.6/../../../i386-linux-gnu/crti.o
 .rel.text.process_run
                0x0000000000005afc       0x18 /usr/lib/gcc/i686-linux-gnu/4.6/../../../i386-linux-gnu/crti.o
 .rel.text.process_nevents
                0x0000000000005b14       0x10 /usr/lib/gcc/i686-linux-gnu/4.6/../../../i386-linux-gnu/crti.o
 .rel.text.process_post
                0x0000000000005b24       0x60 /usr/lib/gcc/i686-linux-gnu/4.6/../../../i386-linux-gnu/crti.o
 .rel.text.process_post_synch
                0x0000000000005b84       0x10 /usr/lib/gcc/i686-linux-gnu/4.6/../../../i386-linux-gnu/crti.o
 .rel.text.process_poll
                0x0000000000005b94        0x8 /usr/lib/gcc/i686-linux-gnu/4.6/../../../i386-linux-gnu/crti.o
 .rel.text.autostart_start
                0x0000000000005b9c        0x8 /usr/lib/gcc/i686-linux-gnu/4.6/../../../i386-linux-gnu/crti.o
 .rel.text.autostart_exit
                0x0000000000005ba4        0x8 /usr/lib/gcc/i686-linux-gnu/4.6/../../../i386-linux-gnu/crti.o
 .rel.text.serial_line_input_byte
                0x0000000000005bac       0x48 /usr/lib/gcc/i686-linux-gnu/4.6/../../../i386-linux-gnu/crti.o
 .rel.text.process_thread_serial_line_process
                0x0000000000005bf4       0x90 /usr/lib/gcc/i686-linux-gnu/4.6/../../../i386-linux-gnu/crti.o
 .rel.text.serial_line_init
                0x0000000000005c84       0x28 /usr/lib/gcc/i686-linux-gnu/4.6/../../../i386-linux-gnu/crti.o
 .rel.text.memb_init
                0x0000000000005cac       0x10 /usr/lib/gcc/i686-linux-gnu/4.6/../../../i386-linux-gnu/crti.o
 .rel.text.list_add
                0x0000000000005cbc       0x10 /usr/lib/gcc/i686-linux-gnu/4.6/../../../i386-linux-gnu/crti.o
 .rel.text.list_push
                0x0000000000005ccc        0x8 /usr/lib/gcc/i686-linux-gnu/4.6/../../../i386-linux-gnu/crti.o
 .rel.text.list_insert
                0x0000000000005cd4        0x8 /usr/lib/gcc/i686-linux-gnu/4.6/../../../i386-linux-gnu/crti.o
 .rel.text.update_time
                0x0000000000005cdc       0x28 /usr/lib/gcc/i686-linux-gnu/4.6/../../../i386-linux-gnu/crti.o
 .rel.text.process_thread_etimer_process
                0x0000000000005d04       0x60 /usr/lib/gcc/i686-linux-gnu/4.6/../../../i386-linux-gnu/crti.o
 .rel.text.etimer_request_poll
                0x0000000000005d64       0x10 /usr/lib/gcc/i686-linux-gnu/4.6/../../../i386-linux-gnu/crti.o
 .rel.text.add_timer
                0x0000000000005d74       0x30 /usr/lib/gcc/i686-linux-gnu/4.6/../../../i386-linux-gnu/crti.o
 .rel.text.etimer_set
                0x0000000000005da4        0x8 /usr/lib/gcc/i686-linux-gnu/4.6/../../../i386-linux-gnu/crti.o
 .rel.text.etimer_reset
                0x0000000000005dac        0x8 /usr/lib/gcc/i686-linux-gnu/4.6/../../../i386-linux-gnu/crti.o
 .rel.text.etimer_restart
                0x0000000000005db4        0x8 /usr/lib/gcc/i686-linux-gnu/4.6/../../../i386-linux-gnu/crti.o
 .rel.text.etimer_pending
                0x0000000000005dbc        0x8 /usr/lib/gcc/i686-linux-gnu/4.6/../../../i386-linux-gnu/crti.o
 .rel.text.etimer_next_expiration_time
                0x0000000000005dc4       0x10 /usr/lib/gcc/i686-linux-gnu/4.6/../../../i386-linux-gnu/crti.o
 .rel.text.etimer_stop
                0x0000000000005dd4       0x20 /usr/lib/gcc/i686-linux-gnu/4.6/../../../i386-linux-gnu/crti.o
 .rel.text.process_thread_ctimer_process
                0x0000000000005df4       0x58 /usr/lib/gcc/i686-linux-gnu/4.6/../../../i386-linux-gnu/crti.o
 .rel.text.ctimer_init
                0x0000000000005e4c       0x28 /usr/lib/gcc/i686-linux-gnu/4.6/../../../i386-linux-gnu/crti.o
 .rel.text.ctimer_set
                0x0000000000005e74       0x58 /usr/lib/gcc/i686-linux-gnu/4.6/../../../i386-linux-gnu/crti.o
 .rel.text.ctimer_reset
                0x0000000000005ecc       0x50 /usr/lib/gcc/i686-linux-gnu/4.6/../../../i386-linux-gnu/crti.o
 .rel.text.ctimer_restart
                0x0000000000005f1c       0x50 /usr/lib/gcc/i686-linux-gnu/4.6/../../../i386-linux-gnu/crti.o
 .rel.text.ctimer_stop
                0x0000000000005f6c       0x20 /usr/lib/gcc/i686-linux-gnu/4.6/../../../i386-linux-gnu/crti.o
 .rel.text.ctimer_expired
                0x0000000000005f8c       0x20 /usr/lib/gcc/i686-linux-gnu/4.6/../../../i386-linux-gnu/crti.o
 .rel.text.random_init
                0x0000000000005fac        0x8 /usr/lib/gcc/i686-linux-gnu/4.6/../../../i386-linux-gnu/crti.o
 .rel.text.random_rand
                0x0000000000005fb4        0x8 /usr/lib/gcc/i686-linux-gnu/4.6/../../../i386-linux-gnu/crti.o
 .rel.text.netstack_init
                0x0000000000005fbc       0x20 /usr/lib/gcc/i686-linux-gnu/4.6/../../../i386-linux-gnu/crti.o
 .rel.text.packetbuf_clear
                0x0000000000005fdc       0x38 /usr/lib/gcc/i686-linux-gnu/4.6/../../../i386-linux-gnu/crti.o
 .rel.text.packetbuf_clear_hdr
                0x0000000000006014        0x8 /usr/lib/gcc/i686-linux-gnu/4.6/../../../i386-linux-gnu/crti.o
 .rel.text.packetbuf_copyfrom
                0x000000000000601c       0x20 /usr/lib/gcc/i686-linux-gnu/4.6/../../../i386-linux-gnu/crti.o
 .rel.text.packetbuf_compact
                0x000000000000603c       0x58 /usr/lib/gcc/i686-linux-gnu/4.6/../../../i386-linux-gnu/crti.o
 .rel.text.packetbuf_copyto_hdr
                0x0000000000006094       0x28 /usr/lib/gcc/i686-linux-gnu/4.6/../../../i386-linux-gnu/crti.o
 .rel.text.packetbuf_copyto
                0x00000000000060bc       0x68 /usr/lib/gcc/i686-linux-gnu/4.6/../../../i386-linux-gnu/crti.o
 .rel.text.packetbuf_hdralloc
                0x0000000000006124       0x20 /usr/lib/gcc/i686-linux-gnu/4.6/../../../i386-linux-gnu/crti.o
 .rel.text.packetbuf_hdr_remove
                0x0000000000006144       0x10 /usr/lib/gcc/i686-linux-gnu/4.6/../../../i386-linux-gnu/crti.o
 .rel.text.packetbuf_hdrreduce
                0x0000000000006154       0x28 /usr/lib/gcc/i686-linux-gnu/4.6/../../../i386-linux-gnu/crti.o
 .rel.text.packetbuf_set_datalen
                0x000000000000617c        0x8 /usr/lib/gcc/i686-linux-gnu/4.6/../../../i386-linux-gnu/crti.o
 .rel.text.packetbuf_dataptr
                0x0000000000006184       0x10 /usr/lib/gcc/i686-linux-gnu/4.6/../../../i386-linux-gnu/crti.o
 .rel.text.packetbuf_hdrptr
                0x0000000000006194       0x10 /usr/lib/gcc/i686-linux-gnu/4.6/../../../i386-linux-gnu/crti.o
 .rel.text.packetbuf_reference
                0x00000000000061a4       0x18 /usr/lib/gcc/i686-linux-gnu/4.6/../../../i386-linux-gnu/crti.o
 .rel.text.packetbuf_is_reference
                0x00000000000061bc       0x10 /usr/lib/gcc/i686-linux-gnu/4.6/../../../i386-linux-gnu/crti.o
 .rel.text.packetbuf_reference_ptr
                0x00000000000061cc        0x8 /usr/lib/gcc/i686-linux-gnu/4.6/../../../i386-linux-gnu/crti.o
 .rel.text.packetbuf_datalen
                0x00000000000061d4        0x8 /usr/lib/gcc/i686-linux-gnu/4.6/../../../i386-linux-gnu/crti.o
 .rel.text.packetbuf_hdrlen
                0x00000000000061dc        0x8 /usr/lib/gcc/i686-linux-gnu/4.6/../../../i386-linux-gnu/crti.o
 .rel.text.packetbuf_totlen
                0x00000000000061e4       0x10 /usr/lib/gcc/i686-linux-gnu/4.6/../../../i386-linux-gnu/crti.o
 .rel.text.packetbuf_attr_clear
                0x00000000000061f4       0x20 /usr/lib/gcc/i686-linux-gnu/4.6/../../../i386-linux-gnu/crti.o
 .rel.text.packetbuf_attr_copyto
                0x0000000000006214       0x48 /usr/lib/gcc/i686-linux-gnu/4.6/../../../i386-linux-gnu/crti.o
 .rel.text.packetbuf_attr_copyfrom
                0x000000000000625c       0x48 /usr/lib/gcc/i686-linux-gnu/4.6/../../../i386-linux-gnu/crti.o
 .rel.text.queuebuf_init
                0x00000000000062a4       0x30 /usr/lib/gcc/i686-linux-gnu/4.6/../../../i386-linux-gnu/crti.o
 .rel.text.queuebuf_new_from_packetbuf
                0x00000000000062d4       0x60 /usr/lib/gcc/i686-linux-gnu/4.6/../../../i386-linux-gnu/crti.o
 .rel.text.queuebuf_update_attr_from_packetbuf
                0x0000000000006334        0x8 /usr/lib/gcc/i686-linux-gnu/4.6/../../../i386-linux-gnu/crti.o
 .rel.text.queuebuf_free
                0x000000000000633c       0x50 /usr/lib/gcc/i686-linux-gnu/4.6/../../../i386-linux-gnu/crti.o
 .rel.text.queuebuf_to_packetbuf
                0x000000000000638c       0x58 /usr/lib/gcc/i686-linux-gnu/4.6/../../../i386-linux-gnu/crti.o
 .rel.text.queuebuf_dataptr
                0x00000000000063e4       0x20 /usr/lib/gcc/i686-linux-gnu/4.6/../../../i386-linux-gnu/crti.o
 .rel.text.rime_sniffer_add
                0x0000000000006404        0x8 /usr/lib/gcc/i686-linux-gnu/4.6/../../../i386-linux-gnu/crti.o
 .rel.text.rime_sniffer_remove
                0x000000000000640c        0x8 /usr/lib/gcc/i686-linux-gnu/4.6/../../../i386-linux-gnu/crti.o
 .rel.text.set_packet_attrs
                0x0000000000006414       0x60 /usr/lib/gcc/i686-linux-gnu/4.6/../../../i386-linux-gnu/crti.o
 .rel.text.addr_context_lookup_by_prefix
                0x0000000000006474       0x20 /usr/lib/gcc/i686-linux-gnu/4.6/../../../i386-linux-gnu/crti.o
 .rel.text.addr_context_lookup_by_number
                0x0000000000006494       0x18 /usr/lib/gcc/i686-linux-gnu/4.6/../../../i386-linux-gnu/crti.o
 .rel.text.compress_addr_64
                0x00000000000064ac       0x30 /usr/lib/gcc/i686-linux-gnu/4.6/../../../i386-linux-gnu/crti.o
 .rel.text.uncompress_addr
                0x00000000000064dc       0x38 /usr/lib/gcc/i686-linux-gnu/4.6/../../../i386-linux-gnu/crti.o
 .rel.text.compress_hdr_hc06
                0x0000000000006514      0x5a0 /usr/lib/gcc/i686-linux-gnu/4.6/../../../i386-linux-gnu/crti.o
 .rel.text.uncompress_hdr_hc06
                0x0000000000006ab4      0x3e0 /usr/lib/gcc/i686-linux-gnu/4.6/../../../i386-linux-gnu/crti.o
 .rel.text.compress_hdr_ipv6
                0x0000000000006e94       0x50 /usr/lib/gcc/i686-linux-gnu/4.6/../../../i386-linux-gnu/crti.o
 .rel.text.output
                0x0000000000006ee4      0x2f8 /usr/lib/gcc/i686-linux-gnu/4.6/../../../i386-linux-gnu/crti.o
 .rel.text.input
                0x00000000000071dc      0x2e8 /usr/lib/gcc/i686-linux-gnu/4.6/../../../i386-linux-gnu/crti.o
 .rel.text.sicslowpan_init
                0x00000000000074c4       0x38 /usr/lib/gcc/i686-linux-gnu/4.6/../../../i386-linux-gnu/crti.o
 .rel.text.init_simple_udp
                0x00000000000074fc       0x20 /usr/lib/gcc/i686-linux-gnu/4.6/../../../i386-linux-gnu/crti.o
 .rel.text.simple_udp_send
                0x000000000000751c        0x8 /usr/lib/gcc/i686-linux-gnu/4.6/../../../i386-linux-gnu/crti.o
 .rel.text.simple_udp_sendto
                0x0000000000007524        0x8 /usr/lib/gcc/i686-linux-gnu/4.6/../../../i386-linux-gnu/crti.o
 .rel.text.simple_udp_sendto_port
                0x000000000000752c        0x8 /usr/lib/gcc/i686-linux-gnu/4.6/../../../i386-linux-gnu/crti.o
 .rel.text.simple_udp_register
                0x0000000000007534       0x28 /usr/lib/gcc/i686-linux-gnu/4.6/../../../i386-linux-gnu/crti.o
 .rel.text.process_thread_simple_udp_process
                0x000000000000755c       0x88 /usr/lib/gcc/i686-linux-gnu/4.6/../../../i386-linux-gnu/crti.o
 .rel.text.tcpip_output
                0x00000000000075e4       0x10 /usr/lib/gcc/i686-linux-gnu/4.6/../../../i386-linux-gnu/crti.o
 .rel.text.tcpip_set_outputfunc
                0x00000000000075f4        0x8 /usr/lib/gcc/i686-linux-gnu/4.6/../../../i386-linux-gnu/crti.o
 .rel.text.start_periodic_tcp_timer
                0x00000000000075fc       0x20 /usr/lib/gcc/i686-linux-gnu/4.6/../../../i386-linux-gnu/crti.o
 .rel.text.check_for_tcp_syn
                0x000000000000761c       0x10 /usr/lib/gcc/i686-linux-gnu/4.6/../../../i386-linux-gnu/crti.o
 .rel.text.tcp_connect
                0x000000000000762c       0x18 /usr/lib/gcc/i686-linux-gnu/4.6/../../../i386-linux-gnu/crti.o
 .rel.text.tcp_unlisten
                0x0000000000007644       0x38 /usr/lib/gcc/i686-linux-gnu/4.6/../../../i386-linux-gnu/crti.o
 .rel.text.tcp_listen
                0x000000000000767c       0x38 /usr/lib/gcc/i686-linux-gnu/4.6/../../../i386-linux-gnu/crti.o
 .rel.text.tcp_attach
                0x00000000000076b4        0x8 /usr/lib/gcc/i686-linux-gnu/4.6/../../../i386-linux-gnu/crti.o
 .rel.text.udp_attach
                0x00000000000076bc        0x8 /usr/lib/gcc/i686-linux-gnu/4.6/../../../i386-linux-gnu/crti.o
 .rel.text.udp_new
                0x00000000000076c4       0x10 /usr/lib/gcc/i686-linux-gnu/4.6/../../../i386-linux-gnu/crti.o
 .rel.text.udp_broadcast_new
                0x00000000000076d4       0x10 /usr/lib/gcc/i686-linux-gnu/4.6/../../../i386-linux-gnu/crti.o
 .rel.text.eventhandler
                0x00000000000076e4      0x128 /usr/lib/gcc/i686-linux-gnu/4.6/../../../i386-linux-gnu/crti.o
 .rel.text.tcpip_input
                0x000000000000780c       0x20 /usr/lib/gcc/i686-linux-gnu/4.6/../../../i386-linux-gnu/crti.o
 .rel.text.tcpip_ipv6_output
                0x000000000000782c      0x258 /usr/lib/gcc/i686-linux-gnu/4.6/../../../i386-linux-gnu/crti.o
 .rel.text.tcpip_poll_udp
                0x0000000000007a84       0x10 /usr/lib/gcc/i686-linux-gnu/4.6/../../../i386-linux-gnu/crti.o
 .rel.text.tcpip_poll_tcp
                0x0000000000007a94       0x10 /usr/lib/gcc/i686-linux-gnu/4.6/../../../i386-linux-gnu/crti.o
 .rel.text.tcpip_uipcall
                0x0000000000007aa4       0x60 /usr/lib/gcc/i686-linux-gnu/4.6/../../../i386-linux-gnu/crti.o
 .rel.text.process_thread_tcpip_process
                0x0000000000007b04       0x70 /usr/lib/gcc/i686-linux-gnu/4.6/../../../i386-linux-gnu/crti.o
 .rel.text.call_route_callback
                0x0000000000007b74       0x30 /usr/lib/gcc/i686-linux-gnu/4.6/../../../i386-linux-gnu/crti.o
 .rel.text.uip_ds6_notification_add
                0x0000000000007ba4       0x10 /usr/lib/gcc/i686-linux-gnu/4.6/../../../i386-linux-gnu/crti.o
 .rel.text.uip_ds6_notification_rm
                0x0000000000007bb4       0x10 /usr/lib/gcc/i686-linux-gnu/4.6/../../../i386-linux-gnu/crti.o
 .rel.text.uip_ds6_route_init
                0x0000000000007bc4       0x58 /usr/lib/gcc/i686-linux-gnu/4.6/../../../i386-linux-gnu/crti.o
 .rel.text.uip_ds6_route_nexthop_lladdr
                0x0000000000007c1c       0x10 /usr/lib/gcc/i686-linux-gnu/4.6/../../../i386-linux-gnu/crti.o
 .rel.text.uip_ds6_route_nexthop
                0x0000000000007c2c        0x8 /usr/lib/gcc/i686-linux-gnu/4.6/../../../i386-linux-gnu/crti.o
 .rel.text.uip_ds6_route_head
                0x0000000000007c34       0x20 /usr/lib/gcc/i686-linux-gnu/4.6/../../../i386-linux-gnu/crti.o
 .rel.text.uip_ds6_route_next
                0x0000000000007c54       0x20 /usr/lib/gcc/i686-linux-gnu/4.6/../../../i386-linux-gnu/crti.o
 .rel.text.uip_ds6_route_num_routes
                0x0000000000007c74        0x8 /usr/lib/gcc/i686-linux-gnu/4.6/../../../i386-linux-gnu/crti.o
 .rel.text.uip_ds6_route_lookup
                0x0000000000007c7c       0x18 /usr/lib/gcc/i686-linux-gnu/4.6/../../../i386-linux-gnu/crti.o
 .rel.text.uip_ds6_route_add
                0x0000000000007c94       0x60 /usr/lib/gcc/i686-linux-gnu/4.6/../../../i386-linux-gnu/crti.o
 .rel.text.uip_ds6_route_rm
                0x0000000000007cf4       0x48 /usr/lib/gcc/i686-linux-gnu/4.6/../../../i386-linux-gnu/crti.o
 .rel.text.rm_routelist
                0x0000000000007d3c       0x28 /usr/lib/gcc/i686-linux-gnu/4.6/../../../i386-linux-gnu/crti.o
 .rel.text.uip_ds6_route_rm_by_nexthop
                0x0000000000007d64       0x18 /usr/lib/gcc/i686-linux-gnu/4.6/../../../i386-linux-gnu/crti.o
 .rel.text.uip_ds6_defrt_add
                0x0000000000007d7c       0x30 /usr/lib/gcc/i686-linux-gnu/4.6/../../../i386-linux-gnu/crti.o
 .rel.text.uip_ds6_defrt_rm
                0x0000000000007dac       0x38 /usr/lib/gcc/i686-linux-gnu/4.6/../../../i386-linux-gnu/crti.o
 .rel.text.uip_ds6_defrt_lookup
                0x0000000000007de4       0x20 /usr/lib/gcc/i686-linux-gnu/4.6/../../../i386-linux-gnu/crti.o
 .rel.text.uip_ds6_defrt_choose
                0x0000000000007e04       0x20 /usr/lib/gcc/i686-linux-gnu/4.6/../../../i386-linux-gnu/crti.o
 .rel.text.uip_ds6_defrt_periodic
                0x0000000000007e24       0x38 /usr/lib/gcc/i686-linux-gnu/4.6/../../../i386-linux-gnu/crti.o
 .rel.text.uip_ds6_neighbors_init
                0x0000000000007e5c       0x18 /usr/lib/gcc/i686-linux-gnu/4.6/../../../i386-linux-gnu/crti.o
 .rel.text.uip_ds6_nbr_add
                0x0000000000007e74       0x30 /usr/lib/gcc/i686-linux-gnu/4.6/../../../i386-linux-gnu/crti.o
 .rel.text.uip_ds6_nbr_rm
                0x0000000000007ea4       0x20 /usr/lib/gcc/i686-linux-gnu/4.6/../../../i386-linux-gnu/crti.o
 .rel.text.uip_ds6_nbr_get_ll
                0x0000000000007ec4       0x10 /usr/lib/gcc/i686-linux-gnu/4.6/../../../i386-linux-gnu/crti.o
 .rel.text.uip_ds6_nbr_num
                0x0000000000007ed4       0x20 /usr/lib/gcc/i686-linux-gnu/4.6/../../../i386-linux-gnu/crti.o
 .rel.text.uip_ds6_nbr_lookup
                0x0000000000007ef4       0x28 /usr/lib/gcc/i686-linux-gnu/4.6/../../../i386-linux-gnu/crti.o
 .rel.text.uip_ds6_nbr_ll_lookup
                0x0000000000007f1c       0x10 /usr/lib/gcc/i686-linux-gnu/4.6/../../../i386-linux-gnu/crti.o
 .rel.text.uip_ds6_nbr_ipaddr_from_lladdr
                0x0000000000007f2c        0x8 /usr/lib/gcc/i686-linux-gnu/4.6/../../../i386-linux-gnu/crti.o
 .rel.text.uip_ds6_nbr_lladdr_from_ipaddr
                0x0000000000007f34       0x10 /usr/lib/gcc/i686-linux-gnu/4.6/../../../i386-linux-gnu/crti.o
 .rel.text.uip_ds6_link_neighbor_callback
                0x0000000000007f44       0x18 /usr/lib/gcc/i686-linux-gnu/4.6/../../../i386-linux-gnu/crti.o
 .rel.text.uip_ds6_neighbor_periodic
                0x0000000000007f5c       0xa8 /usr/lib/gcc/i686-linux-gnu/4.6/../../../i386-linux-gnu/crti.o
 .rel.text.uip_ds6_get_least_lifetime_neighbor
                0x0000000000008004       0x30 /usr/lib/gcc/i686-linux-gnu/4.6/../../../i386-linux-gnu/crti.o
 .rel.text.uip_ds6_init
                0x0000000000008034      0x170 /usr/lib/gcc/i686-linux-gnu/4.6/../../../i386-linux-gnu/crti.o
 .rel.text.uip_ds6_periodic
                0x00000000000081a4       0x80 /usr/lib/gcc/i686-linux-gnu/4.6/../../../i386-linux-gnu/crti.o
 .rel.text.uip_ds6_list_loop
                0x0000000000008224        0x8 /usr/lib/gcc/i686-linux-gnu/4.6/../../../i386-linux-gnu/crti.o
 .rel.text.uip_ds6_prefix_add
                0x000000000000822c       0x58 /usr/lib/gcc/i686-linux-gnu/4.6/../../../i386-linux-gnu/crti.o
 .rel.text.uip_ds6_prefix_lookup
                0x0000000000008284       0x20 /usr/lib/gcc/i686-linux-gnu/4.6/../../../i386-linux-gnu/crti.o
 .rel.text.uip_ds6_is_addr_onlink
                0x00000000000082a4       0x50 /usr/lib/gcc/i686-linux-gnu/4.6/../../../i386-linux-gnu/crti.o
 .rel.text.uip_ds6_addr_add
                0x00000000000082f4       0xc8 /usr/lib/gcc/i686-linux-gnu/4.6/../../../i386-linux-gnu/crti.o
 .rel.text.uip_ds6_addr_rm
                0x00000000000083bc       0x88 /usr/lib/gcc/i686-linux-gnu/4.6/../../../i386-linux-gnu/crti.o
 .rel.text.uip_ds6_addr_lookup
                0x0000000000008444       0x20 /usr/lib/gcc/i686-linux-gnu/4.6/../../../i386-linux-gnu/crti.o
 .rel.text.uip_ds6_get_link_local
                0x0000000000008464       0x58 /usr/lib/gcc/i686-linux-gnu/4.6/../../../i386-linux-gnu/crti.o
 .rel.text.uip_ds6_get_global
                0x00000000000084bc       0x58 /usr/lib/gcc/i686-linux-gnu/4.6/../../../i386-linux-gnu/crti.o
 .rel.text.uip_ds6_maddr_add
                0x0000000000008514       0x30 /usr/lib/gcc/i686-linux-gnu/4.6/../../../i386-linux-gnu/crti.o
 .rel.text.uip_ds6_maddr_lookup
                0x0000000000008544       0x20 /usr/lib/gcc/i686-linux-gnu/4.6/../../../i386-linux-gnu/crti.o
 .rel.text.uip_ds6_aaddr_add
                0x0000000000008564       0x30 /usr/lib/gcc/i686-linux-gnu/4.6/../../../i386-linux-gnu/crti.o
 .rel.text.uip_ds6_aaddr_lookup
                0x0000000000008594       0x20 /usr/lib/gcc/i686-linux-gnu/4.6/../../../i386-linux-gnu/crti.o
 .rel.text.uip_ds6_select_src
                0x00000000000085b4       0x70 /usr/lib/gcc/i686-linux-gnu/4.6/../../../i386-linux-gnu/crti.o
 .rel.text.uip_ds6_compute_reachable_time
                0x0000000000008624       0x30 /usr/lib/gcc/i686-linux-gnu/4.6/../../../i386-linux-gnu/crti.o
 .rel.text.create_llao
                0x0000000000008654       0x10 /usr/lib/gcc/i686-linux-gnu/4.6/../../../i386-linux-gnu/crti.o
 .rel.text.uip_nd6_ns_input
                0x0000000000008664      0x378 /usr/lib/gcc/i686-linux-gnu/4.6/../../../i386-linux-gnu/crti.o
 .rel.text.uip_nd6_ns_output
                0x00000000000089dc      0x1e0 /usr/lib/gcc/i686-linux-gnu/4.6/../../../i386-linux-gnu/crti.o
 .rel.text.uip_nd6_na_input
                0x0000000000008bbc      0x2d0 /usr/lib/gcc/i686-linux-gnu/4.6/../../../i386-linux-gnu/crti.o
 .rel.text.packet_timedout
                0x0000000000008e8c       0x10 /usr/lib/gcc/i686-linux-gnu/4.6/../../../i386-linux-gnu/crti.o
 .rel.text.uip_packetqueue_alloc
                0x0000000000008e9c       0x20 /usr/lib/gcc/i686-linux-gnu/4.6/../../../i386-linux-gnu/crti.o
 .rel.text.uip_packetqueue_free
                0x0000000000008ebc       0x18 /usr/lib/gcc/i686-linux-gnu/4.6/../../../i386-linux-gnu/crti.o
 .rel.text.uip_udp_packet_send
                0x0000000000008ed4       0x38 /usr/lib/gcc/i686-linux-gnu/4.6/../../../i386-linux-gnu/crti.o
 .rel.text.uip_udp_packet_sendto
                0x0000000000008f0c       0x10 /usr/lib/gcc/i686-linux-gnu/4.6/../../../i386-linux-gnu/crti.o
 .rel.text.uip_add32
                0x0000000000008f1c       0x98 /usr/lib/gcc/i686-linux-gnu/4.6/../../../i386-linux-gnu/crti.o
 .rel.text.uip_chksum
                0x0000000000008fb4        0x8 /usr/lib/gcc/i686-linux-gnu/4.6/../../../i386-linux-gnu/crti.o
 .rel.text.upper_layer_chksum
                0x0000000000008fbc       0x38 /usr/lib/gcc/i686-linux-gnu/4.6/../../../i386-linux-gnu/crti.o
 .rel.text.uip_init
                0x0000000000008ff4       0xa0 /usr/lib/gcc/i686-linux-gnu/4.6/../../../i386-linux-gnu/crti.o
 .rel.text.uip_connect
                0x0000000000009094       0xc0 /usr/lib/gcc/i686-linux-gnu/4.6/../../../i386-linux-gnu/crti.o
 .rel.text.remove_ext_hdr
                0x0000000000009154       0x98 /usr/lib/gcc/i686-linux-gnu/4.6/../../../i386-linux-gnu/crti.o
 .rel.text.uip_udp_new
                0x00000000000091ec       0xb8 /usr/lib/gcc/i686-linux-gnu/4.6/../../../i386-linux-gnu/crti.o
 .rel.text.uip_unlisten
                0x00000000000092a4       0x40 /usr/lib/gcc/i686-linux-gnu/4.6/../../../i386-linux-gnu/crti.o
 .rel.text.uip_listen
                0x00000000000092e4       0x40 /usr/lib/gcc/i686-linux-gnu/4.6/../../../i386-linux-gnu/crti.o
 .rel.text.uip_add_rcv_nxt
                0x0000000000009324       0x50 /usr/lib/gcc/i686-linux-gnu/4.6/../../../i386-linux-gnu/crti.o
 .rel.text.ext_hdr_options_process
                0x0000000000009374      0x108 /usr/lib/gcc/i686-linux-gnu/4.6/../../../i386-linux-gnu/crti.o
 .rel.text.uip_process
                0x000000000000947c     0x1188 /usr/lib/gcc/i686-linux-gnu/4.6/../../../i386-linux-gnu/crti.o
 .rel.text.uip_send
                0x000000000000a604       0x38 /usr/lib/gcc/i686-linux-gnu/4.6/../../../i386-linux-gnu/crti.o
 .rel.text.doActionsBeforeTick
                0x000000000000a63c       0x10 /usr/lib/gcc/i686-linux-gnu/4.6/../../../i386-linux-gnu/crti.o
 .rel.text.doActionsAfterTick
                0x000000000000a64c       0x10 /usr/lib/gcc/i686-linux-gnu/4.6/../../../i386-linux-gnu/crti.o
 .rel.text.cooja_mt_init
                0x000000000000a65c        0x8 /usr/lib/gcc/i686-linux-gnu/4.6/../../../i386-linux-gnu/crti.o
 .rel.text.cooja_mt_remove
                0x000000000000a664        0x8 /usr/lib/gcc/i686-linux-gnu/4.6/../../../i386-linux-gnu/crti.o
 .rel.text.cooja_mt_start
                0x000000000000a66c        0x8 /usr/lib/gcc/i686-linux-gnu/4.6/../../../i386-linux-gnu/crti.o
 .rel.text.cooja_mt_exec
                0x000000000000a674       0x10 /usr/lib/gcc/i686-linux-gnu/4.6/../../../i386-linux-gnu/crti.o
 .rel.text.cooja_mt_exit
                0x000000000000a684       0x18 /usr/lib/gcc/i686-linux-gnu/4.6/../../../i386-linux-gnu/crti.o
 .rel.text.cooja_mt_yield
                0x000000000000a69c       0x18 /usr/lib/gcc/i686-linux-gnu/4.6/../../../i386-linux-gnu/crti.o
 .rel.text.cooja_sw
                0x000000000000a6b4        0x8 /usr/lib/gcc/i686-linux-gnu/4.6/../../../i386-linux-gnu/crti.o
 .rel.text.cooja_mtarch_exec
                0x000000000000a6bc       0x18 /usr/lib/gcc/i686-linux-gnu/4.6/../../../i386-linux-gnu/crti.o
 .rel.text.cooja_mtarch_yield
                0x000000000000a6d4        0x8 /usr/lib/gcc/i686-linux-gnu/4.6/../../../i386-linux-gnu/crti.o
 .rel.text.rtimer_arch_init
                0x000000000000a6dc       0x18 /usr/lib/gcc/i686-linux-gnu/4.6/../../../i386-linux-gnu/crti.o
 .rel.text.rtimer_arch_schedule
                0x000000000000a6f4       0x10 /usr/lib/gcc/i686-linux-gnu/4.6/../../../i386-linux-gnu/crti.o
 .rel.text.rtimer_arch_next
                0x000000000000a704        0x8 /usr/lib/gcc/i686-linux-gnu/4.6/../../../i386-linux-gnu/crti.o
 .rel.text.rtimer_arch_pending
                0x000000000000a70c        0x8 /usr/lib/gcc/i686-linux-gnu/4.6/../../../i386-linux-gnu/crti.o
 .rel.text.rtimer_arch_check
                0x000000000000a714       0x20 /usr/lib/gcc/i686-linux-gnu/4.6/../../../i386-linux-gnu/crti.o
 .rel.text.rtimer_arch_now
                0x000000000000a734       0x48 /usr/lib/gcc/i686-linux-gnu/4.6/../../../i386-linux-gnu/crti.o
 .rel.text.beep_alarm
                0x000000000000a77c        0x8 /usr/lib/gcc/i686-linux-gnu/4.6/../../../i386-linux-gnu/crti.o
 .rel.text.beep_beep
                0x000000000000a784        0x8 /usr/lib/gcc/i686-linux-gnu/4.6/../../../i386-linux-gnu/crti.o
 .rel.text.beep
                0x000000000000a78c        0x8 /usr/lib/gcc/i686-linux-gnu/4.6/../../../i386-linux-gnu/crti.o
 .rel.text.beep_down
                0x000000000000a794        0x8 /usr/lib/gcc/i686-linux-gnu/4.6/../../../i386-linux-gnu/crti.o
 .rel.text.beep_on
                0x000000000000a79c        0x8 /usr/lib/gcc/i686-linux-gnu/4.6/../../../i386-linux-gnu/crti.o
 .rel.text.beep_off
                0x000000000000a7a4        0x8 /usr/lib/gcc/i686-linux-gnu/4.6/../../../i386-linux-gnu/crti.o
 .rel.text.beep_spinup
                0x000000000000a7ac        0x8 /usr/lib/gcc/i686-linux-gnu/4.6/../../../i386-linux-gnu/crti.o
 .rel.text.beep_quick
                0x000000000000a7b4        0x8 /usr/lib/gcc/i686-linux-gnu/4.6/../../../i386-linux-gnu/crti.o
 .rel.text.beep_long
                0x000000000000a7bc        0x8 /usr/lib/gcc/i686-linux-gnu/4.6/../../../i386-linux-gnu/crti.o
 .rel.text.value
                0x000000000000a7c4       0x28 /usr/lib/gcc/i686-linux-gnu/4.6/../../../i386-linux-gnu/crti.o
 .rel.text.configure
                0x000000000000a7ec       0x40 /usr/lib/gcc/i686-linux-gnu/4.6/../../../i386-linux-gnu/crti.o
 .rel.text.status
                0x000000000000a82c       0x18 /usr/lib/gcc/i686-linux-gnu/4.6/../../../i386-linux-gnu/crti.o
 .rel.text.doInterfaceActionsBeforeTick
                0x000000000000a844      0x188 /usr/lib/gcc/i686-linux-gnu/4.6/../../../i386-linux-gnu/crti.o
 .rel.text.leds_arch_init
                0x000000000000a9cc        0x8 /usr/lib/gcc/i686-linux-gnu/4.6/../../../i386-linux-gnu/crti.o
 .rel.text.leds_arch_get
                0x000000000000a9d4        0x8 /usr/lib/gcc/i686-linux-gnu/4.6/../../../i386-linux-gnu/crti.o
 .rel.text.leds_arch_set
                0x000000000000a9dc       0x10 /usr/lib/gcc/i686-linux-gnu/4.6/../../../i386-linux-gnu/crti.o
 .rel.text.rs232_set_input
                0x000000000000a9ec        0x8 /usr/lib/gcc/i686-linux-gnu/4.6/../../../i386-linux-gnu/crti.o
 .rel.text.rs232_send
                0x000000000000a9f4       0x10 /usr/lib/gcc/i686-linux-gnu/4.6/../../../i386-linux-gnu/crti.o
 .rel.text.rs232_print
                0x000000000000aa04       0x10 /usr/lib/gcc/i686-linux-gnu/4.6/../../../i386-linux-gnu/crti.o
 .rel.text.slip_arch_writeb
                0x000000000000aa14        0x8 /usr/lib/gcc/i686-linux-gnu/4.6/../../../i386-linux-gnu/crti.o
 .rel.text.clock_time
                0x000000000000aa1c        0x8 /usr/lib/gcc/i686-linux-gnu/4.6/../../../i386-linux-gnu/crti.o
 .rel.text.clock_seconds
                0x000000000000aa24        0x8 /usr/lib/gcc/i686-linux-gnu/4.6/../../../i386-linux-gnu/crti.o
 .rel.text.simlog_char
                0x000000000000aa2c       0x30 /usr/lib/gcc/i686-linux-gnu/4.6/../../../i386-linux-gnu/crti.o
 .rel.text.simlog
                0x000000000000aa5c       0x38 /usr/lib/gcc/i686-linux-gnu/4.6/../../../i386-linux-gnu/crti.o
 .rel.text.log_message
                0x000000000000aa94       0x10 /usr/lib/gcc/i686-linux-gnu/4.6/../../../i386-linux-gnu/crti.o
 .rel.text.log_set_putchar_with_slip
                0x000000000000aaa4        0x8 /usr/lib/gcc/i686-linux-gnu/4.6/../../../i386-linux-gnu/crti.o
 .rel.text.putchar
                0x000000000000aaac       0x50 /usr/lib/gcc/i686-linux-gnu/4.6/../../../i386-linux-gnu/crti.o
 .rel.text.puts
                0x000000000000aafc       0x10 /usr/lib/gcc/i686-linux-gnu/4.6/../../../i386-linux-gnu/crti.o
 .rel.text.printf
                0x000000000000ab0c       0x20 /usr/lib/gcc/i686-linux-gnu/4.6/../../../i386-linux-gnu/crti.o
 .rel.text.cfs_open
                0x000000000000ab2c       0x30 /usr/lib/gcc/i686-linux-gnu/4.6/../../../i386-linux-gnu/crti.o
 .rel.text.cfs_close
                0x000000000000ab5c        0x8 /usr/lib/gcc/i686-linux-gnu/4.6/../../../i386-linux-gnu/crti.o
 .rel.text.cfs_read
                0x000000000000ab64       0x70 /usr/lib/gcc/i686-linux-gnu/4.6/../../../i386-linux-gnu/crti.o
 .rel.text.cfs_write
                0x000000000000abd4       0x90 /usr/lib/gcc/i686-linux-gnu/4.6/../../../i386-linux-gnu/crti.o
 .rel.text.cfs_seek
                0x000000000000ac64       0x68 /usr/lib/gcc/i686-linux-gnu/4.6/../../../i386-linux-gnu/crti.o
 .rel.text.cfs_remove
                0x000000000000accc        0x8 /usr/lib/gcc/i686-linux-gnu/4.6/../../../i386-linux-gnu/crti.o
 .rel.text.radio_set_channel
                0x000000000000acd4        0x8 /usr/lib/gcc/i686-linux-gnu/4.6/../../../i386-linux-gnu/crti.o
 .rel.text.radio_set_txpower
                0x000000000000acdc        0x8 /usr/lib/gcc/i686-linux-gnu/4.6/../../../i386-linux-gnu/crti.o
 .rel.text.radio_signal_strength_last
                0x000000000000ace4        0x8 /usr/lib/gcc/i686-linux-gnu/4.6/../../../i386-linux-gnu/crti.o
 .rel.text.radio_signal_strength_current
                0x000000000000acec        0x8 /usr/lib/gcc/i686-linux-gnu/4.6/../../../i386-linux-gnu/crti.o
 .rel.text.radio_on
                0x000000000000acf4        0x8 /usr/lib/gcc/i686-linux-gnu/4.6/../../../i386-linux-gnu/crti.o
 .rel.text.radio_off
                0x000000000000acfc        0x8 /usr/lib/gcc/i686-linux-gnu/4.6/../../../i386-linux-gnu/crti.o
 .rel.text.radio_read
                0x000000000000ad04       0x50 /usr/lib/gcc/i686-linux-gnu/4.6/../../../i386-linux-gnu/crti.o
 .rel.text.channel_clear
                0x000000000000ad54        0x8 /usr/lib/gcc/i686-linux-gnu/4.6/../../../i386-linux-gnu/crti.o
 .rel.text.radio_send
                0x000000000000ad5c       0x70 /usr/lib/gcc/i686-linux-gnu/4.6/../../../i386-linux-gnu/crti.o
 .rel.text.prepare_packet
                0x000000000000adcc        0x8 /usr/lib/gcc/i686-linux-gnu/4.6/../../../i386-linux-gnu/crti.o
 .rel.text.transmit_packet
                0x000000000000add4       0x10 /usr/lib/gcc/i686-linux-gnu/4.6/../../../i386-linux-gnu/crti.o
 .rel.text.receiving_packet
                0x000000000000ade4        0x8 /usr/lib/gcc/i686-linux-gnu/4.6/../../../i386-linux-gnu/crti.o
 .rel.text.pending_packet
                0x000000000000adec       0x10 /usr/lib/gcc/i686-linux-gnu/4.6/../../../i386-linux-gnu/crti.o
 .rel.text.process_thread_cooja_radio_process
                0x000000000000adfc       0x20 /usr/lib/gcc/i686-linux-gnu/4.6/../../../i386-linux-gnu/crti.o
 .rel.text.get_sensor_index
                0x000000000000ae1c       0x10 /usr/lib/gcc/i686-linux-gnu/4.6/../../../i386-linux-gnu/crti.o
 .rel.text.sensors_first
                0x000000000000ae2c        0x8 /usr/lib/gcc/i686-linux-gnu/4.6/../../../i386-linux-gnu/crti.o
 .rel.text.sensors_next
                0x000000000000ae34        0x8 /usr/lib/gcc/i686-linux-gnu/4.6/../../../i386-linux-gnu/crti.o
 .rel.text.sensors_changed
                0x000000000000ae3c       0x20 /usr/lib/gcc/i686-linux-gnu/4.6/../../../i386-linux-gnu/crti.o
 .rel.text.sensors_find
                0x000000000000ae5c       0x20 /usr/lib/gcc/i686-linux-gnu/4.6/../../../i386-linux-gnu/crti.o
 .rel.text.process_thread_sensors_process
                0x000000000000ae7c      0x108 /usr/lib/gcc/i686-linux-gnu/4.6/../../../i386-linux-gnu/crti.o
 .rel.text.frame802154_parse
                0x000000000000af84       0x40 /usr/lib/gcc/i686-linux-gnu/4.6/../../../i386-linux-gnu/crti.o
 .rel.text.rpl_purge_routes
                0x000000000000afc4       0x50 /usr/lib/gcc/i686-linux-gnu/4.6/../../../i386-linux-gnu/crti.o
 .rel.text.rpl_remove_routes
                0x000000000000b014       0x20 /usr/lib/gcc/i686-linux-gnu/4.6/../../../i386-linux-gnu/crti.o
 .rel.text.rpl_remove_routes_by_nexthop
                0x000000000000b034       0x30 /usr/lib/gcc/i686-linux-gnu/4.6/../../../i386-linux-gnu/crti.o
 .rel.text.rpl_add_route
                0x000000000000b064        0x8 /usr/lib/gcc/i686-linux-gnu/4.6/../../../i386-linux-gnu/crti.o
 .rel.text.rpl_link_neighbor_callback
                0x000000000000b06c       0x20 /usr/lib/gcc/i686-linux-gnu/4.6/../../../i386-linux-gnu/crti.o
 .rel.text.rpl_ipv6_neighbor_callback
                0x000000000000b08c       0x10 /usr/lib/gcc/i686-linux-gnu/4.6/../../../i386-linux-gnu/crti.o
 .rel.text.rpl_init
                0x000000000000b09c       0x28 /usr/lib/gcc/i686-linux-gnu/4.6/../../../i386-linux-gnu/crti.o
 .rel.text.rpl_dag_init
                0x000000000000b0c4       0x18 /usr/lib/gcc/i686-linux-gnu/4.6/../../../i386-linux-gnu/crti.o
 .rel.text.rpl_get_parent_rank
                0x000000000000b0dc       0x10 /usr/lib/gcc/i686-linux-gnu/4.6/../../../i386-linux-gnu/crti.o
 .rel.text.rpl_get_parent_link_metric
                0x000000000000b0ec       0x10 /usr/lib/gcc/i686-linux-gnu/4.6/../../../i386-linux-gnu/crti.o
 .rel.text.rpl_get_parent_ipaddr
                0x000000000000b0fc       0x18 /usr/lib/gcc/i686-linux-gnu/4.6/../../../i386-linux-gnu/crti.o
 .rel.text.rpl_set_preferred_parent
                0x000000000000b114       0x20 /usr/lib/gcc/i686-linux-gnu/4.6/../../../i386-linux-gnu/crti.o
 .rel.text.remove_parents
                0x000000000000b134       0x28 /usr/lib/gcc/i686-linux-gnu/4.6/../../../i386-linux-gnu/crti.o
 .rel.text.nullify_parents
                0x000000000000b15c       0x28 /usr/lib/gcc/i686-linux-gnu/4.6/../../../i386-linux-gnu/crti.o
 .rel.text.get_dag
                0x000000000000b184       0x10 /usr/lib/gcc/i686-linux-gnu/4.6/../../../i386-linux-gnu/crti.o
 .rel.text.rpl_set_root
                0x000000000000b194       0x30 /usr/lib/gcc/i686-linux-gnu/4.6/../../../i386-linux-gnu/crti.o
 .rel.text.rpl_repair_root
                0x000000000000b1c4       0x10 /usr/lib/gcc/i686-linux-gnu/4.6/../../../i386-linux-gnu/crti.o
 .rel.text.set_ip_from_prefix
                0x000000000000b1d4       0x18 /usr/lib/gcc/i686-linux-gnu/4.6/../../../i386-linux-gnu/crti.o
 .rel.text.check_prefix
                0x000000000000b1ec       0x30 /usr/lib/gcc/i686-linux-gnu/4.6/../../../i386-linux-gnu/crti.o
 .rel.text.rpl_set_prefix
                0x000000000000b21c       0x10 /usr/lib/gcc/i686-linux-gnu/4.6/../../../i386-linux-gnu/crti.o
 .rel.text.rpl_set_default_route
                0x000000000000b22c       0x18 /usr/lib/gcc/i686-linux-gnu/4.6/../../../i386-linux-gnu/crti.o
 .rel.text.rpl_alloc_instance
                0x000000000000b244        0x8 /usr/lib/gcc/i686-linux-gnu/4.6/../../../i386-linux-gnu/crti.o
 .rel.text.rpl_alloc_dag
                0x000000000000b24c       0x18 /usr/lib/gcc/i686-linux-gnu/4.6/../../../i386-linux-gnu/crti.o
 .rel.text.rpl_set_default_instance
                0x000000000000b264        0x8 /usr/lib/gcc/i686-linux-gnu/4.6/../../../i386-linux-gnu/crti.o
 .rel.text.rpl_free_instance
                0x000000000000b26c       0x30 /usr/lib/gcc/i686-linux-gnu/4.6/../../../i386-linux-gnu/crti.o
 .rel.text.rpl_free_dag
                0x000000000000b29c        0x8 /usr/lib/gcc/i686-linux-gnu/4.6/../../../i386-linux-gnu/crti.o
 .rel.text.rpl_add_parent
                0x000000000000b2a4       0x18 /usr/lib/gcc/i686-linux-gnu/4.6/../../../i386-linux-gnu/crti.o
 .rel.text.find_parent_any_dag_any_instance
                0x000000000000b2bc       0x20 /usr/lib/gcc/i686-linux-gnu/4.6/../../../i386-linux-gnu/crti.o
 .rel.text.rpl_select_dag
                0x000000000000b2dc       0x40 /usr/lib/gcc/i686-linux-gnu/4.6/../../../i386-linux-gnu/crti.o
 .rel.text.rpl_select_parent
                0x000000000000b31c       0x20 /usr/lib/gcc/i686-linux-gnu/4.6/../../../i386-linux-gnu/crti.o
 .rel.text.rpl_remove_parent
                0x000000000000b33c       0x18 /usr/lib/gcc/i686-linux-gnu/4.6/../../../i386-linux-gnu/crti.o
 .rel.text.rpl_nullify_parent
                0x000000000000b354       0x10 /usr/lib/gcc/i686-linux-gnu/4.6/../../../i386-linux-gnu/crti.o
 .rel.text.rpl_move_parent
                0x000000000000b364       0x28 /usr/lib/gcc/i686-linux-gnu/4.6/../../../i386-linux-gnu/crti.o
 .rel.text.rpl_get_any_dag
                0x000000000000b38c       0x18 /usr/lib/gcc/i686-linux-gnu/4.6/../../../i386-linux-gnu/crti.o
 .rel.text.rpl_get_instance
                0x000000000000b3a4       0x18 /usr/lib/gcc/i686-linux-gnu/4.6/../../../i386-linux-gnu/crti.o
 .rel.text.rpl_find_of
                0x000000000000b3bc       0x10 /usr/lib/gcc/i686-linux-gnu/4.6/../../../i386-linux-gnu/crti.o
 .rel.text.rpl_join_instance
                0x000000000000b3cc       0x48 /usr/lib/gcc/i686-linux-gnu/4.6/../../../i386-linux-gnu/crti.o
 .rel.text.rpl_add_dag
                0x000000000000b414       0x38 /usr/lib/gcc/i686-linux-gnu/4.6/../../../i386-linux-gnu/crti.o
 .rel.text.global_repair
                0x000000000000b44c       0x10 /usr/lib/gcc/i686-linux-gnu/4.6/../../../i386-linux-gnu/crti.o
 .rel.text.rpl_local_repair
                0x000000000000b45c        0x8 /usr/lib/gcc/i686-linux-gnu/4.6/../../../i386-linux-gnu/crti.o
 .rel.text.rpl_recalculate_ranks
                0x000000000000b464       0x28 /usr/lib/gcc/i686-linux-gnu/4.6/../../../i386-linux-gnu/crti.o
 .rel.text.rpl_process_parent_event
                0x000000000000b48c       0x18 /usr/lib/gcc/i686-linux-gnu/4.6/../../../i386-linux-gnu/crti.o
 .rel.text.rpl_process_dio
                0x000000000000b4a4       0x78 /usr/lib/gcc/i686-linux-gnu/4.6/../../../i386-linux-gnu/crti.o
 .rel.text.get_global_addr
                0x000000000000b51c       0x28 /usr/lib/gcc/i686-linux-gnu/4.6/../../../i386-linux-gnu/crti.o
 .rel.text.dis_input
                0x000000000000b544       0x28 /usr/lib/gcc/i686-linux-gnu/4.6/../../../i386-linux-gnu/crti.o
 .rel.text.dis_output
                0x000000000000b56c       0x20 /usr/lib/gcc/i686-linux-gnu/4.6/../../../i386-linux-gnu/crti.o
 .rel.text.dio_input
                0x000000000000b58c       0x60 /usr/lib/gcc/i686-linux-gnu/4.6/../../../i386-linux-gnu/crti.o
 .rel.text.dio_output
                0x000000000000b5ec       0x28 /usr/lib/gcc/i686-linux-gnu/4.6/../../../i386-linux-gnu/crti.o
 .rel.text.dao_input
                0x000000000000b614       0x98 /usr/lib/gcc/i686-linux-gnu/4.6/../../../i386-linux-gnu/crti.o
 .rel.text.dao_output
                0x000000000000b6ac       0x10 /usr/lib/gcc/i686-linux-gnu/4.6/../../../i386-linux-gnu/crti.o
 .rel.text.dao_output_target
                0x000000000000b6bc       0x60 /usr/lib/gcc/i686-linux-gnu/4.6/../../../i386-linux-gnu/crti.o
 .rel.text.dao_ack_output
                0x000000000000b71c       0x18 /usr/lib/gcc/i686-linux-gnu/4.6/../../../i386-linux-gnu/crti.o
 .rel.text.uip_rpl_input
                0x000000000000b734       0x18 /usr/lib/gcc/i686-linux-gnu/4.6/../../../i386-linux-gnu/crti.o
 .rel.text.handle_periodic_timer
                0x000000000000b74c       0x50 /usr/lib/gcc/i686-linux-gnu/4.6/../../../i386-linux-gnu/crti.o
 .rel.text.new_dio_interval
                0x000000000000b79c       0x18 /usr/lib/gcc/i686-linux-gnu/4.6/../../../i386-linux-gnu/crti.o
 .rel.text.handle_dio_timer
                0x000000000000b7b4       0x40 /usr/lib/gcc/i686-linux-gnu/4.6/../../../i386-linux-gnu/crti.o
 .rel.text.rpl_reset_periodic_timer
                0x000000000000b7f4       0x28 /usr/lib/gcc/i686-linux-gnu/4.6/../../../i386-linux-gnu/crti.o
 .rel.text.handle_dao_timer
                0x000000000000b81c       0x30 /usr/lib/gcc/i686-linux-gnu/4.6/../../../i386-linux-gnu/crti.o
 .rel.text.rpl_schedule_dao
                0x000000000000b84c       0x28 /usr/lib/gcc/i686-linux-gnu/4.6/../../../i386-linux-gnu/crti.o
 .rel.text.rpl_verify_header
                0x000000000000b874       0xd0 /usr/lib/gcc/i686-linux-gnu/4.6/../../../i386-linux-gnu/crti.o
 .rel.text.set_rpl_opt
                0x000000000000b944      0x108 /usr/lib/gcc/i686-linux-gnu/4.6/../../../i386-linux-gnu/crti.o
 .rel.text.rpl_update_header_empty
                0x000000000000ba4c      0x120 /usr/lib/gcc/i686-linux-gnu/4.6/../../../i386-linux-gnu/crti.o
 .rel.text.rpl_update_header_final
                0x000000000000bb6c       0xc0 /usr/lib/gcc/i686-linux-gnu/4.6/../../../i386-linux-gnu/crti.o
 .rel.text.rpl_remove_header
                0x000000000000bc2c       0xb0 /usr/lib/gcc/i686-linux-gnu/4.6/../../../i386-linux-gnu/crti.o
 .rel.text.rpl_invert_header
                0x000000000000bcdc       0xa8 /usr/lib/gcc/i686-linux-gnu/4.6/../../../i386-linux-gnu/crti.o
 .rel.text.rpl_insert_header
                0x000000000000bd84       0x20 /usr/lib/gcc/i686-linux-gnu/4.6/../../../i386-linux-gnu/crti.o
 .rel.text.timer_set
                0x000000000000bda4        0x8 /usr/lib/gcc/i686-linux-gnu/4.6/../../../i386-linux-gnu/crti.o
 .rel.text.timer_restart
                0x000000000000bdac        0x8 /usr/lib/gcc/i686-linux-gnu/4.6/../../../i386-linux-gnu/crti.o
 .rel.text.timer_expired
                0x000000000000bdb4        0x8 /usr/lib/gcc/i686-linux-gnu/4.6/../../../i386-linux-gnu/crti.o
 .rel.text.timer_remaining
                0x000000000000bdbc        0x8 /usr/lib/gcc/i686-linux-gnu/4.6/../../../i386-linux-gnu/crti.o
 .rel.text.rtimer_init
                0x000000000000bdc4        0x8 /usr/lib/gcc/i686-linux-gnu/4.6/../../../i386-linux-gnu/crti.o
 .rel.text.rtimer_set
                0x000000000000bdcc       0x18 /usr/lib/gcc/i686-linux-gnu/4.6/../../../i386-linux-gnu/crti.o
 .rel.text.rtimer_run_next
                0x000000000000bde4       0x30 /usr/lib/gcc/i686-linux-gnu/4.6/../../../i386-linux-gnu/crti.o
 .rel.text.stimer_set
                0x000000000000be14        0x8 /usr/lib/gcc/i686-linux-gnu/4.6/../../../i386-linux-gnu/crti.o
 .rel.text.stimer_restart
                0x000000000000be1c        0x8 /usr/lib/gcc/i686-linux-gnu/4.6/../../../i386-linux-gnu/crti.o
 .rel.text.stimer_expired
                0x000000000000be24        0x8 /usr/lib/gcc/i686-linux-gnu/4.6/../../../i386-linux-gnu/crti.o
 .rel.text.stimer_remaining
                0x000000000000be2c        0x8 /usr/lib/gcc/i686-linux-gnu/4.6/../../../i386-linux-gnu/crti.o
 .rel.text.stimer_elapsed
                0x000000000000be34        0x8 /usr/lib/gcc/i686-linux-gnu/4.6/../../../i386-linux-gnu/crti.o
 .rel.text.key_from_index
                0x000000000000be3c        0x8 /usr/lib/gcc/i686-linux-gnu/4.6/../../../i386-linux-gnu/crti.o
 .rel.text.index_from_key
                0x000000000000be44        0x8 /usr/lib/gcc/i686-linux-gnu/4.6/../../../i386-linux-gnu/crti.o
 .rel.text.index_from_lladdr
                0x000000000000be4c       0x28 /usr/lib/gcc/i686-linux-gnu/4.6/../../../i386-linux-gnu/crti.o
 .rel.text.nbr_table_allocate
                0x000000000000be74       0x80 /usr/lib/gcc/i686-linux-gnu/4.6/../../../i386-linux-gnu/crti.o
 .rel.text.nbr_table_register
                0x000000000000bef4       0x20 /usr/lib/gcc/i686-linux-gnu/4.6/../../../i386-linux-gnu/crti.o
 .rel.text.nbr_table_head
                0x000000000000bf14       0x20 /usr/lib/gcc/i686-linux-gnu/4.6/../../../i386-linux-gnu/crti.o
 .rel.text.nbr_table_next
                0x000000000000bf34       0x10 /usr/lib/gcc/i686-linux-gnu/4.6/../../../i386-linux-gnu/crti.o
 .rel.text.nbr_table_add_lladdr
                0x000000000000bf44       0x30 /usr/lib/gcc/i686-linux-gnu/4.6/../../../i386-linux-gnu/crti.o
 .rel.text.nbr_table_get_from_lladdr
                0x000000000000bf74        0x8 /usr/lib/gcc/i686-linux-gnu/4.6/../../../i386-linux-gnu/crti.o
 .rel.text.nbr_table_remove
                0x000000000000bf7c       0x10 /usr/lib/gcc/i686-linux-gnu/4.6/../../../i386-linux-gnu/crti.o
 .rel.text.nbr_table_lock
                0x000000000000bf8c        0x8 /usr/lib/gcc/i686-linux-gnu/4.6/../../../i386-linux-gnu/crti.o
 .rel.text.nbr_table_unlock
                0x000000000000bf94        0x8 /usr/lib/gcc/i686-linux-gnu/4.6/../../../i386-linux-gnu/crti.o
 .rel.text.uip_icmp6_echo_request_input
                0x000000000000bf9c      0x1f0 /usr/lib/gcc/i686-linux-gnu/4.6/../../../i386-linux-gnu/crti.o
 .rel.text.uip_icmp6_error_output
                0x000000000000c18c      0x238 /usr/lib/gcc/i686-linux-gnu/4.6/../../../i386-linux-gnu/crti.o
 .rel.text.uip_icmp6_send
                0x000000000000c3c4       0xb8 /usr/lib/gcc/i686-linux-gnu/4.6/../../../i386-linux-gnu/crti.o
 *(.rel.fini)
 *(.rel.rodata .rel.rodata.* .rel.gnu.linkonce.r.*)
 .rel.rodata    0x000000000000c47c      0x568 /usr/lib/gcc/i686-linux-gnu/4.6/../../../i386-linux-gnu/crti.o
 *(.rel.data.rel.ro* .rel.gnu.linkonce.d.rel.ro.*)
 *(.rel.data .rel.data.* .rel.gnu.linkonce.d.*)
 .rel.data.rel  0x000000000000c9e4        0x8 /usr/lib/gcc/i686-linux-gnu/4.6/../../../i386-linux-gnu/crti.o
 .rel.data      0x000000000000c9ec      0x220 /usr/lib/gcc/i686-linux-gnu/4.6/../../../i386-linux-gnu/crti.o
 *(.rel.tdata .rel.tdata.* .rel.gnu.linkonce.td.*)
 *(.rel.tbss .rel.tbss.* .rel.gnu.linkonce.tb.*)
 *(.rel.ctors)
 *(.rel.dtors)
 *(.rel.got)
 .rel.got       0x000000000000cc0c       0x18 /usr/lib/gcc/i686-linux-gnu/4.6/../../../i386-linux-gnu/crti.o
 *(.rel.bss .rel.bss.* .rel.gnu.linkonce.b.*)
 *(.rel.ifunc)
 .rel.ifunc     0x0000000000000000        0x0 /usr/lib/gcc/i686-linux-gnu/4.6/../../../i386-linux-gnu/crti.o

.rel.plt        0x000000000000cc24       0x10
 *(.rel.plt)
 .rel.plt       0x000000000000cc24       0x10 /usr/lib/gcc/i686-linux-gnu/4.6/../../../i386-linux-gnu/crti.o
 *(.rel.iplt)

.init           0x000000000000cc34       0x2e
 *(.init)
 .init          0x000000000000cc34       0x1f /usr/lib/gcc/i686-linux-gnu/4.6/../../../i386-linux-gnu/crti.o
                0x000000000000cc34                _init
 .init          0x000000000000cc53        0x5 /usr/lib/gcc/i686-linux-gnu/4.6/crtbeginS.o
 .init          0x000000000000cc58        0x5 /usr/lib/gcc/i686-linux-gnu/4.6/crtendS.o
 .init          0x000000000000cc5d        0x5 /usr/lib/gcc/i686-linux-gnu/4.6/../../../i386-linux-gnu/crtn.o

.plt            0x000000000000cc70       0x30
 *(.plt)
 .plt           0x000000000000cc70       0x30 /usr/lib/gcc/i686-linux-gnu/4.6/../../../i386-linux-gnu/crti.o
 *(.iplt)

.text           0x000000000000cca0    0x12b78
 *(.text.unlikely .text.*_unlikely)
 *(.text.exit .text.exit.*)
 *(.text.startup .text.startup.*)
 *(.text.hot .text.hot.*)
 *(.text .stub .text.* .gnu.linkonce.t.*)
 .text          0x000000000000cca0        0x0 /usr/lib/gcc/i686-linux-gnu/4.6/../../../i386-linux-gnu/crti.o
 .text          0x000000000000cca0       0xb7 /usr/lib/gcc/i686-linux-gnu/4.6/crtbeginS.o
 .text.__i686.get_pc_thunk.bx
                0x000000000000cd57        0x4 /usr/lib/gcc/i686-linux-gnu/4.6/crtbeginS.o
                0x000000000000cd57                __i686.get_pc_thunk.bx
 *fill*         0x000000000000cd5b        0x1 90909090
 .text          0x000000000000cd5c        0x0 jammer.co
 .text.receiver
                0x000000000000cd5c       0x1d jammer.co
 .text.process_thread_broadcast_example_process
                0x000000000000cd79      0x12f jammer.co
 .text          0x000000000000cea8        0x0 obj_cooja/mtype782.o
 .text.print_processes
                0x000000000000cea8       0x49 obj_cooja/mtype782.o
 .text.rtimer_thread_loop
                0x000000000000cef1       0x12 obj_cooja/mtype782.o
 .text.set_rime_addr
                0x000000000000cf03       0xd1 obj_cooja/mtype782.o
 .text.contiki_init
                0x000000000000cfd4      0x3b0 obj_cooja/mtype782.o
                0x000000000000cfd4                contiki_init
 .text.process_run_thread_loop
                0x000000000000d384       0x6e obj_cooja/mtype782.o
 .text.Java_se_sics_cooja_corecomm_Lib355_init
                0x000000000000d3f2       0x40 obj_cooja/mtype782.o
                0x000000000000d3f2                Java_se_sics_cooja_corecomm_Lib355_init
 .text.Java_se_sics_cooja_corecomm_Lib355_getMemory
                0x000000000000d432       0x3d obj_cooja/mtype782.o
                0x000000000000d432                Java_se_sics_cooja_corecomm_Lib355_getMemory
 .text.Java_se_sics_cooja_corecomm_Lib355_setMemory
                0x000000000000d46f       0x74 obj_cooja/mtype782.o
                0x000000000000d46f                Java_se_sics_cooja_corecomm_Lib355_setMemory
 .text.Java_se_sics_cooja_corecomm_Lib355_tick
                0x000000000000d4e3       0xe1 obj_cooja/mtype782.o
                0x000000000000d4e3                Java_se_sics_cooja_corecomm_Lib355_tick
 .text.Java_se_sics_cooja_corecomm_Lib355_setReferenceAddress
                0x000000000000d5c4       0x12 obj_cooja/mtype782.o
                0x000000000000d5c4                Java_se_sics_cooja_corecomm_Lib355_setReferenceAddress
 *fill*         0x000000000000d5d6        0x2 90909090
 .text          0x000000000000d5d8        0x0 obj_cooja/mtype782.a(rimeaddr.o)
 .text.rimeaddr_copy
                0x000000000000d5d8       0x15 obj_cooja/mtype782.a(rimeaddr.o)
                0x000000000000d5d8                rimeaddr_copy
 .text.rimeaddr_cmp
                0x000000000000d5ed       0x2a obj_cooja/mtype782.a(rimeaddr.o)
                0x000000000000d5ed                rimeaddr_cmp
 .text.rimeaddr_set_node_addr
                0x000000000000d617       0x1b obj_cooja/mtype782.a(rimeaddr.o)
                0x000000000000d617                rimeaddr_set_node_addr
 *fill*         0x000000000000d632        0x2 90909090
 .text          0x000000000000d634        0x0 obj_cooja/mtype782.a(nullrdc.o)
 .text.packetbuf_set_attr
                0x000000000000d634       0x2a obj_cooja/mtype782.a(nullrdc.o)
 .text.packetbuf_attr
                0x000000000000d65e       0x1a obj_cooja/mtype782.a(nullrdc.o)
 .text.packetbuf_set_addr
                0x000000000000d678       0x32 obj_cooja/mtype782.a(nullrdc.o)
 .text.packetbuf_addr
                0x000000000000d6aa       0x1d obj_cooja/mtype782.a(nullrdc.o)
 .text.send_one_packet
                0x000000000000d6c7      0x1f9 obj_cooja/mtype782.a(nullrdc.o)
 .text.send_packet
                0x000000000000d8c0       0x1a obj_cooja/mtype782.a(nullrdc.o)
 .text.send_list
                0x000000000000d8da       0x4a obj_cooja/mtype782.a(nullrdc.o)
 .text.packet_input
                0x000000000000d924      0x212 obj_cooja/mtype782.a(nullrdc.o)
 .text.on       0x000000000000db36        0xf obj_cooja/mtype782.a(nullrdc.o)
 .text.off      0x000000000000db45       0x1e obj_cooja/mtype782.a(nullrdc.o)
 .text.channel_check_interval
                0x000000000000db63        0xa obj_cooja/mtype782.a(nullrdc.o)
 .text.init     0x000000000000db6d        0xd obj_cooja/mtype782.a(nullrdc.o)
 *fill*         0x000000000000db7a        0x2 90909090
 .text          0x000000000000db7c        0x0 obj_cooja/mtype782.a(mac.o)
 .text.mac_call_sent_callback
                0x000000000000db7c       0x3c obj_cooja/mtype782.a(mac.o)
                0x000000000000db7c                mac_call_sent_callback
 .text          0x000000000000dbb8        0x0 obj_cooja/mtype782.a(framer-802154.o)
 .text.packetbuf_set_attr
                0x000000000000dbb8       0x2a obj_cooja/mtype782.a(framer-802154.o)
 .text.packetbuf_attr
                0x000000000000dbe2       0x1a obj_cooja/mtype782.a(framer-802154.o)
 .text.packetbuf_set_addr
                0x000000000000dbfc       0x32 obj_cooja/mtype782.a(framer-802154.o)
 .text.packetbuf_addr
                0x000000000000dc2e       0x1d obj_cooja/mtype782.a(framer-802154.o)
 .text.is_broadcast_addr
                0x000000000000dc4b       0x4d obj_cooja/mtype782.a(framer-802154.o)
 .text.create   0x000000000000dc98      0x1cd obj_cooja/mtype782.a(framer-802154.o)
 .text.parse    0x000000000000de65      0x12c obj_cooja/mtype782.a(framer-802154.o)
 *fill*         0x000000000000df91        0x3 90909090
 .text          0x000000000000df94        0x0 obj_cooja/mtype782.a(csma.o)
 .text.packetbuf_set_attr
                0x000000000000df94       0x2a obj_cooja/mtype782.a(csma.o)
 .text.packetbuf_attr
                0x000000000000dfbe       0x1a obj_cooja/mtype782.a(csma.o)
 .text.packetbuf_addr
                0x000000000000dfd8       0x1d obj_cooja/mtype782.a(csma.o)
 .text.neighbor_queue_from_addr
                0x000000000000dff5       0x51 obj_cooja/mtype782.a(csma.o)
 .text.default_timebase
                0x000000000000e046       0x25 obj_cooja/mtype782.a(csma.o)
 .text.transmit_packet_list
                0x000000000000e06b       0x48 obj_cooja/mtype782.a(csma.o)
 .text.free_packet
                0x000000000000e0b3       0xe2 obj_cooja/mtype782.a(csma.o)
 .text.packet_sent
                0x000000000000e195      0x215 obj_cooja/mtype782.a(csma.o)
 .text.send_packet
                0x000000000000e3aa      0x28b obj_cooja/mtype782.a(csma.o)
 .text.input_packet
                0x000000000000e635        0xf obj_cooja/mtype782.a(csma.o)
 .text.on       0x000000000000e644        0xf obj_cooja/mtype782.a(csma.o)
 .text.off      0x000000000000e653       0x16 obj_cooja/mtype782.a(csma.o)
 .text.channel_check_interval
                0x000000000000e669       0x1f obj_cooja/mtype782.a(csma.o)
 .text.init     0x000000000000e688       0x2c obj_cooja/mtype782.a(csma.o)
 .text          0x000000000000e6b4        0x0 obj_cooja/mtype782.a(process.o)
 .text.process_alloc_event
                0x000000000000e6b4       0x18 obj_cooja/mtype782.a(process.o)
                0x000000000000e6b4                process_alloc_event
 .text.process_start
                0x000000000000e6cc       0x70 obj_cooja/mtype782.a(process.o)
                0x000000000000e6cc                process_start
 .text.exit_process
                0x000000000000e73c       0xec obj_cooja/mtype782.a(process.o)
 .text.call_process
                0x000000000000e828       0x90 obj_cooja/mtype782.a(process.o)
 .text.process_exit
                0x000000000000e8b8       0x1c obj_cooja/mtype782.a(process.o)
                0x000000000000e8b8                process_exit
 .text.process_init
                0x000000000000e8d4       0x33 obj_cooja/mtype782.a(process.o)
                0x000000000000e8d4                process_init
 .text.do_poll  0x000000000000e907       0x5b obj_cooja/mtype782.a(process.o)
 .text.do_event
                0x000000000000e962      0x145 obj_cooja/mtype782.a(process.o)
 .text.process_run
                0x000000000000eaa7       0x33 obj_cooja/mtype782.a(process.o)
                0x000000000000eaa7                process_run
 .text.process_nevents
                0x000000000000eada       0x1b obj_cooja/mtype782.a(process.o)
                0x000000000000eada                process_nevents
 .text.process_post
                0x000000000000eaf5       0xac obj_cooja/mtype782.a(process.o)
                0x000000000000eaf5                process_post
 .text.process_post_synch
                0x000000000000eba1       0x38 obj_cooja/mtype782.a(process.o)
                0x000000000000eba1                process_post_synch
 .text.process_poll
                0x000000000000ebd9       0x2f obj_cooja/mtype782.a(process.o)
                0x000000000000ebd9                process_poll
 .text.process_is_running
                0x000000000000ec08       0x14 obj_cooja/mtype782.a(process.o)
                0x000000000000ec08                process_is_running
 .text          0x000000000000ec1c        0x0 obj_cooja/mtype782.a(autostart.o)
 .text.autostart_start
                0x000000000000ec1c       0x3f obj_cooja/mtype782.a(autostart.o)
                0x000000000000ec1c                autostart_start
 .text.autostart_exit
                0x000000000000ec5b       0x37 obj_cooja/mtype782.a(autostart.o)
                0x000000000000ec5b                autostart_exit
 *fill*         0x000000000000ec92        0x2 90909090
 .text          0x000000000000ec94        0x0 obj_cooja/mtype782.a(serial-line.o)
 .text.serial_line_input_byte
                0x000000000000ec94       0x7d obj_cooja/mtype782.a(serial-line.o)
                0x000000000000ec94                serial_line_input_byte
 .text.process_thread_serial_line_process
                0x000000000000ed11      0x137 obj_cooja/mtype782.a(serial-line.o)
 .text.serial_line_init
                0x000000000000ee48       0x38 obj_cooja/mtype782.a(serial-line.o)
                0x000000000000ee48                serial_line_init
 .text          0x000000000000ee80        0x0 obj_cooja/mtype782.a(memb.o)
 .text.memb_init
                0x000000000000ee80       0x5e obj_cooja/mtype782.a(memb.o)
                0x000000000000ee80                memb_init
 .text.memb_alloc
                0x000000000000eede       0x65 obj_cooja/mtype782.a(memb.o)
                0x000000000000eede                memb_alloc
 .text.memb_free
                0x000000000000ef43       0x7b obj_cooja/mtype782.a(memb.o)
                0x000000000000ef43                memb_free
 .text.memb_inmemb
                0x000000000000efbe       0x3f obj_cooja/mtype782.a(memb.o)
                0x000000000000efbe                memb_inmemb
 *fill*         0x000000000000effd        0x3 90909090
 .text          0x000000000000f000        0x0 obj_cooja/mtype782.a(list.o)
 .text.list_init
                0x000000000000f000        0xe obj_cooja/mtype782.a(list.o)
                0x000000000000f000                list_init
 .text.list_head
                0x000000000000f00e        0xa obj_cooja/mtype782.a(list.o)
                0x000000000000f00e                list_head
 .text.list_copy
                0x000000000000f018        0xf obj_cooja/mtype782.a(list.o)
                0x000000000000f018                list_copy
 .text.list_tail
                0x000000000000f027       0x36 obj_cooja/mtype782.a(list.o)
                0x000000000000f027                list_tail
 .text.list_add
                0x000000000000f05d       0x49 obj_cooja/mtype782.a(list.o)
                0x000000000000f05d                list_add
 .text.list_push
                0x000000000000f0a6       0x2c obj_cooja/mtype782.a(list.o)
                0x000000000000f0a6                list_push
 .text.list_chop
                0x000000000000f0d2       0x6a obj_cooja/mtype782.a(list.o)
                0x000000000000f0d2                list_chop
 .text.list_pop
                0x000000000000f13c       0x28 obj_cooja/mtype782.a(list.o)
                0x000000000000f13c                list_pop
 .text.list_remove
                0x000000000000f164       0x68 obj_cooja/mtype782.a(list.o)
                0x000000000000f164                list_remove
 .text.list_length
                0x000000000000f1cc       0x2e obj_cooja/mtype782.a(list.o)
                0x000000000000f1cc                list_length
 .text.list_insert
                0x000000000000f1fa       0x34 obj_cooja/mtype782.a(list.o)
                0x000000000000f1fa                list_insert
 .text.list_item_next
                0x000000000000f22e       0x17 obj_cooja/mtype782.a(list.o)
                0x000000000000f22e                list_item_next
 *fill*         0x000000000000f245        0x3 90909090
 .text          0x000000000000f248        0x0 obj_cooja/mtype782.a(etimer.o)
 .text.update_time
                0x000000000000f248       0x8f obj_cooja/mtype782.a(etimer.o)
 .text.process_thread_etimer_process
                0x000000000000f2d7      0x190 obj_cooja/mtype782.a(etimer.o)
 .text.etimer_request_poll
                0x000000000000f467       0x14 obj_cooja/mtype782.a(etimer.o)
                0x000000000000f467                etimer_request_poll
 .text.add_timer
                0x000000000000f47b       0x70 obj_cooja/mtype782.a(etimer.o)
 .text.etimer_set
                0x000000000000f4eb       0x25 obj_cooja/mtype782.a(etimer.o)
                0x000000000000f4eb                etimer_set
 .text.etimer_reset
                0x000000000000f510       0x1e obj_cooja/mtype782.a(etimer.o)
                0x000000000000f510                etimer_reset
 .text.etimer_restart
                0x000000000000f52e       0x1e obj_cooja/mtype782.a(etimer.o)
                0x000000000000f52e                etimer_restart
 .text.etimer_adjust
                0x000000000000f54c       0x1c obj_cooja/mtype782.a(etimer.o)
                0x000000000000f54c                etimer_adjust
 .text.etimer_expired
                0x000000000000f568       0x13 obj_cooja/mtype782.a(etimer.o)
                0x000000000000f568                etimer_expired
 .text.etimer_expiration_time
                0x000000000000f57b       0x12 obj_cooja/mtype782.a(etimer.o)
                0x000000000000f57b                etimer_expiration_time
 .text.etimer_start_time
                0x000000000000f58d        0xa obj_cooja/mtype782.a(etimer.o)
                0x000000000000f58d                etimer_start_time
 .text.etimer_pending
                0x000000000000f597       0x12 obj_cooja/mtype782.a(etimer.o)
                0x000000000000f597                etimer_pending
 .text.etimer_next_expiration_time
                0x000000000000f5a9       0x1a obj_cooja/mtype782.a(etimer.o)
                0x000000000000f5a9                etimer_next_expiration_time
 .text.etimer_stop
                0x000000000000f5c3       0x75 obj_cooja/mtype782.a(etimer.o)
                0x000000000000f5c3                etimer_stop
 .text          0x000000000000f638        0x0 obj_cooja/mtype782.a(ctimer.o)
 .text.process_thread_ctimer_process
                0x000000000000f638      0x11b obj_cooja/mtype782.a(ctimer.o)
 .text.ctimer_init
                0x000000000000f753       0x30 obj_cooja/mtype782.a(ctimer.o)
                0x000000000000f753                ctimer_init
 .text.ctimer_set
                0x000000000000f783       0x93 obj_cooja/mtype782.a(ctimer.o)
                0x000000000000f783                ctimer_set
 .text.ctimer_reset
                0x000000000000f816       0x63 obj_cooja/mtype782.a(ctimer.o)
                0x000000000000f816                ctimer_reset
 .text.ctimer_restart
                0x000000000000f879       0x63 obj_cooja/mtype782.a(ctimer.o)
                0x000000000000f879                ctimer_restart
 .text.ctimer_stop
                0x000000000000f8dc       0x4b obj_cooja/mtype782.a(ctimer.o)
                0x000000000000f8dc                ctimer_stop
 .text.ctimer_expired
                0x000000000000f927       0x57 obj_cooja/mtype782.a(ctimer.o)
                0x000000000000f927                ctimer_expired
 *fill*         0x000000000000f97e        0x2 90909090
 .text          0x000000000000f980        0x0 obj_cooja/mtype782.a(random.o)
 .text.random_init
                0x000000000000f980       0x1b obj_cooja/mtype782.a(random.o)
                0x000000000000f980                random_init
 .text.random_rand
                0x000000000000f99b        0xd obj_cooja/mtype782.a(random.o)
                0x000000000000f99b                random_rand
 .text          0x000000000000f9a8        0x0 obj_cooja/mtype782.a(ringbuf.o)
 .text.ringbuf_init
                0x000000000000f9a8       0x31 obj_cooja/mtype782.a(ringbuf.o)
                0x000000000000f9a8                ringbuf_init
 .text.ringbuf_put
                0x000000000000f9d9       0x7e obj_cooja/mtype782.a(ringbuf.o)
                0x000000000000f9d9                ringbuf_put
 .text.ringbuf_get
                0x000000000000fa57       0x6d obj_cooja/mtype782.a(ringbuf.o)
                0x000000000000fa57                ringbuf_get
 .text.ringbuf_size
                0x000000000000fac4       0x12 obj_cooja/mtype782.a(ringbuf.o)
                0x000000000000fac4                ringbuf_size
 .text.ringbuf_elements
                0x000000000000fad6       0x27 obj_cooja/mtype782.a(ringbuf.o)
                0x000000000000fad6                ringbuf_elements
 *fill*         0x000000000000fafd        0x3 90909090
 .text          0x000000000000fb00        0x0 obj_cooja/mtype782.a(netstack.o)
 .text.netstack_init
                0x000000000000fb00       0x24 obj_cooja/mtype782.a(netstack.o)
                0x000000000000fb00                netstack_init
 .text          0x000000000000fb24        0x0 obj_cooja/mtype782.a(packetbuf.o)
 .text.packetbuf_clear
                0x000000000000fb24       0x37 obj_cooja/mtype782.a(packetbuf.o)
                0x000000000000fb24                packetbuf_clear
 .text.packetbuf_clear_hdr
                0x000000000000fb5b        0xc obj_cooja/mtype782.a(packetbuf.o)
                0x000000000000fb5b                packetbuf_clear_hdr
 .text.packetbuf_copyfrom
                0x000000000000fb67       0x52 obj_cooja/mtype782.a(packetbuf.o)
                0x000000000000fb67                packetbuf_copyfrom
 .text.packetbuf_compact
                0x000000000000fbb9       0x9e obj_cooja/mtype782.a(packetbuf.o)
                0x000000000000fbb9                packetbuf_compact
 .text.packetbuf_copyto_hdr
                0x000000000000fc57       0x5a obj_cooja/mtype782.a(packetbuf.o)
                0x000000000000fc57                packetbuf_copyto_hdr
 .text.packetbuf_copyto
                0x000000000000fcb1       0xe3 obj_cooja/mtype782.a(packetbuf.o)
                0x000000000000fcb1                packetbuf_copyto
 .text.packetbuf_hdralloc
                0x000000000000fd94       0x4a obj_cooja/mtype782.a(packetbuf.o)
                0x000000000000fd94                packetbuf_hdralloc
 .text.packetbuf_hdr_remove
                0x000000000000fdde       0x18 obj_cooja/mtype782.a(packetbuf.o)
                0x000000000000fdde                packetbuf_hdr_remove
 .text.packetbuf_hdrreduce
                0x000000000000fdf6       0x4b obj_cooja/mtype782.a(packetbuf.o)
                0x000000000000fdf6                packetbuf_hdrreduce
 .text.packetbuf_set_datalen
                0x000000000000fe41       0x19 obj_cooja/mtype782.a(packetbuf.o)
                0x000000000000fe41                packetbuf_set_datalen
 .text.packetbuf_dataptr
                0x000000000000fe5a       0x19 obj_cooja/mtype782.a(packetbuf.o)
                0x000000000000fe5a                packetbuf_dataptr
 .text.packetbuf_hdrptr
                0x000000000000fe73       0x17 obj_cooja/mtype782.a(packetbuf.o)
                0x000000000000fe73                packetbuf_hdrptr
 .text.packetbuf_reference
                0x000000000000fe8a       0x26 obj_cooja/mtype782.a(packetbuf.o)
                0x000000000000fe8a                packetbuf_reference
 .text.packetbuf_is_reference
                0x000000000000feb0       0x1a obj_cooja/mtype782.a(packetbuf.o)
                0x000000000000feb0                packetbuf_is_reference
 .text.packetbuf_reference_ptr
                0x000000000000feca        0xa obj_cooja/mtype782.a(packetbuf.o)
                0x000000000000feca                packetbuf_reference_ptr
 .text.packetbuf_datalen
                0x000000000000fed4        0xc obj_cooja/mtype782.a(packetbuf.o)
                0x000000000000fed4                packetbuf_datalen
 .text.packetbuf_hdrlen
                0x000000000000fee0       0x17 obj_cooja/mtype782.a(packetbuf.o)
                0x000000000000fee0                packetbuf_hdrlen
 .text.packetbuf_totlen
                0x000000000000fef7       0x16 obj_cooja/mtype782.a(packetbuf.o)
                0x000000000000fef7                packetbuf_totlen
 .text.packetbuf_attr_clear
                0x000000000000ff0d       0x56 obj_cooja/mtype782.a(packetbuf.o)
                0x000000000000ff0d                packetbuf_attr_clear
 .text.packetbuf_attr_copyto
                0x000000000000ff63       0x9d obj_cooja/mtype782.a(packetbuf.o)
                0x000000000000ff63                packetbuf_attr_copyto
 .text.packetbuf_attr_copyfrom
                0x0000000000010000       0x9c obj_cooja/mtype782.a(packetbuf.o)
                0x0000000000010000                packetbuf_attr_copyfrom
 .text          0x000000000001009c        0x0 obj_cooja/mtype782.a(queuebuf.o)
 .text.queuebuf_load_to_ram
                0x000000000001009c        0xa obj_cooja/mtype782.a(queuebuf.o)
 .text.queuebuf_init
                0x00000000000100a6       0x2c obj_cooja/mtype782.a(queuebuf.o)
                0x00000000000100a6                queuebuf_init
 .text.queuebuf_new_from_packetbuf
                0x00000000000100d2       0xcb obj_cooja/mtype782.a(queuebuf.o)
                0x00000000000100d2                queuebuf_new_from_packetbuf
 .text.queuebuf_update_attr_from_packetbuf
                0x000000000001019d       0x33 obj_cooja/mtype782.a(queuebuf.o)
                0x000000000001019d                queuebuf_update_attr_from_packetbuf
 .text.queuebuf_free
                0x00000000000101d0       0x73 obj_cooja/mtype782.a(queuebuf.o)
                0x00000000000101d0                queuebuf_free
 .text.queuebuf_to_packetbuf
                0x0000000000010243       0xe8 obj_cooja/mtype782.a(queuebuf.o)
                0x0000000000010243                queuebuf_to_packetbuf
 .text.queuebuf_dataptr
                0x000000000001032b       0x5f obj_cooja/mtype782.a(queuebuf.o)
                0x000000000001032b                queuebuf_dataptr
 .text.queuebuf_datalen
                0x000000000001038a       0x1f obj_cooja/mtype782.a(queuebuf.o)
                0x000000000001038a                queuebuf_datalen
 .text.queuebuf_addr
                0x00000000000103a9       0x2f obj_cooja/mtype782.a(queuebuf.o)
                0x00000000000103a9                queuebuf_addr
 .text.queuebuf_attr
                0x00000000000103d8       0x2b obj_cooja/mtype782.a(queuebuf.o)
                0x00000000000103d8                queuebuf_attr
 .text.queuebuf_debug_print
                0x0000000000010403        0x5 obj_cooja/mtype782.a(queuebuf.o)
                0x0000000000010403                queuebuf_debug_print
 .text          0x0000000000010408        0x0 obj_cooja/mtype782.a(sicslowpan.o)
 .text.packetbuf_set_attr
                0x0000000000010408       0x2a obj_cooja/mtype782.a(sicslowpan.o)
 .text.packetbuf_set_addr
                0x0000000000010432       0x32 obj_cooja/mtype782.a(sicslowpan.o)
 .text.packetbuf_addr
                0x0000000000010464       0x1d obj_cooja/mtype782.a(sicslowpan.o)
 .text.rime_sniffer_add
                0x0000000000010481        0xd obj_cooja/mtype782.a(sicslowpan.o)
                0x0000000000010481                rime_sniffer_add
 .text.rime_sniffer_remove
                0x000000000001048e        0xf obj_cooja/mtype782.a(sicslowpan.o)
                0x000000000001048e                rime_sniffer_remove
 .text.set_packet_attrs
                0x000000000001049d       0xe9 obj_cooja/mtype782.a(sicslowpan.o)
 .text.addr_context_lookup_by_prefix
                0x0000000000010586       0x7a obj_cooja/mtype782.a(sicslowpan.o)
 .text.addr_context_lookup_by_number
                0x0000000000010600       0x6a obj_cooja/mtype782.a(sicslowpan.o)
 .text.compress_addr_64
                0x000000000001066a      0x163 obj_cooja/mtype782.a(sicslowpan.o)
 .text.uncompress_addr
                0x00000000000107cd      0x12e obj_cooja/mtype782.a(sicslowpan.o)
 .text.compress_hdr_hc06
                0x00000000000108fb      0x942 obj_cooja/mtype782.a(sicslowpan.o)
 .text.uncompress_hdr_hc06
                0x000000000001123d      0x77d obj_cooja/mtype782.a(sicslowpan.o)
 .text.compress_hdr_ipv6
                0x00000000000119ba       0x8d obj_cooja/mtype782.a(sicslowpan.o)
 .text.packet_sent
                0x0000000000011a47       0x3b obj_cooja/mtype782.a(sicslowpan.o)
 .text.send_packet
                0x0000000000011a82       0x36 obj_cooja/mtype782.a(sicslowpan.o)
 .text.output   0x0000000000011ab8      0x54f obj_cooja/mtype782.a(sicslowpan.o)
 .text.input    0x0000000000012007      0x54f obj_cooja/mtype782.a(sicslowpan.o)
 .text.sicslowpan_init
                0x0000000000012556       0x57 obj_cooja/mtype782.a(sicslowpan.o)
                0x0000000000012556                sicslowpan_init
 *fill*         0x00000000000125ad        0x3 90909090
 .text          0x00000000000125b0        0x0 obj_cooja/mtype782.a(simple-udp.o)
 .text.init_simple_udp
                0x00000000000125b0       0x2e obj_cooja/mtype782.a(simple-udp.o)
 .text.simple_udp_send
                0x00000000000125de       0x6d obj_cooja/mtype782.a(simple-udp.o)
                0x00000000000125de                simple_udp_send
 .text.simple_udp_sendto
                0x000000000001264b       0x65 obj_cooja/mtype782.a(simple-udp.o)
                0x000000000001264b                simple_udp_sendto
 .text.simple_udp_sendto_port
                0x00000000000126b0       0x63 obj_cooja/mtype782.a(simple-udp.o)
                0x00000000000126b0                simple_udp_sendto_port
 .text.simple_udp_register
                0x0000000000012713       0xe6 obj_cooja/mtype782.a(simple-udp.o)
                0x0000000000012713                simple_udp_register
 .text.process_thread_simple_udp_process
                0x00000000000127f9      0x15b obj_cooja/mtype782.a(simple-udp.o)
 .text          0x0000000000012954        0x0 obj_cooja/mtype782.a(tcpip.o)
 .text.tcpip_output
                0x0000000000012954       0x2f obj_cooja/mtype782.a(tcpip.o)
                0x0000000000012954                tcpip_output
 .text.tcpip_set_outputfunc
                0x0000000000012983        0xd obj_cooja/mtype782.a(tcpip.o)
                0x0000000000012983                tcpip_set_outputfunc
 .text.start_periodic_tcp_timer
                0x0000000000012990       0x24 obj_cooja/mtype782.a(tcpip.o)
 .text.check_for_tcp_syn
                0x00000000000129b4       0x2d obj_cooja/mtype782.a(tcpip.o)
 .text.packet_input
                0x00000000000129e1       0x36 obj_cooja/mtype782.a(tcpip.o)
 .text.tcp_connect
                0x0000000000012a17       0x55 obj_cooja/mtype782.a(tcpip.o)
                0x0000000000012a17                tcp_connect
 .text.tcp_unlisten
                0x0000000000012a6c       0x6e obj_cooja/mtype782.a(tcpip.o)
                0x0000000000012a6c                tcp_unlisten
 .text.tcp_listen
                0x0000000000012ada       0x6c obj_cooja/mtype782.a(tcpip.o)
                0x0000000000012ada                tcp_listen
 .text.tcp_attach
                0x0000000000012b46       0x25 obj_cooja/mtype782.a(tcpip.o)
                0x0000000000012b46                tcp_attach
 .text.udp_attach
                0x0000000000012b6b       0x25 obj_cooja/mtype782.a(tcpip.o)
                0x0000000000012b6b                udp_attach
 .text.udp_new  0x0000000000012b90       0x52 obj_cooja/mtype782.a(tcpip.o)
                0x0000000000012b90                udp_new
 .text.udp_broadcast_new
                0x0000000000012be2       0x92 obj_cooja/mtype782.a(tcpip.o)
                0x0000000000012be2                udp_broadcast_new
 .text.eventhandler
                0x0000000000012c74      0x21b obj_cooja/mtype782.a(tcpip.o)
 .text.tcpip_input
                0x0000000000012e8f       0x34 obj_cooja/mtype782.a(tcpip.o)
                0x0000000000012e8f                tcpip_input
 .text.tcpip_ipv6_output
                0x0000000000012ec3      0x483 obj_cooja/mtype782.a(tcpip.o)
                0x0000000000012ec3                tcpip_ipv6_output
 .text.tcpip_poll_udp
                0x0000000000013346       0x23 obj_cooja/mtype782.a(tcpip.o)
                0x0000000000013346                tcpip_poll_udp
 .text.tcpip_poll_tcp
                0x0000000000013369       0x23 obj_cooja/mtype782.a(tcpip.o)
                0x0000000000013369                tcpip_poll_tcp
 .text.tcpip_uipcall
                0x000000000001338c       0xd0 obj_cooja/mtype782.a(tcpip.o)
                0x000000000001338c                tcpip_uipcall
 .text.process_thread_tcpip_process
                0x000000000001345c       0xd3 obj_cooja/mtype782.a(tcpip.o)
 *fill*         0x000000000001352f        0x1 90909090
 .text          0x0000000000013530        0x0 obj_cooja/mtype782.a(uip-ds6-route.o)
 .text.call_route_callback
                0x0000000000013530       0x77 obj_cooja/mtype782.a(uip-ds6-route.o)
 .text.uip_ds6_notification_add
                0x00000000000135a7       0x31 obj_cooja/mtype782.a(uip-ds6-route.o)
                0x00000000000135a7                uip_ds6_notification_add
 .text.uip_ds6_notification_rm
                0x00000000000135d8       0x1c obj_cooja/mtype782.a(uip-ds6-route.o)
                0x00000000000135d8                uip_ds6_notification_rm
 .text.uip_ds6_route_init
                0x00000000000135f4       0x4f obj_cooja/mtype782.a(uip-ds6-route.o)
                0x00000000000135f4                uip_ds6_route_init
 .text.uip_ds6_route_nexthop_lladdr
                0x0000000000013643       0x2c obj_cooja/mtype782.a(uip-ds6-route.o)
 .text.uip_ds6_route_nexthop
                0x000000000001366f       0x28 obj_cooja/mtype782.a(uip-ds6-route.o)
                0x000000000001366f                uip_ds6_route_nexthop
 .text.uip_ds6_route_head
                0x0000000000013697       0x41 obj_cooja/mtype782.a(uip-ds6-route.o)
                0x0000000000013697                uip_ds6_route_head
 .text.uip_ds6_route_next
                0x00000000000136d8       0x5c obj_cooja/mtype782.a(uip-ds6-route.o)
                0x00000000000136d8                uip_ds6_route_next
 .text.uip_ds6_route_num_routes
                0x0000000000013734        0xa obj_cooja/mtype782.a(uip-ds6-route.o)
                0x0000000000013734                uip_ds6_route_num_routes
 .text.uip_ds6_route_lookup
                0x000000000001373e       0x7a obj_cooja/mtype782.a(uip-ds6-route.o)
                0x000000000001373e                uip_ds6_route_lookup
 .text.uip_ds6_route_add
                0x00000000000137b8      0x150 obj_cooja/mtype782.a(uip-ds6-route.o)
                0x00000000000137b8                uip_ds6_route_add
 .text.uip_ds6_route_rm
                0x0000000000013908       0xac obj_cooja/mtype782.a(uip-ds6-route.o)
                0x0000000000013908                uip_ds6_route_rm
 .text.rm_routelist
                0x00000000000139b4       0x61 obj_cooja/mtype782.a(uip-ds6-route.o)
 .text.rm_routelist_callback
                0x0000000000013a15       0x13 obj_cooja/mtype782.a(uip-ds6-route.o)
 .text.uip_ds6_route_rm_by_nexthop
                0x0000000000013a28       0x38 obj_cooja/mtype782.a(uip-ds6-route.o)
                0x0000000000013a28                uip_ds6_route_rm_by_nexthop
 .text.uip_ds6_defrt_add
                0x0000000000013a60       0xb1 obj_cooja/mtype782.a(uip-ds6-route.o)
                0x0000000000013a60                uip_ds6_defrt_add
 .text.uip_ds6_defrt_rm
                0x0000000000013b11       0x7f obj_cooja/mtype782.a(uip-ds6-route.o)
                0x0000000000013b11                uip_ds6_defrt_rm
 .text.uip_ds6_defrt_lookup
                0x0000000000013b90       0x59 obj_cooja/mtype782.a(uip-ds6-route.o)
                0x0000000000013b90                uip_ds6_defrt_lookup
 .text.uip_ds6_defrt_choose
                0x0000000000013be9       0x6b obj_cooja/mtype782.a(uip-ds6-route.o)
                0x0000000000013be9                uip_ds6_defrt_choose
 .text.uip_ds6_defrt_periodic
                0x0000000000013c54       0x68 obj_cooja/mtype782.a(uip-ds6-route.o)
                0x0000000000013c54                uip_ds6_defrt_periodic
 .text          0x0000000000013cbc        0x0 obj_cooja/mtype782.a(uip-ds6-nbr.o)
 .text.packetbuf_addr
                0x0000000000013cbc       0x1d obj_cooja/mtype782.a(uip-ds6-nbr.o)
 .text.uip_ds6_neighbors_init
                0x0000000000013cd9       0x1d obj_cooja/mtype782.a(uip-ds6-nbr.o)
                0x0000000000013cd9                uip_ds6_neighbors_init
 .text.uip_ds6_nbr_add
                0x0000000000013cf6       0xbb obj_cooja/mtype782.a(uip-ds6-nbr.o)
                0x0000000000013cf6                uip_ds6_nbr_add
 .text.uip_ds6_nbr_rm
                0x0000000000013db1       0x3b obj_cooja/mtype782.a(uip-ds6-nbr.o)
                0x0000000000013db1                uip_ds6_nbr_rm
 .text.uip_ds6_nbr_get_ipaddr
                0x0000000000013dec       0x15 obj_cooja/mtype782.a(uip-ds6-nbr.o)
                0x0000000000013dec                uip_ds6_nbr_get_ipaddr
 .text.uip_ds6_nbr_get_ll
                0x0000000000013e01       0x1c obj_cooja/mtype782.a(uip-ds6-nbr.o)
                0x0000000000013e01                uip_ds6_nbr_get_ll
 .text.uip_ds6_nbr_num
                0x0000000000013e1d       0x45 obj_cooja/mtype782.a(uip-ds6-nbr.o)
                0x0000000000013e1d                uip_ds6_nbr_num
 .text.uip_ds6_nbr_lookup
                0x0000000000013e62       0x65 obj_cooja/mtype782.a(uip-ds6-nbr.o)
                0x0000000000013e62                uip_ds6_nbr_lookup
 .text.uip_ds6_nbr_ll_lookup
                0x0000000000013ec7       0x1c obj_cooja/mtype782.a(uip-ds6-nbr.o)
                0x0000000000013ec7                uip_ds6_nbr_ll_lookup
 .text.uip_ds6_nbr_ipaddr_from_lladdr
                0x0000000000013ee3       0x26 obj_cooja/mtype782.a(uip-ds6-nbr.o)
                0x0000000000013ee3                uip_ds6_nbr_ipaddr_from_lladdr
 .text.uip_ds6_nbr_lladdr_from_ipaddr
                0x0000000000013f09       0x2e obj_cooja/mtype782.a(uip-ds6-nbr.o)
                0x0000000000013f09                uip_ds6_nbr_lladdr_from_ipaddr
 .text.uip_ds6_link_neighbor_callback
                0x0000000000013f37       0x4a obj_cooja/mtype782.a(uip-ds6-nbr.o)
                0x0000000000013f37                uip_ds6_link_neighbor_callback
 .text.uip_ds6_neighbor_periodic
                0x0000000000013f81      0x22a obj_cooja/mtype782.a(uip-ds6-nbr.o)
                0x0000000000013f81                uip_ds6_neighbor_periodic
 .text.uip_ds6_get_least_lifetime_neighbor
                0x00000000000141ab       0x79 obj_cooja/mtype782.a(uip-ds6-nbr.o)
                0x00000000000141ab                uip_ds6_get_least_lifetime_neighbor
 .text          0x0000000000014224        0x0 obj_cooja/mtype782.a(uip-ds6.o)
 .text.uip_ds6_init
                0x0000000000014224      0x1cb obj_cooja/mtype782.a(uip-ds6.o)
                0x0000000000014224                uip_ds6_init
 .text.uip_ds6_periodic
                0x00000000000143ef       0x7d obj_cooja/mtype782.a(uip-ds6.o)
                0x00000000000143ef                uip_ds6_periodic
 .text.uip_ds6_list_loop
                0x000000000001446c       0xa3 obj_cooja/mtype782.a(uip-ds6.o)
                0x000000000001446c                uip_ds6_list_loop
 .text.uip_ds6_prefix_add
                0x000000000001450f       0xbe obj_cooja/mtype782.a(uip-ds6.o)
                0x000000000001450f                uip_ds6_prefix_add
 .text.uip_ds6_prefix_rm
                0x00000000000145cd       0x11 obj_cooja/mtype782.a(uip-ds6.o)
                0x00000000000145cd                uip_ds6_prefix_rm
 .text.uip_ds6_prefix_lookup
                0x00000000000145de       0x51 obj_cooja/mtype782.a(uip-ds6.o)
                0x00000000000145de                uip_ds6_prefix_lookup
 .text.uip_ds6_is_addr_onlink
                0x000000000001462f       0x74 obj_cooja/mtype782.a(uip-ds6.o)
                0x000000000001462f                uip_ds6_is_addr_onlink
 .text.uip_ds6_addr_add
                0x00000000000146a3      0x12e obj_cooja/mtype782.a(uip-ds6.o)
                0x00000000000146a3                uip_ds6_addr_add
 .text.uip_ds6_addr_rm
                0x00000000000147d1       0x9f obj_cooja/mtype782.a(uip-ds6.o)
                0x00000000000147d1                uip_ds6_addr_rm
 .text.uip_ds6_addr_lookup
                0x0000000000014870       0x4b obj_cooja/mtype782.a(uip-ds6.o)
                0x0000000000014870                uip_ds6_addr_lookup
 .text.uip_ds6_get_link_local
                0x00000000000148bb       0x7f obj_cooja/mtype782.a(uip-ds6.o)
                0x00000000000148bb                uip_ds6_get_link_local
 .text.uip_ds6_get_global
                0x000000000001493a       0x7f obj_cooja/mtype782.a(uip-ds6.o)
                0x000000000001493a                uip_ds6_get_global
 .text.uip_ds6_maddr_add
                0x00000000000149b9       0x72 obj_cooja/mtype782.a(uip-ds6.o)
                0x00000000000149b9                uip_ds6_maddr_add
 .text.uip_ds6_maddr_rm
                0x0000000000014a2b       0x11 obj_cooja/mtype782.a(uip-ds6.o)
                0x0000000000014a2b                uip_ds6_maddr_rm
 .text.uip_ds6_maddr_lookup
                0x0000000000014a3c       0x4b obj_cooja/mtype782.a(uip-ds6.o)
                0x0000000000014a3c                uip_ds6_maddr_lookup
 .text.uip_ds6_aaddr_add
                0x0000000000014a87       0x72 obj_cooja/mtype782.a(uip-ds6.o)
                0x0000000000014a87                uip_ds6_aaddr_add
 .text.uip_ds6_aaddr_rm
                0x0000000000014af9       0x11 obj_cooja/mtype782.a(uip-ds6.o)
                0x0000000000014af9                uip_ds6_aaddr_rm
 .text.uip_ds6_aaddr_lookup
                0x0000000000014b0a       0x4b obj_cooja/mtype782.a(uip-ds6.o)
                0x0000000000014b0a                uip_ds6_aaddr_lookup
 .text.uip_ds6_select_src
                0x0000000000014b55      0x145 obj_cooja/mtype782.a(uip-ds6.o)
                0x0000000000014b55                uip_ds6_select_src
 .text.uip_ds6_set_addr_iid
                0x0000000000014c9a       0x2a obj_cooja/mtype782.a(uip-ds6.o)
                0x0000000000014c9a                uip_ds6_set_addr_iid
 .text.get_match_length