Archive member included because of file (symbol)

obj_cooja/mtype945.a(rimeaddr.o)
                              obj_cooja/mtype945.o (rimeaddr_node_addr)
obj_cooja/mtype945.a(nullrdc.o)
                              obj_cooja/mtype945.o (nullrdc_driver)
obj_cooja/mtype945.a(mac.o)   obj_cooja/mtype945.a(nullrdc.o) (mac_call_sent_callback)
obj_cooja/mtype945.a(framer-802154.o)
                              obj_cooja/mtype945.a(nullrdc.o) (framer_802154)
obj_cooja/mtype945.a(csma.o)  obj_cooja/mtype945.o (csma_driver)
obj_cooja/mtype945.a(process.o)
                              obj_cooja/mtype945.o (process_start)
obj_cooja/mtype945.a(autostart.o)
                              obj_cooja/mtype945.o (autostart_start)
obj_cooja/mtype945.a(serial-line.o)
                              obj_cooja/mtype945.o (serial_line_init)
obj_cooja/mtype945.a(memb.o)  obj_cooja/mtype945.a(csma.o) (memb_init)
obj_cooja/mtype945.a(list.o)  obj_cooja/mtype945.a(csma.o) (list_init)
obj_cooja/mtype945.a(etimer.o)
                              obj_cooja/mtype945.o (etimer_process)
obj_cooja/mtype945.a(ctimer.o)
                              obj_cooja/mtype945.o (ctimer_init)
obj_cooja/mtype945.a(energest.o)
                              room-controller.co (energest_type_time)
obj_cooja/mtype945.a(random.o)
                              room-controller.co (random_rand)
obj_cooja/mtype945.a(ringbuf.o)
                              obj_cooja/mtype945.a(serial-line.o) (ringbuf_init)
obj_cooja/mtype945.a(netstack.o)
                              obj_cooja/mtype945.o (netstack_init)
obj_cooja/mtype945.a(packetbuf.o)
                              obj_cooja/mtype945.a(nullrdc.o) (packetbuf_attrs)
obj_cooja/mtype945.a(queuebuf.o)
                              obj_cooja/mtype945.o (queuebuf_init)
obj_cooja/mtype945.a(sicslowpan.o)
                              obj_cooja/mtype945.o (sicslowpan_driver)
obj_cooja/mtype945.a(simple-udp.o)
                              room-controller.co (simple_udp_sendto)
obj_cooja/mtype945.a(tcpip.o)
                              obj_cooja/mtype945.a(simple-udp.o) (tcpip_event)
obj_cooja/mtype945.a(uip-ds6-route.o)
                              obj_cooja/mtype945.a(tcpip.o) (uip_ds6_route_nexthop)
obj_cooja/mtype945.a(uip-ds6-nbr.o)
                              obj_cooja/mtype945.a(tcpip.o) (uip_ds6_nbr_add)
obj_cooja/mtype945.a(uip-ds6.o)
                              obj_cooja/mtype945.a(tcpip.o) (uip_ds6_timer_periodic)
obj_cooja/mtype945.a(uip-nd6.o)
                              obj_cooja/mtype945.a(tcpip.o) (uip_nd6_ns_output)
obj_cooja/mtype945.a(uip-packetqueue)
                              obj_cooja/mtype945.a(uip-ds6-nbr.o) (uip_packetqueue_new)
obj_cooja/mtype945.a(uip-udp-packet.)
                              obj_cooja/mtype945.a(simple-udp.o) (uip_udp_packet_sendto)
obj_cooja/mtype945.a(uip6.o)  obj_cooja/mtype945.o (uip_lladdr)
obj_cooja/mtype945.a(simEnvChange.o)
                              obj_cooja/mtype945.o (simDontFallAsleep)
obj_cooja/mtype945.a(cooja_mt.o)
                              obj_cooja/mtype945.o (cooja_mt_start)
obj_cooja/mtype945.a(cooja_mtarch.o)
                              obj_cooja/mtype945.a(cooja_mt.o) (cooja_mtarch_init)
obj_cooja/mtype945.a(rtimer-arch.o)
                              obj_cooja/mtype945.o (rtimer_arch_next)
obj_cooja/mtype945.a(watchdog.o)
                              obj_cooja/mtype945.a(nullrdc.o) (watchdog_periodic)
obj_cooja/mtype945.a(beep.o)  obj_cooja/mtype945.o (beep_interface)
obj_cooja/mtype945.a(button-sensor.o)
                              obj_cooja/mtype945.o (button_interface)
obj_cooja/mtype945.a(leds-arch.o)
                              obj_cooja/mtype945.o (leds_interface)
obj_cooja/mtype945.a(moteid.o)
                              obj_cooja/mtype945.o (moteid_interface)
obj_cooja/mtype945.a(pir-sensor.o)
                              obj_cooja/mtype945.o (pir_interface)
obj_cooja/mtype945.a(rs232.o)
                              obj_cooja/mtype945.o (rs232_interface)
obj_cooja/mtype945.a(vib-sensor.o)
                              obj_cooja/mtype945.o (vib_interface)
obj_cooja/mtype945.a(clock.o)
                              obj_cooja/mtype945.o (clock_interface)
obj_cooja/mtype945.a(log.o)   obj_cooja/mtype945.o (simlog_interface)
obj_cooja/mtype945.a(cfs-cooja.o)
                              obj_cooja/mtype945.o (cfs_interface)
obj_cooja/mtype945.a(cooja-radio.o)
                              obj_cooja/mtype945.o (radio_interface)
obj_cooja/mtype945.a(sensors.o)
                              room-controller.co (sensors_event)
obj_cooja/mtype945.a(rimestats.o)
                              obj_cooja/mtype945.a(nullrdc.o) (rimestats)
obj_cooja/mtype945.a(frame802154.o)
                              obj_cooja/mtype945.a(framer-802154.o) (frame802154_hdrlen)
obj_cooja/mtype945.a(rpl.o)   obj_cooja/mtype945.a(uip-ds6-nbr.o) (rpl_link_neighbor_callback)
obj_cooja/mtype945.a(rpl-dag.o)
[...]
Memory Configuration

Name             Origin             Length             Attributes
*default*        0x0000000000000000 0xffffffffffffffff

Linker script and memory map

LOAD /usr/lib/gcc/i686-linux-gnu/4.6/../../../i386-linux-gnu/crti.o
LOAD /usr/lib/gcc/i686-linux-gnu/4.6/crtbeginS.o
LOAD room-controller.co
LOAD obj_cooja/mtype945.o
LOAD obj_cooja/mtype945.a
LOAD /usr/lib/gcc/i686-linux-gnu/4.6/libgcc.a
LOAD /usr/lib/gcc/i686-linux-gnu/4.6/libgcc_s.so
LOAD /usr/lib/gcc/i686-linux-gnu/4.6/../../../i386-linux-gnu/libc.so
START GROUP
LOAD /lib/i386-linux-gnu/libc.so.6
LOAD /usr/lib/i386-linux-gnu/libc_nonshared.a
LOAD /lib/i386-linux-gnu/ld-linux.so.2
END GROUP
LOAD /usr/lib/gcc/i686-linux-gnu/4.6/libgcc.a
LOAD /usr/lib/gcc/i686-linux-gnu/4.6/libgcc_s.so
LOAD /usr/lib/gcc/i686-linux-gnu/4.6/crtendS.o
LOAD /usr/lib/gcc/i686-linux-gnu/4.6/../../../i386-linux-gnu/crtn.o
                0x0000000000000114                . = (0x0 + SIZEOF_HEADERS)

.note.gnu.build-id
                0x0000000000000114       0x24
 *(.note.gnu.build-id)
 .note.gnu.build-id
                0x0000000000000114       0x24 /usr/lib/gcc/i686-linux-gnu/4.6/../../../i386-linux-gnu/crti.o

.hash
 *(.hash)

.gnu.hash       0x0000000000000138      0xd88
 *(.gnu.hash)
 .gnu.hash      0x0000000000000138      0xd88 /usr/lib/gcc/i686-linux-gnu/4.6/../../../i386-linux-gnu/crti.o

.dynsym         0x0000000000000ec0     0x1e40
 *(.dynsym)
 .dynsym        0x0000000000000ec0     0x1e40 /usr/lib/gcc/i686-linux-gnu/4.6/../../../i386-linux-gnu/crti.o

.dynstr         0x0000000000002d00     0x1e81
 *(.dynstr)
 .dynstr        0x0000000000002d00     0x1e81 /usr/lib/gcc/i686-linux-gnu/4.6/../../../i386-linux-gnu/crti.o

.gnu.version    0x0000000000004b82      0x3c8
 *(.gnu.version)
 .gnu.version   0x0000000000004b82      0x3c8 /usr/lib/gcc/i686-linux-gnu/4.6/../../../i386-linux-gnu/crti.o

.gnu.version_d  0x0000000000004f4c        0x0
 *(.gnu.version_d)
 .gnu.version_d
                0x0000000000000000        0x0 /usr/lib/gcc/i686-linux-gnu/4.6/../../../i386-linux-gnu/crti.o

.gnu.version_r  0x0000000000004f4c       0x40
 *(.gnu.version_r)
 .gnu.version_r
                0x0000000000004f4c       0x40 /usr/lib/gcc/i686-linux-gnu/4.6/../../../i386-linux-gnu/crti.o

.rel.dyn        0x0000000000004f8c     0x80c0
 *(.rel.init)
 *(.rel.text .rel.text.* .rel.gnu.linkonce.t.*)
 .rel.text      0x0000000000000000        0x0 /usr/lib/gcc/i686-linux-gnu/4.6/../../../i386-linux-gnu/crti.o
 .rel.text.receiver
                0x0000000000004f8c       0x28 /usr/lib/gcc/i686-linux-gnu/4.6/../../../i386-linux-gnu/crti.o
 .rel.text.process_thread_broadcast_process
                0x0000000000004fb4      0x338 /usr/lib/gcc/i686-linux-gnu/4.6/../../../i386-linux-gnu/crti.o
 .rel.text.print_processes
                0x00000000000052ec       0x28 /usr/lib/gcc/i686-linux-gnu/4.6/../../../i386-linux-gnu/crti.o
 .rel.text.rtimer_thread_loop
                0x0000000000005314       0x10 /usr/lib/gcc/i686-linux-gnu/4.6/../../../i386-linux-gnu/crti.o
 .rel.text.set_rime_addr
                0x0000000000005324       0x50 /usr/lib/gcc/i686-linux-gnu/4.6/../../../i386-linux-gnu/crti.o
 .rel.text.contiki_init
                0x0000000000005374      0x1d0 /usr/lib/gcc/i686-linux-gnu/4.6/../../../i386-linux-gnu/crti.o
 .rel.text.process_run_thread_loop
                0x0000000000005544       0x70 /usr/lib/gcc/i686-linux-gnu/4.6/../../../i386-linux-gnu/crti.o
 .rel.text.Java_se_sics_cooja_corecomm_Lib2_init
                0x00000000000055b4       0x30 /usr/lib/gcc/i686-linux-gnu/4.6/../../../i386-linux-gnu/crti.o
 .rel.text.Java_se_sics_cooja_corecomm_Lib2_getMemory
                0x00000000000055e4        0x8 /usr/lib/gcc/i686-linux-gnu/4.6/../../../i386-linux-gnu/crti.o
 .rel.text.Java_se_sics_cooja_corecomm_Lib2_setMemory
                0x00000000000055ec       0x10 /usr/lib/gcc/i686-linux-gnu/4.6/../../../i386-linux-gnu/crti.o
 .rel.text.Java_se_sics_cooja_corecomm_Lib2_tick
                0x00000000000055fc       0xc8 /usr/lib/gcc/i686-linux-gnu/4.6/../../../i386-linux-gnu/crti.o
 .rel.text.Java_se_sics_cooja_corecomm_Lib2_setReferenceAddress
                0x00000000000056c4       0x10 /usr/lib/gcc/i686-linux-gnu/4.6/../../../i386-linux-gnu/crti.o
 .rel.text.rimeaddr_cmp
                0x00000000000056d4        0x8 /usr/lib/gcc/i686-linux-gnu/4.6/../../../i386-linux-gnu/crti.o
 .rel.text.rimeaddr_set_node_addr
                0x00000000000056dc       0x10 /usr/lib/gcc/i686-linux-gnu/4.6/../../../i386-linux-gnu/crti.o
 .rel.text.packetbuf_set_attr
                0x00000000000056ec       0x20 /usr/lib/gcc/i686-linux-gnu/4.6/../../../i386-linux-gnu/crti.o
 .rel.text.packetbuf_attr
                0x000000000000570c       0x18 /usr/lib/gcc/i686-linux-gnu/4.6/../../../i386-linux-gnu/crti.o
 .rel.text.packetbuf_set_addr
                0x0000000000005724       0x30 /usr/lib/gcc/i686-linux-gnu/4.6/../../../i386-linux-gnu/crti.o
 .rel.text.packetbuf_addr
                0x0000000000005754       0x30 /usr/lib/gcc/i686-linux-gnu/4.6/../../../i386-linux-gnu/crti.o
 .rel.text.send_one_packet
                0x0000000000005784       0xd8 /usr/lib/gcc/i686-linux-gnu/4.6/../../../i386-linux-gnu/crti.o
 .rel.text.send_list
                0x000000000000585c        0x8 /usr/lib/gcc/i686-linux-gnu/4.6/../../../i386-linux-gnu/crti.o
 .rel.text.packet_input
                0x0000000000005864       0xd0 /usr/lib/gcc/i686-linux-gnu/4.6/../../../i386-linux-gnu/crti.o
 .rel.text.on   0x0000000000005934       0x10 /usr/lib/gcc/i686-linux-gnu/4.6/../../../i386-linux-gnu/crti.o
 .rel.text.off  0x0000000000005944       0x18 /usr/lib/gcc/i686-linux-gnu/4.6/../../../i386-linux-gnu/crti.o
 .rel.text.create
                0x000000000000595c       0xb0 /usr/lib/gcc/i686-linux-gnu/4.6/../../../i386-linux-gnu/crti.o
 .rel.text.parse
                0x0000000000005a0c       0x30 /usr/lib/gcc/i686-linux-gnu/4.6/../../../i386-linux-gnu/crti.o
 .rel.text.neighbor_queue_from_addr
                0x0000000000005a3c       0x20 /usr/lib/gcc/i686-linux-gnu/4.6/../../../i386-linux-gnu/crti.o
 .rel.text.default_timebase
                0x0000000000005a5c        0x8 /usr/lib/gcc/i686-linux-gnu/4.6/../../../i386-linux-gnu/crti.o
 .rel.text.transmit_packet_list
                0x0000000000005a64       0x18 /usr/lib/gcc/i686-linux-gnu/4.6/../../../i386-linux-gnu/crti.o
 .rel.text.free_packet
                0x0000000000005a7c       0x70 /usr/lib/gcc/i686-linux-gnu/4.6/../../../i386-linux-gnu/crti.o
 .rel.text.packet_sent
                0x0000000000005aec       0x68 /usr/lib/gcc/i686-linux-gnu/4.6/../../../i386-linux-gnu/crti.o
 .rel.text.send_packet
                0x0000000000005b54      0x110 /usr/lib/gcc/i686-linux-gnu/4.6/../../../i386-linux-gnu/crti.o
 .rel.text.input_packet
                0x0000000000005c64        0x8 /usr/lib/gcc/i686-linux-gnu/4.6/../../../i386-linux-gnu/crti.o
 .rel.text.channel_check_interval
                0x0000000000005c6c       0x10 /usr/lib/gcc/i686-linux-gnu/4.6/../../../i386-linux-gnu/crti.o
 .rel.text.init
                0x0000000000005c7c       0x40 /usr/lib/gcc/i686-linux-gnu/4.6/../../../i386-linux-gnu/crti.o
 .rel.text.process_alloc_event
                0x0000000000005cbc       0x10 /usr/lib/gcc/i686-linux-gnu/4.6/../../../i386-linux-gnu/crti.o
 .rel.text.process_start
                0x0000000000005ccc       0x20 /usr/lib/gcc/i686-linux-gnu/4.6/../../../i386-linux-gnu/crti.o
 .rel.text.exit_process
                0x0000000000005cec       0x50 /usr/lib/gcc/i686-linux-gnu/4.6/../../../i386-linux-gnu/crti.o
 .rel.text.call_process
                0x0000000000005d3c        0x8 /usr/lib/gcc/i686-linux-gnu/4.6/../../../i386-linux-gnu/crti.o
 .rel.text.process_exit
                0x0000000000005d44        0x8 /usr/lib/gcc/i686-linux-gnu/4.6/../../../i386-linux-gnu/crti.o
 .rel.text.process_init
                0x0000000000005d4c       0x38 /usr/lib/gcc/i686-linux-gnu/4.6/../../../i386-linux-gnu/crti.o
 .rel.text.do_poll
                0x0000000000005d84       0x10 /usr/lib/gcc/i686-linux-gnu/4.6/../../../i386-linux-gnu/crti.o
 .rel.text.do_event
                0x0000000000005d94       0xe8 /usr/lib/gcc/i686-linux-gnu/4.6/../../../i386-linux-gnu/crti.o
 .rel.text.process_run
                0x0000000000005e7c       0x18 /usr/lib/gcc/i686-linux-gnu/4.6/../../../i386-linux-gnu/crti.o
 .rel.text.process_nevents
                0x0000000000005e94       0x10 /usr/lib/gcc/i686-linux-gnu/4.6/../../../i386-linux-gnu/crti.o
 .rel.text.process_post
                0x0000000000005ea4       0x60 /usr/lib/gcc/i686-linux-gnu/4.6/../../../i386-linux-gnu/crti.o
 .rel.text.process_post_synch
                0x0000000000005f04       0x10 /usr/lib/gcc/i686-linux-gnu/4.6/../../../i386-linux-gnu/crti.o
 .rel.text.process_poll
                0x0000000000005f14        0x8 /usr/lib/gcc/i686-linux-gnu/4.6/../../../i386-linux-gnu/crti.o
 .rel.text.autostart_start
                0x0000000000005f1c        0x8 /usr/lib/gcc/i686-linux-gnu/4.6/../../../i386-linux-gnu/crti.o
 .rel.text.autostart_exit
                0x0000000000005f24        0x8 /usr/lib/gcc/i686-linux-gnu/4.6/../../../i386-linux-gnu/crti.o
 .rel.text.serial_line_input_byte
                0x0000000000005f2c       0x48 /usr/lib/gcc/i686-linux-gnu/4.6/../../../i386-linux-gnu/crti.o
 .rel.text.process_thread_serial_line_process
                0x0000000000005f74       0x90 /usr/lib/gcc/i686-linux-gnu/4.6/../../../i386-linux-gnu/crti.o
 .rel.text.serial_line_init
                0x0000000000006004       0x28 /usr/lib/gcc/i686-linux-gnu/4.6/../../../i386-linux-gnu/crti.o
 .rel.text.memb_init
                0x000000000000602c       0x10 /usr/lib/gcc/i686-linux-gnu/4.6/../../../i386-linux-gnu/crti.o
 .rel.text.list_add
                0x000000000000603c       0x10 /usr/lib/gcc/i686-linux-gnu/4.6/../../../i386-linux-gnu/crti.o
 .rel.text.list_push
                0x000000000000604c        0x8 /usr/lib/gcc/i686-linux-gnu/4.6/../../../i386-linux-gnu/crti.o
 .rel.text.list_insert
                0x0000000000006054        0x8 /usr/lib/gcc/i686-linux-gnu/4.6/../../../i386-linux-gnu/crti.o
 .rel.text.update_time
                0x000000000000605c       0x28 /usr/lib/gcc/i686-linux-gnu/4.6/../../../i386-linux-gnu/crti.o
 .rel.text.process_thread_etimer_process
                0x0000000000006084       0x60 /usr/lib/gcc/i686-linux-gnu/4.6/../../../i386-linux-gnu/crti.o
 .rel.text.etimer_request_poll
                0x00000000000060e4       0x10 /usr/lib/gcc/i686-linux-gnu/4.6/../../../i386-linux-gnu/crti.o
 .rel.text.add_timer
                0x00000000000060f4       0x30 /usr/lib/gcc/i686-linux-gnu/4.6/../../../i386-linux-gnu/crti.o
 .rel.text.etimer_set
                0x0000000000006124        0x8 /usr/lib/gcc/i686-linux-gnu/4.6/../../../i386-linux-gnu/crti.o
 .rel.text.etimer_reset
                0x000000000000612c        0x8 /usr/lib/gcc/i686-linux-gnu/4.6/../../../i386-linux-gnu/crti.o
 .rel.text.etimer_restart
                0x0000000000006134        0x8 /usr/lib/gcc/i686-linux-gnu/4.6/../../../i386-linux-gnu/crti.o
 .rel.text.etimer_pending
                0x000000000000613c        0x8 /usr/lib/gcc/i686-linux-gnu/4.6/../../../i386-linux-gnu/crti.o
 .rel.text.etimer_next_expiration_time
                0x0000000000006144       0x10 /usr/lib/gcc/i686-linux-gnu/4.6/../../../i386-linux-gnu/crti.o
 .rel.text.etimer_stop
                0x0000000000006154       0x20 /usr/lib/gcc/i686-linux-gnu/4.6/../../../i386-linux-gnu/crti.o
 .rel.text.process_thread_ctimer_process
                0x0000000000006174       0x58 /usr/lib/gcc/i686-linux-gnu/4.6/../../../i386-linux-gnu/crti.o
 .rel.text.ctimer_init
                0x00000000000061cc       0x28 /usr/lib/gcc/i686-linux-gnu/4.6/../../../i386-linux-gnu/crti.o
 .rel.text.ctimer_set
                0x00000000000061f4       0x58 /usr/lib/gcc/i686-linux-gnu/4.6/../../../i386-linux-gnu/crti.o
 .rel.text.ctimer_reset
                0x000000000000624c       0x50 /usr/lib/gcc/i686-linux-gnu/4.6/../../../i386-linux-gnu/crti.o
 .rel.text.ctimer_restart
                0x000000000000629c       0x50 /usr/lib/gcc/i686-linux-gnu/4.6/../../../i386-linux-gnu/crti.o
 .rel.text.ctimer_stop
                0x00000000000062ec       0x20 /usr/lib/gcc/i686-linux-gnu/4.6/../../../i386-linux-gnu/crti.o
 .rel.text.ctimer_expired
                0x000000000000630c       0x20 /usr/lib/gcc/i686-linux-gnu/4.6/../../../i386-linux-gnu/crti.o
 .rel.text.random_init
                0x000000000000632c        0x8 /usr/lib/gcc/i686-linux-gnu/4.6/../../../i386-linux-gnu/crti.o
 .rel.text.random_rand
                0x0000000000006334        0x8 /usr/lib/gcc/i686-linux-gnu/4.6/../../../i386-linux-gnu/crti.o
 .rel.text.netstack_init
                0x000000000000633c       0x20 /usr/lib/gcc/i686-linux-gnu/4.6/../../../i386-linux-gnu/crti.o
 .rel.text.packetbuf_clear
                0x000000000000635c       0x38 /usr/lib/gcc/i686-linux-gnu/4.6/../../../i386-linux-gnu/crti.o
 .rel.text.packetbuf_clear_hdr
                0x0000000000006394        0x8 /usr/lib/gcc/i686-linux-gnu/4.6/../../../i386-linux-gnu/crti.o
 .rel.text.packetbuf_copyfrom
                0x000000000000639c       0x20 /usr/lib/gcc/i686-linux-gnu/4.6/../../../i386-linux-gnu/crti.o
 .rel.text.packetbuf_compact
                0x00000000000063bc       0x58 /usr/lib/gcc/i686-linux-gnu/4.6/../../../i386-linux-gnu/crti.o
 .rel.text.packetbuf_copyto_hdr
                0x0000000000006414       0x28 /usr/lib/gcc/i686-linux-gnu/4.6/../../../i386-linux-gnu/crti.o
 .rel.text.packetbuf_copyto
                0x000000000000643c       0x68 /usr/lib/gcc/i686-linux-gnu/4.6/../../../i386-linux-gnu/crti.o
 .rel.text.packetbuf_hdralloc
                0x00000000000064a4       0x20 /usr/lib/gcc/i686-linux-gnu/4.6/../../../i386-linux-gnu/crti.o
 .rel.text.packetbuf_hdr_remove
                0x00000000000064c4       0x10 /usr/lib/gcc/i686-linux-gnu/4.6/../../../i386-linux-gnu/crti.o
 .rel.text.packetbuf_hdrreduce
                0x00000000000064d4       0x28 /usr/lib/gcc/i686-linux-gnu/4.6/../../../i386-linux-gnu/crti.o
 .rel.text.packetbuf_set_datalen
                0x00000000000064fc        0x8 /usr/lib/gcc/i686-linux-gnu/4.6/../../../i386-linux-gnu/crti.o
 .rel.text.packetbuf_dataptr
                0x0000000000006504       0x10 /usr/lib/gcc/i686-linux-gnu/4.6/../../../i386-linux-gnu/crti.o
 .rel.text.packetbuf_hdrptr
                0x0000000000006514       0x10 /usr/lib/gcc/i686-linux-gnu/4.6/../../../i386-linux-gnu/crti.o
 .rel.text.packetbuf_reference
                0x0000000000006524       0x18 /usr/lib/gcc/i686-linux-gnu/4.6/../../../i386-linux-gnu/crti.o
 .rel.text.packetbuf_is_reference
                0x000000000000653c       0x10 /usr/lib/gcc/i686-linux-gnu/4.6/../../../i386-linux-gnu/crti.o
 .rel.text.packetbuf_reference_ptr
                0x000000000000654c        0x8 /usr/lib/gcc/i686-linux-gnu/4.6/../../../i386-linux-gnu/crti.o
 .rel.text.packetbuf_datalen
                0x0000000000006554        0x8 /usr/lib/gcc/i686-linux-gnu/4.6/../../../i386-linux-gnu/crti.o
 .rel.text.packetbuf_hdrlen
                0x000000000000655c        0x8 /usr/lib/gcc/i686-linux-gnu/4.6/../../../i386-linux-gnu/crti.o
 .rel.text.packetbuf_totlen
                0x0000000000006564       0x10 /usr/lib/gcc/i686-linux-gnu/4.6/../../../i386-linux-gnu/crti.o
 .rel.text.packetbuf_attr_clear
                0x0000000000006574       0x20 /usr/lib/gcc/i686-linux-gnu/4.6/../../../i386-linux-gnu/crti.o
 .rel.text.packetbuf_attr_copyto
                0x0000000000006594       0x48 /usr/lib/gcc/i686-linux-gnu/4.6/../../../i386-linux-gnu/crti.o
 .rel.text.packetbuf_attr_copyfrom
                0x00000000000065dc       0x48 /usr/lib/gcc/i686-linux-gnu/4.6/../../../i386-linux-gnu/crti.o
 .rel.text.queuebuf_init
                0x0000000000006624       0x30 /usr/lib/gcc/i686-linux-gnu/4.6/../../../i386-linux-gnu/crti.o
 .rel.text.queuebuf_new_from_packetbuf
                0x0000000000006654       0x60 /usr/lib/gcc/i686-linux-gnu/4.6/../../../i386-linux-gnu/crti.o
 .rel.text.queuebuf_update_attr_from_packetbuf
                0x00000000000066b4        0x8 /usr/lib/gcc/i686-linux-gnu/4.6/../../../i386-linux-gnu/crti.o
 .rel.text.queuebuf_free
                0x00000000000066bc       0x50 /usr/lib/gcc/i686-linux-gnu/4.6/../../../i386-linux-gnu/crti.o
 .rel.text.queuebuf_to_packetbuf
                0x000000000000670c       0x58 /usr/lib/gcc/i686-linux-gnu/4.6/../../../i386-linux-gnu/crti.o
 .rel.text.queuebuf_dataptr
                0x0000000000006764       0x20 /usr/lib/gcc/i686-linux-gnu/4.6/../../../i386-linux-gnu/crti.o
 .rel.text.rime_sniffer_add
                0x0000000000006784        0x8 /usr/lib/gcc/i686-linux-gnu/4.6/../../../i386-linux-gnu/crti.o
 .rel.text.rime_sniffer_remove
                0x000000000000678c        0x8 /usr/lib/gcc/i686-linux-gnu/4.6/../../../i386-linux-gnu/crti.o
 .rel.text.set_packet_attrs
                0x0000000000006794       0x60 /usr/lib/gcc/i686-linux-gnu/4.6/../../../i386-linux-gnu/crti.o
 .rel.text.addr_context_lookup_by_prefix
                0x00000000000067f4       0x20 /usr/lib/gcc/i686-linux-gnu/4.6/../../../i386-linux-gnu/crti.o
 .rel.text.addr_context_lookup_by_number
                0x0000000000006814       0x18 /usr/lib/gcc/i686-linux-gnu/4.6/../../../i386-linux-gnu/crti.o
 .rel.text.compress_addr_64
                0x000000000000682c       0x30 /usr/lib/gcc/i686-linux-gnu/4.6/../../../i386-linux-gnu/crti.o
 .rel.text.uncompress_addr
                0x000000000000685c       0x38 /usr/lib/gcc/i686-linux-gnu/4.6/../../../i386-linux-gnu/crti.o
 .rel.text.compress_hdr_hc06
                0x0000000000006894      0x5a0 /usr/lib/gcc/i686-linux-gnu/4.6/../../../i386-linux-gnu/crti.o
 .rel.text.uncompress_hdr_hc06
                0x0000000000006e34      0x3e0 /usr/lib/gcc/i686-linux-gnu/4.6/../../../i386-linux-gnu/crti.o
 .rel.text.compress_hdr_ipv6
                0x0000000000007214       0x50 /usr/lib/gcc/i686-linux-gnu/4.6/../../../i386-linux-gnu/crti.o
 .rel.text.output
                0x0000000000007264      0x2f8 /usr/lib/gcc/i686-linux-gnu/4.6/../../../i386-linux-gnu/crti.o
 .rel.text.input
                0x000000000000755c      0x2e8 /usr/lib/gcc/i686-linux-gnu/4.6/../../../i386-linux-gnu/crti.o
 .rel.text.sicslowpan_init
                0x0000000000007844       0x38 /usr/lib/gcc/i686-linux-gnu/4.6/../../../i386-linux-gnu/crti.o
 .rel.text.init_simple_udp
                0x000000000000787c       0x20 /usr/lib/gcc/i686-linux-gnu/4.6/../../../i386-linux-gnu/crti.o
 .rel.text.simple_udp_send
                0x000000000000789c        0x8 /usr/lib/gcc/i686-linux-gnu/4.6/../../../i386-linux-gnu/crti.o
 .rel.text.simple_udp_sendto
                0x00000000000078a4        0x8 /usr/lib/gcc/i686-linux-gnu/4.6/../../../i386-linux-gnu/crti.o
 .rel.text.simple_udp_sendto_port
                0x00000000000078ac        0x8 /usr/lib/gcc/i686-linux-gnu/4.6/../../../i386-linux-gnu/crti.o
 .rel.text.simple_udp_register
                0x00000000000078b4       0x28 /usr/lib/gcc/i686-linux-gnu/4.6/../../../i386-linux-gnu/crti.o
 .rel.text.process_thread_simple_udp_process
                0x00000000000078dc       0x88 /usr/lib/gcc/i686-linux-gnu/4.6/../../../i386-linux-gnu/crti.o
 .rel.text.tcpip_output
                0x0000000000007964       0x10 /usr/lib/gcc/i686-linux-gnu/4.6/../../../i386-linux-gnu/crti.o
 .rel.text.tcpip_set_outputfunc
                0x0000000000007974        0x8 /usr/lib/gcc/i686-linux-gnu/4.6/../../../i386-linux-gnu/crti.o
 .rel.text.start_periodic_tcp_timer
                0x000000000000797c       0x20 /usr/lib/gcc/i686-linux-gnu/4.6/../../../i386-linux-gnu/crti.o
 .rel.text.check_for_tcp_syn
                0x000000000000799c       0x10 /usr/lib/gcc/i686-linux-gnu/4.6/../../../i386-linux-gnu/crti.o
 .rel.text.tcp_connect
                0x00000000000079ac       0x18 /usr/lib/gcc/i686-linux-gnu/4.6/../../../i386-linux-gnu/crti.o
 .rel.text.tcp_unlisten
                0x00000000000079c4       0x38 /usr/lib/gcc/i686-linux-gnu/4.6/../../../i386-linux-gnu/crti.o
 .rel.text.tcp_listen
                0x00000000000079fc       0x38 /usr/lib/gcc/i686-linux-gnu/4.6/../../../i386-linux-gnu/crti.o
 .rel.text.tcp_attach
                0x0000000000007a34        0x8 /usr/lib/gcc/i686-linux-gnu/4.6/../../../i386-linux-gnu/crti.o
 .rel.text.udp_attach
                0x0000000000007a3c        0x8 /usr/lib/gcc/i686-linux-gnu/4.6/../../../i386-linux-gnu/crti.o
 .rel.text.udp_new
                0x0000000000007a44       0x10 /usr/lib/gcc/i686-linux-gnu/4.6/../../../i386-linux-gnu/crti.o
 .rel.text.udp_broadcast_new
                0x0000000000007a54       0x10 /usr/lib/gcc/i686-linux-gnu/4.6/../../../i386-linux-gnu/crti.o
 .rel.text.eventhandler
                0x0000000000007a64      0x128 /usr/lib/gcc/i686-linux-gnu/4.6/../../../i386-linux-gnu/crti.o
 .rel.text.tcpip_input
                0x0000000000007b8c       0x20 /usr/lib/gcc/i686-linux-gnu/4.6/../../../i386-linux-gnu/crti.o
 .rel.text.tcpip_ipv6_output
                0x0000000000007bac      0x258 /usr/lib/gcc/i686-linux-gnu/4.6/../../../i386-linux-gnu/crti.o
 .rel.text.tcpip_poll_udp
                0x0000000000007e04       0x10 /usr/lib/gcc/i686-linux-gnu/4.6/../../../i386-linux-gnu/crti.o
 .rel.text.tcpip_poll_tcp
                0x0000000000007e14       0x10 /usr/lib/gcc/i686-linux-gnu/4.6/../../../i386-linux-gnu/crti.o
 .rel.text.tcpip_uipcall
                0x0000000000007e24       0x60 /usr/lib/gcc/i686-linux-gnu/4.6/../../../i386-linux-gnu/crti.o
 .rel.text.process_thread_tcpip_process
                0x0000000000007e84       0x70 /usr/lib/gcc/i686-linux-gnu/4.6/../../../i386-linux-gnu/crti.o
 .rel.text.call_route_callback
                0x0000000000007ef4       0x30 /usr/lib/gcc/i686-linux-gnu/4.6/../../../i386-linux-gnu/crti.o
 .rel.text.uip_ds6_notification_add
                0x0000000000007f24       0x10 /usr/lib/gcc/i686-linux-gnu/4.6/../../../i386-linux-gnu/crti.o
 .rel.text.uip_ds6_notification_rm
                0x0000000000007f34       0x10 /usr/lib/gcc/i686-linux-gnu/4.6/../../../i386-linux-gnu/crti.o
 .rel.text.uip_ds6_route_init
                0x0000000000007f44       0x58 /usr/lib/gcc/i686-linux-gnu/4.6/../../../i386-linux-gnu/crti.o
 .rel.text.uip_ds6_route_nexthop_lladdr
                0x0000000000007f9c       0x10 /usr/lib/gcc/i686-linux-gnu/4.6/../../../i386-linux-gnu/crti.o
 .rel.text.uip_ds6_route_nexthop
                0x0000000000007fac        0x8 /usr/lib/gcc/i686-linux-gnu/4.6/../../../i386-linux-gnu/crti.o
 .rel.text.uip_ds6_route_head
                0x0000000000007fb4       0x20 /usr/lib/gcc/i686-linux-gnu/4.6/../../../i386-linux-gnu/crti.o
 .rel.text.uip_ds6_route_next
                0x0000000000007fd4       0x20 /usr/lib/gcc/i686-linux-gnu/4.6/../../../i386-linux-gnu/crti.o
 .rel.text.uip_ds6_route_num_routes
                0x0000000000007ff4        0x8 /usr/lib/gcc/i686-linux-gnu/4.6/../../../i386-linux-gnu/crti.o
 .rel.text.uip_ds6_route_lookup
                0x0000000000007ffc       0x18 /usr/lib/gcc/i686-linux-gnu/4.6/../../../i386-linux-gnu/crti.o
 .rel.text.uip_ds6_route_add
                0x0000000000008014       0x60 /usr/lib/gcc/i686-linux-gnu/4.6/../../../i386-linux-gnu/crti.o
 .rel.text.uip_ds6_route_rm
                0x0000000000008074       0x48 /usr/lib/gcc/i686-linux-gnu/4.6/../../../i386-linux-gnu/crti.o
 .rel.text.rm_routelist
                0x00000000000080bc       0x28 /usr/lib/gcc/i686-linux-gnu/4.6/../../../i386-linux-gnu/crti.o
 .rel.text.uip_ds6_route_rm_by_nexthop
                0x00000000000080e4       0x18 /usr/lib/gcc/i686-linux-gnu/4.6/../../../i386-linux-gnu/crti.o
 .rel.text.uip_ds6_defrt_add
                0x00000000000080fc       0x30 /usr/lib/gcc/i686-linux-gnu/4.6/../../../i386-linux-gnu/crti.o
 .rel.text.uip_ds6_defrt_rm
                0x000000000000812c       0x38 /usr/lib/gcc/i686-linux-gnu/4.6/../../../i386-linux-gnu/crti.o
 .rel.text.uip_ds6_defrt_lookup
                0x0000000000008164       0x20 /usr/lib/gcc/i686-linux-gnu/4.6/../../../i386-linux-gnu/crti.o
 .rel.text.uip_ds6_defrt_choose
                0x0000000000008184       0x20 /usr/lib/gcc/i686-linux-gnu/4.6/../../../i386-linux-gnu/crti.o
 .rel.text.uip_ds6_defrt_periodic
                0x00000000000081a4       0x38 /usr/lib/gcc/i686-linux-gnu/4.6/../../../i386-linux-gnu/crti.o
 .rel.text.uip_ds6_neighbors_init
                0x00000000000081dc       0x18 /usr/lib/gcc/i686-linux-gnu/4.6/../../../i386-linux-gnu/crti.o
 .rel.text.uip_ds6_nbr_add
                0x00000000000081f4       0x30 /usr/lib/gcc/i686-linux-gnu/4.6/../../../i386-linux-gnu/crti.o
 .rel.text.uip_ds6_nbr_rm
                0x0000000000008224       0x20 /usr/lib/gcc/i686-linux-gnu/4.6/../../../i386-linux-gnu/crti.o
 .rel.text.uip_ds6_nbr_get_ll
                0x0000000000008244       0x10 /usr/lib/gcc/i686-linux-gnu/4.6/../../../i386-linux-gnu/crti.o
 .rel.text.uip_ds6_nbr_num
                0x0000000000008254       0x20 /usr/lib/gcc/i686-linux-gnu/4.6/../../../i386-linux-gnu/crti.o
 .rel.text.uip_ds6_nbr_lookup
                0x0000000000008274       0x28 /usr/lib/gcc/i686-linux-gnu/4.6/../../../i386-linux-gnu/crti.o
 .rel.text.uip_ds6_nbr_ll_lookup
                0x000000000000829c       0x10 /usr/lib/gcc/i686-linux-gnu/4.6/../../../i386-linux-gnu/crti.o
 .rel.text.uip_ds6_nbr_ipaddr_from_lladdr
                0x00000000000082ac        0x8 /usr/lib/gcc/i686-linux-gnu/4.6/../../../i386-linux-gnu/crti.o
 .rel.text.uip_ds6_nbr_lladdr_from_ipaddr
                0x00000000000082b4       0x10 /usr/lib/gcc/i686-linux-gnu/4.6/../../../i386-linux-gnu/crti.o
 .rel.text.uip_ds6_link_neighbor_callback
                0x00000000000082c4       0x18 /usr/lib/gcc/i686-linux-gnu/4.6/../../../i386-linux-gnu/crti.o
 .rel.text.uip_ds6_neighbor_periodic
                0x00000000000082dc       0xa8 /usr/lib/gcc/i686-linux-gnu/4.6/../../../i386-linux-gnu/crti.o
 .rel.text.uip_ds6_get_least_lifetime_neighbor
                0x0000000000008384       0x30 /usr/lib/gcc/i686-linux-gnu/4.6/../../../i386-linux-gnu/crti.o
 .rel.text.uip_ds6_init
                0x00000000000083b4      0x170 /usr/lib/gcc/i686-linux-gnu/4.6/../../../i386-linux-gnu/crti.o
 .rel.text.uip_ds6_periodic
                0x0000000000008524       0x80 /usr/lib/gcc/i686-linux-gnu/4.6/../../../i386-linux-gnu/crti.o
 .rel.text.uip_ds6_list_loop
                0x00000000000085a4        0x8 /usr/lib/gcc/i686-linux-gnu/4.6/../../../i386-linux-gnu/crti.o
 .rel.text.uip_ds6_prefix_add
                0x00000000000085ac       0x58 /usr/lib/gcc/i686-linux-gnu/4.6/../../../i386-linux-gnu/crti.o
 .rel.text.uip_ds6_prefix_lookup
                0x0000000000008604       0x20 /usr/lib/gcc/i686-linux-gnu/4.6/../../../i386-linux-gnu/crti.o
 .rel.text.uip_ds6_is_addr_onlink
                0x0000000000008624       0x50 /usr/lib/gcc/i686-linux-gnu/4.6/../../../i386-linux-gnu/crti.o
 .rel.text.uip_ds6_addr_add
                0x0000000000008674       0xc8 /usr/lib/gcc/i686-linux-gnu/4.6/../../../i386-linux-gnu/crti.o
 .rel.text.uip_ds6_addr_rm
                0x000000000000873c       0x88 /usr/lib/gcc/i686-linux-gnu/4.6/../../../i386-linux-gnu/crti.o
 .rel.text.uip_ds6_addr_lookup
                0x00000000000087c4       0x20 /usr/lib/gcc/i686-linux-gnu/4.6/../../../i386-linux-gnu/crti.o
 .rel.text.uip_ds6_get_link_local
                0x00000000000087e4       0x58 /usr/lib/gcc/i686-linux-gnu/4.6/../../../i386-linux-gnu/crti.o
 .rel.text.uip_ds6_get_global
                0x000000000000883c       0x58 /usr/lib/gcc/i686-linux-gnu/4.6/../../../i386-linux-gnu/crti.o
 .rel.text.uip_ds6_maddr_add
                0x0000000000008894       0x30 /usr/lib/gcc/i686-linux-gnu/4.6/../../../i386-linux-gnu/crti.o
 .rel.text.uip_ds6_maddr_lookup
                0x00000000000088c4       0x20 /usr/lib/gcc/i686-linux-gnu/4.6/../../../i386-linux-gnu/crti.o
 .rel.text.uip_ds6_aaddr_add
                0x00000000000088e4       0x30 /usr/lib/gcc/i686-linux-gnu/4.6/../../../i386-linux-gnu/crti.o
 .rel.text.uip_ds6_aaddr_lookup
                0x0000000000008914       0x20 /usr/lib/gcc/i686-linux-gnu/4.6/../../../i386-linux-gnu/crti.o
 .rel.text.uip_ds6_select_src
                0x0000000000008934       0x70 /usr/lib/gcc/i686-linux-gnu/4.6/../../../i386-linux-gnu/crti.o
 .rel.text.uip_ds6_compute_reachable_time
                0x00000000000089a4       0x30 /usr/lib/gcc/i686-linux-gnu/4.6/../../../i386-linux-gnu/crti.o
 .rel.text.create_llao
                0x00000000000089d4       0x10 /usr/lib/gcc/i686-linux-gnu/4.6/../../../i386-linux-gnu/crti.o
 .rel.text.uip_nd6_ns_input
                0x00000000000089e4      0x378 /usr/lib/gcc/i686-linux-gnu/4.6/../../../i386-linux-gnu/crti.o
 .rel.text.uip_nd6_ns_output
                0x0000000000008d5c      0x1e0 /usr/lib/gcc/i686-linux-gnu/4.6/../../../i386-linux-gnu/crti.o
 .rel.text.uip_nd6_na_input
                0x0000000000008f3c      0x2d0 /usr/lib/gcc/i686-linux-gnu/4.6/../../../i386-linux-gnu/crti.o
 .rel.text.packet_timedout
                0x000000000000920c       0x10 /usr/lib/gcc/i686-linux-gnu/4.6/../../../i386-linux-gnu/crti.o
 .rel.text.uip_packetqueue_alloc
                0x000000000000921c       0x20 /usr/lib/gcc/i686-linux-gnu/4.6/../../../i386-linux-gnu/crti.o
 .rel.text.uip_packetqueue_free
                0x000000000000923c       0x18 /usr/lib/gcc/i686-linux-gnu/4.6/../../../i386-linux-gnu/crti.o
 .rel.text.uip_udp_packet_send
                0x0000000000009254       0x38 /usr/lib/gcc/i686-linux-gnu/4.6/../../../i386-linux-gnu/crti.o
 .rel.text.uip_udp_packet_sendto
                0x000000000000928c       0x10 /usr/lib/gcc/i686-linux-gnu/4.6/../../../i386-linux-gnu/crti.o
 .rel.text.uip_add32
                0x000000000000929c       0x98 /usr/lib/gcc/i686-linux-gnu/4.6/../../../i386-linux-gnu/crti.o
 .rel.text.uip_chksum
                0x0000000000009334        0x8 /usr/lib/gcc/i686-linux-gnu/4.6/../../../i386-linux-gnu/crti.o
 .rel.text.upper_layer_chksum
                0x000000000000933c       0x38 /usr/lib/gcc/i686-linux-gnu/4.6/../../../i386-linux-gnu/crti.o
 .rel.text.uip_init
                0x0000000000009374       0xa0 /usr/lib/gcc/i686-linux-gnu/4.6/../../../i386-linux-gnu/crti.o
 .rel.text.uip_connect
                0x0000000000009414       0xc0 /usr/lib/gcc/i686-linux-gnu/4.6/../../../i386-linux-gnu/crti.o
 .rel.text.remove_ext_hdr
                0x00000000000094d4       0x98 /usr/lib/gcc/i686-linux-gnu/4.6/../../../i386-linux-gnu/crti.o
 .rel.text.uip_udp_new
                0x000000000000956c       0xb8 /usr/lib/gcc/i686-linux-gnu/4.6/../../../i386-linux-gnu/crti.o
 .rel.text.uip_unlisten
                0x0000000000009624       0x40 /usr/lib/gcc/i686-linux-gnu/4.6/../../../i386-linux-gnu/crti.o
 .rel.text.uip_listen
                0x0000000000009664       0x40 /usr/lib/gcc/i686-linux-gnu/4.6/../../../i386-linux-gnu/crti.o
 .rel.text.uip_add_rcv_nxt
                0x00000000000096a4       0x50 /usr/lib/gcc/i686-linux-gnu/4.6/../../../i386-linux-gnu/crti.o
 .rel.text.ext_hdr_options_process
                0x00000000000096f4      0x108 /usr/lib/gcc/i686-linux-gnu/4.6/../../../i386-linux-gnu/crti.o
 .rel.text.uip_process
                0x00000000000097fc     0x1188 /usr/lib/gcc/i686-linux-gnu/4.6/../../../i386-linux-gnu/crti.o
 .rel.text.uip_send
                0x000000000000a984       0x38 /usr/lib/gcc/i686-linux-gnu/4.6/../../../i386-linux-gnu/crti.o
 .rel.text.doActionsBeforeTick
                0x000000000000a9bc       0x10 /usr/lib/gcc/i686-linux-gnu/4.6/../../../i386-linux-gnu/crti.o
 .rel.text.doActionsAfterTick
                0x000000000000a9cc       0x10 /usr/lib/gcc/i686-linux-gnu/4.6/../../../i386-linux-gnu/crti.o
 .rel.text.cooja_mt_init
                0x000000000000a9dc        0x8 /usr/lib/gcc/i686-linux-gnu/4.6/../../../i386-linux-gnu/crti.o
 .rel.text.cooja_mt_remove
                0x000000000000a9e4        0x8 /usr/lib/gcc/i686-linux-gnu/4.6/../../../i386-linux-gnu/crti.o
 .rel.text.cooja_mt_start
                0x000000000000a9ec        0x8 /usr/lib/gcc/i686-linux-gnu/4.6/../../../i386-linux-gnu/crti.o
 .rel.text.cooja_mt_exec
                0x000000000000a9f4       0x10 /usr/lib/gcc/i686-linux-gnu/4.6/../../../i386-linux-gnu/crti.o
 .rel.text.cooja_mt_exit
                0x000000000000aa04       0x18 /usr/lib/gcc/i686-linux-gnu/4.6/../../../i386-linux-gnu/crti.o
 .rel.text.cooja_mt_yield
                0x000000000000aa1c       0x18 /usr/lib/gcc/i686-linux-gnu/4.6/../../../i386-linux-gnu/crti.o
 .rel.text.cooja_sw
                0x000000000000aa34        0x8 /usr/lib/gcc/i686-linux-gnu/4.6/../../../i386-linux-gnu/crti.o
 .rel.text.cooja_mtarch_exec
                0x000000000000aa3c       0x18 /usr/lib/gcc/i686-linux-gnu/4.6/../../../i386-linux-gnu/crti.o
 .rel.text.cooja_mtarch_yield
                0x000000000000aa54        0x8 /usr/lib/gcc/i686-linux-gnu/4.6/../../../i386-linux-gnu/crti.o
 .rel.text.rtimer_arch_init
                0x000000000000aa5c       0x18 /usr/lib/gcc/i686-linux-gnu/4.6/../../../i386-linux-gnu/crti.o
 .rel.text.rtimer_arch_schedule
                0x000000000000aa74       0x10 /usr/lib/gcc/i686-linux-gnu/4.6/../../../i386-linux-gnu/crti.o
 .rel.text.rtimer_arch_next
                0x000000000000aa84        0x8 /usr/lib/gcc/i686-linux-gnu/4.6/../../../i386-linux-gnu/crti.o
 .rel.text.rtimer_arch_pending
                0x000000000000aa8c        0x8 /usr/lib/gcc/i686-linux-gnu/4.6/../../../i386-linux-gnu/crti.o
 .rel.text.rtimer_arch_check
                0x000000000000aa94       0x20 /usr/lib/gcc/i686-linux-gnu/4.6/../../../i386-linux-gnu/crti.o
 .rel.text.rtimer_arch_now
                0x000000000000aab4       0x48 /usr/lib/gcc/i686-linux-gnu/4.6/../../../i386-linux-gnu/crti.o
 .rel.text.beep_alarm
                0x000000000000aafc        0x8 /usr/lib/gcc/i686-linux-gnu/4.6/../../../i386-linux-gnu/crti.o
 .rel.text.beep_beep
                0x000000000000ab04        0x8 /usr/lib/gcc/i686-linux-gnu/4.6/../../../i386-linux-gnu/crti.o
 .rel.text.beep
                0x000000000000ab0c        0x8 /usr/lib/gcc/i686-linux-gnu/4.6/../../../i386-linux-gnu/crti.o
 .rel.text.beep_down
                0x000000000000ab14        0x8 /usr/lib/gcc/i686-linux-gnu/4.6/../../../i386-linux-gnu/crti.o
 .rel.text.beep_on
                0x000000000000ab1c        0x8 /usr/lib/gcc/i686-linux-gnu/4.6/../../../i386-linux-gnu/crti.o
 .rel.text.beep_off
                0x000000000000ab24        0x8 /usr/lib/gcc/i686-linux-gnu/4.6/../../../i386-linux-gnu/crti.o
 .rel.text.beep_spinup
                0x000000000000ab2c        0x8 /usr/lib/gcc/i686-linux-gnu/4.6/../../../i386-linux-gnu/crti.o
 .rel.text.beep_quick
                0x000000000000ab34        0x8 /usr/lib/gcc/i686-linux-gnu/4.6/../../../i386-linux-gnu/crti.o
 .rel.text.beep_long
                0x000000000000ab3c        0x8 /usr/lib/gcc/i686-linux-gnu/4.6/../../../i386-linux-gnu/crti.o
 .rel.text.value
                0x000000000000ab44       0x28 /usr/lib/gcc/i686-linux-gnu/4.6/../../../i386-linux-gnu/crti.o
 .rel.text.configure
                0x000000000000ab6c       0x40 /usr/lib/gcc/i686-linux-gnu/4.6/../../../i386-linux-gnu/crti.o
 .rel.text.status
                0x000000000000abac       0x18 /usr/lib/gcc/i686-linux-gnu/4.6/../../../i386-linux-gnu/crti.o
 .rel.text.doInterfaceActionsBeforeTick
                0x000000000000abc4      0x188 /usr/lib/gcc/i686-linux-gnu/4.6/../../../i386-linux-gnu/crti.o
 .rel.text.leds_arch_init
                0x000000000000ad4c        0x8 /usr/lib/gcc/i686-linux-gnu/4.6/../../../i386-linux-gnu/crti.o
 .rel.text.leds_arch_get
                0x000000000000ad54        0x8 /usr/lib/gcc/i686-linux-gnu/4.6/../../../i386-linux-gnu/crti.o
 .rel.text.leds_arch_set
                0x000000000000ad5c       0x10 /usr/lib/gcc/i686-linux-gnu/4.6/../../../i386-linux-gnu/crti.o
 .rel.text.rs232_set_input
                0x000000000000ad6c        0x8 /usr/lib/gcc/i686-linux-gnu/4.6/../../../i386-linux-gnu/crti.o
 .rel.text.rs232_send
                0x000000000000ad74       0x10 /usr/lib/gcc/i686-linux-gnu/4.6/../../../i386-linux-gnu/crti.o
 .rel.text.rs232_print
                0x000000000000ad84       0x10 /usr/lib/gcc/i686-linux-gnu/4.6/../../../i386-linux-gnu/crti.o
 .rel.text.slip_arch_writeb
                0x000000000000ad94        0x8 /usr/lib/gcc/i686-linux-gnu/4.6/../../../i386-linux-gnu/crti.o
 .rel.text.clock_time
                0x000000000000ad9c        0x8 /usr/lib/gcc/i686-linux-gnu/4.6/../../../i386-linux-gnu/crti.o
 .rel.text.clock_seconds
                0x000000000000ada4        0x8 /usr/lib/gcc/i686-linux-gnu/4.6/../../../i386-linux-gnu/crti.o
 .rel.text.simlog_char
                0x000000000000adac       0x30 /usr/lib/gcc/i686-linux-gnu/4.6/../../../i386-linux-gnu/crti.o
 .rel.text.simlog
                0x000000000000addc       0x38 /usr/lib/gcc/i686-linux-gnu/4.6/../../../i386-linux-gnu/crti.o
 .rel.text.log_message
                0x000000000000ae14       0x10 /usr/lib/gcc/i686-linux-gnu/4.6/../../../i386-linux-gnu/crti.o
 .rel.text.log_set_putchar_with_slip
                0x000000000000ae24        0x8 /usr/lib/gcc/i686-linux-gnu/4.6/../../../i386-linux-gnu/crti.o
 .rel.text.putchar
                0x000000000000ae2c       0x50 /usr/lib/gcc/i686-linux-gnu/4.6/../../../i386-linux-gnu/crti.o
 .rel.text.puts
                0x000000000000ae7c       0x10 /usr/lib/gcc/i686-linux-gnu/4.6/../../../i386-linux-gnu/crti.o
 .rel.text.printf
                0x000000000000ae8c       0x20 /usr/lib/gcc/i686-linux-gnu/4.6/../../../i386-linux-gnu/crti.o
 .rel.text.cfs_open
                0x000000000000aeac       0x30 /usr/lib/gcc/i686-linux-gnu/4.6/../../../i386-linux-gnu/crti.o
 .rel.text.cfs_close
                0x000000000000aedc        0x8 /usr/lib/gcc/i686-linux-gnu/4.6/../../../i386-linux-gnu/crti.o
 .rel.text.cfs_read
                0x000000000000aee4       0x70 /usr/lib/gcc/i686-linux-gnu/4.6/../../../i386-linux-gnu/crti.o
 .rel.text.cfs_write
                0x000000000000af54       0x90 /usr/lib/gcc/i686-linux-gnu/4.6/../../../i386-linux-gnu/crti.o
 .rel.text.cfs_seek
                0x000000000000afe4       0x68 /usr/lib/gcc/i686-linux-gnu/4.6/../../../i386-linux-gnu/crti.o
 .rel.text.cfs_remove
                0x000000000000b04c        0x8 /usr/lib/gcc/i686-linux-gnu/4.6/../../../i386-linux-gnu/crti.o
 .rel.text.radio_set_channel
                0x000000000000b054        0x8 /usr/lib/gcc/i686-linux-gnu/4.6/../../../i386-linux-gnu/crti.o
 .rel.text.radio_set_txpower
                0x000000000000b05c        0x8 /usr/lib/gcc/i686-linux-gnu/4.6/../../../i386-linux-gnu/crti.o
 .rel.text.radio_signal_strength_last
                0x000000000000b064        0x8 /usr/lib/gcc/i686-linux-gnu/4.6/../../../i386-linux-gnu/crti.o
 .rel.text.radio_signal_strength_current
                0x000000000000b06c        0x8 /usr/lib/gcc/i686-linux-gnu/4.6/../../../i386-linux-gnu/crti.o
 .rel.text.radio_on
                0x000000000000b074        0x8 /usr/lib/gcc/i686-linux-gnu/4.6/../../../i386-linux-gnu/crti.o
 .rel.text.radio_off
                0x000000000000b07c        0x8 /usr/lib/gcc/i686-linux-gnu/4.6/../../../i386-linux-gnu/crti.o
 .rel.text.radio_read
                0x000000000000b084       0x50 /usr/lib/gcc/i686-linux-gnu/4.6/../../../i386-linux-gnu/crti.o
 .rel.text.channel_clear
                0x000000000000b0d4        0x8 /usr/lib/gcc/i686-linux-gnu/4.6/../../../i386-linux-gnu/crti.o
 .rel.text.radio_send
                0x000000000000b0dc       0x70 /usr/lib/gcc/i686-linux-gnu/4.6/../../../i386-linux-gnu/crti.o
 .rel.text.prepare_packet
                0x000000000000b14c        0x8 /usr/lib/gcc/i686-linux-gnu/4.6/../../../i386-linux-gnu/crti.o
 .rel.text.transmit_packet
                0x000000000000b154       0x10 /usr/lib/gcc/i686-linux-gnu/4.6/../../../i386-linux-gnu/crti.o
 .rel.text.receiving_packet
                0x000000000000b164        0x8 /usr/lib/gcc/i686-linux-gnu/4.6/../../../i386-linux-gnu/crti.o
 .rel.text.pending_packet
                0x000000000000b16c       0x10 /usr/lib/gcc/i686-linux-gnu/4.6/../../../i386-linux-gnu/crti.o
 .rel.text.process_thread_cooja_radio_process
                0x000000000000b17c       0x20 /usr/lib/gcc/i686-linux-gnu/4.6/../../../i386-linux-gnu/crti.o
 .rel.text.get_sensor_index
                0x000000000000b19c       0x10 /usr/lib/gcc/i686-linux-gnu/4.6/../../../i386-linux-gnu/crti.o
 .rel.text.sensors_first
                0x000000000000b1ac        0x8 /usr/lib/gcc/i686-linux-gnu/4.6/../../../i386-linux-gnu/crti.o
 .rel.text.sensors_next
                0x000000000000b1b4        0x8 /usr/lib/gcc/i686-linux-gnu/4.6/../../../i386-linux-gnu/crti.o
 .rel.text.sensors_changed
                0x000000000000b1bc       0x20 /usr/lib/gcc/i686-linux-gnu/4.6/../../../i386-linux-gnu/crti.o
 .rel.text.sensors_find
                0x000000000000b1dc       0x20 /usr/lib/gcc/i686-linux-gnu/4.6/../../../i386-linux-gnu/crti.o
 .rel.text.process_thread_sensors_process
                0x000000000000b1fc      0x108 /usr/lib/gcc/i686-linux-gnu/4.6/../../../i386-linux-gnu/crti.o
 .rel.text.frame802154_parse
                0x000000000000b304       0x40 /usr/lib/gcc/i686-linux-gnu/4.6/../../../i386-linux-gnu/crti.o
 .rel.text.rpl_purge_routes
                0x000000000000b344       0x50 /usr/lib/gcc/i686-linux-gnu/4.6/../../../i386-linux-gnu/crti.o
 .rel.text.rpl_remove_routes
                0x000000000000b394       0x20 /usr/lib/gcc/i686-linux-gnu/4.6/../../../i386-linux-gnu/crti.o
 .rel.text.rpl_remove_routes_by_nexthop
                0x000000000000b3b4       0x30 /usr/lib/gcc/i686-linux-gnu/4.6/../../../i386-linux-gnu/crti.o
 .rel.text.rpl_add_route
                0x000000000000b3e4        0x8 /usr/lib/gcc/i686-linux-gnu/4.6/../../../i386-linux-gnu/crti.o
 .rel.text.rpl_link_neighbor_callback
                0x000000000000b3ec       0x20 /usr/lib/gcc/i686-linux-gnu/4.6/../../../i386-linux-gnu/crti.o
 .rel.text.rpl_ipv6_neighbor_callback
                0x000000000000b40c       0x10 /usr/lib/gcc/i686-linux-gnu/4.6/../../../i386-linux-gnu/crti.o
 .rel.text.rpl_init
                0x000000000000b41c       0x28 /usr/lib/gcc/i686-linux-gnu/4.6/../../../i386-linux-gnu/crti.o
 .rel.text.rpl_dag_init
                0x000000000000b444       0x18 /usr/lib/gcc/i686-linux-gnu/4.6/../../../i386-linux-gnu/crti.o
 .rel.text.rpl_get_parent_rank
                0x000000000000b45c       0x10 /usr/lib/gcc/i686-linux-gnu/4.6/../../../i386-linux-gnu/crti.o
 .rel.text.rpl_get_parent_link_metric
                0x000000000000b46c       0x10 /usr/lib/gcc/i686-linux-gnu/4.6/../../../i386-linux-gnu/crti.o
 .rel.text.rpl_get_parent_ipaddr
                0x000000000000b47c       0x18 /usr/lib/gcc/i686-linux-gnu/4.6/../../../i386-linux-gnu/crti.o
 .rel.text.rpl_set_preferred_parent
                0x000000000000b494       0x20 /usr/lib/gcc/i686-linux-gnu/4.6/../../../i386-linux-gnu/crti.o
 .rel.text.remove_parents
                0x000000000000b4b4       0x28 /usr/lib/gcc/i686-linux-gnu/4.6/../../../i386-linux-gnu/crti.o
 .rel.text.nullify_parents
                0x000000000000b4dc       0x28 /usr/lib/gcc/i686-linux-gnu/4.6/../../../i386-linux-gnu/crti.o
 .rel.text.get_dag
                0x000000000000b504       0x10 /usr/lib/gcc/i686-linux-gnu/4.6/../../../i386-linux-gnu/crti.o
 .rel.text.rpl_set_root
                0x000000000000b514       0x30 /usr/lib/gcc/i686-linux-gnu/4.6/../../../i386-linux-gnu/crti.o
 .rel.text.rpl_repair_root
                0x000000000000b544       0x10 /usr/lib/gcc/i686-linux-gnu/4.6/../../../i386-linux-gnu/crti.o
 .rel.text.set_ip_from_prefix
                0x000000000000b554       0x18 /usr/lib/gcc/i686-linux-gnu/4.6/../../../i386-linux-gnu/crti.o
 .rel.text.check_prefix
                0x000000000000b56c       0x30 /usr/lib/gcc/i686-linux-gnu/4.6/../../../i386-linux-gnu/crti.o
 .rel.text.rpl_set_prefix
                0x000000000000b59c       0x10 /usr/lib/gcc/i686-linux-gnu/4.6/../../../i386-linux-gnu/crti.o
 .rel.text.rpl_set_default_route
                0x000000000000b5ac       0x18 /usr/lib/gcc/i686-linux-gnu/4.6/../../../i386-linux-gnu/crti.o
 .rel.text.rpl_alloc_instance
                0x000000000000b5c4        0x8 /usr/lib/gcc/i686-linux-gnu/4.6/../../../i386-linux-gnu/crti.o
 .rel.text.rpl_alloc_dag
                0x000000000000b5cc       0x18 /usr/lib/gcc/i686-linux-gnu/4.6/../../../i386-linux-gnu/crti.o
 .rel.text.rpl_set_default_instance
                0x000000000000b5e4        0x8 /usr/lib/gcc/i686-linux-gnu/4.6/../../../i386-linux-gnu/crti.o
 .rel.text.rpl_free_instance
                0x000000000000b5ec       0x30 /usr/lib/gcc/i686-linux-gnu/4.6/../../../i386-linux-gnu/crti.o
 .rel.text.rpl_free_dag
                0x000000000000b61c        0x8 /usr/lib/gcc/i686-linux-gnu/4.6/../../../i386-linux-gnu/crti.o
 .rel.text.rpl_add_parent
                0x000000000000b624       0x18 /usr/lib/gcc/i686-linux-gnu/4.6/../../../i386-linux-gnu/crti.o
 .rel.text.find_parent_any_dag_any_instance
                0x000000000000b63c       0x20 /usr/lib/gcc/i686-linux-gnu/4.6/../../../i386-linux-gnu/crti.o
 .rel.text.rpl_select_dag
                0x000000000000b65c       0x40 /usr/lib/gcc/i686-linux-gnu/4.6/../../../i386-linux-gnu/crti.o
 .rel.text.rpl_select_parent
                0x000000000000b69c       0x20 /usr/lib/gcc/i686-linux-gnu/4.6/../../../i386-linux-gnu/crti.o
 .rel.text.rpl_remove_parent
                0x000000000000b6bc       0x18 /usr/lib/gcc/i686-linux-gnu/4.6/../../../i386-linux-gnu/crti.o
 .rel.text.rpl_nullify_parent
                0x000000000000b6d4       0x10 /usr/lib/gcc/i686-linux-gnu/4.6/../../../i386-linux-gnu/crti.o
 .rel.text.rpl_move_parent
                0x000000000000b6e4       0x28 /usr/lib/gcc/i686-linux-gnu/4.6/../../../i386-linux-gnu/crti.o
 .rel.text.rpl_get_any_dag
                0x000000000000b70c       0x18 /usr/lib/gcc/i686-linux-gnu/4.6/../../../i386-linux-gnu/crti.o
 .rel.text.rpl_get_instance
                0x000000000000b724       0x18 /usr/lib/gcc/i686-linux-gnu/4.6/../../../i386-linux-gnu/crti.o
 .rel.text.rpl_find_of
                0x000000000000b73c       0x10 /usr/lib/gcc/i686-linux-gnu/4.6/../../../i386-linux-gnu/crti.o
 .rel.text.rpl_join_instance
                0x000000000000b74c       0x48 /usr/lib/gcc/i686-linux-gnu/4.6/../../../i386-linux-gnu/crti.o
 .rel.text.rpl_add_dag
                0x000000000000b794       0x38 /usr/lib/gcc/i686-linux-gnu/4.6/../../../i386-linux-gnu/crti.o
 .rel.text.global_repair
                0x000000000000b7cc       0x10 /usr/lib/gcc/i686-linux-gnu/4.6/../../../i386-linux-gnu/crti.o
 .rel.text.rpl_local_repair
                0x000000000000b7dc        0x8 /usr/lib/gcc/i686-linux-gnu/4.6/../../../i386-linux-gnu/crti.o
 .rel.text.rpl_recalculate_ranks
                0x000000000000b7e4       0x28 /usr/lib/gcc/i686-linux-gnu/4.6/../../../i386-linux-gnu/crti.o
 .rel.text.rpl_process_parent_event
                0x000000000000b80c       0x18 /usr/lib/gcc/i686-linux-gnu/4.6/../../../i386-linux-gnu/crti.o
 .rel.text.rpl_process_dio
                0x000000000000b824       0x78 /usr/lib/gcc/i686-linux-gnu/4.6/../../../i386-linux-gnu/crti.o
 .rel.text.get_global_addr
                0x000000000000b89c       0x28 /usr/lib/gcc/i686-linux-gnu/4.6/../../../i386-linux-gnu/crti.o
 .rel.text.dis_input
                0x000000000000b8c4       0x28 /usr/lib/gcc/i686-linux-gnu/4.6/../../../i386-linux-gnu/crti.o
 .rel.text.dis_output
                0x000000000000b8ec       0x20 /usr/lib/gcc/i686-linux-gnu/4.6/../../../i386-linux-gnu/crti.o
 .rel.text.dio_input
                0x000000000000b90c       0x60 /usr/lib/gcc/i686-linux-gnu/4.6/../../../i386-linux-gnu/crti.o
 .rel.text.dio_output
                0x000000000000b96c       0x28 /usr/lib/gcc/i686-linux-gnu/4.6/../../../i386-linux-gnu/crti.o
 .rel.text.dao_input
                0x000000000000b994       0x98 /usr/lib/gcc/i686-linux-gnu/4.6/../../../i386-linux-gnu/crti.o
 .rel.text.dao_output
                0x000000000000ba2c       0x10 /usr/lib/gcc/i686-linux-gnu/4.6/../../../i386-linux-gnu/crti.o
 .rel.text.dao_output_target
                0x000000000000ba3c       0x60 /usr/lib/gcc/i686-linux-gnu/4.6/../../../i386-linux-gnu/crti.o
 .rel.text.dao_ack_output
                0x000000000000ba9c       0x18 /usr/lib/gcc/i686-linux-gnu/4.6/../../../i386-linux-gnu/crti.o
 .rel.text.uip_rpl_input
                0x000000000000bab4       0x18 /usr/lib/gcc/i686-linux-gnu/4.6/../../../i386-linux-gnu/crti.o
 .rel.text.handle_periodic_timer
                0x000000000000bacc       0x50 /usr/lib/gcc/i686-linux-gnu/4.6/../../../i386-linux-gnu/crti.o
 .rel.text.new_dio_interval
                0x000000000000bb1c       0x18 /usr/lib/gcc/i686-linux-gnu/4.6/../../../i386-linux-gnu/crti.o
 .rel.text.handle_dio_timer
                0x000000000000bb34       0x40 /usr/lib/gcc/i686-linux-gnu/4.6/../../../i386-linux-gnu/crti.o
 .rel.text.rpl_reset_periodic_timer
                0x000000000000bb74       0x28 /usr/lib/gcc/i686-linux-gnu/4.6/../../../i386-linux-gnu/crti.o
 .rel.text.handle_dao_timer
                0x000000000000bb9c       0x30 /usr/lib/gcc/i686-linux-gnu/4.6/../../../i386-linux-gnu/crti.o
 .rel.text.rpl_schedule_dao
                0x000000000000bbcc       0x28 /usr/lib/gcc/i686-linux-gnu/4.6/../../../i386-linux-gnu/crti.o
 .rel.text.rpl_verify_header
                0x000000000000bbf4       0xd0 /usr/lib/gcc/i686-linux-gnu/4.6/../../../i386-linux-gnu/crti.o
 .rel.text.set_rpl_opt
                0x000000000000bcc4      0x108 /usr/lib/gcc/i686-linux-gnu/4.6/../../../i386-linux-gnu/crti.o
 .rel.text.rpl_update_header_empty
                0x000000000000bdcc      0x120 /usr/lib/gcc/i686-linux-gnu/4.6/../../../i386-linux-gnu/crti.o
 .rel.text.rpl_update_header_final
                0x000000000000beec       0xc0 /usr/lib/gcc/i686-linux-gnu/4.6/../../../i386-linux-gnu/crti.o
 .rel.text.rpl_remove_header
                0x000000000000bfac       0xb0 /usr/lib/gcc/i686-linux-gnu/4.6/../../../i386-linux-gnu/crti.o
 .rel.text.rpl_invert_header
                0x000000000000c05c       0xa8 /usr/lib/gcc/i686-linux-gnu/4.6/../../../i386-linux-gnu/crti.o
 .rel.text.rpl_insert_header
                0x000000000000c104       0x20 /usr/lib/gcc/i686-linux-gnu/4.6/../../../i386-linux-gnu/crti.o
 .rel.text.timer_set
                0x000000000000c124        0x8 /usr/lib/gcc/i686-linux-gnu/4.6/../../../i386-linux-gnu/crti.o
 .rel.text.timer_restart
                0x000000000000c12c        0x8 /usr/lib/gcc/i686-linux-gnu/4.6/../../../i386-linux-gnu/crti.o
 .rel.text.timer_expired
                0x000000000000c134        0x8 /usr/lib/gcc/i686-linux-gnu/4.6/../../../i386-linux-gnu/crti.o
 .rel.text.timer_remaining
                0x000000000000c13c        0x8 /usr/lib/gcc/i686-linux-gnu/4.6/../../../i386-linux-gnu/crti.o
 .rel.text.rtimer_init
                0x000000000000c144        0x8 /usr/lib/gcc/i686-linux-gnu/4.6/../../../i386-linux-gnu/crti.o
 .rel.text.rtimer_set
                0x000000000000c14c       0x18 /usr/lib/gcc/i686-linux-gnu/4.6/../../../i386-linux-gnu/crti.o
 .rel.text.rtimer_run_next
                0x000000000000c164       0x30 /usr/lib/gcc/i686-linux-gnu/4.6/../../../i386-linux-gnu/crti.o
 .rel.text.stimer_set
                0x000000000000c194        0x8 /usr/lib/gcc/i686-linux-gnu/4.6/../../../i386-linux-gnu/crti.o
 .rel.text.stimer_restart
                0x000000000000c19c        0x8 /usr/lib/gcc/i686-linux-gnu/4.6/../../../i386-linux-gnu/crti.o
 .rel.text.stimer_expired
                0x000000000000c1a4        0x8 /usr/lib/gcc/i686-linux-gnu/4.6/../../../i386-linux-gnu/crti.o
 .rel.text.stimer_remaining
                0x000000000000c1ac        0x8 /usr/lib/gcc/i686-linux-gnu/4.6/../../../i386-linux-gnu/crti.o
 .rel.text.stimer_elapsed
                0x000000000000c1b4        0x8 /usr/lib/gcc/i686-linux-gnu/4.6/../../../i386-linux-gnu/crti.o
 .rel.text.key_from_index
                0x000000000000c1bc        0x8 /usr/lib/gcc/i686-linux-gnu/4.6/../../../i386-linux-gnu/crti.o
 .rel.text.index_from_key
                0x000000000000c1c4        0x8 /usr/lib/gcc/i686-linux-gnu/4.6/../../../i386-linux-gnu/crti.o
 .rel.text.index_from_lladdr
                0x000000000000c1cc       0x28 /usr/lib/gcc/i686-linux-gnu/4.6/../../../i386-linux-gnu/crti.o
 .rel.text.nbr_table_allocate
                0x000000000000c1f4       0x80 /usr/lib/gcc/i686-linux-gnu/4.6/../../../i386-linux-gnu/crti.o
 .rel.text.nbr_table_register
                0x000000000000c274       0x20 /usr/lib/gcc/i686-linux-gnu/4.6/../../../i386-linux-gnu/crti.o
 .rel.text.nbr_table_head
                0x000000000000c294       0x20 /usr/lib/gcc/i686-linux-gnu/4.6/../../../i386-linux-gnu/crti.o
 .rel.text.nbr_table_next
                0x000000000000c2b4       0x10 /usr/lib/gcc/i686-linux-gnu/4.6/../../../i386-linux-gnu/crti.o
 .rel.text.nbr_table_add_lladdr
                0x000000000000c2c4       0x30 /usr/lib/gcc/i686-linux-gnu/4.6/../../../i386-linux-gnu/crti.o
 .rel.text.nbr_table_get_from_lladdr
                0x000000000000c2f4        0x8 /usr/lib/gcc/i686-linux-gnu/4.6/../../../i386-linux-gnu/crti.o
 .rel.text.nbr_table_remove
                0x000000000000c2fc       0x10 /usr/lib/gcc/i686-linux-gnu/4.6/../../../i386-linux-gnu/crti.o
 .rel.text.nbr_table_lock
                0x000000000000c30c        0x8 /usr/lib/gcc/i686-linux-gnu/4.6/../../../i386-linux-gnu/crti.o
 .rel.text.nbr_table_unlock
                0x000000000000c314        0x8 /usr/lib/gcc/i686-linux-gnu/4.6/../../../i386-linux-gnu/crti.o
 .rel.text.uip_icmp6_echo_request_input
                0x000000000000c31c      0x1f0 /usr/lib/gcc/i686-linux-gnu/4.6/../../../i386-linux-gnu/crti.o
 .rel.text.uip_icmp6_error_output
                0x000000000000c50c      0x238 /usr/lib/gcc/i686-linux-gnu/4.6/../../../i386-linux-gnu/crti.o
 .rel.text.uip_icmp6_send
                0x000000000000c744       0xb8 /usr/lib/gcc/i686-linux-gnu/4.6/../../../i386-linux-gnu/crti.o
 *(.rel.fini)
 *(.rel.rodata .rel.rodata.* .rel.gnu.linkonce.r.*)
 .rel.rodata    0x000000000000c7fc      0x610 /usr/lib/gcc/i686-linux-gnu/4.6/../../../i386-linux-gnu/crti.o
 *(.rel.data.rel.ro* .rel.gnu.linkonce.d.rel.ro.*)
 *(.rel.data .rel.data.* .rel.gnu.linkonce.d.*)
 .rel.data.rel  0x000000000000ce0c        0x8 /usr/lib/gcc/i686-linux-gnu/4.6/../../../i386-linux-gnu/crti.o
 .rel.data      0x000000000000ce14      0x220 /usr/lib/gcc/i686-linux-gnu/4.6/../../../i386-linux-gnu/crti.o
 *(.rel.tdata .rel.tdata.* .rel.gnu.linkonce.td.*)
 *(.rel.tbss .rel.tbss.* .rel.gnu.linkonce.tb.*)
 *(.rel.ctors)
 *(.rel.dtors)
 *(.rel.got)
 .rel.got       0x000000000000d034       0x18 /usr/lib/gcc/i686-linux-gnu/4.6/../../../i386-linux-gnu/crti.o
 *(.rel.bss .rel.bss.* .rel.gnu.linkonce.b.*)
 *(.rel.ifunc)
 .rel.ifunc     0x0000000000000000        0x0 /usr/lib/gcc/i686-linux-gnu/4.6/../../../i386-linux-gnu/crti.o

.rel.plt        0x000000000000d04c       0x10
 *(.rel.plt)
 .rel.plt       0x000000000000d04c       0x10 /usr/lib/gcc/i686-linux-gnu/4.6/../../../i386-linux-gnu/crti.o
 *(.rel.iplt)

.init           0x000000000000d05c       0x2e
 *(.init)
 .init          0x000000000000d05c       0x1f /usr/lib/gcc/i686-linux-gnu/4.6/../../../i386-linux-gnu/crti.o
                0x000000000000d05c                _init
 .init          0x000000000000d07b        0x5 /usr/lib/gcc/i686-linux-gnu/4.6/crtbeginS.o
 .init          0x000000000000d080        0x5 /usr/lib/gcc/i686-linux-gnu/4.6/crtendS.o
 .init          0x000000000000d085        0x5 /usr/lib/gcc/i686-linux-gnu/4.6/../../../i386-linux-gnu/crtn.o

.plt            0x000000000000d090       0x30
 *(.plt)
 .plt           0x000000000000d090       0x30 /usr/lib/gcc/i686-linux-gnu/4.6/../../../i386-linux-gnu/crti.o
 *(.iplt)

.text           0x000000000000d0c0    0x13458
 *(.text.unlikely .text.*_unlikely)
 *(.text.exit .text.exit.*)
 *(.text.startup .text.startup.*)
 *(.text.hot .text.hot.*)
 *(.text .stub .text.* .gnu.linkonce.t.*)
 .text          0x000000000000d0c0        0x0 /usr/lib/gcc/i686-linux-gnu/4.6/../../../i386-linux-gnu/crti.o
 .text          0x000000000000d0c0       0xb7 /usr/lib/gcc/i686-linux-gnu/4.6/crtbeginS.o
 .text.__i686.get_pc_thunk.bx
                0x000000000000d177        0x4 /usr/lib/gcc/i686-linux-gnu/4.6/crtbeginS.o
                0x000000000000d177                __i686.get_pc_thunk.bx
 *fill*         0x000000000000d17b        0x1 90909090
 .text          0x000000000000d17c        0x0 room-controller.co
 .text.receiver
                0x000000000000d17c       0x59 room-controller.co
 .text.process_thread_broadcast_process
                0x000000000000d1d5      0x9b2 room-controller.co
 *fill*         0x000000000000db87        0x1 90909090
 .text          0x000000000000db88        0x0 obj_cooja/mtype945.o
 .text.print_processes
                0x000000000000db88       0x49 obj_cooja/mtype945.o
 .text.rtimer_thread_loop
                0x000000000000dbd1       0x12 obj_cooja/mtype945.o
 .text.set_rime_addr
                0x000000000000dbe3       0xd1 obj_cooja/mtype945.o
 .text.contiki_init
                0x000000000000dcb4      0x3b0 obj_cooja/mtype945.o
                0x000000000000dcb4                contiki_init
 .text.process_run_thread_loop
                0x000000000000e064       0x6e obj_cooja/mtype945.o
 .text.Java_se_sics_cooja_corecomm_Lib2_init
                0x000000000000e0d2       0x40 obj_cooja/mtype945.o
                0x000000000000e0d2                Java_se_sics_cooja_corecomm_Lib2_init
 .text.Java_se_sics_cooja_corecomm_Lib2_getMemory
                0x000000000000e112       0x3d obj_cooja/mtype945.o
                0x000000000000e112                Java_se_sics_cooja_corecomm_Lib2_getMemory
 .text.Java_se_sics_cooja_corecomm_Lib2_setMemory
                0x000000000000e14f       0x74 obj_cooja/mtype945.o
                0x000000000000e14f                Java_se_sics_cooja_corecomm_Lib2_setMemory
 .text.Java_se_sics_cooja_corecomm_Lib2_tick
                0x000000000000e1c3       0xe1 obj_cooja/mtype945.o
                0x000000000000e1c3                Java_se_sics_cooja_corecomm_Lib2_tick
 .text.Java_se_sics_cooja_corecomm_Lib2_setReferenceAddress
                0x000000000000e2a4       0x12 obj_cooja/mtype945.o
                0x000000000000e2a4                Java_se_sics_cooja_corecomm_Lib2_setReferenceAddress
 *fill*         0x000000000000e2b6        0x2 90909090
 .text          0x000000000000e2b8        0x0 obj_cooja/mtype945.a(rimeaddr.o)
 .text.rimeaddr_copy
                0x000000000000e2b8       0x15 obj_cooja/mtype945.a(rimeaddr.o)
                0x000000000000e2b8                rimeaddr_copy
 .text.rimeaddr_cmp
                0x000000000000e2cd       0x2a obj_cooja/mtype945.a(rimeaddr.o)
                0x000000000000e2cd                rimeaddr_cmp
 .text.rimeaddr_set_node_addr
                0x000000000000e2f7       0x1b obj_cooja/mtype945.a(rimeaddr.o)
                0x000000000000e2f7                rimeaddr_set_node_addr
 *fill*         0x000000000000e312        0x2 90909090
 .text          0x000000000000e314        0x0 obj_cooja/mtype945.a(nullrdc.o)
 .text.packetbuf_set_attr
                0x000000000000e314       0x2a obj_cooja/mtype945.a(nullrdc.o)
 .text.packetbuf_attr
                0x000000000000e33e       0x1a obj_cooja/mtype945.a(nullrdc.o)
 .text.packetbuf_set_addr
                0x000000000000e358       0x32 obj_cooja/mtype945.a(nullrdc.o)
 .text.packetbuf_addr
                0x000000000000e38a       0x1d obj_cooja/mtype945.a(nullrdc.o)
 .text.send_one_packet
                0x000000000000e3a7      0x1f9 obj_cooja/mtype945.a(nullrdc.o)
 .text.send_packet
                0x000000000000e5a0       0x1a obj_cooja/mtype945.a(nullrdc.o)
 .text.send_list
                0x000000000000e5ba       0x4a obj_cooja/mtype945.a(nullrdc.o)
 .text.packet_input
                0x000000000000e604      0x212 obj_cooja/mtype945.a(nullrdc.o)
 .text.on       0x000000000000e816        0xf obj_cooja/mtype945.a(nullrdc.o)
 .text.off      0x000000000000e825       0x1e obj_cooja/mtype945.a(nullrdc.o)
 .text.channel_check_interval
                0x000000000000e843        0xa obj_cooja/mtype945.a(nullrdc.o)
 .text.init     0x000000000000e84d        0xd obj_cooja/mtype945.a(nullrdc.o)
 *fill*         0x000000000000e85a        0x2 90909090
 .text          0x000000000000e85c        0x0 obj_cooja/mtype945.a(mac.o)
 .text.mac_call_sent_callback
                0x000000000000e85c       0x3c obj_cooja/mtype945.a(mac.o)
                0x000000000000e85c                mac_call_sent_callback
 .text          0x000000000000e898        0x0 obj_cooja/mtype945.a(framer-802154.o)
 .text.packetbuf_set_attr
                0x000000000000e898       0x2a obj_cooja/mtype945.a(framer-802154.o)
 .text.packetbuf_attr
                0x000000000000e8c2       0x1a obj_cooja/mtype945.a(framer-802154.o)
 .text.packetbuf_set_addr
                0x000000000000e8dc       0x32 obj_cooja/mtype945.a(framer-802154.o)
 .text.packetbuf_addr
                0x000000000000e90e       0x1d obj_cooja/mtype945.a(framer-802154.o)
 .text.is_broadcast_addr
                0x000000000000e92b       0x4d obj_cooja/mtype945.a(framer-802154.o)
 .text.create   0x000000000000e978      0x1cd obj_cooja/mtype945.a(framer-802154.o)
 .text.parse    0x000000000000eb45      0x12c obj_cooja/mtype945.a(framer-802154.o)
 *fill*         0x000000000000ec71        0x3 90909090
 .text          0x000000000000ec74        0x0 obj_cooja/mtype945.a(csma.o)
 .text.packetbuf_set_attr
                0x000000000000ec74       0x2a obj_cooja/mtype945.a(csma.o)
 .text.packetbuf_attr
                0x000000000000ec9e       0x1a obj_cooja/mtype945.a(csma.o)
 .text.packetbuf_addr
                0x000000000000ecb8       0x1d obj_cooja/mtype945.a(csma.o)
 .text.neighbor_queue_from_addr
                0x000000000000ecd5       0x51 obj_cooja/mtype945.a(csma.o)
 .text.default_timebase
                0x000000000000ed26       0x25 obj_cooja/mtype945.a(csma.o)
 .text.transmit_packet_list
                0x000000000000ed4b       0x48 obj_cooja/mtype945.a(csma.o)
 .text.free_packet
                0x000000000000ed93       0xe2 obj_cooja/mtype945.a(csma.o)
 .text.packet_sent
                0x000000000000ee75      0x215 obj_cooja/mtype945.a(csma.o)
 .text.send_packet
                0x000000000000f08a      0x28b obj_cooja/mtype945.a(csma.o)
 .text.input_packet
                0x000000000000f315        0xf obj_cooja/mtype945.a(csma.o)
 .text.on       0x000000000000f324        0xf obj_cooja/mtype945.a(csma.o)
 .text.off      0x000000000000f333       0x16 obj_cooja/mtype945.a(csma.o)
 .text.channel_check_interval
                0x000000000000f349       0x1f obj_cooja/mtype945.a(csma.o)
 .text.init     0x000000000000f368       0x2c obj_cooja/mtype945.a(csma.o)
 .text          0x000000000000f394        0x0 obj_cooja/mtype945.a(process.o)
 .text.process_alloc_event
                0x000000000000f394       0x18 obj_cooja/mtype945.a(process.o)
                0x000000000000f394                process_alloc_event
 .text.process_start
                0x000000000000f3ac       0x70 obj_cooja/mtype945.a(process.o)
                0x000000000000f3ac                process_start
 .text.exit_process
                0x000000000000f41c       0xec obj_cooja/mtype945.a(process.o)
 .text.call_process
                0x000000000000f508       0x90 obj_cooja/mtype945.a(process.o)
 .text.process_exit
                0x000000000000f598       0x1c obj_cooja/mtype945.a(process.o)
                0x000000000000f598                process_exit
 .text.process_init
                0x000000000000f5b4       0x33 obj_cooja/mtype945.a(process.o)
                0x000000000000f5b4                process_init
 .text.do_poll  0x000000000000f5e7       0x5b obj_cooja/mtype945.a(process.o)
 .text.do_event
                0x000000000000f642      0x145 obj_cooja/mtype945.a(process.o)
 .text.process_run
                0x000000000000f787       0x33 obj_cooja/mtype945.a(process.o)
                0x000000000000f787                process_run
 .text.process_nevents
                0x000000000000f7ba       0x1b obj_cooja/mtype945.a(process.o)
                0x000000000000f7ba                process_nevents
 .text.process_post
                0x000000000000f7d5       0xac obj_cooja/mtype945.a(process.o)
                0x000000000000f7d5                process_post
 .text.process_post_synch
                0x000000000000f881       0x38 obj_cooja/mtype945.a(process.o)
                0x000000000000f881                process_post_synch
 .text.process_poll
                0x000000000000f8b9       0x2f obj_cooja/mtype945.a(process.o)
                0x000000000000f8b9                process_poll
 .text.process_is_running
                0x000000000000f8e8       0x14 obj_cooja/mtype945.a(process.o)
                0x000000000000f8e8                process_is_running
 .text          0x000000000000f8fc        0x0 obj_cooja/mtype945.a(autostart.o)
 .text.autostart_start
                0x000000000000f8fc       0x3f obj_cooja/mtype945.a(autostart.o)
                0x000000000000f8fc                autostart_start
 .text.autostart_exit
                0x000000000000f93b       0x37 obj_cooja/mtype945.a(autostart.o)
                0x000000000000f93b                autostart_exit
 *fill*         0x000000000000f972        0x2 90909090
 .text          0x000000000000f974        0x0 obj_cooja/mtype945.a(serial-line.o)
 .text.serial_line_input_byte
                0x000000000000f974       0x7d obj_cooja/mtype945.a(serial-line.o)
                0x000000000000f974                serial_line_input_byte
 .text.process_thread_serial_line_process
                0x000000000000f9f1      0x137 obj_cooja/mtype945.a(serial-line.o)
 .text.serial_line_init
                0x000000000000fb28       0x38 obj_cooja/mtype945.a(serial-line.o)
                0x000000000000fb28                serial_line_init
 .text          0x000000000000fb60        0x0 obj_cooja/mtype945.a(memb.o)
 .text.memb_init
                0x000000000000fb60       0x5e obj_cooja/mtype945.a(memb.o)
                0x000000000000fb60                memb_init
 .text.memb_alloc
                0x000000000000fbbe       0x65 obj_cooja/mtype945.a(memb.o)
                0x000000000000fbbe                memb_alloc
 .text.memb_free
                0x000000000000fc23       0x7b obj_cooja/mtype945.a(memb.o)
                0x000000000000fc23                memb_free
 .text.memb_inmemb
                0x000000000000fc9e       0x3f obj_cooja/mtype945.a(memb.o)
                0x000000000000fc9e                memb_inmemb
 *fill*         0x000000000000fcdd        0x3 90909090
 .text          0x000000000000fce0        0x0 obj_cooja/mtype945.a(list.o)
 .text.list_init
                0x000000000000fce0        0xe obj_cooja/mtype945.a(list.o)
                0x000000000000fce0                list_init
 .text.list_head
                0x000000000000fcee        0xa obj_cooja/mtype945.a(list.o)
                0x000000000000fcee                list_head
 .text.list_copy
                0x000000000000fcf8        0xf obj_cooja/mtype945.a(list.o)
                0x000000000000fcf8                list_copy
 .text.list_tail
                0x000000000000fd07       0x36 obj_cooja/mtype945.a(list.o)
                0x000000000000fd07                list_tail
 .text.list_add
                0x000000000000fd3d       0x49 obj_cooja/mtype945.a(list.o)
                0x000000000000fd3d                list_add
 .text.list_push
                0x000000000000fd86       0x2c obj_cooja/mtype945.a(list.o)
                0x000000000000fd86                list_push
 .text.list_chop
                0x000000000000fdb2       0x6a obj_cooja/mtype945.a(list.o)
                0x000000000000fdb2                list_chop
 .text.list_pop
                0x000000000000fe1c       0x28 obj_cooja/mtype945.a(list.o)
                0x000000000000fe1c                list_pop
 .text.list_remove
                0x000000000000fe44       0x68 obj_cooja/mtype945.a(list.o)
                0x000000000000fe44                list_remove
 .text.list_length
                0x000000000000feac       0x2e obj_cooja/mtype945.a(list.o)
                0x000000000000feac                list_length
 .text.list_insert
                0x000000000000feda       0x34 obj_cooja/mtype945.a(list.o)
                0x000000000000feda                list_insert
 .text.list_item_next
                0x000000000000ff0e       0x17 obj_cooja/mtype945.a(list.o)
                0x000000000000ff0e                list_item_next
 *fill*         0x000000000000ff25        0x3 90909090
 .text          0x000000000000ff28        0x0 obj_cooja/mtype945.a(etimer.o)
 .text.update_time
                0x000000000000ff28       0x8f obj_cooja/mtype945.a(etimer.o)
 .text.process_thread_etimer_process
                0x000000000000ffb7      0x190 obj_cooja/mtype945.a(etimer.o)
 .text.etimer_request_poll
                0x0000000000010147       0x14 obj_cooja/mtype945.a(etimer.o)
                0x0000000000010147                etimer_request_poll
 .text.add_timer
                0x000000000001015b       0x70 obj_cooja/mtype945.a(etimer.o)
 .text.etimer_set
                0x00000000000101cb       0x25 obj_cooja/mtype945.a(etimer.o)
                0x00000000000101cb                etimer_set
 .text.etimer_reset
                0x00000000000101f0       0x1e obj_cooja/mtype945.a(etimer.o)
                0x00000000000101f0                etimer_reset
 .text.etimer_restart
                0x000000000001020e       0x1e obj_cooja/mtype945.a(etimer.o)
                0x000000000001020e                etimer_restart
 .text.etimer_adjust
                0x000000000001022c       0x1c obj_cooja/mtype945.a(etimer.o)
                0x000000000001022c                etimer_adjust
 .text.etimer_expired
                0x0000000000010248       0x13 obj_cooja/mtype945.a(etimer.o)
                0x0000000000010248                etimer_expired
 .text.etimer_expiration_time
                0x000000000001025b       0x12 obj_cooja/mtype945.a(etimer.o)
                0x000000000001025b                etimer_expiration_time
 .text.etimer_start_time
                0x000000000001026d        0xa obj_cooja/mtype945.a(etimer.o)
                0x000000000001026d                etimer_start_time
 .text.etimer_pending
                0x0000000000010277       0x12 obj_cooja/mtype945.a(etimer.o)
                0x0000000000010277                etimer_pending
 .text.etimer_next_expiration_time
                0x0000000000010289       0x1a obj_cooja/mtype945.a(etimer.o)
                0x0000000000010289                etimer_next_expiration_time
 .text.etimer_stop
                0x00000000000102a3       0x75 obj_cooja/mtype945.a(etimer.o)
                0x00000000000102a3                etimer_stop
 .text          0x0000000000010318        0x0 obj_cooja/mtype945.a(ctimer.o)
 .text.process_thread_ctimer_process
                0x0000000000010318      0x11b obj_cooja/mtype945.a(ctimer.o)
 .text.ctimer_init
                0x0000000000010433       0x30 obj_cooja/mtype945.a(ctimer.o)
                0x0000000000010433                ctimer_init
 .text.ctimer_set
                0x0000000000010463       0x93 obj_cooja/mtype945.a(ctimer.o)
                0x0000000000010463                ctimer_set
 .text.ctimer_reset
                0x00000000000104f6       0x63 obj_cooja/mtype945.a(ctimer.o)
                0x00000000000104f6                ctimer_reset
 .text.ctimer_restart
                0x0000000000010559       0x63 obj_cooja/mtype945.a(ctimer.o)
                0x0000000000010559                ctimer_restart
 .text.ctimer_stop
                0x00000000000105bc       0x4b obj_cooja/mtype945.a(ctimer.o)
                0x00000000000105bc                ctimer_stop
 .text.ctimer_expired
                0x0000000000010607       0x57 obj_cooja/mtype945.a(ctimer.o)
                0x0000000000010607                ctimer_expired
 *fill*         0x000000000001065e        0x2 90909090
 .text          0x0000000000010660        0x0 obj_cooja/mtype945.a(energest.o)
 .text.energest_type_set
                0x0000000000010660        0x5 obj_cooja/mtype945.a(energest.o)
                0x0000000000010660                energest_type_set
 .text.energest_init
                0x0000000000010665        0x5 obj_cooja/mtype945.a(energest.o)
                0x0000000000010665                energest_init
 .text.energest_type_time
                0x000000000001066a        0xa obj_cooja/mtype945.a(energest.o)
                0x000000000001066a                energest_type_time
 .text.energest_flush
                0x0000000000010674        0x5 obj_cooja/mtype945.a(energest.o)
                0x0000000000010674                energest_flush
 *fill*         0x0000000000010679        0x3 90909090
 .text          0x000000000001067c        0x0 obj_cooja/mtype945.a(random.o)
 .text.random_init
                0x000000000001067c       0x1b obj_cooja/mtype945.a(random.o)
                0x000000000001067c                random_init
 .text.random_rand
                0x0000000000010697        0xd obj_cooja/mtype945.a(random.o)
                0x0000000000010697                random_rand
 .text          0x00000000000106a4        0x0 obj_cooja/mtype945.a(ringbuf.o)
 .text.ringbuf_init
                0x00000000000106a4       0x31 obj_cooja/mtype945.a(ringbuf.o)
                0x00000000000106a4                ringbuf_init
 .text.ringbuf_put
                0x00000000000106d5       0x7e obj_cooja/mtype945.a(ringbuf.o)
                0x00000000000106d5                ringbuf_put
 .text.ringbuf_get
                0x0000000000010753       0x6d obj_cooja/mtype945.a(ringbuf.o)
                0x0000000000010753                ringbuf_get
 .text.ringbuf_size
                0x00000000000107c0       0x12 obj_cooja/mtype945.a(ringbuf.o)
                0x00000000000107c0                ringbuf_size
 .text.ringbuf_elements
                0x00000000000107d2       0x27 obj_cooja/mtype945.a(ringbuf.o)
                0x00000000000107d2                ringbuf_elements
 *fill*         0x00000000000107f9        0x3 90909090
 .text          0x00000000000107fc        0x0 obj_cooja/mtype945.a(netstack.o)
 .text.netstack_init
                0x00000000000107fc       0x24 obj_cooja/mtype945.a(netstack.o)
                0x00000000000107fc                netstack_init
 .text          0x0000000000010820        0x0 obj_cooja/mtype945.a(packetbuf.o)
 .text.packetbuf_clear
                0x0000000000010820       0x37 obj_cooja/mtype945.a(packetbuf.o)
                0x0000000000010820                packetbuf_clear
 .text.packetbuf_clear_hdr
                0x0000000000010857        0xc obj_cooja/mtype945.a(packetbuf.o)
                0x0000000000010857                packetbuf_clear_hdr
 .text.packetbuf_copyfrom
                0x0000000000010863       0x52 obj_cooja/mtype945.a(packetbuf.o)
                0x0000000000010863                packetbuf_copyfrom
 .text.packetbuf_compact
                0x00000000000108b5       0x9e obj_cooja/mtype945.a(packetbuf.o)
                0x00000000000108b5                packetbuf_compact
 .text.packetbuf_copyto_hdr
                0x0000000000010953       0x5a obj_cooja/mtype945.a(packetbuf.o)
                0x0000000000010953                packetbuf_copyto_hdr
 .text.packetbuf_copyto
                0x00000000000109ad       0xe3 obj_cooja/mtype945.a(packetbuf.o)
                0x00000000000109ad                packetbuf_copyto
 .text.packetbuf_hdralloc
                0x0000000000010a90       0x4a obj_cooja/mtype945.a(packetbuf.o)
                0x0000000000010a90                packetbuf_hdralloc
 .text.packetbuf_hdr_remove
                0x0000000000010ada       0x18 obj_cooja/mtype945.a(packetbuf.o)
                0x0000000000010ada                packetbuf_hdr_remove
 .text.packetbuf_hdrreduce
                0x0000000000010af2       0x4b obj_cooja/mtype945.a(packetbuf.o)
                0x0000000000010af2                packetbuf_hdrreduce
 .text.packetbuf_set_datalen
                0x0000000000010b3d       0x19 obj_cooja/mtype945.a(packetbuf.o)
                0x0000000000010b3d                packetbuf_set_datalen
 .text.packetbuf_dataptr
                0x0000000000010b56       0x19 obj_cooja/mtype945.a(packetbuf.o)
                0x0000000000010b56                packetbuf_dataptr
 .text.packetbuf_hdrptr
                0x0000000000010b6f       0x17 obj_cooja/mtype945.a(packetbuf.o)
                0x0000000000010b6f                packetbuf_hdrptr
 .text.packetbuf_reference
                0x0000000000010b86       0x26 obj_cooja/mtype945.a(packetbuf.o)
                0x0000000000010b86                packetbuf_reference
 .text.packetbuf_is_reference
                0x0000000000010bac       0x1a obj_cooja/mtype945.a(packetbuf.o)
                0x0000000000010bac                packetbuf_is_reference
 .text.packetbuf_reference_ptr
                0x0000000000010bc6        0xa obj_cooja/mtype945.a(packetbuf.o)
                0x0000000000010bc6                packetbuf_reference_ptr
 .text.packetbuf_datalen
                0x0000000000010bd0        0xc obj_cooja/mtype945.a(packetbuf.o)
                0x0000000000010bd0                packetbuf_datalen
 .text.packetbuf_hdrlen
                0x0000000000010bdc       0x17 obj_cooja/mtype945.a(packetbuf.o)
                0x0000000000010bdc                packetbuf_hdrlen
 .text.packetbuf_totlen
                0x0000000000010bf3       0x16 obj_cooja/mtype945.a(packetbuf.o)
                0x0000000000010bf3                packetbuf_totlen
 .text.packetbuf_attr_clear
                0x0000000000010c09       0x56 obj_cooja/mtype945.a(packetbuf.o)
                0x0000000000010c09                packetbuf_attr_clear
 .text.packetbuf_attr_copyto
                0x0000000000010c5f       0x9d obj_cooja/mtype945.a(packetbuf.o)
                0x0000000000010c5f                packetbuf_attr_copyto
 .text.packetbuf_attr_copyfrom
                0x0000000000010cfc       0x9c obj_cooja/mtype945.a(packetbuf.o)
                0x0000000000010cfc                packetbuf_attr_copyfrom
 .text          0x0000000000010d98        0x0 obj_cooja/mtype945.a(queuebuf.o)
 .text.queuebuf_load_to_ram
                0x0000000000010d98        0xa obj_cooja/mtype945.a(queuebuf.o)
 .text.queuebuf_init
                0x0000000000010da2       0x2c obj_cooja/mtype945.a(queuebuf.o)
                0x0000000000010da2                queuebuf_init
 .text.queuebuf_new_from_packetbuf
                0x0000000000010dce       0xcb obj_cooja/mtype945.a(queuebuf.o)
                0x0000000000010dce                queuebuf_new_from_packetbuf
 .text.queuebuf_update_attr_from_packetbuf
                0x0000000000010e99       0x33 obj_cooja/mtype945.a(queuebuf.o)
                0x0000000000010e99                queuebuf_update_attr_from_packetbuf
 .text.queuebuf_free
                0x0000000000010ecc       0x73 obj_cooja/mtype945.a(queuebuf.o)
                0x0000000000010ecc                queuebuf_free
 .text.queuebuf_to_packetbuf
                0x0000000000010f3f       0xe8 obj_cooja/mtype945.a(queuebuf.o)
                0x0000000000010f3f                queuebuf_to_packetbuf
 .text.queuebuf_dataptr
                0x0000000000011027       0x5f obj_cooja/mtype945.a(queuebuf.o)
                0x0000000000011027                queuebuf_dataptr
 .text.queuebuf_datalen
                0x0000000000011086       0x1f obj_cooja/mtype945.a(queuebuf.o)
                0x0000000000011086                queuebuf_datalen
 .text.queuebuf_addr
                0x00000000000110a5       0x2f obj_cooja/mtype945.a(queuebuf.o)
                0x00000000000110a5                queuebuf_addr
 .text.queuebuf_attr
                0x00000000000110d4       0x2b obj_cooja/mtype945.a(queuebuf.o)
                0x00000000000110d4                queuebuf_attr
 .text.queuebuf_debug_print
                0x00000000000110ff        0x5 obj_cooja/mtype945.a(queuebuf.o)
                0x00000000000110ff                queuebuf_debug_print
 .text          0x0000000000011104        0x0 obj_cooja/mtype945.a(sicslowpan.o)
 .text.packetbuf_set_attr
                0x0000000000011104       0x2a obj_cooja/mtype945.a(sicslowpan.o)
 .text.packetbuf_set_addr
                0x000000000001112e       0x32 obj_cooja/mtype945.a(sicslowpan.o)
 .text.packetbuf_addr
                0x0000000000011160       0x1d obj_cooja/mtype945.a(sicslowpan.o)
 .text.rime_sniffer_add
                0x000000000001117d        0xd obj_cooja/mtype945.a(sicslowpan.o)
                0x000000000001117d                rime_sniffer_add
 .text.rime_sniffer_remove
                0x000000000001118a        0xf obj_cooja/mtype945.a(sicslowpan.o)
                0x000000000001118a                rime_sniffer_remove
 .text.set_packet_attrs
                0x0000000000011199       0xe9 obj_cooja/mtype945.a(sicslowpan.o)
 .text.addr_context_lookup_by_prefix
                0x0000000000011282       0x7a obj_cooja/mtype945.a(sicslowpan.o)
 .text.addr_context_lookup_by_number
                0x00000000000112fc       0x6a obj_cooja/mtype945.a(sicslowpan.o)
 .text.compress_addr_64
                0x0000000000011366      0x163 obj_cooja/mtype945.a(sicslowpan.o)
 .text.uncompress_addr
                0x00000000000114c9      0x12e obj_cooja/mtype945.a(sicslowpan.o)
 .text.compress_hdr_hc06
                0x00000000000115f7      0x942 obj_cooja/mtype945.a(sicslowpan.o)
 .text.uncompress_hdr_hc06
                0x0000000000011f39      0x77d obj_cooja/mtype945.a(sicslowpan.o)
 .text.compress_hdr_ipv6
                0x00000000000126b6       0x8d obj_cooja/mtype945.a(sicslowpan.o)
 .text.packet_sent
                0x0000000000012743       0x3b obj_cooja/mtype945.a(sicslowpan.o)
 .text.send_packet
                0x000000000001277e       0x36 obj_cooja/mtype945.a(sicslowpan.o)
 .text.output   0x00000000000127b4      0x54f obj_cooja/mtype945.a(sicslowpan.o)
 .text.input    0x0000000000012d03      0x54f obj_cooja/mtype945.a(sicslowpan.o)
 .text.sicslowpan_init
                0x0000000000013252       0x57 obj_cooja/mtype945.a(sicslowpan.o)
                0x0000000000013252                sicslowpan_init
 *fill*         0x00000000000132a9        0x3 90909090
 .text          0x00000000000132ac        0x0 obj_cooja/mtype945.a(simple-udp.o)
 .text.init_simple_udp
                0x00000000000132ac       0x2e obj_cooja/mtype945.a(simple-udp.o)
 .text.simple_udp_send
                0x00000000000132da       0x6d obj_cooja/mtype945.a(simple-udp.o)
                0x00000000000132da                simple_udp_send
 .text.simple_udp_sendto
                0x0000000000013347       0x65 obj_cooja/mtype945.a(simple-udp.o)
                0x0000000000013347                simple_udp_sendto
 .text.simple_udp_sendto_port
                0x00000000000133ac       0x63 obj_cooja/mtype945.a(simple-udp.o)
                0x00000000000133ac                simple_udp_sendto_port
 .text.simple_udp_register
                0x000000000001340f       0xe6 obj_cooja/mtype945.a(simple-udp.o)
                0x000000000001340f                simple_udp_register
 .text.process_thread_simple_udp_process
                0x00000000000134f5      0x15b obj_cooja/mtype945.a(simple-udp.o)
 .text          0x0000000000013650        0x0 obj_cooja/mtype945.a(tcpip.o)
 .text.tcpip_output
                0x0000000000013650       0x2f obj_cooja/mtype945.a(tcpip.o)
                0x0000000000013650                tcpip_output
 .text.tcpip_set_outputfunc
                0x000000000001367f        0xd obj_cooja/mtype945.a(tcpip.o)
                0x000000000001367f                tcpip_set_outputfunc
 .text.start_periodic_tcp_timer
                0x000000000001368c       0x24 obj_cooja/mtype945.a(tcpip.o)
 .text.check_for_tcp_syn
                0x00000000000136b0       0x2d obj_cooja/mtype945.a(tcpip.o)
 .text.packet_input
                0x00000000000136dd       0x36 obj_cooja/mtype945.a(tcpip.o)
 .text.tcp_connect
                0x0000000000013713       0x55 obj_cooja/mtype945.a(tcpip.o)
                0x0000000000013713                tcp_connect
 .text.tcp_unlisten
                0x0000000000013768       0x6e obj_cooja/mtype945.a(tcpip.o)
                0x0000000000013768                tcp_unlisten
 .text.tcp_listen
                0x00000000000137d6       0x6c obj_cooja/mtype945.a(tcpip.o)
                0x00000000000137d6                tcp_listen
 .text.tcp_attach
                0x0000000000013842       0x25 obj_cooja/mtype945.a(tcpip.o)
                0x0000000000013842                tcp_attach
 .text.udp_attach
                0x0000000000013867       0x25 obj_cooja/mtype945.a(tcpip.o)
                0x0000000000013867                udp_attach
 .text.udp_new  0x000000000001388c       0x52 obj_cooja/mtype945.a(tcpip.o)
                0x000000000001388c                udp_new
 .text.udp_broadcast_new
                0x00000000000138de       0x92 obj_cooja/mtype945.a(tcpip.o)
                0x00000000000138de                udp_broadcast_new
 .text.eventhandler
                0x0000000000013970      0x21b obj_cooja/mtype945.a(tcpip.o)
 .text.tcpip_input
                0x0000000000013b8b       0x34 obj_cooja/mtype945.a(tcpip.o)
                0x0000000000013b8b                tcpip_input
 .text.tcpip_ipv6_output
                0x0000000000013bbf      0x483 obj_cooja/mtype945.a(tcpip.o)
                0x0000000000013bbf                tcpip_ipv6_output
 .text.tcpip_poll_udp
                0x0000000000014042       0x23 obj_cooja/mtype945.a(tcpip.o)
                0x0000000000014042                tcpip_poll_udp
 .text.tcpip_poll_tcp
                0x0000000000014065       0x23 obj_cooja/mtype945.a(tcpip.o)
                0x0000000000014065                tcpip_poll_tcp
 .text.tcpip_uipcall
                0x0000000000014088       0xd0 obj_cooja/mtype945.a(tcpip.o)
                0x0000000000014088                tcpip_uipcall
 .text.process_thread_tcpip_process
                0x0000000000014158       0xd3 obj_cooja/mtype945.a(tcpip.o)
 *fill*         0x000000000001422b        0x1 90909090
 .text          0x000000000001422c        0x0 obj_cooja/mtype945.a(uip-ds6-route.o)
 .text.call_route_callback
                0x000000000001422c       0x77 obj_cooja/mtype945.a(uip-ds6-route.o)
 .text.uip_ds6_notification_add
                0x00000000000142a3       0x31 obj_cooja/mtype945.a(uip-ds6-route.o)
                0x00000000000142a3                uip_ds6_notification_add
 .text.uip_ds6_notification_rm
                0x00000000000142d4       0x1c obj_cooja/mtype945.a(uip-ds6-route.o)
                0x00000000000142d4                uip_ds6_notification_rm
 .text.uip_ds6_route_init
                0x00000000000142f0       0x4f obj_cooja/mtype945.a(uip-ds6-route.o)
                0x00000000000142f0                uip_ds6_route_init
 .text.uip_ds6_route_nexthop_lladdr
                0x000000000001433f       0x2c obj_cooja/mtype945.a(uip-ds6-route.o)
 .text.uip_ds6_route_nexthop
                0x000000000001436b       0x28 obj_cooja/mtype945.a(uip-ds6-route.o)
                0x000000000001436b                uip_ds6_route_nexthop
 .text.uip_ds6_route_head
                0x0000000000014393       0x41 obj_cooja/mtype945.a(uip-ds6-route.o)
                0x0000000000014393                uip_ds6_route_head
 .text.uip_ds6_route_next
                0x00000000000143d4       0x5c obj_cooja/mtype945.a(uip-ds6-route.o)
                0x00000000000143d4                uip_ds6_route_next
 .text.uip_ds6_route_num_routes
                0x0000000000014430        0xa obj_cooja/mtype945.a(uip-ds6-route.o)
                0x0000000000014430                uip_ds6_route_num_routes
 .text.uip_ds6_route_lookup
                0x000000000001443a       0x7a obj_cooja/mtype945.a(uip-ds6-route.o)
                0x000000000001443a                uip_ds6_route_lookup
 .text.uip_ds6_route_add
                0x00000000000144b4      0x150 obj_cooja/mtype945.a(uip-ds6-route.o)
                0x00000000000144b4                uip_ds6_route_add
 .text.uip_ds6_route_rm
                0x0000000000014604       0xac obj_cooja/mtype945.a(uip-ds6-route.o)
                0x0000000000014604                uip_ds6_route_rm
 .text.rm_routelist
                0x00000000000146b0       0x61 obj_cooja/mtype945.a(uip-ds6-route.o)
 .text.rm_routelist_callback
                0x0000000000014711       0x13 obj_cooja/mtype945.a(uip-ds6-route.o)
 .text.uip_ds6_route_rm_by_nexthop
                0x0000000000014724       0x38 obj_cooja/mtype945.a(uip-ds6-route.o)
                0x0000000000014724                uip_ds6_route_rm_by_nexthop
 .text.uip_ds6_defrt_add
                0x000000000001475c       0xb1 obj_cooja/mtype945.a(uip-ds6-route.o)
                0x000000000001475c                uip_ds6_defrt_add
 .text.uip_ds6_defrt_rm
                0x000000000001480d       0x7f obj_cooja/mtype945.a(uip-ds6-route.o)
                0x000000000001480d                uip_ds6_defrt_rm
 .text.uip_ds6_defrt_lookup
                0x000000000001488c       0x59 obj_cooja/mtype945.a(uip-ds6-route.o)
                0x000000000001488c                uip_ds6_defrt_lookup
 .text.uip_ds6_defrt_choose
                0x00000000000148e5       0x6b obj_cooja/mtype945.a(uip-ds6-route.o)
                0x00000000000148e5                uip_ds6_defrt_choose
 .text.uip_ds6_defrt_periodic
                0x0000000000014950       0x68 obj_cooja/mtype945.a(uip-ds6-route.o)
                0x0000000000014950                uip_ds6_defrt_periodic
 .text          0x00000000000149b8        0x0 obj_cooja/mtype945.a(uip-ds6-nbr.o)
 .text.packetbuf_addr
                0x00000000000149b8       0x1d obj_cooja/mtype945.a(uip-ds6-nbr.o)
 .text.uip_ds6_neighbors_init
                0x00000000000149d5       0x1d obj_cooja/mtype945.a(uip-ds6-nbr.o)
                0x00000000000149d5                uip_ds6_neighbors_init
 .text.uip_ds6_nbr_add
                0x00000000000149f2       0xbb obj_cooja/mtype945.a(uip-ds6-nbr.o)
                0x00000000000149f2                uip_ds6_nbr_add
 .text.uip_ds6_nbr_rm
                0x0000000000014aad       0x3b obj_cooja/mtype945.a(uip-ds6-nbr.o)
                0x0000000000014aad                uip_ds6_nbr_rm
 .text.uip_ds6_nbr_get_ipaddr
                0x0000000000014ae8       0x15 obj_cooja/mtype945.a(uip-ds6-nbr.o)
                0x0000000000014ae8                uip_ds6_nbr_get_ipaddr
 .text.uip_ds6_nbr_get_ll
                0x0000000000014afd       0x1c obj_cooja/mtype945.a(uip-ds6-nbr.o)
                0x0000000000014afd                uip_ds6_nbr_get_ll
 .text.uip_ds6_nbr_num
                0x0000000000014b19       0x45 obj_cooja/mtype945.a(uip-ds6-nbr.o)
                0x0000000000014b19                uip_ds6_nbr_num
 .text.uip_ds6_nbr_lookup
                0x0000000000014b5e       0x65 obj_cooja/mtype945.a(uip-ds6-nbr.o)
                0x0000000000014b5e                uip_ds6_nbr_lookup
 .text.uip_ds6_nbr_ll_lookup
                0x0000000000014bc3       0x1c obj_cooja/mtype945.a(uip-ds6-nbr.o)
                0x0000000000014bc3                uip_ds6_nbr_ll_lookup
 .text.uip_ds6_nbr_ipaddr_from_lladdr
                0x0000000000014bdf       0x26 obj_cooja/mtype945.a(uip-ds6-nbr.o)
                0x0000000000014bdf                uip_ds6_nbr_ipaddr_from_lladdr
 .text.uip_ds6_nbr_lladdr_from_ipaddr
                0x0000000000014c05       0x2e obj_cooja/mtype945.a(uip-ds6-nbr.o)
                0x0000000000014c05                uip_ds6_nbr_lladdr_from_ipaddr
 .text.uip_ds6_link_neighbor_callback
                0x0000000000014c33       0x4a obj_cooja/mtype945.a(uip-ds6-nbr.o)
                0x0000000000014c33                uip_ds6_link_neighbor_callback
 .text.uip_ds6_neighbor_periodic
                0x0000000000014c7d      0x22a obj_cooja/mtype945.a(uip-ds6-nbr.o)
                0x0000000000014c7d                uip_ds6_neighbor_periodic
 .text.uip_ds6_get_least_lifetime_neighbor
                0x0000000000014ea7       0x79 obj_cooja/mtype945.a(uip-ds6-nbr.o)
                0x0000000000014ea7                uip_ds6_get_least_lifetime_neighbor
 .text          0x0000000000014f20        0x0 obj_cooja/mtype945.a(uip-ds6.o)
 .text.uip_ds6_init
                0x0000000000014f20      0x1cb obj_cooja/mtype945.a(uip-ds6.o)
                0x0000000000014f20                uip_ds6_init
 .text.uip_ds6_periodic
                0x00000000000150eb       0x7d obj_cooja/mtype945.a(uip-ds6.o)
                0x00000000000150eb                uip_ds6_periodic
 .text.uip_ds6_list_loop
                0x0000000000015168       0xa3 obj_cooja/mtype945.a(uip-ds6.o)
                0x0000000000015168                uip_ds6_list_loop
 .text.uip_ds6_prefix_add
                0x000000000001520b       0xbe obj_cooja/mtype945.a(uip-ds6.o)
                0x000000000001520b                uip_ds6_prefix_add
 .text.uip_ds6_prefix_rm
                0x00000000000152c9       0x11 obj_cooja/mtype945.a(uip-ds6.o)
                0x00000000000152c9                uip_ds6_prefix_rm
 .text.uip_ds6_prefix_lookup
                0x00000000000152da       0x51 obj_cooja/mtype945.a(uip-ds6.o)
                0x00000000000152da                uip_ds6_prefix_lookup
 .text.uip_ds6_is_addr_onlink
                0x000000000001532b       0x74 obj_cooja/mtype945.a(uip-ds6.o)
                0x000000000001532b                uip_ds6_is_addr_onlink
 .text.uip_ds6_addr_add
                0x000000000001539f      0x12e obj_cooja/mtype945.a(uip-ds6.o)
                0x000000000001539f                uip_ds6_addr_add
 .text.uip_ds6_addr_rm
                0x00000000000154cd       0x9f obj_cooja/mtype945.a(uip-ds6.o)
                0x00000000000154cd                uip_ds6_addr_rm
 .text.uip_ds6_addr_lookup
                0x000000000001556c       0x4b obj_cooja/mtype945.a(uip-ds6.o)
                0x000000000001556c                uip_ds6_addr_lookup
 .text.uip_ds6_get_link_local
                0x00000000000155b7       0x7f obj_cooja/mtype945.a(uip-ds6.o)
                0x00000000000155b7                uip_ds6_get_link_local
 .text.uip_ds6_get_global
                0x0000000000015636       0x7f obj_cooja/mtype945.a(uip-ds6.o)
                0x0000000000015636                uip_ds6_get_global
 .text.uip_ds6_maddr_add
                0x00000000000156b5       0x72 obj_cooja/mtype945.a(uip-ds6.o)
                0x00000000000156b5                uip_ds6_maddr_add
 .text.uip_ds6_maddr_rm
                0x0000000000015727       0x11 obj_cooja/mtype945.a(uip-ds6.o)
                0x0000000000015727                uip_ds6_maddr_rm
 .text.uip_ds6_maddr_lookup