Archive member included because of file (symbol)

obj_cooja/mtype891.a(rimeaddr.o)
                              obj_cooja/mtype891.o (rimeaddr_node_addr)
obj_cooja/mtype891.a(nullrdc.o)
                              obj_cooja/mtype891.o (nullrdc_driver)
obj_cooja/mtype891.a(mac.o)   obj_cooja/mtype891.a(nullrdc.o) (mac_call_sent_callback)
obj_cooja/mtype891.a(framer-802154.o)
                              obj_cooja/mtype891.a(nullrdc.o) (framer_802154)
obj_cooja/mtype891.a(csma.o)  obj_cooja/mtype891.o (csma_driver)
obj_cooja/mtype891.a(rpl-dag.o)
                              server.co (rpl_set_root)
obj_cooja/mtype891.a(rpl-icmp6.o)
                              obj_cooja/mtype891.a(rpl-dag.o) (dao_output)
obj_cooja/mtype891.a(rpl-timers.o)
                              obj_cooja/mtype891.a(rpl-dag.o) (rpl_reset_dio_timer)
obj_cooja/mtype891.a(rpl-mrhof.o)
                              obj_cooja/mtype891.a(rpl-dag.o) (rpl_mrhof)
obj_cooja/mtype891.a(process.o)
                              obj_cooja/mtype891.o (process_start)
obj_cooja/mtype891.a(autostart.o)
                              obj_cooja/mtype891.o (autostart_start)
obj_cooja/mtype891.a(serial-line.o)
                              obj_cooja/mtype891.o (serial_line_init)
obj_cooja/mtype891.a(memb.o)  obj_cooja/mtype891.a(csma.o) (memb_init)
obj_cooja/mtype891.a(list.o)  obj_cooja/mtype891.a(csma.o) (list_init)
obj_cooja/mtype891.a(etimer.o)
                              obj_cooja/mtype891.o (etimer_process)
obj_cooja/mtype891.a(ctimer.o)
                              obj_cooja/mtype891.o (ctimer_init)
obj_cooja/mtype891.a(stimer.o)
                              obj_cooja/mtype891.a(rpl-icmp6.o) (stimer_set)
obj_cooja/mtype891.a(random.o)
                              obj_cooja/mtype891.a(framer-802154.o) (random_rand)
obj_cooja/mtype891.a(ringbuf.o)
                              obj_cooja/mtype891.a(serial-line.o) (ringbuf_init)
obj_cooja/mtype891.a(nbr-table.o)
                              obj_cooja/mtype891.a(rpl-dag.o) (nbr_table_register)
obj_cooja/mtype891.a(netstack.o)
                              obj_cooja/mtype891.o (netstack_init)
obj_cooja/mtype891.a(packetbuf.o)
                              obj_cooja/mtype891.a(nullrdc.o) (packetbuf_attrs)
obj_cooja/mtype891.a(queuebuf.o)
                              obj_cooja/mtype891.o (queuebuf_init)
obj_cooja/mtype891.a(sicslowpan.o)
                              obj_cooja/mtype891.o (sicslowpan_driver)
obj_cooja/mtype891.a(simple-udp.o)
                              server.co (simple_udp_sendto)
obj_cooja/mtype891.a(tcpip.o)
                              obj_cooja/mtype891.a(simple-udp.o) (tcpip_event)
obj_cooja/mtype891.a(uip-debug.o)
                              server.co (uip_debug_ipaddr_print)
obj_cooja/mtype891.a(uip-ds6-route.o)
                              obj_cooja/mtype891.a(rpl-icmp6.o) (uip_ds6_route_nexthop)
obj_cooja/mtype891.a(uip-ds6-nbr.o)
                              obj_cooja/mtype891.a(rpl-icmp6.o) (uip_ds6_nbr_add)
obj_cooja/mtype891.a(uip-ds6.o)
                              obj_cooja/mtype891.a(tcpip.o) (uip_ds6_timer_periodic)
obj_cooja/mtype891.a(uip-icmp6.o)
                              obj_cooja/mtype891.a(rpl-icmp6.o) (uip_icmp6_send)
obj_cooja/mtype891.a(uip-nd6.o)
                              obj_cooja/mtype891.a(tcpip.o) (uip_nd6_ns_output)
obj_cooja/mtype891.a(uip-packetqueue)
                              obj_cooja/mtype891.a(uip-ds6-nbr.o) (uip_packetqueue_new)
obj_cooja/mtype891.a(uip-udp-packet.)
                              obj_cooja/mtype891.a(simple-udp.o) (uip_udp_packet_sendto)
obj_cooja/mtype891.a(uip6.o)  server.co (uip_lladdr)
obj_cooja/mtype891.a(servreg-hack.o)
                              server.co (servreg_hack_init)
obj_cooja/mtype891.a(simEnvChange.o)
                              obj_cooja/mtype891.o (simDontFallAsleep)
obj_cooja/mtype891.a(cooja_mt.o)
                              obj_cooja/mtype891.o (cooja_mt_start)
obj_cooja/mtype891.a(cooja_mtarch.o)
                              obj_cooja/mtype891.a(cooja_mt.o) (cooja_mtarch_init)
obj_cooja/mtype891.a(rtimer-arch.o)
                              obj_cooja/mtype891.o (rtimer_arch_next)
obj_cooja/mtype891.a(watchdog.o)
                              obj_cooja/mtype891.a(nullrdc.o) (watchdog_periodic)
obj_cooja/mtype891.a(beep.o)  obj_cooja/mtype891.o (beep_interface)
obj_cooja/mtype891.a(button-sensor.o)
                              obj_cooja/mtype891.o (button_interface)
obj_cooja/mtype891.a(leds-arch.o)
                              obj_cooja/mtype891.o (leds_interface)
obj_cooja/mtype891.a(moteid.o)
                              obj_cooja/mtype891.o (moteid_interface)
obj_cooja/mtype891.a(pir-sensor.o)
                              obj_cooja/mtype891.o (pir_interface)
obj_cooja/mtype891.a(rs232.o)
                              obj_cooja/mtype891.o (rs232_interface)
obj_cooja/mtype891.a(vib-sensor.o)
                              obj_cooja/mtype891.o (vib_interface)
[...]
Memory Configuration

Name             Origin             Length             Attributes
*default*        0x0000000000000000 0xffffffffffffffff

Linker script and memory map

LOAD /usr/lib/gcc/i686-linux-gnu/4.6/../../../i386-linux-gnu/crti.o
LOAD /usr/lib/gcc/i686-linux-gnu/4.6/crtbeginS.o
LOAD server.co
LOAD obj_cooja/mtype891.o
LOAD obj_cooja/mtype891.a
LOAD /usr/lib/gcc/i686-linux-gnu/4.6/libgcc.a
LOAD /usr/lib/gcc/i686-linux-gnu/4.6/libgcc_s.so
LOAD /usr/lib/gcc/i686-linux-gnu/4.6/../../../i386-linux-gnu/libc.so
START GROUP
LOAD /lib/i386-linux-gnu/libc.so.6
LOAD /usr/lib/i386-linux-gnu/libc_nonshared.a
LOAD /lib/i386-linux-gnu/ld-linux.so.2
END GROUP
LOAD /usr/lib/gcc/i686-linux-gnu/4.6/libgcc.a
LOAD /usr/lib/gcc/i686-linux-gnu/4.6/libgcc_s.so
LOAD /usr/lib/gcc/i686-linux-gnu/4.6/crtendS.o
LOAD /usr/lib/gcc/i686-linux-gnu/4.6/../../../i386-linux-gnu/crtn.o
                0x0000000000000114                . = (0x0 + SIZEOF_HEADERS)

.note.gnu.build-id
                0x0000000000000114       0x24
 *(.note.gnu.build-id)
 .note.gnu.build-id
                0x0000000000000114       0x24 /usr/lib/gcc/i686-linux-gnu/4.6/../../../i386-linux-gnu/crti.o

.hash
 *(.hash)

.gnu.hash       0x0000000000000138      0xda0
 *(.gnu.hash)
 .gnu.hash      0x0000000000000138      0xda0 /usr/lib/gcc/i686-linux-gnu/4.6/../../../i386-linux-gnu/crti.o

.dynsym         0x0000000000000ed8     0x1ee0
 *(.dynsym)
 .dynsym        0x0000000000000ed8     0x1ee0 /usr/lib/gcc/i686-linux-gnu/4.6/../../../i386-linux-gnu/crti.o

.dynstr         0x0000000000002db8     0x1f21
 *(.dynstr)
 .dynstr        0x0000000000002db8     0x1f21 /usr/lib/gcc/i686-linux-gnu/4.6/../../../i386-linux-gnu/crti.o

.gnu.version    0x0000000000004cda      0x3dc
 *(.gnu.version)
 .gnu.version   0x0000000000004cda      0x3dc /usr/lib/gcc/i686-linux-gnu/4.6/../../../i386-linux-gnu/crti.o

.gnu.version_d  0x00000000000050b8        0x0
 *(.gnu.version_d)
 .gnu.version_d
                0x0000000000000000        0x0 /usr/lib/gcc/i686-linux-gnu/4.6/../../../i386-linux-gnu/crti.o

.gnu.version_r  0x00000000000050b8       0x40
 *(.gnu.version_r)
 .gnu.version_r
                0x00000000000050b8       0x40 /usr/lib/gcc/i686-linux-gnu/4.6/../../../i386-linux-gnu/crti.o

.rel.dyn        0x00000000000050f8     0x83d8
 *(.rel.init)
 *(.rel.text .rel.text.* .rel.gnu.linkonce.t.*)
 .rel.text      0x0000000000000000        0x0 /usr/lib/gcc/i686-linux-gnu/4.6/../../../i386-linux-gnu/crti.o
 .rel.text.receiver
                0x00000000000050f8      0x188 /usr/lib/gcc/i686-linux-gnu/4.6/../../../i386-linux-gnu/crti.o
 .rel.text.set_global_address
                0x0000000000005280       0xb0 /usr/lib/gcc/i686-linux-gnu/4.6/../../../i386-linux-gnu/crti.o
 .rel.text.create_rpl_dag
                0x0000000000005330       0x28 /usr/lib/gcc/i686-linux-gnu/4.6/../../../i386-linux-gnu/crti.o
 .rel.text.process_thread_server_process
                0x0000000000005358       0x28 /usr/lib/gcc/i686-linux-gnu/4.6/../../../i386-linux-gnu/crti.o
 .rel.text.process_thread_broadcast_process
                0x0000000000005380       0xd8 /usr/lib/gcc/i686-linux-gnu/4.6/../../../i386-linux-gnu/crti.o
 .rel.text.print_processes
                0x0000000000005458       0x28 /usr/lib/gcc/i686-linux-gnu/4.6/../../../i386-linux-gnu/crti.o
 .rel.text.rtimer_thread_loop
                0x0000000000005480       0x10 /usr/lib/gcc/i686-linux-gnu/4.6/../../../i386-linux-gnu/crti.o
 .rel.text.set_rime_addr
                0x0000000000005490       0x50 /usr/lib/gcc/i686-linux-gnu/4.6/../../../i386-linux-gnu/crti.o
 .rel.text.contiki_init
                0x00000000000054e0      0x1d0 /usr/lib/gcc/i686-linux-gnu/4.6/../../../i386-linux-gnu/crti.o
 .rel.text.process_run_thread_loop
                0x00000000000056b0       0x70 /usr/lib/gcc/i686-linux-gnu/4.6/../../../i386-linux-gnu/crti.o
 .rel.text.Java_se_sics_cooja_corecomm_Lib7_init
                0x0000000000005720       0x30 /usr/lib/gcc/i686-linux-gnu/4.6/../../../i386-linux-gnu/crti.o
 .rel.text.Java_se_sics_cooja_corecomm_Lib7_getMemory
                0x0000000000005750        0x8 /usr/lib/gcc/i686-linux-gnu/4.6/../../../i386-linux-gnu/crti.o
 .rel.text.Java_se_sics_cooja_corecomm_Lib7_setMemory
                0x0000000000005758       0x10 /usr/lib/gcc/i686-linux-gnu/4.6/../../../i386-linux-gnu/crti.o
 .rel.text.Java_se_sics_cooja_corecomm_Lib7_tick
                0x0000000000005768       0xc8 /usr/lib/gcc/i686-linux-gnu/4.6/../../../i386-linux-gnu/crti.o
 .rel.text.Java_se_sics_cooja_corecomm_Lib7_setReferenceAddress
                0x0000000000005830       0x10 /usr/lib/gcc/i686-linux-gnu/4.6/../../../i386-linux-gnu/crti.o
 .rel.text.rimeaddr_cmp
                0x0000000000005840        0x8 /usr/lib/gcc/i686-linux-gnu/4.6/../../../i386-linux-gnu/crti.o
 .rel.text.rimeaddr_set_node_addr
                0x0000000000005848       0x10 /usr/lib/gcc/i686-linux-gnu/4.6/../../../i386-linux-gnu/crti.o
 .rel.text.packetbuf_set_attr
                0x0000000000005858       0x20 /usr/lib/gcc/i686-linux-gnu/4.6/../../../i386-linux-gnu/crti.o
 .rel.text.packetbuf_attr
                0x0000000000005878       0x18 /usr/lib/gcc/i686-linux-gnu/4.6/../../../i386-linux-gnu/crti.o
 .rel.text.packetbuf_set_addr
                0x0000000000005890       0x30 /usr/lib/gcc/i686-linux-gnu/4.6/../../../i386-linux-gnu/crti.o
 .rel.text.packetbuf_addr
                0x00000000000058c0       0x30 /usr/lib/gcc/i686-linux-gnu/4.6/../../../i386-linux-gnu/crti.o
 .rel.text.send_one_packet
                0x00000000000058f0       0xd8 /usr/lib/gcc/i686-linux-gnu/4.6/../../../i386-linux-gnu/crti.o
 .rel.text.send_list
                0x00000000000059c8        0x8 /usr/lib/gcc/i686-linux-gnu/4.6/../../../i386-linux-gnu/crti.o
 .rel.text.packet_input
                0x00000000000059d0       0xd0 /usr/lib/gcc/i686-linux-gnu/4.6/../../../i386-linux-gnu/crti.o
 .rel.text.on   0x0000000000005aa0       0x10 /usr/lib/gcc/i686-linux-gnu/4.6/../../../i386-linux-gnu/crti.o
 .rel.text.off  0x0000000000005ab0       0x18 /usr/lib/gcc/i686-linux-gnu/4.6/../../../i386-linux-gnu/crti.o
 .rel.text.create
                0x0000000000005ac8       0xb0 /usr/lib/gcc/i686-linux-gnu/4.6/../../../i386-linux-gnu/crti.o
 .rel.text.parse
                0x0000000000005b78       0x30 /usr/lib/gcc/i686-linux-gnu/4.6/../../../i386-linux-gnu/crti.o
 .rel.text.neighbor_queue_from_addr
                0x0000000000005ba8       0x20 /usr/lib/gcc/i686-linux-gnu/4.6/../../../i386-linux-gnu/crti.o
 .rel.text.default_timebase
                0x0000000000005bc8        0x8 /usr/lib/gcc/i686-linux-gnu/4.6/../../../i386-linux-gnu/crti.o
 .rel.text.transmit_packet_list
                0x0000000000005bd0       0x18 /usr/lib/gcc/i686-linux-gnu/4.6/../../../i386-linux-gnu/crti.o
 .rel.text.free_packet
                0x0000000000005be8       0x70 /usr/lib/gcc/i686-linux-gnu/4.6/../../../i386-linux-gnu/crti.o
 .rel.text.packet_sent
                0x0000000000005c58       0x68 /usr/lib/gcc/i686-linux-gnu/4.6/../../../i386-linux-gnu/crti.o
 .rel.text.send_packet
                0x0000000000005cc0      0x110 /usr/lib/gcc/i686-linux-gnu/4.6/../../../i386-linux-gnu/crti.o
 .rel.text.input_packet
                0x0000000000005dd0        0x8 /usr/lib/gcc/i686-linux-gnu/4.6/../../../i386-linux-gnu/crti.o
 .rel.text.channel_check_interval
                0x0000000000005dd8       0x10 /usr/lib/gcc/i686-linux-gnu/4.6/../../../i386-linux-gnu/crti.o
 .rel.text.init
                0x0000000000005de8       0x40 /usr/lib/gcc/i686-linux-gnu/4.6/../../../i386-linux-gnu/crti.o
 .rel.text.rpl_dag_init
                0x0000000000005e28       0x18 /usr/lib/gcc/i686-linux-gnu/4.6/../../../i386-linux-gnu/crti.o
 .rel.text.rpl_get_parent_rank
                0x0000000000005e40       0x10 /usr/lib/gcc/i686-linux-gnu/4.6/../../../i386-linux-gnu/crti.o
 .rel.text.rpl_get_parent_link_metric
                0x0000000000005e50       0x10 /usr/lib/gcc/i686-linux-gnu/4.6/../../../i386-linux-gnu/crti.o
 .rel.text.rpl_get_parent_ipaddr
                0x0000000000005e60       0x18 /usr/lib/gcc/i686-linux-gnu/4.6/../../../i386-linux-gnu/crti.o
 .rel.text.rpl_set_preferred_parent
                0x0000000000005e78       0x20 /usr/lib/gcc/i686-linux-gnu/4.6/../../../i386-linux-gnu/crti.o
 .rel.text.remove_parents
                0x0000000000005e98       0x28 /usr/lib/gcc/i686-linux-gnu/4.6/../../../i386-linux-gnu/crti.o
 .rel.text.nullify_parents
                0x0000000000005ec0       0x28 /usr/lib/gcc/i686-linux-gnu/4.6/../../../i386-linux-gnu/crti.o
 .rel.text.get_dag
                0x0000000000005ee8       0x10 /usr/lib/gcc/i686-linux-gnu/4.6/../../../i386-linux-gnu/crti.o
 .rel.text.rpl_set_root
                0x0000000000005ef8       0x30 /usr/lib/gcc/i686-linux-gnu/4.6/../../../i386-linux-gnu/crti.o
 .rel.text.rpl_repair_root
                0x0000000000005f28       0x10 /usr/lib/gcc/i686-linux-gnu/4.6/../../../i386-linux-gnu/crti.o
 .rel.text.set_ip_from_prefix
                0x0000000000005f38       0x18 /usr/lib/gcc/i686-linux-gnu/4.6/../../../i386-linux-gnu/crti.o
 .rel.text.check_prefix
                0x0000000000005f50       0x30 /usr/lib/gcc/i686-linux-gnu/4.6/../../../i386-linux-gnu/crti.o
 .rel.text.rpl_set_prefix
                0x0000000000005f80       0x10 /usr/lib/gcc/i686-linux-gnu/4.6/../../../i386-linux-gnu/crti.o
 .rel.text.rpl_set_default_route
                0x0000000000005f90       0x18 /usr/lib/gcc/i686-linux-gnu/4.6/../../../i386-linux-gnu/crti.o
 .rel.text.rpl_alloc_instance
                0x0000000000005fa8        0x8 /usr/lib/gcc/i686-linux-gnu/4.6/../../../i386-linux-gnu/crti.o
 .rel.text.rpl_alloc_dag
                0x0000000000005fb0       0x18 /usr/lib/gcc/i686-linux-gnu/4.6/../../../i386-linux-gnu/crti.o
 .rel.text.rpl_set_default_instance
                0x0000000000005fc8        0x8 /usr/lib/gcc/i686-linux-gnu/4.6/../../../i386-linux-gnu/crti.o
 .rel.text.rpl_free_instance
                0x0000000000005fd0       0x30 /usr/lib/gcc/i686-linux-gnu/4.6/../../../i386-linux-gnu/crti.o
 .rel.text.rpl_free_dag
                0x0000000000006000        0x8 /usr/lib/gcc/i686-linux-gnu/4.6/../../../i386-linux-gnu/crti.o
 .rel.text.rpl_add_parent
                0x0000000000006008       0x18 /usr/lib/gcc/i686-linux-gnu/4.6/../../../i386-linux-gnu/crti.o
 .rel.text.find_parent_any_dag_any_instance
                0x0000000000006020       0x20 /usr/lib/gcc/i686-linux-gnu/4.6/../../../i386-linux-gnu/crti.o
 .rel.text.rpl_select_dag
                0x0000000000006040       0x40 /usr/lib/gcc/i686-linux-gnu/4.6/../../../i386-linux-gnu/crti.o
 .rel.text.rpl_select_parent
                0x0000000000006080       0x20 /usr/lib/gcc/i686-linux-gnu/4.6/../../../i386-linux-gnu/crti.o
 .rel.text.rpl_remove_parent
                0x00000000000060a0       0x18 /usr/lib/gcc/i686-linux-gnu/4.6/../../../i386-linux-gnu/crti.o
 .rel.text.rpl_nullify_parent
                0x00000000000060b8       0x10 /usr/lib/gcc/i686-linux-gnu/4.6/../../../i386-linux-gnu/crti.o
 .rel.text.rpl_move_parent
                0x00000000000060c8       0x28 /usr/lib/gcc/i686-linux-gnu/4.6/../../../i386-linux-gnu/crti.o
 .rel.text.rpl_get_any_dag
                0x00000000000060f0       0x18 /usr/lib/gcc/i686-linux-gnu/4.6/../../../i386-linux-gnu/crti.o
 .rel.text.rpl_get_instance
                0x0000000000006108       0x18 /usr/lib/gcc/i686-linux-gnu/4.6/../../../i386-linux-gnu/crti.o
 .rel.text.rpl_find_of
                0x0000000000006120       0x10 /usr/lib/gcc/i686-linux-gnu/4.6/../../../i386-linux-gnu/crti.o
 .rel.text.rpl_join_instance
                0x0000000000006130       0x48 /usr/lib/gcc/i686-linux-gnu/4.6/../../../i386-linux-gnu/crti.o
 .rel.text.rpl_add_dag
                0x0000000000006178       0x38 /usr/lib/gcc/i686-linux-gnu/4.6/../../../i386-linux-gnu/crti.o
 .rel.text.global_repair
                0x00000000000061b0       0x10 /usr/lib/gcc/i686-linux-gnu/4.6/../../../i386-linux-gnu/crti.o
 .rel.text.rpl_local_repair
                0x00000000000061c0        0x8 /usr/lib/gcc/i686-linux-gnu/4.6/../../../i386-linux-gnu/crti.o
 .rel.text.rpl_recalculate_ranks
                0x00000000000061c8       0x28 /usr/lib/gcc/i686-linux-gnu/4.6/../../../i386-linux-gnu/crti.o
 .rel.text.rpl_process_parent_event
                0x00000000000061f0       0x18 /usr/lib/gcc/i686-linux-gnu/4.6/../../../i386-linux-gnu/crti.o
 .rel.text.rpl_process_dio
                0x0000000000006208       0x78 /usr/lib/gcc/i686-linux-gnu/4.6/../../../i386-linux-gnu/crti.o
 .rel.text.get_global_addr
                0x0000000000006280       0x28 /usr/lib/gcc/i686-linux-gnu/4.6/../../../i386-linux-gnu/crti.o
 .rel.text.dis_input
                0x00000000000062a8       0x28 /usr/lib/gcc/i686-linux-gnu/4.6/../../../i386-linux-gnu/crti.o
 .rel.text.dis_output
                0x00000000000062d0       0x20 /usr/lib/gcc/i686-linux-gnu/4.6/../../../i386-linux-gnu/crti.o
 .rel.text.dio_input
                0x00000000000062f0       0x60 /usr/lib/gcc/i686-linux-gnu/4.6/../../../i386-linux-gnu/crti.o
 .rel.text.dio_output
                0x0000000000006350       0x28 /usr/lib/gcc/i686-linux-gnu/4.6/../../../i386-linux-gnu/crti.o
 .rel.text.dao_input
                0x0000000000006378       0x98 /usr/lib/gcc/i686-linux-gnu/4.6/../../../i386-linux-gnu/crti.o
 .rel.text.dao_output
                0x0000000000006410       0x10 /usr/lib/gcc/i686-linux-gnu/4.6/../../../i386-linux-gnu/crti.o
 .rel.text.dao_output_target
                0x0000000000006420       0x60 /usr/lib/gcc/i686-linux-gnu/4.6/../../../i386-linux-gnu/crti.o
 .rel.text.dao_ack_output
                0x0000000000006480       0x18 /usr/lib/gcc/i686-linux-gnu/4.6/../../../i386-linux-gnu/crti.o
 .rel.text.uip_rpl_input
                0x0000000000006498       0x18 /usr/lib/gcc/i686-linux-gnu/4.6/../../../i386-linux-gnu/crti.o
 .rel.text.handle_periodic_timer
                0x00000000000064b0       0x50 /usr/lib/gcc/i686-linux-gnu/4.6/../../../i386-linux-gnu/crti.o
 .rel.text.new_dio_interval
                0x0000000000006500       0x18 /usr/lib/gcc/i686-linux-gnu/4.6/../../../i386-linux-gnu/crti.o
 .rel.text.handle_dio_timer
                0x0000000000006518       0x40 /usr/lib/gcc/i686-linux-gnu/4.6/../../../i386-linux-gnu/crti.o
 .rel.text.rpl_reset_periodic_timer
                0x0000000000006558       0x28 /usr/lib/gcc/i686-linux-gnu/4.6/../../../i386-linux-gnu/crti.o
 .rel.text.handle_dao_timer
                0x0000000000006580       0x30 /usr/lib/gcc/i686-linux-gnu/4.6/../../../i386-linux-gnu/crti.o
 .rel.text.rpl_schedule_dao
                0x00000000000065b0       0x28 /usr/lib/gcc/i686-linux-gnu/4.6/../../../i386-linux-gnu/crti.o
 .rel.text.process_alloc_event
                0x00000000000065d8       0x10 /usr/lib/gcc/i686-linux-gnu/4.6/../../../i386-linux-gnu/crti.o
 .rel.text.process_start
                0x00000000000065e8       0x20 /usr/lib/gcc/i686-linux-gnu/4.6/../../../i386-linux-gnu/crti.o
 .rel.text.exit_process
                0x0000000000006608       0x50 /usr/lib/gcc/i686-linux-gnu/4.6/../../../i386-linux-gnu/crti.o
 .rel.text.call_process
                0x0000000000006658        0x8 /usr/lib/gcc/i686-linux-gnu/4.6/../../../i386-linux-gnu/crti.o
 .rel.text.process_exit
                0x0000000000006660        0x8 /usr/lib/gcc/i686-linux-gnu/4.6/../../../i386-linux-gnu/crti.o
 .rel.text.process_init
                0x0000000000006668       0x38 /usr/lib/gcc/i686-linux-gnu/4.6/../../../i386-linux-gnu/crti.o
 .rel.text.do_poll
                0x00000000000066a0       0x10 /usr/lib/gcc/i686-linux-gnu/4.6/../../../i386-linux-gnu/crti.o
 .rel.text.do_event
                0x00000000000066b0       0xe8 /usr/lib/gcc/i686-linux-gnu/4.6/../../../i386-linux-gnu/crti.o
 .rel.text.process_run
                0x0000000000006798       0x18 /usr/lib/gcc/i686-linux-gnu/4.6/../../../i386-linux-gnu/crti.o
 .rel.text.process_nevents
                0x00000000000067b0       0x10 /usr/lib/gcc/i686-linux-gnu/4.6/../../../i386-linux-gnu/crti.o
 .rel.text.process_post
                0x00000000000067c0       0x60 /usr/lib/gcc/i686-linux-gnu/4.6/../../../i386-linux-gnu/crti.o
 .rel.text.process_post_synch
                0x0000000000006820       0x10 /usr/lib/gcc/i686-linux-gnu/4.6/../../../i386-linux-gnu/crti.o
 .rel.text.process_poll
                0x0000000000006830        0x8 /usr/lib/gcc/i686-linux-gnu/4.6/../../../i386-linux-gnu/crti.o
 .rel.text.autostart_start
                0x0000000000006838        0x8 /usr/lib/gcc/i686-linux-gnu/4.6/../../../i386-linux-gnu/crti.o
 .rel.text.autostart_exit
                0x0000000000006840        0x8 /usr/lib/gcc/i686-linux-gnu/4.6/../../../i386-linux-gnu/crti.o
 .rel.text.serial_line_input_byte
                0x0000000000006848       0x48 /usr/lib/gcc/i686-linux-gnu/4.6/../../../i386-linux-gnu/crti.o
 .rel.text.process_thread_serial_line_process
                0x0000000000006890       0x90 /usr/lib/gcc/i686-linux-gnu/4.6/../../../i386-linux-gnu/crti.o
 .rel.text.serial_line_init
                0x0000000000006920       0x28 /usr/lib/gcc/i686-linux-gnu/4.6/../../../i386-linux-gnu/crti.o
 .rel.text.memb_init
                0x0000000000006948       0x10 /usr/lib/gcc/i686-linux-gnu/4.6/../../../i386-linux-gnu/crti.o
 .rel.text.list_add
                0x0000000000006958       0x10 /usr/lib/gcc/i686-linux-gnu/4.6/../../../i386-linux-gnu/crti.o
 .rel.text.list_push
                0x0000000000006968        0x8 /usr/lib/gcc/i686-linux-gnu/4.6/../../../i386-linux-gnu/crti.o
 .rel.text.list_insert
                0x0000000000006970        0x8 /usr/lib/gcc/i686-linux-gnu/4.6/../../../i386-linux-gnu/crti.o
 .rel.text.update_time
                0x0000000000006978       0x28 /usr/lib/gcc/i686-linux-gnu/4.6/../../../i386-linux-gnu/crti.o
 .rel.text.process_thread_etimer_process
                0x00000000000069a0       0x60 /usr/lib/gcc/i686-linux-gnu/4.6/../../../i386-linux-gnu/crti.o
 .rel.text.etimer_request_poll
                0x0000000000006a00       0x10 /usr/lib/gcc/i686-linux-gnu/4.6/../../../i386-linux-gnu/crti.o
 .rel.text.add_timer
                0x0000000000006a10       0x30 /usr/lib/gcc/i686-linux-gnu/4.6/../../../i386-linux-gnu/crti.o
 .rel.text.etimer_set
                0x0000000000006a40        0x8 /usr/lib/gcc/i686-linux-gnu/4.6/../../../i386-linux-gnu/crti.o
 .rel.text.etimer_reset
                0x0000000000006a48        0x8 /usr/lib/gcc/i686-linux-gnu/4.6/../../../i386-linux-gnu/crti.o
 .rel.text.etimer_restart
                0x0000000000006a50        0x8 /usr/lib/gcc/i686-linux-gnu/4.6/../../../i386-linux-gnu/crti.o
 .rel.text.etimer_pending
                0x0000000000006a58        0x8 /usr/lib/gcc/i686-linux-gnu/4.6/../../../i386-linux-gnu/crti.o
 .rel.text.etimer_next_expiration_time
                0x0000000000006a60       0x10 /usr/lib/gcc/i686-linux-gnu/4.6/../../../i386-linux-gnu/crti.o
 .rel.text.etimer_stop
                0x0000000000006a70       0x20 /usr/lib/gcc/i686-linux-gnu/4.6/../../../i386-linux-gnu/crti.o
 .rel.text.process_thread_ctimer_process
                0x0000000000006a90       0x58 /usr/lib/gcc/i686-linux-gnu/4.6/../../../i386-linux-gnu/crti.o
 .rel.text.ctimer_init
                0x0000000000006ae8       0x28 /usr/lib/gcc/i686-linux-gnu/4.6/../../../i386-linux-gnu/crti.o
 .rel.text.ctimer_set
                0x0000000000006b10       0x58 /usr/lib/gcc/i686-linux-gnu/4.6/../../../i386-linux-gnu/crti.o
 .rel.text.ctimer_reset
                0x0000000000006b68       0x50 /usr/lib/gcc/i686-linux-gnu/4.6/../../../i386-linux-gnu/crti.o
 .rel.text.ctimer_restart
                0x0000000000006bb8       0x50 /usr/lib/gcc/i686-linux-gnu/4.6/../../../i386-linux-gnu/crti.o
 .rel.text.ctimer_stop
                0x0000000000006c08       0x20 /usr/lib/gcc/i686-linux-gnu/4.6/../../../i386-linux-gnu/crti.o
 .rel.text.ctimer_expired
                0x0000000000006c28       0x20 /usr/lib/gcc/i686-linux-gnu/4.6/../../../i386-linux-gnu/crti.o
 .rel.text.stimer_set
                0x0000000000006c48        0x8 /usr/lib/gcc/i686-linux-gnu/4.6/../../../i386-linux-gnu/crti.o
 .rel.text.stimer_restart
                0x0000000000006c50        0x8 /usr/lib/gcc/i686-linux-gnu/4.6/../../../i386-linux-gnu/crti.o
 .rel.text.stimer_expired
                0x0000000000006c58        0x8 /usr/lib/gcc/i686-linux-gnu/4.6/../../../i386-linux-gnu/crti.o
 .rel.text.stimer_remaining
                0x0000000000006c60        0x8 /usr/lib/gcc/i686-linux-gnu/4.6/../../../i386-linux-gnu/crti.o
 .rel.text.stimer_elapsed
                0x0000000000006c68        0x8 /usr/lib/gcc/i686-linux-gnu/4.6/../../../i386-linux-gnu/crti.o
 .rel.text.random_init
                0x0000000000006c70        0x8 /usr/lib/gcc/i686-linux-gnu/4.6/../../../i386-linux-gnu/crti.o
 .rel.text.random_rand
                0x0000000000006c78        0x8 /usr/lib/gcc/i686-linux-gnu/4.6/../../../i386-linux-gnu/crti.o
 .rel.text.key_from_index
                0x0000000000006c80        0x8 /usr/lib/gcc/i686-linux-gnu/4.6/../../../i386-linux-gnu/crti.o
 .rel.text.index_from_key
                0x0000000000006c88        0x8 /usr/lib/gcc/i686-linux-gnu/4.6/../../../i386-linux-gnu/crti.o
 .rel.text.index_from_lladdr
                0x0000000000006c90       0x28 /usr/lib/gcc/i686-linux-gnu/4.6/../../../i386-linux-gnu/crti.o
 .rel.text.nbr_table_allocate
                0x0000000000006cb8       0x80 /usr/lib/gcc/i686-linux-gnu/4.6/../../../i386-linux-gnu/crti.o
 .rel.text.nbr_table_register
                0x0000000000006d38       0x20 /usr/lib/gcc/i686-linux-gnu/4.6/../../../i386-linux-gnu/crti.o
 .rel.text.nbr_table_head
                0x0000000000006d58       0x20 /usr/lib/gcc/i686-linux-gnu/4.6/../../../i386-linux-gnu/crti.o
 .rel.text.nbr_table_next
                0x0000000000006d78       0x10 /usr/lib/gcc/i686-linux-gnu/4.6/../../../i386-linux-gnu/crti.o
 .rel.text.nbr_table_add_lladdr
                0x0000000000006d88       0x30 /usr/lib/gcc/i686-linux-gnu/4.6/../../../i386-linux-gnu/crti.o
 .rel.text.nbr_table_get_from_lladdr
                0x0000000000006db8        0x8 /usr/lib/gcc/i686-linux-gnu/4.6/../../../i386-linux-gnu/crti.o
 .rel.text.nbr_table_remove
                0x0000000000006dc0       0x10 /usr/lib/gcc/i686-linux-gnu/4.6/../../../i386-linux-gnu/crti.o
 .rel.text.nbr_table_lock
                0x0000000000006dd0        0x8 /usr/lib/gcc/i686-linux-gnu/4.6/../../../i386-linux-gnu/crti.o
 .rel.text.nbr_table_unlock
                0x0000000000006dd8        0x8 /usr/lib/gcc/i686-linux-gnu/4.6/../../../i386-linux-gnu/crti.o
 .rel.text.netstack_init
                0x0000000000006de0       0x20 /usr/lib/gcc/i686-linux-gnu/4.6/../../../i386-linux-gnu/crti.o
 .rel.text.packetbuf_clear
                0x0000000000006e00       0x38 /usr/lib/gcc/i686-linux-gnu/4.6/../../../i386-linux-gnu/crti.o
 .rel.text.packetbuf_clear_hdr
                0x0000000000006e38        0x8 /usr/lib/gcc/i686-linux-gnu/4.6/../../../i386-linux-gnu/crti.o
 .rel.text.packetbuf_copyfrom
                0x0000000000006e40       0x20 /usr/lib/gcc/i686-linux-gnu/4.6/../../../i386-linux-gnu/crti.o
 .rel.text.packetbuf_compact
                0x0000000000006e60       0x58 /usr/lib/gcc/i686-linux-gnu/4.6/../../../i386-linux-gnu/crti.o
 .rel.text.packetbuf_copyto_hdr
                0x0000000000006eb8       0x28 /usr/lib/gcc/i686-linux-gnu/4.6/../../../i386-linux-gnu/crti.o
 .rel.text.packetbuf_copyto
                0x0000000000006ee0       0x68 /usr/lib/gcc/i686-linux-gnu/4.6/../../../i386-linux-gnu/crti.o
 .rel.text.packetbuf_hdralloc
                0x0000000000006f48       0x20 /usr/lib/gcc/i686-linux-gnu/4.6/../../../i386-linux-gnu/crti.o
 .rel.text.packetbuf_hdr_remove
                0x0000000000006f68       0x10 /usr/lib/gcc/i686-linux-gnu/4.6/../../../i386-linux-gnu/crti.o
 .rel.text.packetbuf_hdrreduce
                0x0000000000006f78       0x28 /usr/lib/gcc/i686-linux-gnu/4.6/../../../i386-linux-gnu/crti.o
 .rel.text.packetbuf_set_datalen
                0x0000000000006fa0        0x8 /usr/lib/gcc/i686-linux-gnu/4.6/../../../i386-linux-gnu/crti.o
 .rel.text.packetbuf_dataptr
                0x0000000000006fa8       0x10 /usr/lib/gcc/i686-linux-gnu/4.6/../../../i386-linux-gnu/crti.o
 .rel.text.packetbuf_hdrptr
                0x0000000000006fb8       0x10 /usr/lib/gcc/i686-linux-gnu/4.6/../../../i386-linux-gnu/crti.o
 .rel.text.packetbuf_reference
                0x0000000000006fc8       0x18 /usr/lib/gcc/i686-linux-gnu/4.6/../../../i386-linux-gnu/crti.o
 .rel.text.packetbuf_is_reference
                0x0000000000006fe0       0x10 /usr/lib/gcc/i686-linux-gnu/4.6/../../../i386-linux-gnu/crti.o
 .rel.text.packetbuf_reference_ptr
                0x0000000000006ff0        0x8 /usr/lib/gcc/i686-linux-gnu/4.6/../../../i386-linux-gnu/crti.o
 .rel.text.packetbuf_datalen
                0x0000000000006ff8        0x8 /usr/lib/gcc/i686-linux-gnu/4.6/../../../i386-linux-gnu/crti.o
 .rel.text.packetbuf_hdrlen
                0x0000000000007000        0x8 /usr/lib/gcc/i686-linux-gnu/4.6/../../../i386-linux-gnu/crti.o
 .rel.text.packetbuf_totlen
                0x0000000000007008       0x10 /usr/lib/gcc/i686-linux-gnu/4.6/../../../i386-linux-gnu/crti.o
 .rel.text.packetbuf_attr_clear
                0x0000000000007018       0x20 /usr/lib/gcc/i686-linux-gnu/4.6/../../../i386-linux-gnu/crti.o
 .rel.text.packetbuf_attr_copyto
                0x0000000000007038       0x48 /usr/lib/gcc/i686-linux-gnu/4.6/../../../i386-linux-gnu/crti.o
 .rel.text.packetbuf_attr_copyfrom
                0x0000000000007080       0x48 /usr/lib/gcc/i686-linux-gnu/4.6/../../../i386-linux-gnu/crti.o
 .rel.text.queuebuf_init
                0x00000000000070c8       0x30 /usr/lib/gcc/i686-linux-gnu/4.6/../../../i386-linux-gnu/crti.o
 .rel.text.queuebuf_new_from_packetbuf
                0x00000000000070f8       0x60 /usr/lib/gcc/i686-linux-gnu/4.6/../../../i386-linux-gnu/crti.o
 .rel.text.queuebuf_update_attr_from_packetbuf
                0x0000000000007158        0x8 /usr/lib/gcc/i686-linux-gnu/4.6/../../../i386-linux-gnu/crti.o
 .rel.text.queuebuf_free
                0x0000000000007160       0x50 /usr/lib/gcc/i686-linux-gnu/4.6/../../../i386-linux-gnu/crti.o
 .rel.text.queuebuf_to_packetbuf
                0x00000000000071b0       0x58 /usr/lib/gcc/i686-linux-gnu/4.6/../../../i386-linux-gnu/crti.o
 .rel.text.queuebuf_dataptr
                0x0000000000007208       0x20 /usr/lib/gcc/i686-linux-gnu/4.6/../../../i386-linux-gnu/crti.o
 .rel.text.rime_sniffer_add
                0x0000000000007228        0x8 /usr/lib/gcc/i686-linux-gnu/4.6/../../../i386-linux-gnu/crti.o
 .rel.text.rime_sniffer_remove
                0x0000000000007230        0x8 /usr/lib/gcc/i686-linux-gnu/4.6/../../../i386-linux-gnu/crti.o
 .rel.text.set_packet_attrs
                0x0000000000007238       0x60 /usr/lib/gcc/i686-linux-gnu/4.6/../../../i386-linux-gnu/crti.o
 .rel.text.addr_context_lookup_by_prefix
                0x0000000000007298       0x20 /usr/lib/gcc/i686-linux-gnu/4.6/../../../i386-linux-gnu/crti.o
 .rel.text.addr_context_lookup_by_number
                0x00000000000072b8       0x18 /usr/lib/gcc/i686-linux-gnu/4.6/../../../i386-linux-gnu/crti.o
 .rel.text.compress_addr_64
                0x00000000000072d0       0x30 /usr/lib/gcc/i686-linux-gnu/4.6/../../../i386-linux-gnu/crti.o
 .rel.text.uncompress_addr
                0x0000000000007300       0x38 /usr/lib/gcc/i686-linux-gnu/4.6/../../../i386-linux-gnu/crti.o
 .rel.text.compress_hdr_hc06
                0x0000000000007338      0x5a0 /usr/lib/gcc/i686-linux-gnu/4.6/../../../i386-linux-gnu/crti.o
 .rel.text.uncompress_hdr_hc06
                0x00000000000078d8      0x3e0 /usr/lib/gcc/i686-linux-gnu/4.6/../../../i386-linux-gnu/crti.o
 .rel.text.compress_hdr_ipv6
                0x0000000000007cb8       0x50 /usr/lib/gcc/i686-linux-gnu/4.6/../../../i386-linux-gnu/crti.o
 .rel.text.output
                0x0000000000007d08      0x2f8 /usr/lib/gcc/i686-linux-gnu/4.6/../../../i386-linux-gnu/crti.o
 .rel.text.input
                0x0000000000008000      0x2e8 /usr/lib/gcc/i686-linux-gnu/4.6/../../../i386-linux-gnu/crti.o
 .rel.text.sicslowpan_init
                0x00000000000082e8       0x38 /usr/lib/gcc/i686-linux-gnu/4.6/../../../i386-linux-gnu/crti.o
 .rel.text.init_simple_udp
                0x0000000000008320       0x20 /usr/lib/gcc/i686-linux-gnu/4.6/../../../i386-linux-gnu/crti.o
 .rel.text.simple_udp_send
                0x0000000000008340        0x8 /usr/lib/gcc/i686-linux-gnu/4.6/../../../i386-linux-gnu/crti.o
 .rel.text.simple_udp_sendto
                0x0000000000008348        0x8 /usr/lib/gcc/i686-linux-gnu/4.6/../../../i386-linux-gnu/crti.o
 .rel.text.simple_udp_sendto_port
                0x0000000000008350        0x8 /usr/lib/gcc/i686-linux-gnu/4.6/../../../i386-linux-gnu/crti.o
 .rel.text.simple_udp_register
                0x0000000000008358       0x28 /usr/lib/gcc/i686-linux-gnu/4.6/../../../i386-linux-gnu/crti.o
 .rel.text.process_thread_simple_udp_process
                0x0000000000008380       0x88 /usr/lib/gcc/i686-linux-gnu/4.6/../../../i386-linux-gnu/crti.o
 .rel.text.tcpip_output
                0x0000000000008408       0x10 /usr/lib/gcc/i686-linux-gnu/4.6/../../../i386-linux-gnu/crti.o
 .rel.text.tcpip_set_outputfunc
                0x0000000000008418        0x8 /usr/lib/gcc/i686-linux-gnu/4.6/../../../i386-linux-gnu/crti.o
 .rel.text.start_periodic_tcp_timer
                0x0000000000008420       0x20 /usr/lib/gcc/i686-linux-gnu/4.6/../../../i386-linux-gnu/crti.o
 .rel.text.check_for_tcp_syn
                0x0000000000008440       0x10 /usr/lib/gcc/i686-linux-gnu/4.6/../../../i386-linux-gnu/crti.o
 .rel.text.tcp_connect
                0x0000000000008450       0x18 /usr/lib/gcc/i686-linux-gnu/4.6/../../../i386-linux-gnu/crti.o
 .rel.text.tcp_unlisten
                0x0000000000008468       0x38 /usr/lib/gcc/i686-linux-gnu/4.6/../../../i386-linux-gnu/crti.o
 .rel.text.tcp_listen
                0x00000000000084a0       0x38 /usr/lib/gcc/i686-linux-gnu/4.6/../../../i386-linux-gnu/crti.o
 .rel.text.tcp_attach
                0x00000000000084d8        0x8 /usr/lib/gcc/i686-linux-gnu/4.6/../../../i386-linux-gnu/crti.o
 .rel.text.udp_attach
                0x00000000000084e0        0x8 /usr/lib/gcc/i686-linux-gnu/4.6/../../../i386-linux-gnu/crti.o
 .rel.text.udp_new
                0x00000000000084e8       0x10 /usr/lib/gcc/i686-linux-gnu/4.6/../../../i386-linux-gnu/crti.o
 .rel.text.udp_broadcast_new
                0x00000000000084f8       0x10 /usr/lib/gcc/i686-linux-gnu/4.6/../../../i386-linux-gnu/crti.o
 .rel.text.eventhandler
                0x0000000000008508      0x128 /usr/lib/gcc/i686-linux-gnu/4.6/../../../i386-linux-gnu/crti.o
 .rel.text.tcpip_input
                0x0000000000008630       0x20 /usr/lib/gcc/i686-linux-gnu/4.6/../../../i386-linux-gnu/crti.o
 .rel.text.tcpip_ipv6_output
                0x0000000000008650      0x258 /usr/lib/gcc/i686-linux-gnu/4.6/../../../i386-linux-gnu/crti.o
 .rel.text.tcpip_poll_udp
                0x00000000000088a8       0x10 /usr/lib/gcc/i686-linux-gnu/4.6/../../../i386-linux-gnu/crti.o
 .rel.text.tcpip_poll_tcp
                0x00000000000088b8       0x10 /usr/lib/gcc/i686-linux-gnu/4.6/../../../i386-linux-gnu/crti.o
 .rel.text.tcpip_uipcall
                0x00000000000088c8       0x60 /usr/lib/gcc/i686-linux-gnu/4.6/../../../i386-linux-gnu/crti.o
 .rel.text.process_thread_tcpip_process
                0x0000000000008928       0x70 /usr/lib/gcc/i686-linux-gnu/4.6/../../../i386-linux-gnu/crti.o
 .rel.text.uip_debug_ipaddr_print
                0x0000000000008998       0x40 /usr/lib/gcc/i686-linux-gnu/4.6/../../../i386-linux-gnu/crti.o
 .rel.text.uip_debug_lladdr_print
                0x00000000000089d8       0x20 /usr/lib/gcc/i686-linux-gnu/4.6/../../../i386-linux-gnu/crti.o
 .rel.text.call_route_callback
                0x00000000000089f8       0x30 /usr/lib/gcc/i686-linux-gnu/4.6/../../../i386-linux-gnu/crti.o
 .rel.text.uip_ds6_notification_add
                0x0000000000008a28       0x10 /usr/lib/gcc/i686-linux-gnu/4.6/../../../i386-linux-gnu/crti.o
 .rel.text.uip_ds6_notification_rm
                0x0000000000008a38       0x10 /usr/lib/gcc/i686-linux-gnu/4.6/../../../i386-linux-gnu/crti.o
 .rel.text.uip_ds6_route_init
                0x0000000000008a48       0x58 /usr/lib/gcc/i686-linux-gnu/4.6/../../../i386-linux-gnu/crti.o
 .rel.text.uip_ds6_route_nexthop_lladdr
                0x0000000000008aa0       0x10 /usr/lib/gcc/i686-linux-gnu/4.6/../../../i386-linux-gnu/crti.o
 .rel.text.uip_ds6_route_nexthop
                0x0000000000008ab0        0x8 /usr/lib/gcc/i686-linux-gnu/4.6/../../../i386-linux-gnu/crti.o
 .rel.text.uip_ds6_route_head
                0x0000000000008ab8       0x20 /usr/lib/gcc/i686-linux-gnu/4.6/../../../i386-linux-gnu/crti.o
 .rel.text.uip_ds6_route_next
                0x0000000000008ad8       0x20 /usr/lib/gcc/i686-linux-gnu/4.6/../../../i386-linux-gnu/crti.o
 .rel.text.uip_ds6_route_num_routes
                0x0000000000008af8        0x8 /usr/lib/gcc/i686-linux-gnu/4.6/../../../i386-linux-gnu/crti.o
 .rel.text.uip_ds6_route_lookup
                0x0000000000008b00       0x18 /usr/lib/gcc/i686-linux-gnu/4.6/../../../i386-linux-gnu/crti.o
 .rel.text.uip_ds6_route_add
                0x0000000000008b18       0x60 /usr/lib/gcc/i686-linux-gnu/4.6/../../../i386-linux-gnu/crti.o
 .rel.text.uip_ds6_route_rm
                0x0000000000008b78       0x48 /usr/lib/gcc/i686-linux-gnu/4.6/../../../i386-linux-gnu/crti.o
 .rel.text.rm_routelist
                0x0000000000008bc0       0x28 /usr/lib/gcc/i686-linux-gnu/4.6/../../../i386-linux-gnu/crti.o
 .rel.text.uip_ds6_route_rm_by_nexthop
                0x0000000000008be8       0x18 /usr/lib/gcc/i686-linux-gnu/4.6/../../../i386-linux-gnu/crti.o
 .rel.text.uip_ds6_defrt_add
                0x0000000000008c00       0x30 /usr/lib/gcc/i686-linux-gnu/4.6/../../../i386-linux-gnu/crti.o
 .rel.text.uip_ds6_defrt_rm
                0x0000000000008c30       0x38 /usr/lib/gcc/i686-linux-gnu/4.6/../../../i386-linux-gnu/crti.o
 .rel.text.uip_ds6_defrt_lookup
                0x0000000000008c68       0x20 /usr/lib/gcc/i686-linux-gnu/4.6/../../../i386-linux-gnu/crti.o
 .rel.text.uip_ds6_defrt_choose
                0x0000000000008c88       0x20 /usr/lib/gcc/i686-linux-gnu/4.6/../../../i386-linux-gnu/crti.o
 .rel.text.uip_ds6_defrt_periodic
                0x0000000000008ca8       0x38 /usr/lib/gcc/i686-linux-gnu/4.6/../../../i386-linux-gnu/crti.o
 .rel.text.uip_ds6_neighbors_init
                0x0000000000008ce0       0x18 /usr/lib/gcc/i686-linux-gnu/4.6/../../../i386-linux-gnu/crti.o
 .rel.text.uip_ds6_nbr_add
                0x0000000000008cf8       0x30 /usr/lib/gcc/i686-linux-gnu/4.6/../../../i386-linux-gnu/crti.o
 .rel.text.uip_ds6_nbr_rm
                0x0000000000008d28       0x20 /usr/lib/gcc/i686-linux-gnu/4.6/../../../i386-linux-gnu/crti.o
 .rel.text.uip_ds6_nbr_get_ll
                0x0000000000008d48       0x10 /usr/lib/gcc/i686-linux-gnu/4.6/../../../i386-linux-gnu/crti.o
 .rel.text.uip_ds6_nbr_num
                0x0000000000008d58       0x20 /usr/lib/gcc/i686-linux-gnu/4.6/../../../i386-linux-gnu/crti.o
 .rel.text.uip_ds6_nbr_lookup
                0x0000000000008d78       0x28 /usr/lib/gcc/i686-linux-gnu/4.6/../../../i386-linux-gnu/crti.o
 .rel.text.uip_ds6_nbr_ll_lookup
                0x0000000000008da0       0x10 /usr/lib/gcc/i686-linux-gnu/4.6/../../../i386-linux-gnu/crti.o
 .rel.text.uip_ds6_nbr_ipaddr_from_lladdr
                0x0000000000008db0        0x8 /usr/lib/gcc/i686-linux-gnu/4.6/../../../i386-linux-gnu/crti.o
 .rel.text.uip_ds6_nbr_lladdr_from_ipaddr
                0x0000000000008db8       0x10 /usr/lib/gcc/i686-linux-gnu/4.6/../../../i386-linux-gnu/crti.o
 .rel.text.uip_ds6_link_neighbor_callback
                0x0000000000008dc8       0x18 /usr/lib/gcc/i686-linux-gnu/4.6/../../../i386-linux-gnu/crti.o
 .rel.text.uip_ds6_neighbor_periodic
                0x0000000000008de0       0xa8 /usr/lib/gcc/i686-linux-gnu/4.6/../../../i386-linux-gnu/crti.o
 .rel.text.uip_ds6_get_least_lifetime_neighbor
                0x0000000000008e88       0x30 /usr/lib/gcc/i686-linux-gnu/4.6/../../../i386-linux-gnu/crti.o
 .rel.text.uip_ds6_init
                0x0000000000008eb8      0x170 /usr/lib/gcc/i686-linux-gnu/4.6/../../../i386-linux-gnu/crti.o
 .rel.text.uip_ds6_periodic
                0x0000000000009028       0x80 /usr/lib/gcc/i686-linux-gnu/4.6/../../../i386-linux-gnu/crti.o
 .rel.text.uip_ds6_list_loop
                0x00000000000090a8        0x8 /usr/lib/gcc/i686-linux-gnu/4.6/../../../i386-linux-gnu/crti.o
 .rel.text.uip_ds6_prefix_add
                0x00000000000090b0       0x58 /usr/lib/gcc/i686-linux-gnu/4.6/../../../i386-linux-gnu/crti.o
 .rel.text.uip_ds6_prefix_lookup
                0x0000000000009108       0x20 /usr/lib/gcc/i686-linux-gnu/4.6/../../../i386-linux-gnu/crti.o
 .rel.text.uip_ds6_is_addr_onlink
                0x0000000000009128       0x50 /usr/lib/gcc/i686-linux-gnu/4.6/../../../i386-linux-gnu/crti.o
 .rel.text.uip_ds6_addr_add
                0x0000000000009178       0xc8 /usr/lib/gcc/i686-linux-gnu/4.6/../../../i386-linux-gnu/crti.o
 .rel.text.uip_ds6_addr_rm
                0x0000000000009240       0x88 /usr/lib/gcc/i686-linux-gnu/4.6/../../../i386-linux-gnu/crti.o
 .rel.text.uip_ds6_addr_lookup
                0x00000000000092c8       0x20 /usr/lib/gcc/i686-linux-gnu/4.6/../../../i386-linux-gnu/crti.o
 .rel.text.uip_ds6_get_link_local
                0x00000000000092e8       0x58 /usr/lib/gcc/i686-linux-gnu/4.6/../../../i386-linux-gnu/crti.o
 .rel.text.uip_ds6_get_global
                0x0000000000009340       0x58 /usr/lib/gcc/i686-linux-gnu/4.6/../../../i386-linux-gnu/crti.o
 .rel.text.uip_ds6_maddr_add
                0x0000000000009398       0x30 /usr/lib/gcc/i686-linux-gnu/4.6/../../../i386-linux-gnu/crti.o
 .rel.text.uip_ds6_maddr_lookup
                0x00000000000093c8       0x20 /usr/lib/gcc/i686-linux-gnu/4.6/../../../i386-linux-gnu/crti.o
 .rel.text.uip_ds6_aaddr_add
                0x00000000000093e8       0x30 /usr/lib/gcc/i686-linux-gnu/4.6/../../../i386-linux-gnu/crti.o
 .rel.text.uip_ds6_aaddr_lookup
                0x0000000000009418       0x20 /usr/lib/gcc/i686-linux-gnu/4.6/../../../i386-linux-gnu/crti.o
 .rel.text.uip_ds6_select_src
                0x0000000000009438       0x70 /usr/lib/gcc/i686-linux-gnu/4.6/../../../i386-linux-gnu/crti.o
 .rel.text.uip_ds6_compute_reachable_time
                0x00000000000094a8       0x30 /usr/lib/gcc/i686-linux-gnu/4.6/../../../i386-linux-gnu/crti.o
 .rel.text.uip_icmp6_echo_request_input
                0x00000000000094d8      0x1f0 /usr/lib/gcc/i686-linux-gnu/4.6/../../../i386-linux-gnu/crti.o
 .rel.text.uip_icmp6_error_output
                0x00000000000096c8      0x238 /usr/lib/gcc/i686-linux-gnu/4.6/../../../i386-linux-gnu/crti.o
 .rel.text.uip_icmp6_send
                0x0000000000009900       0xb8 /usr/lib/gcc/i686-linux-gnu/4.6/../../../i386-linux-gnu/crti.o
 .rel.text.create_llao
                0x00000000000099b8       0x10 /usr/lib/gcc/i686-linux-gnu/4.6/../../../i386-linux-gnu/crti.o
 .rel.text.uip_nd6_ns_input
                0x00000000000099c8      0x378 /usr/lib/gcc/i686-linux-gnu/4.6/../../../i386-linux-gnu/crti.o
 .rel.text.uip_nd6_ns_output
                0x0000000000009d40      0x1e0 /usr/lib/gcc/i686-linux-gnu/4.6/../../../i386-linux-gnu/crti.o
 .rel.text.uip_nd6_na_input
                0x0000000000009f20      0x2d0 /usr/lib/gcc/i686-linux-gnu/4.6/../../../i386-linux-gnu/crti.o
 .rel.text.packet_timedout
                0x000000000000a1f0       0x10 /usr/lib/gcc/i686-linux-gnu/4.6/../../../i386-linux-gnu/crti.o
 .rel.text.uip_packetqueue_alloc
                0x000000000000a200       0x20 /usr/lib/gcc/i686-linux-gnu/4.6/../../../i386-linux-gnu/crti.o
 .rel.text.uip_packetqueue_free
                0x000000000000a220       0x18 /usr/lib/gcc/i686-linux-gnu/4.6/../../../i386-linux-gnu/crti.o
 .rel.text.uip_udp_packet_send
                0x000000000000a238       0x38 /usr/lib/gcc/i686-linux-gnu/4.6/../../../i386-linux-gnu/crti.o
 .rel.text.uip_udp_packet_sendto
                0x000000000000a270       0x10 /usr/lib/gcc/i686-linux-gnu/4.6/../../../i386-linux-gnu/crti.o
 .rel.text.uip_add32
                0x000000000000a280       0x98 /usr/lib/gcc/i686-linux-gnu/4.6/../../../i386-linux-gnu/crti.o
 .rel.text.uip_chksum
                0x000000000000a318        0x8 /usr/lib/gcc/i686-linux-gnu/4.6/../../../i386-linux-gnu/crti.o
 .rel.text.upper_layer_chksum
                0x000000000000a320       0x38 /usr/lib/gcc/i686-linux-gnu/4.6/../../../i386-linux-gnu/crti.o
 .rel.text.uip_init
                0x000000000000a358       0xa0 /usr/lib/gcc/i686-linux-gnu/4.6/../../../i386-linux-gnu/crti.o
 .rel.text.uip_connect
                0x000000000000a3f8       0xc0 /usr/lib/gcc/i686-linux-gnu/4.6/../../../i386-linux-gnu/crti.o
 .rel.text.remove_ext_hdr
                0x000000000000a4b8       0x98 /usr/lib/gcc/i686-linux-gnu/4.6/../../../i386-linux-gnu/crti.o
 .rel.text.uip_udp_new
                0x000000000000a550       0xb8 /usr/lib/gcc/i686-linux-gnu/4.6/../../../i386-linux-gnu/crti.o
 .rel.text.uip_unlisten
                0x000000000000a608       0x40 /usr/lib/gcc/i686-linux-gnu/4.6/../../../i386-linux-gnu/crti.o
 .rel.text.uip_listen
                0x000000000000a648       0x40 /usr/lib/gcc/i686-linux-gnu/4.6/../../../i386-linux-gnu/crti.o
 .rel.text.uip_add_rcv_nxt
                0x000000000000a688       0x50 /usr/lib/gcc/i686-linux-gnu/4.6/../../../i386-linux-gnu/crti.o
 .rel.text.ext_hdr_options_process
                0x000000000000a6d8      0x108 /usr/lib/gcc/i686-linux-gnu/4.6/../../../i386-linux-gnu/crti.o
 .rel.text.uip_process
                0x000000000000a7e0     0x1188 /usr/lib/gcc/i686-linux-gnu/4.6/../../../i386-linux-gnu/crti.o
 .rel.text.uip_send
                0x000000000000b968       0x38 /usr/lib/gcc/i686-linux-gnu/4.6/../../../i386-linux-gnu/crti.o
 .rel.text.purge_registrations
                0x000000000000b9a0       0x78 /usr/lib/gcc/i686-linux-gnu/4.6/../../../i386-linux-gnu/crti.o
 .rel.text.servreg_hack_init
                0x000000000000ba18       0x50 /usr/lib/gcc/i686-linux-gnu/4.6/../../../i386-linux-gnu/crti.o
 .rel.text.servreg_hack_register
                0x000000000000ba68       0x98 /usr/lib/gcc/i686-linux-gnu/4.6/../../../i386-linux-gnu/crti.o
 .rel.text.servreg_hack_list_head
                0x000000000000bb00       0x10 /usr/lib/gcc/i686-linux-gnu/4.6/../../../i386-linux-gnu/crti.o
 .rel.text.servreg_hack_lookup
                0x000000000000bb10       0x28 /usr/lib/gcc/i686-linux-gnu/4.6/../../../i386-linux-gnu/crti.o
 .rel.text.handle_incoming_reg
                0x000000000000bb38       0x78 /usr/lib/gcc/i686-linux-gnu/4.6/../../../i386-linux-gnu/crti.o
 .rel.text.send_udp_packet
                0x000000000000bbb0       0x58 /usr/lib/gcc/i686-linux-gnu/4.6/../../../i386-linux-gnu/crti.o
 .rel.text.process_thread_servreg_hack_process
                0x000000000000bc08       0xb0 /usr/lib/gcc/i686-linux-gnu/4.6/../../../i386-linux-gnu/crti.o
 .rel.text.doActionsBeforeTick
                0x000000000000bcb8       0x10 /usr/lib/gcc/i686-linux-gnu/4.6/../../../i386-linux-gnu/crti.o
 .rel.text.doActionsAfterTick
                0x000000000000bcc8       0x10 /usr/lib/gcc/i686-linux-gnu/4.6/../../../i386-linux-gnu/crti.o
 .rel.text.cooja_mt_init
                0x000000000000bcd8        0x8 /usr/lib/gcc/i686-linux-gnu/4.6/../../../i386-linux-gnu/crti.o
 .rel.text.cooja_mt_remove
                0x000000000000bce0        0x8 /usr/lib/gcc/i686-linux-gnu/4.6/../../../i386-linux-gnu/crti.o
 .rel.text.cooja_mt_start
                0x000000000000bce8        0x8 /usr/lib/gcc/i686-linux-gnu/4.6/../../../i386-linux-gnu/crti.o
 .rel.text.cooja_mt_exec
                0x000000000000bcf0       0x10 /usr/lib/gcc/i686-linux-gnu/4.6/../../../i386-linux-gnu/crti.o
 .rel.text.cooja_mt_exit
                0x000000000000bd00       0x18 /usr/lib/gcc/i686-linux-gnu/4.6/../../../i386-linux-gnu/crti.o
 .rel.text.cooja_mt_yield
                0x000000000000bd18       0x18 /usr/lib/gcc/i686-linux-gnu/4.6/../../../i386-linux-gnu/crti.o
 .rel.text.cooja_sw
                0x000000000000bd30        0x8 /usr/lib/gcc/i686-linux-gnu/4.6/../../../i386-linux-gnu/crti.o
 .rel.text.cooja_mtarch_exec
                0x000000000000bd38       0x18 /usr/lib/gcc/i686-linux-gnu/4.6/../../../i386-linux-gnu/crti.o
 .rel.text.cooja_mtarch_yield
                0x000000000000bd50        0x8 /usr/lib/gcc/i686-linux-gnu/4.6/../../../i386-linux-gnu/crti.o
 .rel.text.rtimer_arch_init
                0x000000000000bd58       0x18 /usr/lib/gcc/i686-linux-gnu/4.6/../../../i386-linux-gnu/crti.o
 .rel.text.rtimer_arch_schedule
                0x000000000000bd70       0x10 /usr/lib/gcc/i686-linux-gnu/4.6/../../../i386-linux-gnu/crti.o
 .rel.text.rtimer_arch_next
                0x000000000000bd80        0x8 /usr/lib/gcc/i686-linux-gnu/4.6/../../../i386-linux-gnu/crti.o
 .rel.text.rtimer_arch_pending
                0x000000000000bd88        0x8 /usr/lib/gcc/i686-linux-gnu/4.6/../../../i386-linux-gnu/crti.o
 .rel.text.rtimer_arch_check
                0x000000000000bd90       0x20 /usr/lib/gcc/i686-linux-gnu/4.6/../../../i386-linux-gnu/crti.o
 .rel.text.rtimer_arch_now
                0x000000000000bdb0       0x48 /usr/lib/gcc/i686-linux-gnu/4.6/../../../i386-linux-gnu/crti.o
 .rel.text.beep_alarm
                0x000000000000bdf8        0x8 /usr/lib/gcc/i686-linux-gnu/4.6/../../../i386-linux-gnu/crti.o
 .rel.text.beep_beep
                0x000000000000be00        0x8 /usr/lib/gcc/i686-linux-gnu/4.6/../../../i386-linux-gnu/crti.o
 .rel.text.beep
                0x000000000000be08        0x8 /usr/lib/gcc/i686-linux-gnu/4.6/../../../i386-linux-gnu/crti.o
 .rel.text.beep_down
                0x000000000000be10        0x8 /usr/lib/gcc/i686-linux-gnu/4.6/../../../i386-linux-gnu/crti.o
 .rel.text.beep_on
                0x000000000000be18        0x8 /usr/lib/gcc/i686-linux-gnu/4.6/../../../i386-linux-gnu/crti.o
 .rel.text.beep_off
                0x000000000000be20        0x8 /usr/lib/gcc/i686-linux-gnu/4.6/../../../i386-linux-gnu/crti.o
 .rel.text.beep_spinup
                0x000000000000be28        0x8 /usr/lib/gcc/i686-linux-gnu/4.6/../../../i386-linux-gnu/crti.o
 .rel.text.beep_quick
                0x000000000000be30        0x8 /usr/lib/gcc/i686-linux-gnu/4.6/../../../i386-linux-gnu/crti.o
 .rel.text.beep_long
                0x000000000000be38        0x8 /usr/lib/gcc/i686-linux-gnu/4.6/../../../i386-linux-gnu/crti.o
 .rel.text.value
                0x000000000000be40       0x28 /usr/lib/gcc/i686-linux-gnu/4.6/../../../i386-linux-gnu/crti.o
 .rel.text.configure
                0x000000000000be68       0x40 /usr/lib/gcc/i686-linux-gnu/4.6/../../../i386-linux-gnu/crti.o
 .rel.text.status
                0x000000000000bea8       0x18 /usr/lib/gcc/i686-linux-gnu/4.6/../../../i386-linux-gnu/crti.o
 .rel.text.doInterfaceActionsBeforeTick
                0x000000000000bec0      0x188 /usr/lib/gcc/i686-linux-gnu/4.6/../../../i386-linux-gnu/crti.o
 .rel.text.leds_arch_init
                0x000000000000c048        0x8 /usr/lib/gcc/i686-linux-gnu/4.6/../../../i386-linux-gnu/crti.o
 .rel.text.leds_arch_get
                0x000000000000c050        0x8 /usr/lib/gcc/i686-linux-gnu/4.6/../../../i386-linux-gnu/crti.o
 .rel.text.leds_arch_set
                0x000000000000c058       0x10 /usr/lib/gcc/i686-linux-gnu/4.6/../../../i386-linux-gnu/crti.o
 .rel.text.rs232_set_input
                0x000000000000c068        0x8 /usr/lib/gcc/i686-linux-gnu/4.6/../../../i386-linux-gnu/crti.o
 .rel.text.rs232_send
                0x000000000000c070       0x10 /usr/lib/gcc/i686-linux-gnu/4.6/../../../i386-linux-gnu/crti.o
 .rel.text.rs232_print
                0x000000000000c080       0x10 /usr/lib/gcc/i686-linux-gnu/4.6/../../../i386-linux-gnu/crti.o
 .rel.text.slip_arch_writeb
                0x000000000000c090        0x8 /usr/lib/gcc/i686-linux-gnu/4.6/../../../i386-linux-gnu/crti.o
 .rel.text.clock_time
                0x000000000000c098        0x8 /usr/lib/gcc/i686-linux-gnu/4.6/../../../i386-linux-gnu/crti.o
 .rel.text.clock_seconds
                0x000000000000c0a0        0x8 /usr/lib/gcc/i686-linux-gnu/4.6/../../../i386-linux-gnu/crti.o
 .rel.text.simlog_char
                0x000000000000c0a8       0x30 /usr/lib/gcc/i686-linux-gnu/4.6/../../../i386-linux-gnu/crti.o
 .rel.text.simlog
                0x000000000000c0d8       0x38 /usr/lib/gcc/i686-linux-gnu/4.6/../../../i386-linux-gnu/crti.o
 .rel.text.log_message
                0x000000000000c110       0x10 /usr/lib/gcc/i686-linux-gnu/4.6/../../../i386-linux-gnu/crti.o
 .rel.text.log_set_putchar_with_slip
                0x000000000000c120        0x8 /usr/lib/gcc/i686-linux-gnu/4.6/../../../i386-linux-gnu/crti.o
 .rel.text.putchar
                0x000000000000c128       0x50 /usr/lib/gcc/i686-linux-gnu/4.6/../../../i386-linux-gnu/crti.o
 .rel.text.puts
                0x000000000000c178       0x10 /usr/lib/gcc/i686-linux-gnu/4.6/../../../i386-linux-gnu/crti.o
 .rel.text.printf
                0x000000000000c188       0x20 /usr/lib/gcc/i686-linux-gnu/4.6/../../../i386-linux-gnu/crti.o
 .rel.text.cfs_open
                0x000000000000c1a8       0x30 /usr/lib/gcc/i686-linux-gnu/4.6/../../../i386-linux-gnu/crti.o
 .rel.text.cfs_close
                0x000000000000c1d8        0x8 /usr/lib/gcc/i686-linux-gnu/4.6/../../../i386-linux-gnu/crti.o
 .rel.text.cfs_read
                0x000000000000c1e0       0x70 /usr/lib/gcc/i686-linux-gnu/4.6/../../../i386-linux-gnu/crti.o
 .rel.text.cfs_write
                0x000000000000c250       0x90 /usr/lib/gcc/i686-linux-gnu/4.6/../../../i386-linux-gnu/crti.o
 .rel.text.cfs_seek
                0x000000000000c2e0       0x68 /usr/lib/gcc/i686-linux-gnu/4.6/../../../i386-linux-gnu/crti.o
 .rel.text.cfs_remove
                0x000000000000c348        0x8 /usr/lib/gcc/i686-linux-gnu/4.6/../../../i386-linux-gnu/crti.o
 .rel.text.radio_set_channel
                0x000000000000c350        0x8 /usr/lib/gcc/i686-linux-gnu/4.6/../../../i386-linux-gnu/crti.o
 .rel.text.radio_set_txpower
                0x000000000000c358        0x8 /usr/lib/gcc/i686-linux-gnu/4.6/../../../i386-linux-gnu/crti.o
 .rel.text.radio_signal_strength_last
                0x000000000000c360        0x8 /usr/lib/gcc/i686-linux-gnu/4.6/../../../i386-linux-gnu/crti.o
 .rel.text.radio_signal_strength_current
                0x000000000000c368        0x8 /usr/lib/gcc/i686-linux-gnu/4.6/../../../i386-linux-gnu/crti.o
 .rel.text.radio_on
                0x000000000000c370        0x8 /usr/lib/gcc/i686-linux-gnu/4.6/../../../i386-linux-gnu/crti.o
 .rel.text.radio_off
                0x000000000000c378        0x8 /usr/lib/gcc/i686-linux-gnu/4.6/../../../i386-linux-gnu/crti.o
 .rel.text.radio_read
                0x000000000000c380       0x50 /usr/lib/gcc/i686-linux-gnu/4.6/../../../i386-linux-gnu/crti.o
 .rel.text.channel_clear
                0x000000000000c3d0        0x8 /usr/lib/gcc/i686-linux-gnu/4.6/../../../i386-linux-gnu/crti.o
 .rel.text.radio_send
                0x000000000000c3d8       0x70 /usr/lib/gcc/i686-linux-gnu/4.6/../../../i386-linux-gnu/crti.o
 .rel.text.prepare_packet
                0x000000000000c448        0x8 /usr/lib/gcc/i686-linux-gnu/4.6/../../../i386-linux-gnu/crti.o
 .rel.text.transmit_packet
                0x000000000000c450       0x10 /usr/lib/gcc/i686-linux-gnu/4.6/../../../i386-linux-gnu/crti.o
 .rel.text.receiving_packet
                0x000000000000c460        0x8 /usr/lib/gcc/i686-linux-gnu/4.6/../../../i386-linux-gnu/crti.o
 .rel.text.pending_packet
                0x000000000000c468       0x10 /usr/lib/gcc/i686-linux-gnu/4.6/../../../i386-linux-gnu/crti.o
 .rel.text.process_thread_cooja_radio_process
                0x000000000000c478       0x20 /usr/lib/gcc/i686-linux-gnu/4.6/../../../i386-linux-gnu/crti.o
 .rel.text.get_sensor_index
                0x000000000000c498       0x10 /usr/lib/gcc/i686-linux-gnu/4.6/../../../i386-linux-gnu/crti.o
 .rel.text.sensors_first
                0x000000000000c4a8        0x8 /usr/lib/gcc/i686-linux-gnu/4.6/../../../i386-linux-gnu/crti.o
 .rel.text.sensors_next
                0x000000000000c4b0        0x8 /usr/lib/gcc/i686-linux-gnu/4.6/../../../i386-linux-gnu/crti.o
 .rel.text.sensors_changed
                0x000000000000c4b8       0x20 /usr/lib/gcc/i686-linux-gnu/4.6/../../../i386-linux-gnu/crti.o
 .rel.text.sensors_find
                0x000000000000c4d8       0x20 /usr/lib/gcc/i686-linux-gnu/4.6/../../../i386-linux-gnu/crti.o
 .rel.text.process_thread_sensors_process
                0x000000000000c4f8      0x108 /usr/lib/gcc/i686-linux-gnu/4.6/../../../i386-linux-gnu/crti.o
 .rel.text.frame802154_parse
                0x000000000000c600       0x40 /usr/lib/gcc/i686-linux-gnu/4.6/../../../i386-linux-gnu/crti.o
 .rel.text.rpl_purge_routes
                0x000000000000c640       0x50 /usr/lib/gcc/i686-linux-gnu/4.6/../../../i386-linux-gnu/crti.o
 .rel.text.rpl_remove_routes
                0x000000000000c690       0x20 /usr/lib/gcc/i686-linux-gnu/4.6/../../../i386-linux-gnu/crti.o
 .rel.text.rpl_remove_routes_by_nexthop
                0x000000000000c6b0       0x30 /usr/lib/gcc/i686-linux-gnu/4.6/../../../i386-linux-gnu/crti.o
 .rel.text.rpl_add_route
                0x000000000000c6e0        0x8 /usr/lib/gcc/i686-linux-gnu/4.6/../../../i386-linux-gnu/crti.o
 .rel.text.rpl_link_neighbor_callback
                0x000000000000c6e8       0x20 /usr/lib/gcc/i686-linux-gnu/4.6/../../../i386-linux-gnu/crti.o
 .rel.text.rpl_ipv6_neighbor_callback
                0x000000000000c708       0x10 /usr/lib/gcc/i686-linux-gnu/4.6/../../../i386-linux-gnu/crti.o
 .rel.text.rpl_init
                0x000000000000c718       0x28 /usr/lib/gcc/i686-linux-gnu/4.6/../../../i386-linux-gnu/crti.o
 .rel.text.rpl_verify_header
                0x000000000000c740       0xd0 /usr/lib/gcc/i686-linux-gnu/4.6/../../../i386-linux-gnu/crti.o
 .rel.text.set_rpl_opt
                0x000000000000c810      0x108 /usr/lib/gcc/i686-linux-gnu/4.6/../../../i386-linux-gnu/crti.o
 .rel.text.rpl_update_header_empty
                0x000000000000c918      0x120 /usr/lib/gcc/i686-linux-gnu/4.6/../../../i386-linux-gnu/crti.o
 .rel.text.rpl_update_header_final
                0x000000000000ca38       0xc0 /usr/lib/gcc/i686-linux-gnu/4.6/../../../i386-linux-gnu/crti.o
 .rel.text.rpl_remove_header
                0x000000000000caf8       0xb0 /usr/lib/gcc/i686-linux-gnu/4.6/../../../i386-linux-gnu/crti.o
 .rel.text.rpl_invert_header
                0x000000000000cba8       0xa8 /usr/lib/gcc/i686-linux-gnu/4.6/../../../i386-linux-gnu/crti.o
 .rel.text.rpl_insert_header
                0x000000000000cc50       0x20 /usr/lib/gcc/i686-linux-gnu/4.6/../../../i386-linux-gnu/crti.o
 .rel.text.timer_set
                0x000000000000cc70        0x8 /usr/lib/gcc/i686-linux-gnu/4.6/../../../i386-linux-gnu/crti.o
 .rel.text.timer_restart
                0x000000000000cc78        0x8 /usr/lib/gcc/i686-linux-gnu/4.6/../../../i386-linux-gnu/crti.o
 .rel.text.timer_expired
                0x000000000000cc80        0x8 /usr/lib/gcc/i686-linux-gnu/4.6/../../../i386-linux-gnu/crti.o
 .rel.text.timer_remaining
                0x000000000000cc88        0x8 /usr/lib/gcc/i686-linux-gnu/4.6/../../../i386-linux-gnu/crti.o
 .rel.text.rtimer_init
                0x000000000000cc90        0x8 /usr/lib/gcc/i686-linux-gnu/4.6/../../../i386-linux-gnu/crti.o
 .rel.text.rtimer_set
                0x000000000000cc98       0x18 /usr/lib/gcc/i686-linux-gnu/4.6/../../../i386-linux-gnu/crti.o
 .rel.text.rtimer_run_next
                0x000000000000ccb0       0x30 /usr/lib/gcc/i686-linux-gnu/4.6/../../../i386-linux-gnu/crti.o
 *(.rel.fini)
 *(.rel.rodata .rel.rodata.* .rel.gnu.linkonce.r.*)
 .rel.rodata    0x000000000000cce0      0x570 /usr/lib/gcc/i686-linux-gnu/4.6/../../../i386-linux-gnu/crti.o
 *(.rel.data.rel.ro* .rel.gnu.linkonce.d.rel.ro.*)
 *(.rel.data .rel.data.* .rel.gnu.linkonce.d.*)
 .rel.data.rel  0x000000000000d250        0x8 /usr/lib/gcc/i686-linux-gnu/4.6/../../../i386-linux-gnu/crti.o
 .rel.data      0x000000000000d258      0x260 /usr/lib/gcc/i686-linux-gnu/4.6/../../../i386-linux-gnu/crti.o
 *(.rel.tdata .rel.tdata.* .rel.gnu.linkonce.td.*)
 *(.rel.tbss .rel.tbss.* .rel.gnu.linkonce.tb.*)
 *(.rel.ctors)
 *(.rel.dtors)
 *(.rel.got)
 .rel.got       0x000000000000d4b8       0x18 /usr/lib/gcc/i686-linux-gnu/4.6/../../../i386-linux-gnu/crti.o
 *(.rel.bss .rel.bss.* .rel.gnu.linkonce.b.*)
 *(.rel.ifunc)
 .rel.ifunc     0x0000000000000000        0x0 /usr/lib/gcc/i686-linux-gnu/4.6/../../../i386-linux-gnu/crti.o

.rel.plt        0x000000000000d4d0       0x10
 *(.rel.plt)
 .rel.plt       0x000000000000d4d0       0x10 /usr/lib/gcc/i686-linux-gnu/4.6/../../../i386-linux-gnu/crti.o
 *(.rel.iplt)

.init           0x000000000000d4e0       0x2e
 *(.init)
 .init          0x000000000000d4e0       0x1f /usr/lib/gcc/i686-linux-gnu/4.6/../../../i386-linux-gnu/crti.o
                0x000000000000d4e0                _init
 .init          0x000000000000d4ff        0x5 /usr/lib/gcc/i686-linux-gnu/4.6/crtbeginS.o
 .init          0x000000000000d504        0x5 /usr/lib/gcc/i686-linux-gnu/4.6/crtendS.o
 .init          0x000000000000d509        0x5 /usr/lib/gcc/i686-linux-gnu/4.6/../../../i386-linux-gnu/crtn.o

.plt            0x000000000000d510       0x30
 *(.plt)
 .plt           0x000000000000d510       0x30 /usr/lib/gcc/i686-linux-gnu/4.6/../../../i386-linux-gnu/crti.o
 *(.iplt)

.text           0x000000000000d540    0x13c68
 *(.text.unlikely .text.*_unlikely)
 *(.text.exit .text.exit.*)
 *(.text.startup .text.startup.*)
 *(.text.hot .text.hot.*)
 *(.text .stub .text.* .gnu.linkonce.t.*)
 .text          0x000000000000d540        0x0 /usr/lib/gcc/i686-linux-gnu/4.6/../../../i386-linux-gnu/crti.o
 .text          0x000000000000d540       0xb7 /usr/lib/gcc/i686-linux-gnu/4.6/crtbeginS.o
 .text.__i686.get_pc_thunk.bx
                0x000000000000d5f7        0x4 /usr/lib/gcc/i686-linux-gnu/4.6/crtbeginS.o
                0x000000000000d5f7                __i686.get_pc_thunk.bx
 *fill*         0x000000000000d5fb        0x1 90909090
 .text          0x000000000000d5fc        0x0 server.co
 .text.receiver
                0x000000000000d5fc      0x4bb server.co
 .text.set_global_address
                0x000000000000dab7       0xff server.co
 .text.create_rpl_dag
                0x000000000000dbb6       0xa3 server.co
 .text.process_thread_server_process
                0x000000000000dc59       0xac server.co
 .text.process_thread_broadcast_process
                0x000000000000dd05      0x224 server.co
 *fill*         0x000000000000df29        0x3 90909090
 .text          0x000000000000df2c        0x0 obj_cooja/mtype891.o
 .text.print_processes
                0x000000000000df2c       0x49 obj_cooja/mtype891.o
 .text.rtimer_thread_loop
                0x000000000000df75       0x12 obj_cooja/mtype891.o
 .text.set_rime_addr
                0x000000000000df87       0xd1 obj_cooja/mtype891.o
 .text.contiki_init
                0x000000000000e058      0x3b0 obj_cooja/mtype891.o
                0x000000000000e058                contiki_init
 .text.process_run_thread_loop
                0x000000000000e408       0x6e obj_cooja/mtype891.o
 .text.Java_se_sics_cooja_corecomm_Lib7_init
                0x000000000000e476       0x40 obj_cooja/mtype891.o
                0x000000000000e476                Java_se_sics_cooja_corecomm_Lib7_init
 .text.Java_se_sics_cooja_corecomm_Lib7_getMemory
                0x000000000000e4b6       0x3d obj_cooja/mtype891.o
                0x000000000000e4b6                Java_se_sics_cooja_corecomm_Lib7_getMemory
 .text.Java_se_sics_cooja_corecomm_Lib7_setMemory
                0x000000000000e4f3       0x74 obj_cooja/mtype891.o
                0x000000000000e4f3                Java_se_sics_cooja_corecomm_Lib7_setMemory
 .text.Java_se_sics_cooja_corecomm_Lib7_tick
                0x000000000000e567       0xe1 obj_cooja/mtype891.o
                0x000000000000e567                Java_se_sics_cooja_corecomm_Lib7_tick
 .text.Java_se_sics_cooja_corecomm_Lib7_setReferenceAddress
                0x000000000000e648       0x12 obj_cooja/mtype891.o
                0x000000000000e648                Java_se_sics_cooja_corecomm_Lib7_setReferenceAddress
 *fill*         0x000000000000e65a        0x2 90909090
 .text          0x000000000000e65c        0x0 obj_cooja/mtype891.a(rimeaddr.o)
 .text.rimeaddr_copy
                0x000000000000e65c       0x15 obj_cooja/mtype891.a(rimeaddr.o)
                0x000000000000e65c                rimeaddr_copy
 .text.rimeaddr_cmp
                0x000000000000e671       0x2a obj_cooja/mtype891.a(rimeaddr.o)
                0x000000000000e671                rimeaddr_cmp
 .text.rimeaddr_set_node_addr
                0x000000000000e69b       0x1b obj_cooja/mtype891.a(rimeaddr.o)
                0x000000000000e69b                rimeaddr_set_node_addr
 *fill*         0x000000000000e6b6        0x2 90909090
 .text          0x000000000000e6b8        0x0 obj_cooja/mtype891.a(nullrdc.o)
 .text.packetbuf_set_attr
                0x000000000000e6b8       0x2a obj_cooja/mtype891.a(nullrdc.o)
 .text.packetbuf_attr
                0x000000000000e6e2       0x1a obj_cooja/mtype891.a(nullrdc.o)
 .text.packetbuf_set_addr
                0x000000000000e6fc       0x32 obj_cooja/mtype891.a(nullrdc.o)
 .text.packetbuf_addr
                0x000000000000e72e       0x1d obj_cooja/mtype891.a(nullrdc.o)
 .text.send_one_packet
                0x000000000000e74b      0x1f9 obj_cooja/mtype891.a(nullrdc.o)
 .text.send_packet
                0x000000000000e944       0x1a obj_cooja/mtype891.a(nullrdc.o)
 .text.send_list
                0x000000000000e95e       0x4a obj_cooja/mtype891.a(nullrdc.o)
 .text.packet_input
                0x000000000000e9a8      0x212 obj_cooja/mtype891.a(nullrdc.o)
 .text.on       0x000000000000ebba        0xf obj_cooja/mtype891.a(nullrdc.o)
 .text.off      0x000000000000ebc9       0x1e obj_cooja/mtype891.a(nullrdc.o)
 .text.channel_check_interval
                0x000000000000ebe7        0xa obj_cooja/mtype891.a(nullrdc.o)
 .text.init     0x000000000000ebf1        0xd obj_cooja/mtype891.a(nullrdc.o)
 *fill*         0x000000000000ebfe        0x2 90909090
 .text          0x000000000000ec00        0x0 obj_cooja/mtype891.a(mac.o)
 .text.mac_call_sent_callback
                0x000000000000ec00       0x3c obj_cooja/mtype891.a(mac.o)
                0x000000000000ec00                mac_call_sent_callback
 .text          0x000000000000ec3c        0x0 obj_cooja/mtype891.a(framer-802154.o)
 .text.packetbuf_set_attr
                0x000000000000ec3c       0x2a obj_cooja/mtype891.a(framer-802154.o)
 .text.packetbuf_attr
                0x000000000000ec66       0x1a obj_cooja/mtype891.a(framer-802154.o)
 .text.packetbuf_set_addr
                0x000000000000ec80       0x32 obj_cooja/mtype891.a(framer-802154.o)
 .text.packetbuf_addr
                0x000000000000ecb2       0x1d obj_cooja/mtype891.a(framer-802154.o)
 .text.is_broadcast_addr
                0x000000000000eccf       0x4d obj_cooja/mtype891.a(framer-802154.o)
 .text.create   0x000000000000ed1c      0x1cd obj_cooja/mtype891.a(framer-802154.o)
 .text.parse    0x000000000000eee9      0x12c obj_cooja/mtype891.a(framer-802154.o)
 *fill*         0x000000000000f015        0x3 90909090
 .text          0x000000000000f018        0x0 obj_cooja/mtype891.a(csma.o)
 .text.packetbuf_set_attr
                0x000000000000f018       0x2a obj_cooja/mtype891.a(csma.o)
 .text.packetbuf_attr
                0x000000000000f042       0x1a obj_cooja/mtype891.a(csma.o)
 .text.packetbuf_addr
                0x000000000000f05c       0x1d obj_cooja/mtype891.a(csma.o)
 .text.neighbor_queue_from_addr
                0x000000000000f079       0x51 obj_cooja/mtype891.a(csma.o)
 .text.default_timebase
                0x000000000000f0ca       0x25 obj_cooja/mtype891.a(csma.o)
 .text.transmit_packet_list
                0x000000000000f0ef       0x48 obj_cooja/mtype891.a(csma.o)
 .text.free_packet
                0x000000000000f137       0xe2 obj_cooja/mtype891.a(csma.o)
 .text.packet_sent
                0x000000000000f219      0x215 obj_cooja/mtype891.a(csma.o)
 .text.send_packet
                0x000000000000f42e      0x28b obj_cooja/mtype891.a(csma.o)
 .text.input_packet
                0x000000000000f6b9        0xf obj_cooja/mtype891.a(csma.o)
 .text.on       0x000000000000f6c8        0xf obj_cooja/mtype891.a(csma.o)
 .text.off      0x000000000000f6d7       0x16 obj_cooja/mtype891.a(csma.o)
 .text.channel_check_interval
                0x000000000000f6ed       0x1f obj_cooja/mtype891.a(csma.o)
 .text.init     0x000000000000f70c       0x2c obj_cooja/mtype891.a(csma.o)
 .text          0x000000000000f738        0x0 obj_cooja/mtype891.a(rpl-dag.o)
 .text.rpl_dag_init
                0x000000000000f738       0x1d obj_cooja/mtype891.a(rpl-dag.o)
                0x000000000000f738                rpl_dag_init
 .text.rpl_get_parent_rank
                0x000000000000f755       0x33 obj_cooja/mtype891.a(rpl-dag.o)
                0x000000000000f755                rpl_get_parent_rank
 .text.rpl_get_parent_link_metric
                0x000000000000f788       0x33 obj_cooja/mtype891.a(rpl-dag.o)
                0x000000000000f788                rpl_get_parent_link_metric
 .text.rpl_get_parent_ipaddr
                0x000000000000f7bb       0x2a obj_cooja/mtype891.a(rpl-dag.o)
                0x000000000000f7bb                rpl_get_parent_ipaddr
 .text.rpl_set_preferred_parent
                0x000000000000f7e5       0x4d obj_cooja/mtype891.a(rpl-dag.o)
 .text.lollipop_greater_than
                0x000000000000f832       0x65 obj_cooja/mtype891.a(rpl-dag.o)
 .text.remove_parents
                0x000000000000f897       0x61 obj_cooja/mtype891.a(rpl-dag.o)
 .text.nullify_parents
                0x000000000000f8f8       0x61 obj_cooja/mtype891.a(rpl-dag.o)
 .text.should_send_dao
                0x000000000000f959       0x5b obj_cooja/mtype891.a(rpl-dag.o)
 .text.acceptable_rank
                0x000000000000f9b4       0x98 obj_cooja/mtype891.a(rpl-dag.o)
 .text.get_dag  0x000000000000fa4c       0x88 obj_cooja/mtype891.a(rpl-dag.o)
 .text.rpl_set_root
                0x000000000000fad4      0x1d1 obj_cooja/mtype891.a(rpl-dag.o)
                0x000000000000fad4                rpl_set_root
 .text.rpl_repair_root
                0x000000000000fca5       0xd6 obj_cooja/mtype891.a(rpl-dag.o)
                0x000000000000fca5                rpl_repair_root
 .text.set_ip_from_prefix
                0x000000000000fd7b       0x6b obj_cooja/mtype891.a(rpl-dag.o)
 .text.check_prefix
                0x000000000000fde6      0x103 obj_cooja/mtype891.a(rpl-dag.o)
 .text.rpl_set_prefix
                0x000000000000fee9      0x10e obj_cooja/mtype891.a(rpl-dag.o)
                0x000000000000fee9                rpl_set_prefix
 .text.rpl_set_default_route
                0x000000000000fff7       0xa5 obj_cooja/mtype891.a(rpl-dag.o)
                0x000000000000fff7                rpl_set_default_route
 .text.rpl_alloc_instance
                0x000000000001009c       0xd9 obj_cooja/mtype891.a(rpl-dag.o)
                0x000000000001009c                rpl_alloc_instance
 .text.rpl_alloc_dag
                0x0000000000010175      0x112 obj_cooja/mtype891.a(rpl-dag.o)
                0x0000000000010175                rpl_alloc_dag
 .text.rpl_set_default_instance
                0x0000000000010287        0xd obj_cooja/mtype891.a(rpl-dag.o)
                0x0000000000010287                rpl_set_default_instance
 .text.rpl_free_instance
                0x0000000000010294       0x91 obj_cooja/mtype891.a(rpl-dag.o)
                0x0000000000010294                rpl_free_instance
 .text.rpl_free_dag
                0x0000000000010325       0x66 obj_cooja/mtype891.a(rpl-dag.o)
                0x0000000000010325                rpl_free_dag
 .text.rpl_add_parent
                0x000000000001038b       0x6a obj_cooja/mtype891.a(rpl-dag.o)
                0x000000000001038b                rpl_add_parent
 .text.find_parent_any_dag_any_instance
                0x00000000000103f5       0x38 obj_cooja/mtype891.a(rpl-dag.o)
 .text.rpl_find_parent
                0x000000000001042d       0x31 obj_cooja/mtype891.a(rpl-dag.o)
                0x000000000001042d                rpl_find_parent
 .text.find_parent_dag
                0x000000000001045e       0x29 obj_cooja/mtype891.a(rpl-dag.o)
 .text.rpl_find_parent_any_dag
                0x0000000000010487       0x3e obj_cooja/mtype891.a(rpl-dag.o)
                0x0000000000010487                rpl_find_parent_any_dag
 .text.rpl_select_dag
                0x00000000000104c5      0x31b obj_cooja/mtype891.a(rpl-dag.o)
                0x00000000000104c5                rpl_select_dag
 .text.rpl_select_parent
                0x00000000000107e0       0x92 obj_cooja/mtype891.a(rpl-dag.o)
                0x00000000000107e0                rpl_select_parent
 .text.rpl_remove_parent
                0x0000000000010872       0x27 obj_cooja/mtype891.a(rpl-dag.o)
                0x0000000000010872                rpl_remove_parent
 .text.rpl_nullify_parent
                0x0000000000010899       0x94 obj_cooja/mtype891.a(rpl-dag.o)
                0x0000000000010899                rpl_nullify_parent
 .text.rpl_move_parent
                0x000000000001092d       0xc8 obj_cooja/mtype891.a(rpl-dag.o)
                0x000000000001092d                rpl_move_parent
 .text.rpl_get_any_dag
                0x00000000000109f5       0x62 obj_cooja/mtype891.a(rpl-dag.o)
                0x00000000000109f5                rpl_get_any_dag
 .text.rpl_get_instance
                0x0000000000010a57       0x63 obj_cooja/mtype891.a(rpl-dag.o)
                0x0000000000010a57                rpl_get_instance
 .text.rpl_find_of
                0x0000000000010aba       0x47 obj_cooja/mtype891.a(rpl-dag.o)
                0x0000000000010aba                rpl_find_of
 .text.rpl_join_instance
                0x0000000000010b01      0x2a6 obj_cooja/mtype891.a(rpl-dag.o)
                0x0000000000010b01                rpl_join_instance
 .text.rpl_add_dag
                0x0000000000010da7      0x280 obj_cooja/mtype891.a(rpl-dag.o)
                0x0000000000010da7                rpl_add_dag
 .text.global_repair
                0x0000000000011027      0x105 obj_cooja/mtype891.a(rpl-dag.o)
 .text.rpl_local_repair
                0x000000000001112c       0x8c obj_cooja/mtype891.a(rpl-dag.o)
                0x000000000001112c                rpl_local_repair
 .text.rpl_recalculate_ranks
                0x00000000000111b8       0x78 obj_cooja/mtype891.a(rpl-dag.o)
                0x00000000000111b8                rpl_recalculate_ranks
 .text.rpl_process_parent_event
                0x0000000000011230       0x81 obj_cooja/mtype891.a(rpl-dag.o)
                0x0000000000011230                rpl_process_parent_event
 .text.rpl_process_dio
                0x00000000000112b1      0x43a obj_cooja/mtype891.a(rpl-dag.o)
                0x00000000000112b1                rpl_process_dio
 *fill*         0x00000000000116eb        0x1 90909090
 .text          0x00000000000116ec        0x0 obj_cooja/mtype891.a(rpl-icmp6.o)
 .text.packetbuf_addr
                0x00000000000116ec       0x1d obj_cooja/mtype891.a(rpl-icmp6.o)
 .text.get_global_addr
                0x0000000000011709       0xb7 obj_cooja/mtype891.a(rpl-icmp6.o)
 .text.get32    0x00000000000117c0       0x4f obj_cooja/mtype891.a(rpl-icmp6.o)
 .text.set32    0x000000000001180f       0x4a obj_cooja/mtype891.a(rpl-icmp6.o)
 .text.get16    0x0000000000011859       0x27 obj_cooja/mtype891.a(rpl-icmp6.o)
 .text.set16    0x0000000000011880       0x33 obj_cooja/mtype891.a(rpl-icmp6.o)
 .text.dis_input
                0x00000000000118b3       0x65 obj_cooja/mtype891.a(rpl-icmp6.o)
 .text.dis_output
                0x0000000000011918       0xaf obj_cooja/mtype891.a(rpl-icmp6.o)
                0x0000000000011918                dis_output
 .text.dio_input
                0x00000000000119c7      0x5d8 obj_cooja/mtype891.a(rpl-icmp6.o)
 .text.dio_output
                0x0000000000011f9f      0x53e obj_cooja/mtype891.a(rpl-icmp6.o)
                0x0000000000011f9f                dio_output
 .text.dao_input
                0x00000000000124dd      0x40b obj_cooja/mtype891.a(rpl-icmp6.o)
 .text.dao_output
                0x00000000000128e8       0x5c obj_cooja/mtype891.a(rpl-icmp6.o)
                0x00000000000128e8                dao_output
 .text.dao_output_target
                0x0000000000012944      0x243 obj_cooja/mtype891.a(rpl-icmp6.o)
                0x0000000000012944                dao_output_target
 .text.dao_ack_input
                0x0000000000012b87        0x5 obj_cooja/mtype891.a(rpl-icmp6.o)
 .text.dao_ack_output
                0x0000000000012b8c       0x73 obj_cooja/mtype891.a(rpl-icmp6.o)
                0x0000000000012b8c                dao_ack_output
 .text.uip_rpl_input
                0x0000000000012bff       0x63 obj_cooja/mtype891.a(rpl-icmp6.o)
                0x0000000000012bff                uip_rpl_input
 *fill*         0x0000000000012c62        0x2 90909090
 .text          0x0000000000012c64        0x0 obj_cooja/mtype891.a(rpl-timers.o)
 .text.handle_periodic_timer
                0x0000000000012c64       0x59 obj_cooja/mtype891.a(rpl-timers.o)
 .text.new_dio_interval
                0x0000000000012cbd       0xda obj_cooja/mtype891.a(rpl-timers.o)
 .text.handle_dio_timer
                0x0000000000012d97      0x11f obj_cooja/mtype891.a(rpl-timers.o)
 .text.rpl_reset_periodic_timer
                0x0000000000012eb6       0x5b obj_cooja/mtype891.a(rpl-timers.o)
                0x0000000000012eb6                rpl_reset_periodic_timer
 .text.rpl_reset_dio_timer
                0x0000000000012f11       0x48 obj_cooja/mtype891.a(rpl-timers.o)
                0x0000000000012f11                rpl_reset_dio_timer
 .text.handle_dao_timer
                0x0000000000012f59       0x92 obj_cooja/mtype891.a(rpl-timers.o)
 .text.rpl_schedule_dao
                0x0000000000012feb       0x89 obj_cooja/mtype891.a(rpl-timers.o)
                0x0000000000012feb                rpl_schedule_dao
 .text          0x0000000000013074        0x0 obj_cooja/mtype891.a(rpl-mrhof.o)
 .text.calculate_path_metric
                0x0000000000013074       0x22 obj_cooja/mtype891.a(rpl-mrhof.o)
 .text.reset    0x0000000000013096        0x5 obj_cooja/mtype891.a(rpl-mrhof.o)
 .text.neighbor_link_callback
                0x000000000001309b       0x6c obj_cooja/mtype891.a(rpl-mrhof.o)
 .text.calculate_rank
                0x0000000000013107       0x75 obj_cooja/mtype891.a(rpl-mrhof.o)
 .text.best_dag
                0x000000000001317c       0x75 obj_cooja/mtype891.a(rpl-mrhof.o)
 .text.best_parent
                0x00000000000131f1       0x92 obj_cooja/mtype891.a(rpl-mrhof.o)
 .text.update_metric_container
                0x0000000000013283        0xb obj_cooja/mtype891.a(rpl-mrhof.o)
 *fill*         0x000000000001328e        0x2 90909090
 .text          0x0000000000013290        0x0 obj_cooja/mtype891.a(process.o)
 .text.process_alloc_event
                0x0000000000013290       0x18 obj_cooja/mtype891.a(process.o)
                0x0000000000013290                process_alloc_event
 .text.process_start
                0x00000000000132a8       0x70 obj_cooja/mtype891.a(process.o)
                0x00000000000132a8                process_start
 .text.exit_process
                0x0000000000013318       0xec obj_cooja/mtype891.a(process.o)
 .text.call_process
                0x0000000000013404       0x90 obj_cooja/mtype891.a(process.o)
 .text.process_exit
                0x0000000000013494       0x1c obj_cooja/mtype891.a(process.o)
                0x0000000000013494                process_exit
 .text.process_init
                0x00000000000134b0       0x33 obj_cooja/mtype891.a(process.o)
                0x00000000000134b0                process_init
 .text.do_poll  0x00000000000134e3       0x5b obj_cooja/mtype891.a(process.o)
 .text.do_event
                0x000000000001353e      0x145 obj_cooja/mtype891.a(process.o)
 .text.process_run
                0x0000000000013683       0x33 obj_cooja/mtype891.a(process.o)
                0x0000000000013683                process_run
 .text.process_nevents
                0x00000000000136b6       0x1b obj_cooja/mtype891.a(process.o)
                0x00000000000136b6                process_nevents
 .text.process_post
                0x00000000000136d1       0xac obj_cooja/mtype891.a(process.o)
                0x00000000000136d1                process_post
 .text.process_post_synch
                0x000000000001377d       0x38 obj_cooja/mtype891.a(process.o)
                0x000000000001377d                process_post_synch
 .text.process_poll
                0x00000000000137b5       0x2f obj_cooja/mtype891.a(process.o)
                0x00000000000137b5                process_poll
 .text.process_is_running
                0x00000000000137e4       0x14 obj_cooja/mtype891.a(process.o)
                0x00000000000137e4                process_is_running
 .text          0x00000000000137f8        0x0 obj_cooja/mtype891.a(autostart.o)
 .text.autostart_start
                0x00000000000137f8       0x3f obj_cooja/mtype891.a(autostart.o)
                0x00000000000137f8                autostart_start
 .text.autostart_exit
                0x0000000000013837       0x37 obj_cooja/mtype891.a(autostart.o)
                0x0000000000013837                autostart_exit
 *fill*         0x000000000001386e        0x2 90909090
 .text          0x0000000000013870        0x0 obj_cooja/mtype891.a(serial-line.o)
 .text.serial_line_input_byte
                0x0000000000013870       0x7d obj_cooja/mtype891.a(serial-line.o)
                0x0000000000013870                serial_line_input_byte
 .text.process_thread_serial_line_process
                0x00000000000138ed      0x137 obj_cooja/mtype891.a(serial-line.o)
 .text.serial_line_init
                0x0000000000013a24       0x38 obj_cooja/mtype891.a(serial-line.o)
                0x0000000000013a24                serial_line_init
 .text          0x0000000000013a5c        0x0 obj_cooja/mtype891.a(memb.o)
 .text.memb_init
                0x0000000000013a5c       0x5e obj_cooja/mtype891.a(memb.o)
                0x0000000000013a5c                memb_init
 .text.memb_alloc
                0x0000000000013aba       0x65 obj_cooja/mtype891.a(memb.o)
                0x0000000000013aba                memb_alloc
 .text.memb_free
                0x0000000000013b1f       0x7b obj_cooja/mtype891.a(memb.o)
                0x0000000000013b1f                memb_free
 .text.memb_inmemb
                0x0000000000013b9a       0x3f obj_cooja/mtype891.a(memb.o)
                0x0000000000013b9a                memb_inmemb
 *fill*         0x0000000000013bd9        0x3 90909090
 .text          0x0000000000013bdc        0x0 obj_cooja/mtype891.a(list.o)
 .text.list_init
                0x0000000000013bdc        0xe obj_cooja/mtype891.a(list.o)
                0x0000000000013bdc                list_init
 .text.list_head
                0x0000000000013bea        0xa obj_cooja/mtype891.a(list.o)
                0x0000000000013bea                list_head
 .text.list_copy
                0x0000000000013bf4        0xf obj_cooja/mtype891.a(list.o)
                0x0000000000013bf4                list_copy
 .text.list_tail
                0x0000000000013c03       0x36 obj_cooja/mtype891.a(list.o)
                0x0000000000013c03                list_tail
 .text.list_add
                0x0000000000013c39       0x49 obj_cooja/mtype891.a(list.o)
                0x0000000000013c39                list_add
 .text.list_push
                0x0000000000013c82       0x2c obj_cooja/mtype891.a(list.o)
                0x0000000000013c82                list_push
 .text.list_chop
                0x0000000000013cae       0x6a obj_cooja/mtype891.a(list.o)
                0x0000000000013cae                list_chop
 .text.list_pop
                0x0000000000013d18       0x28 obj_cooja/mtype891.a(list.o)
                0x0000000000013d18                list_pop
 .text.list_remove
                0x0000000000013d40       0x68 obj_cooja/mtype891.a(list.o)
                0x0000000000013d40                list_remove
 .text.list_length
                0x0000000000013da8       0x2e obj_cooja/mtype891.a(list.o)
                0x0000000000013da8                list_length
 .text.list_insert
                0x0000000000013dd6       0x34 obj_cooja/mtype891.a(list.o)
                0x0000000000013dd6                list_insert
 .text.list_item_next
                0x0000000000013e0a       0x17 obj_cooja/mtype891.a(list.o)
                0x0000000000013e0a                list_item_next
 *fill*         0x0000000000013e21        0x3 90909090
 .text          0x0000000000013e24        0x0 obj_cooja/mtype891.a(etimer.o)
 .text.update_time
                0x0000000000013e24       0x8f obj_cooja/mtype891.a(etimer.o)
 .text.process_thread_etimer_process
                0x0000000000013eb3      0x190 obj_cooja/mtype891.a(etimer.o)
 .text.etimer_request_poll
                0x0000000000014043       0x14 obj_cooja/mtype891.a(etimer.o)
                0x0000000000014043                etimer_request_poll
 .text.add_timer
                0x0000000000014057       0x70 obj_cooja/mtype891.a(etimer.o)
 .text.etimer_set
                0x00000000000140c7       0x25 obj_cooja/mtype891.a(etimer.o)
                0x00000000000140c7                etimer_set
 .text.etimer_reset
                0x00000000000140ec       0x1e obj_cooja/mtype891.a(etimer.o)
                0x00000000000140ec                etimer_reset
 .text.etimer_restart
                0x000000000001410a       0x1e obj_cooja/mtype891.a(etimer.o)
                0x000000000001410a                etimer_restart
 .text.etimer_adjust
                0x0000000000014128       0x1c obj_cooja/mtype891.a(etimer.o)
                0x0000000000014128                etimer_adjust
 .text.etimer_expired
                0x0000000000014144       0x13 obj_cooja/mtype891.a(etimer.o)
                0x0000000000014144                etimer_expired
 .text.etimer_expiration_time
                0x0000000000014157       0x12 obj_cooja/mtype891.a(etimer.o)
                0x0000000000014157                etimer_expiration_time
 .text.etimer_start_time
                0x0000000000014169        0xa obj_cooja/mtype891.a(etimer.o)
                0x0000000000014169                etimer_start_time
 .text.etimer_pending
                0x0000000000014173       0x12 obj_cooja/mtype891.a(etimer.o)
                0x0000000000014173                etimer_pending
 .text.etimer_next_expiration_time
                0x0000000000014185       0x1a obj_cooja/mtype891.a(etimer.o)
                0x0000000000014185                etimer_next_expiration_time
 .text.etimer_stop
                0x000000000001419f       0x75 obj_cooja/mtype891.a(etimer.o)
                0x000000000001419f                etimer_stop
 .text          0x0000000000014214        0x0 obj_cooja/mtype891.a(ctimer.o)
 .text.process_thread_ctimer_process
                0x0000000000014214      0x11b obj_cooja/mtype891.a(ctimer.o)
 .text.ctimer_init
                0x000000000001432f       0x30 obj_cooja/mtype891.a(ctimer.o)
                0x000000000001432f                ctimer_init
 .text.ctimer_set
                0x000000000001435f       0x93 obj_cooja/mtype891.a(ctimer.o)
                0x000000000001435f                ctimer_set
 .text.ctimer_reset
                0x00000000000143f2       0x63 obj_cooja/mtype891.a(ctimer.o)
                0x00000000000143f2                ctimer_reset
 .text.ctimer_restart
                0x0000000000014455       0x63 obj_cooja/mtype891.a(ctimer.o)
                0x0000000000014455                ctimer_restart
 .text.ctimer_stop
                0x00000000000144b8       0x4b obj_cooja/mtype891.a(ctimer.o)
                0x00000000000144b8                ctimer_stop
 .text.ctimer_expired
                0x0000000000014503       0x57 obj_cooja/mtype891.a(ctimer.o)
                0x0000000000014503                ctimer_expired
 *fill*         0x000000000001455a        0x2 90909090
 .text          0x000000000001455c        0x0 obj_cooja/mtype891.a(stimer.o)
 .text.stimer_set
                0x000000000001455c       0x1b obj_cooja/mtype891.a(stimer.o)
                0x000000000001455c                stimer_set
 .text.stimer_reset
                0x0000000000014577       0x17 obj_cooja/mtype891.a(stimer.o)
                0x0000000000014577                stimer_reset
 .text.stimer_restart
                0x000000000001458e       0x12 obj_cooja/mtype891.a(stimer.o)
                0x000000000001458e                stimer_restart
 .text.stimer_expired
                0x00000000000145a0       0x27 obj_cooja/mtype891.a(stimer.o)
                0x00000000000145a0                stimer_expired
 .text.stimer_remaining
                0x00000000000145c7       0x26 obj_cooja/mtype891.a(stimer.o)
                0x00000000000145c7                stimer_remaining
 .text.stimer_elapsed
                0x00000000000145ed       0x14 obj_cooja/mtype891.a(stimer.o)
                0x00000000000145ed                stimer_elapsed
 *fill*         0x0000000000014601        0x3 90909090
 .text          0x0000000000014604        0x0 obj_cooja/mtype891.a(random.o)
 .text.random_init
                0x0000000000014604       0x1b obj_cooja/mtype891.a(random.o)
                0x0000000000014604                random_init
 .text.random_rand
                0x000000000001461f        0xd obj_cooja/mtype891.a(random.o)
                0x000000000001461f                random_rand
 .text          0x000000000001462c        0x0 obj_cooja/mtype891.a(ringbuf.o)
 .text.ringbuf_init
                0x000000000001462c       0x31 obj_cooja/mtype891.a(ringbuf.o)
                0x000000000001462c                ringbuf_init
 .text.ringbuf_put
                0x000000000001465d       0x7e obj_cooja/mtype891.a(ringbuf.o)
                0x000000000001465d                ringbuf_put
 .text.ringbuf_get
                0x00000000000146db       0x6d obj_cooja/mtype891.a(ringbuf.o)
                0x00000000000146db                ringbuf_get
 .text.ringbuf_size
                0x0000000000014748       0x12 obj_cooja/mtype891.a(ringbuf.o)
                0x0000000000014748                ringbuf_size
 .text.ringbuf_elements
                0x000000000001475a       0x27 obj_cooja/mtype891.a(ringbuf.o)
                0x000000000001475a                ringbuf_elements
 *fill*         0x0000000000014781        0x3 90909090
 .text          0x0000000000014784        0x0 obj_cooja/mtype891.a(nbr-table.o)
 .text.key_from_index
                0x0000000000014784       0x26 obj_cooja/mtype891.a(nbr-table.o)
 .text.item_from_index
                0x00000000000147aa       0x2a obj_cooja/mtype891.a(nbr-table.o)
 .text.index_from_key
                0x00000000000147d4       0x29 obj_cooja/mtype891.a(nbr-table.o)
 .text.index_from_item
                0x00000000000147fd       0x3b obj_cooja/mtype891.a(nbr-table.o)
 .text.item_from_key
                0x0000000000014838       0x22 obj_cooja/mtype891.a(nbr-table.o)
 .text.key_from_item
                0x000000000001485a       0x22 obj_cooja/mtype891.a(nbr-table.o)
 .text.index_from_lladdr
                0x000000000001487c       0x6c obj_cooja/mtype891.a(nbr-table.o)
 .text.nbr_get_bit
                0x00000000000148e8       0x51 obj_cooja/mtype891.a(nbr-table.o)
 .text.nbr_set_bit
                0x0000000000014939       0x96 obj_cooja/mtype891.a(nbr-table.o)
 .text.nbr_table_allocate
                0x00000000000149cf      0x19b obj_cooja/mtype891.a(nbr-table.o)
 .text.nbr_table_register
                0x0000000000014b6a       0x47 obj_cooja/mtype891.a(nbr-table.o)
                0x0000000000014b6a                nbr_table_register
 .text.nbr_table_head
                0x0000000000014bb1       0x5c obj_cooja/mtype891.a(nbr-table.o)
                0x0000000000014bb1                nbr_table_head
 .text.nbr_table_next
                0x0000000000014c0d       0x67 obj_cooja/mtype891.a(nbr-table.o)
                0x0000000000014c0d                nbr_table_next
 .text.nbr_table_add_lladdr
                0x0000000000014c74       0xd1 obj_cooja/mtype891.a(nbr-table.o)
                0x0000000000014c74                nbr_table_add_lladdr
 .text.nbr_table_get_from_lladdr
                0x0000000000014d45       0x4d obj_cooja/mtype891.a(nbr-table.o)
                0x0000000000014d45                nbr_table_get_from_lladdr
 .text.nbr_table_remove
                0x0000000000014d92       0x52 obj_cooja/mtype891.a(nbr-table.o)
                0x0000000000014d92                nbr_table_remove
 .text.nbr_table_lock
                0x0000000000014de4       0x2a obj_cooja/mtype891.a(nbr-table.o)
                0x0000000000014de4                nbr_table_lock
 .text.nbr_table_unlock
                0x0000000000014e0e       0x2a obj_cooja/mtype891.a(nbr-table.o)
                0x0000000000014e0e                nbr_table_unlock
 .text.nbr_table_get_lladdr
                0x0000000000014e38       0x30 obj_cooja/mtype891.a(nbr-table.o)
                0x0000000000014e38                nbr_table_get_lladdr
 .text          0x0000000000014e68        0x0 obj_cooja/mtype891.a(netstack.o)
 .text.netstack_init
                0x0000000000014e68       0x24 obj_cooja/mtype891.a(netstack.o)
                0x0000000000014e68                netstack_init
 .text          0x0000000000014e8c        0x0 obj_cooja/mtype891.a(packetbuf.o)
 .text.packetbuf_clear
                0x0000000000014e8c       0x37 obj_cooja/mtype891.a(packetbuf.o)
                0x0000000000014e8c                packetbuf_clear
 .text.packetbuf_clear_hdr
                0x0000000000014ec3        0xc obj_cooja/mtype891.a(packetbuf.o)
                0x0000000000014ec3                packetbuf_clear_hdr
 .text.packetbuf_copyfrom
                0x0000000000014ecf       0x52 obj_cooja/mtype891.a(packetbuf.o)
                0x0000000000014ecf                packetbuf_copyfrom
 .text.packetbuf_compact
                0x0000000000014f21       0x9e obj_cooja/mtype891.a(packetbuf.o)
                0x0000000000014f21                packetbuf_compact
 .text.packetbuf_copyto_hdr
                0x0000000000014fbf       0x5a obj_cooja/mtype891.a(packetbuf.o)
                0x0000000000014fbf                packetbuf_copyto_hdr
 .text.packetbuf_copyto
                0x0000000000015019       0xe3 obj_cooja/mtype891.a(packetbuf.o)
                0x0000000000015019                packetbuf_copyto
 .text.packetbuf_hdralloc
                0x00000000000150fc       0x4a obj_cooja/mtype891.a(packetbuf.o)
                0x00000000000150fc                packetbuf_hdralloc
 .text.packetbuf_hdr_remove
                0x0000000000015146       0x18 obj_cooja/mtype891.a(packetbuf.o)
                0x0000000000015146                packetbuf_hdr_remove
 .text.packetbuf_hdrreduce
                0x000000000001515e       0x4b obj_cooja/mtype891.a(packetbuf.o)
                0x000000000001515e                packetbuf_hdrreduce
 .text.packetbuf_set_datalen
                0x00000000000151a9       0x19 obj_cooja/mtype891.a(packetbuf.o)
                0x00000000000151a9                packetbuf_set_datalen
 .text.packetbuf_dataptr
                0x00000000000151c2       0x19 obj_cooja/mtype891.a(packetbuf.o)
                0x00000000000151c2                packetbuf_dataptr
 .text.packetbuf_hdrptr
                0x00000000000151db       0x17 obj_cooja/mtype891.a(packetbuf.o)
                0x00000000000151db                packetbuf_hdrptr
 .text.packetbuf_reference
                0x00000000000151f2       0x26 obj_cooja/mtype891.a(packetbuf.o)
                0x00000000000151f2                packetbuf_reference
 .text.packetbuf_is_reference
                0x0000000000015218       0x1a obj_cooja/mtype891.a(packetbuf.o)
                0x0000000000015218                packetbuf_is_reference
 .text.packetbuf_reference_ptr
                0x0000000000015232        0xa obj_cooja/mtype891.a(packetbuf.o)
                0x0000000000015232                packetbuf_reference_ptr
 .text.packetbuf_datalen
                0x000000000001523c        0xc obj_cooja/mtype891.a(packetbuf.o)
                0x000000000001523c                packetbuf_datalen
 .text.packetbuf_hdrlen
                0x0000000000015248       0x17 obj_cooja/mtype891.a(packetbuf.o)
                0x0000000000015248                packetbuf_hdrlen
 .text.packetbuf_totlen
                0x000000000001525f       0x16 obj_cooja/mtype891.a(packetbuf.o)
                0x000000000001525f                packetbuf_totlen
 .text.packetbuf_attr_clear
                0x0000000000015275       0x56 obj_cooja/mtype891.a(packetbuf.o)
                0x0000000000015275                packetbuf_attr_clear
 .text.packetbuf_attr_copyto
                0x00000000000152cb       0x9d obj_cooja/mtype891.a(packetbuf.o)
                0x00000000000152cb                packetbuf_attr_copyto
 .text.packetbuf_attr_copyfrom
                0x0000000000015368       0x9c obj_cooja/mtype891.a(packetbuf.o)
                0x0000000000015368                packetbuf_attr_copyfrom
 .text          0x0000000000015404        0x0 obj_cooja/mtype891.a(queuebuf.o)
 .text.queuebuf_load_to_ram
                0x0000000000015404        0xa obj_cooja/mtype891.a(queuebuf.o)
 .text.queuebuf_init
                0x000000000001540e       0x2c obj_cooja/mtype891.a(queuebuf.o)
                0x000000000001540e                queuebuf_init
 .text.queuebuf_new_from_packetbuf
                0x000000000001543a       0xcb obj_cooja/mtype891.a(queuebuf.o)
                0x000000000001543a                queuebuf_new_from_packetbuf
 .text.queuebuf_update_attr_from_packetbuf
                0x0000000000015505       0x33 obj_cooja/mtype891.a(queuebuf.o)
                0x0000000000015505                queuebuf_update_attr_from_packetbuf
 .text.queuebuf_free
                0x0000000000015538       0x73 obj_cooja/mtype891.a(queuebuf.o)
                0x0000000000015538                queuebuf_free
 .text.queuebuf_to_packetbuf
                0x00000000000155ab       0xe8 obj_cooja/mtype891.a(queuebuf.o)
                0x00000000000155ab                queuebuf_to_packetbuf
 .text.queuebuf_dataptr
                0x0000000000015693       0x5f obj_cooja/mtype891.a(queuebuf.o)
                0x0000000000015693                queuebuf_dataptr