Archive member included because of file (symbol)

obj_cooja/mtype636.a(rimeaddr.o)
                              obj_cooja/mtype636.o (rimeaddr_node_addr)
obj_cooja/mtype636.a(nullmac.o)
                              obj_cooja/mtype636.o (nullmac_driver)
obj_cooja/mtype636.a(nullrdc.o)
                              obj_cooja/mtype636.o (nullrdc_driver)
obj_cooja/mtype636.a(mac.o)   obj_cooja/mtype636.a(nullrdc.o) (mac_call_sent_callback)
obj_cooja/mtype636.a(framer-802154.o)
                              obj_cooja/mtype636.a(nullrdc.o) (framer_802154)
obj_cooja/mtype636.a(process.o)
                              obj_cooja/mtype636.o (process_start)
obj_cooja/mtype636.a(autostart.o)
                              obj_cooja/mtype636.o (autostart_start)
obj_cooja/mtype636.a(serial-line.o)
                              obj_cooja/mtype636.o (serial_line_init)
obj_cooja/mtype636.a(etimer.o)
                              obj_cooja/mtype636.o (etimer_process)
obj_cooja/mtype636.a(ctimer.o)
                              obj_cooja/mtype636.o (ctimer_init)
obj_cooja/mtype636.a(random.o)
                              obj_cooja/mtype636.a(framer-802154.o) (random_rand)
obj_cooja/mtype636.a(ringbuf.o)
                              obj_cooja/mtype636.a(serial-line.o) (ringbuf_init)
obj_cooja/mtype636.a(netstack.o)
                              obj_cooja/mtype636.o (netstack_init)
obj_cooja/mtype636.a(packetbuf.o)
                              obj_cooja/mtype636.a(nullrdc.o) (packetbuf_attrs)
obj_cooja/mtype636.a(queuebuf.o)
                              obj_cooja/mtype636.o (queuebuf_init)
obj_cooja/mtype636.a(sicslowpan.o)
                              obj_cooja/mtype636.o (sicslowpan_driver)
obj_cooja/mtype636.a(simple-udp.o)
                              jammer.co (simple_udp_sendto)
obj_cooja/mtype636.a(tcpip.o)
                              obj_cooja/mtype636.a(simple-udp.o) (tcpip_event)
obj_cooja/mtype636.a(uip-ds6-route.o)
                              obj_cooja/mtype636.a(tcpip.o) (uip_ds6_route_nexthop)
obj_cooja/mtype636.a(uip-ds6-nbr.o)
                              obj_cooja/mtype636.a(tcpip.o) (uip_ds6_nbr_add)
obj_cooja/mtype636.a(uip-ds6.o)
                              obj_cooja/mtype636.a(tcpip.o) (uip_ds6_timer_periodic)
obj_cooja/mtype636.a(uip-nd6.o)
                              obj_cooja/mtype636.a(tcpip.o) (uip_nd6_ns_output)
obj_cooja/mtype636.a(uip-packetqueue)
                              obj_cooja/mtype636.a(uip-ds6-nbr.o) (uip_packetqueue_new)
obj_cooja/mtype636.a(uip-udp-packet.)
                              obj_cooja/mtype636.a(simple-udp.o) (uip_udp_packet_sendto)
obj_cooja/mtype636.a(uip6.o)  obj_cooja/mtype636.o (uip_lladdr)
obj_cooja/mtype636.a(simEnvChange.o)
                              obj_cooja/mtype636.o (simDontFallAsleep)
obj_cooja/mtype636.a(cooja_mt.o)
                              obj_cooja/mtype636.o (cooja_mt_start)
obj_cooja/mtype636.a(cooja_mtarch.o)
                              obj_cooja/mtype636.a(cooja_mt.o) (cooja_mtarch_init)
obj_cooja/mtype636.a(rtimer-arch.o)
                              obj_cooja/mtype636.o (rtimer_arch_next)
obj_cooja/mtype636.a(watchdog.o)
                              obj_cooja/mtype636.a(nullrdc.o) (watchdog_periodic)
obj_cooja/mtype636.a(beep.o)  obj_cooja/mtype636.o (beep_interface)
obj_cooja/mtype636.a(button-sensor.o)
                              obj_cooja/mtype636.o (button_interface)
obj_cooja/mtype636.a(leds-arch.o)
                              obj_cooja/mtype636.o (leds_interface)
obj_cooja/mtype636.a(moteid.o)
                              obj_cooja/mtype636.o (moteid_interface)
obj_cooja/mtype636.a(pir-sensor.o)
                              obj_cooja/mtype636.o (pir_interface)
obj_cooja/mtype636.a(rs232.o)
                              obj_cooja/mtype636.o (rs232_interface)
obj_cooja/mtype636.a(vib-sensor.o)
                              obj_cooja/mtype636.o (vib_interface)
obj_cooja/mtype636.a(clock.o)
                              obj_cooja/mtype636.o (clock_interface)
obj_cooja/mtype636.a(log.o)   obj_cooja/mtype636.o (simlog_interface)
obj_cooja/mtype636.a(cfs-cooja.o)
                              obj_cooja/mtype636.o (cfs_interface)
obj_cooja/mtype636.a(cooja-radio.o)
                              obj_cooja/mtype636.o (radio_interface)
obj_cooja/mtype636.a(sensors.o)
                              obj_cooja/mtype636.o (sensors_process)
obj_cooja/mtype636.a(rimestats.o)
                              obj_cooja/mtype636.a(nullrdc.o) (rimestats)
obj_cooja/mtype636.a(frame802154.o)
                              obj_cooja/mtype636.a(framer-802154.o) (frame802154_hdrlen)
obj_cooja/mtype636.a(rpl.o)   obj_cooja/mtype636.a(uip-ds6-nbr.o) (rpl_link_neighbor_callback)
obj_cooja/mtype636.a(rpl-dag.o)
                              obj_cooja/mtype636.a(rpl.o) (instance_table)
obj_cooja/mtype636.a(rpl-icmp6.o)
                              obj_cooja/mtype636.a(rpl-dag.o) (dao_output)
obj_cooja/mtype636.a(rpl-timers.o)
[...]
Memory Configuration

Name             Origin             Length             Attributes
*default*        0x0000000000000000 0xffffffffffffffff

Linker script and memory map

LOAD /usr/lib/gcc/i686-linux-gnu/4.6/../../../i386-linux-gnu/crti.o
LOAD /usr/lib/gcc/i686-linux-gnu/4.6/crtbeginS.o
LOAD jammer.co
LOAD obj_cooja/mtype636.o
LOAD obj_cooja/mtype636.a
LOAD /usr/lib/gcc/i686-linux-gnu/4.6/libgcc.a
LOAD /usr/lib/gcc/i686-linux-gnu/4.6/libgcc_s.so
LOAD /usr/lib/gcc/i686-linux-gnu/4.6/../../../i386-linux-gnu/libc.so
START GROUP
LOAD /lib/i386-linux-gnu/libc.so.6
LOAD /usr/lib/i386-linux-gnu/libc_nonshared.a
LOAD /lib/i386-linux-gnu/ld-linux.so.2
END GROUP
LOAD /usr/lib/gcc/i686-linux-gnu/4.6/libgcc.a
LOAD /usr/lib/gcc/i686-linux-gnu/4.6/libgcc_s.so
LOAD /usr/lib/gcc/i686-linux-gnu/4.6/crtendS.o
LOAD /usr/lib/gcc/i686-linux-gnu/4.6/../../../i386-linux-gnu/crtn.o
                0x0000000000000114                . = (0x0 + SIZEOF_HEADERS)

.note.gnu.build-id
                0x0000000000000114       0x24
 *(.note.gnu.build-id)
 .note.gnu.build-id
                0x0000000000000114       0x24 /usr/lib/gcc/i686-linux-gnu/4.6/../../../i386-linux-gnu/crti.o

.hash
 *(.hash)

.gnu.hash       0x0000000000000138      0xd78
 *(.gnu.hash)
 .gnu.hash      0x0000000000000138      0xd78 /usr/lib/gcc/i686-linux-gnu/4.6/../../../i386-linux-gnu/crti.o

.dynsym         0x0000000000000eb0     0x1e00
 *(.dynsym)
 .dynsym        0x0000000000000eb0     0x1e00 /usr/lib/gcc/i686-linux-gnu/4.6/../../../i386-linux-gnu/crti.o

.dynstr         0x0000000000002cb0     0x1e54
 *(.dynstr)
 .dynstr        0x0000000000002cb0     0x1e54 /usr/lib/gcc/i686-linux-gnu/4.6/../../../i386-linux-gnu/crti.o

.gnu.version    0x0000000000004b04      0x3c0
 *(.gnu.version)
 .gnu.version   0x0000000000004b04      0x3c0 /usr/lib/gcc/i686-linux-gnu/4.6/../../../i386-linux-gnu/crti.o

.gnu.version_d  0x0000000000004ec4        0x0
 *(.gnu.version_d)
 .gnu.version_d
                0x0000000000000000        0x0 /usr/lib/gcc/i686-linux-gnu/4.6/../../../i386-linux-gnu/crti.o

.gnu.version_r  0x0000000000004ec4       0x40
 *(.gnu.version_r)
 .gnu.version_r
                0x0000000000004ec4       0x40 /usr/lib/gcc/i686-linux-gnu/4.6/../../../i386-linux-gnu/crti.o

.rel.dyn        0x0000000000004f04     0x7aa8
 *(.rel.init)
 *(.rel.text .rel.text.* .rel.gnu.linkonce.t.*)
 .rel.text      0x0000000000000000        0x0 /usr/lib/gcc/i686-linux-gnu/4.6/../../../i386-linux-gnu/crti.o
 .rel.text.process_thread_broadcast_example_process
                0x0000000000004f04       0x68 /usr/lib/gcc/i686-linux-gnu/4.6/../../../i386-linux-gnu/crti.o
 .rel.text.print_processes
                0x0000000000004f6c       0x28 /usr/lib/gcc/i686-linux-gnu/4.6/../../../i386-linux-gnu/crti.o
 .rel.text.rtimer_thread_loop
                0x0000000000004f94       0x10 /usr/lib/gcc/i686-linux-gnu/4.6/../../../i386-linux-gnu/crti.o
 .rel.text.set_rime_addr
                0x0000000000004fa4       0x50 /usr/lib/gcc/i686-linux-gnu/4.6/../../../i386-linux-gnu/crti.o
 .rel.text.contiki_init
                0x0000000000004ff4      0x1d0 /usr/lib/gcc/i686-linux-gnu/4.6/../../../i386-linux-gnu/crti.o
 .rel.text.process_run_thread_loop
                0x00000000000051c4       0x70 /usr/lib/gcc/i686-linux-gnu/4.6/../../../i386-linux-gnu/crti.o
 .rel.text.Java_se_sics_cooja_corecomm_Lib367_init
                0x0000000000005234       0x30 /usr/lib/gcc/i686-linux-gnu/4.6/../../../i386-linux-gnu/crti.o
 .rel.text.Java_se_sics_cooja_corecomm_Lib367_getMemory
                0x0000000000005264        0x8 /usr/lib/gcc/i686-linux-gnu/4.6/../../../i386-linux-gnu/crti.o
 .rel.text.Java_se_sics_cooja_corecomm_Lib367_setMemory
                0x000000000000526c       0x10 /usr/lib/gcc/i686-linux-gnu/4.6/../../../i386-linux-gnu/crti.o
 .rel.text.Java_se_sics_cooja_corecomm_Lib367_tick
                0x000000000000527c       0xc8 /usr/lib/gcc/i686-linux-gnu/4.6/../../../i386-linux-gnu/crti.o
 .rel.text.Java_se_sics_cooja_corecomm_Lib367_setReferenceAddress
                0x0000000000005344       0x10 /usr/lib/gcc/i686-linux-gnu/4.6/../../../i386-linux-gnu/crti.o
 .rel.text.rimeaddr_cmp
                0x0000000000005354        0x8 /usr/lib/gcc/i686-linux-gnu/4.6/../../../i386-linux-gnu/crti.o
 .rel.text.rimeaddr_set_node_addr
                0x000000000000535c       0x10 /usr/lib/gcc/i686-linux-gnu/4.6/../../../i386-linux-gnu/crti.o
 .rel.text.send_packet
                0x000000000000536c       0x20 /usr/lib/gcc/i686-linux-gnu/4.6/../../../i386-linux-gnu/crti.o
 .rel.text.packet_input
                0x000000000000538c       0xd8 /usr/lib/gcc/i686-linux-gnu/4.6/../../../i386-linux-gnu/crti.o
 .rel.text.on   0x0000000000005464       0x10 /usr/lib/gcc/i686-linux-gnu/4.6/../../../i386-linux-gnu/crti.o
 .rel.text.off  0x0000000000005474       0x18 /usr/lib/gcc/i686-linux-gnu/4.6/../../../i386-linux-gnu/crti.o
 .rel.text.packetbuf_set_attr
                0x000000000000548c       0x18 /usr/lib/gcc/i686-linux-gnu/4.6/../../../i386-linux-gnu/crti.o
 .rel.text.packetbuf_attr
                0x00000000000054a4       0x10 /usr/lib/gcc/i686-linux-gnu/4.6/../../../i386-linux-gnu/crti.o
 .rel.text.packetbuf_set_addr
                0x00000000000054b4       0x30 /usr/lib/gcc/i686-linux-gnu/4.6/../../../i386-linux-gnu/crti.o
 .rel.text.packetbuf_addr
                0x00000000000054e4       0x28 /usr/lib/gcc/i686-linux-gnu/4.6/../../../i386-linux-gnu/crti.o
 .rel.text.send_one_packet
                0x000000000000550c       0xd8 /usr/lib/gcc/i686-linux-gnu/4.6/../../../i386-linux-gnu/crti.o
 .rel.text.send_list
                0x00000000000055e4        0x8 /usr/lib/gcc/i686-linux-gnu/4.6/../../../i386-linux-gnu/crti.o
 .rel.text.create
                0x00000000000055ec       0xb0 /usr/lib/gcc/i686-linux-gnu/4.6/../../../i386-linux-gnu/crti.o
 .rel.text.parse
                0x000000000000569c       0x30 /usr/lib/gcc/i686-linux-gnu/4.6/../../../i386-linux-gnu/crti.o
 .rel.text.process_alloc_event
                0x00000000000056cc       0x10 /usr/lib/gcc/i686-linux-gnu/4.6/../../../i386-linux-gnu/crti.o
 .rel.text.process_start
                0x00000000000056dc       0x20 /usr/lib/gcc/i686-linux-gnu/4.6/../../../i386-linux-gnu/crti.o
 .rel.text.exit_process
                0x00000000000056fc       0x50 /usr/lib/gcc/i686-linux-gnu/4.6/../../../i386-linux-gnu/crti.o
 .rel.text.call_process
                0x000000000000574c        0x8 /usr/lib/gcc/i686-linux-gnu/4.6/../../../i386-linux-gnu/crti.o
 .rel.text.process_exit
                0x0000000000005754        0x8 /usr/lib/gcc/i686-linux-gnu/4.6/../../../i386-linux-gnu/crti.o
 .rel.text.process_init
                0x000000000000575c       0x38 /usr/lib/gcc/i686-linux-gnu/4.6/../../../i386-linux-gnu/crti.o
 .rel.text.do_poll
                0x0000000000005794       0x10 /usr/lib/gcc/i686-linux-gnu/4.6/../../../i386-linux-gnu/crti.o
 .rel.text.do_event
                0x00000000000057a4       0xe8 /usr/lib/gcc/i686-linux-gnu/4.6/../../../i386-linux-gnu/crti.o
 .rel.text.process_run
                0x000000000000588c       0x18 /usr/lib/gcc/i686-linux-gnu/4.6/../../../i386-linux-gnu/crti.o
 .rel.text.process_nevents
                0x00000000000058a4       0x10 /usr/lib/gcc/i686-linux-gnu/4.6/../../../i386-linux-gnu/crti.o
 .rel.text.process_post
                0x00000000000058b4       0x60 /usr/lib/gcc/i686-linux-gnu/4.6/../../../i386-linux-gnu/crti.o
 .rel.text.process_post_synch
                0x0000000000005914       0x10 /usr/lib/gcc/i686-linux-gnu/4.6/../../../i386-linux-gnu/crti.o
 .rel.text.process_poll
                0x0000000000005924        0x8 /usr/lib/gcc/i686-linux-gnu/4.6/../../../i386-linux-gnu/crti.o
 .rel.text.autostart_start
                0x000000000000592c        0x8 /usr/lib/gcc/i686-linux-gnu/4.6/../../../i386-linux-gnu/crti.o
 .rel.text.autostart_exit
                0x0000000000005934        0x8 /usr/lib/gcc/i686-linux-gnu/4.6/../../../i386-linux-gnu/crti.o
 .rel.text.serial_line_input_byte
                0x000000000000593c       0x48 /usr/lib/gcc/i686-linux-gnu/4.6/../../../i386-linux-gnu/crti.o
 .rel.text.process_thread_serial_line_process
                0x0000000000005984       0x90 /usr/lib/gcc/i686-linux-gnu/4.6/../../../i386-linux-gnu/crti.o
 .rel.text.serial_line_init
                0x0000000000005a14       0x28 /usr/lib/gcc/i686-linux-gnu/4.6/../../../i386-linux-gnu/crti.o
 .rel.text.update_time
                0x0000000000005a3c       0x28 /usr/lib/gcc/i686-linux-gnu/4.6/../../../i386-linux-gnu/crti.o
 .rel.text.process_thread_etimer_process
                0x0000000000005a64       0x60 /usr/lib/gcc/i686-linux-gnu/4.6/../../../i386-linux-gnu/crti.o
 .rel.text.etimer_request_poll
                0x0000000000005ac4       0x10 /usr/lib/gcc/i686-linux-gnu/4.6/../../../i386-linux-gnu/crti.o
 .rel.text.add_timer
                0x0000000000005ad4       0x30 /usr/lib/gcc/i686-linux-gnu/4.6/../../../i386-linux-gnu/crti.o
 .rel.text.etimer_set
                0x0000000000005b04        0x8 /usr/lib/gcc/i686-linux-gnu/4.6/../../../i386-linux-gnu/crti.o
 .rel.text.etimer_reset
                0x0000000000005b0c        0x8 /usr/lib/gcc/i686-linux-gnu/4.6/../../../i386-linux-gnu/crti.o
 .rel.text.etimer_restart
                0x0000000000005b14        0x8 /usr/lib/gcc/i686-linux-gnu/4.6/../../../i386-linux-gnu/crti.o
 .rel.text.etimer_pending
                0x0000000000005b1c        0x8 /usr/lib/gcc/i686-linux-gnu/4.6/../../../i386-linux-gnu/crti.o
 .rel.text.etimer_next_expiration_time
                0x0000000000005b24       0x10 /usr/lib/gcc/i686-linux-gnu/4.6/../../../i386-linux-gnu/crti.o
 .rel.text.etimer_stop
                0x0000000000005b34       0x20 /usr/lib/gcc/i686-linux-gnu/4.6/../../../i386-linux-gnu/crti.o
 .rel.text.process_thread_ctimer_process
                0x0000000000005b54       0x58 /usr/lib/gcc/i686-linux-gnu/4.6/../../../i386-linux-gnu/crti.o
 .rel.text.ctimer_init
                0x0000000000005bac       0x28 /usr/lib/gcc/i686-linux-gnu/4.6/../../../i386-linux-gnu/crti.o
 .rel.text.ctimer_set
                0x0000000000005bd4       0x58 /usr/lib/gcc/i686-linux-gnu/4.6/../../../i386-linux-gnu/crti.o
 .rel.text.ctimer_reset
                0x0000000000005c2c       0x50 /usr/lib/gcc/i686-linux-gnu/4.6/../../../i386-linux-gnu/crti.o
 .rel.text.ctimer_restart
                0x0000000000005c7c       0x50 /usr/lib/gcc/i686-linux-gnu/4.6/../../../i386-linux-gnu/crti.o
 .rel.text.ctimer_stop
                0x0000000000005ccc       0x20 /usr/lib/gcc/i686-linux-gnu/4.6/../../../i386-linux-gnu/crti.o
 .rel.text.ctimer_expired
                0x0000000000005cec       0x20 /usr/lib/gcc/i686-linux-gnu/4.6/../../../i386-linux-gnu/crti.o
 .rel.text.random_init
                0x0000000000005d0c        0x8 /usr/lib/gcc/i686-linux-gnu/4.6/../../../i386-linux-gnu/crti.o
 .rel.text.random_rand
                0x0000000000005d14        0x8 /usr/lib/gcc/i686-linux-gnu/4.6/../../../i386-linux-gnu/crti.o
 .rel.text.netstack_init
                0x0000000000005d1c       0x20 /usr/lib/gcc/i686-linux-gnu/4.6/../../../i386-linux-gnu/crti.o
 .rel.text.packetbuf_clear
                0x0000000000005d3c       0x38 /usr/lib/gcc/i686-linux-gnu/4.6/../../../i386-linux-gnu/crti.o
 .rel.text.packetbuf_clear_hdr
                0x0000000000005d74        0x8 /usr/lib/gcc/i686-linux-gnu/4.6/../../../i386-linux-gnu/crti.o
 .rel.text.packetbuf_copyfrom
                0x0000000000005d7c       0x20 /usr/lib/gcc/i686-linux-gnu/4.6/../../../i386-linux-gnu/crti.o
 .rel.text.packetbuf_compact
                0x0000000000005d9c       0x58 /usr/lib/gcc/i686-linux-gnu/4.6/../../../i386-linux-gnu/crti.o
 .rel.text.packetbuf_copyto_hdr
                0x0000000000005df4       0x28 /usr/lib/gcc/i686-linux-gnu/4.6/../../../i386-linux-gnu/crti.o
 .rel.text.packetbuf_copyto
                0x0000000000005e1c       0x68 /usr/lib/gcc/i686-linux-gnu/4.6/../../../i386-linux-gnu/crti.o
 .rel.text.packetbuf_hdralloc
                0x0000000000005e84       0x20 /usr/lib/gcc/i686-linux-gnu/4.6/../../../i386-linux-gnu/crti.o
 .rel.text.packetbuf_hdr_remove
                0x0000000000005ea4       0x10 /usr/lib/gcc/i686-linux-gnu/4.6/../../../i386-linux-gnu/crti.o
 .rel.text.packetbuf_hdrreduce
                0x0000000000005eb4       0x28 /usr/lib/gcc/i686-linux-gnu/4.6/../../../i386-linux-gnu/crti.o
 .rel.text.packetbuf_set_datalen
                0x0000000000005edc        0x8 /usr/lib/gcc/i686-linux-gnu/4.6/../../../i386-linux-gnu/crti.o
 .rel.text.packetbuf_dataptr
                0x0000000000005ee4       0x10 /usr/lib/gcc/i686-linux-gnu/4.6/../../../i386-linux-gnu/crti.o
 .rel.text.packetbuf_hdrptr
                0x0000000000005ef4       0x10 /usr/lib/gcc/i686-linux-gnu/4.6/../../../i386-linux-gnu/crti.o
 .rel.text.packetbuf_reference
                0x0000000000005f04       0x18 /usr/lib/gcc/i686-linux-gnu/4.6/../../../i386-linux-gnu/crti.o
 .rel.text.packetbuf_is_reference
                0x0000000000005f1c       0x10 /usr/lib/gcc/i686-linux-gnu/4.6/../../../i386-linux-gnu/crti.o
 .rel.text.packetbuf_reference_ptr
                0x0000000000005f2c        0x8 /usr/lib/gcc/i686-linux-gnu/4.6/../../../i386-linux-gnu/crti.o
 .rel.text.packetbuf_datalen
                0x0000000000005f34        0x8 /usr/lib/gcc/i686-linux-gnu/4.6/../../../i386-linux-gnu/crti.o
 .rel.text.packetbuf_hdrlen
                0x0000000000005f3c        0x8 /usr/lib/gcc/i686-linux-gnu/4.6/../../../i386-linux-gnu/crti.o
 .rel.text.packetbuf_totlen
                0x0000000000005f44       0x10 /usr/lib/gcc/i686-linux-gnu/4.6/../../../i386-linux-gnu/crti.o
 .rel.text.packetbuf_attr_clear
                0x0000000000005f54       0x20 /usr/lib/gcc/i686-linux-gnu/4.6/../../../i386-linux-gnu/crti.o
 .rel.text.packetbuf_attr_copyto
                0x0000000000005f74       0x48 /usr/lib/gcc/i686-linux-gnu/4.6/../../../i386-linux-gnu/crti.o
 .rel.text.packetbuf_attr_copyfrom
                0x0000000000005fbc       0x48 /usr/lib/gcc/i686-linux-gnu/4.6/../../../i386-linux-gnu/crti.o
 .rel.text.queuebuf_init
                0x0000000000006004       0x30 /usr/lib/gcc/i686-linux-gnu/4.6/../../../i386-linux-gnu/crti.o
 .rel.text.queuebuf_new_from_packetbuf
                0x0000000000006034       0x60 /usr/lib/gcc/i686-linux-gnu/4.6/../../../i386-linux-gnu/crti.o
 .rel.text.queuebuf_update_attr_from_packetbuf
                0x0000000000006094        0x8 /usr/lib/gcc/i686-linux-gnu/4.6/../../../i386-linux-gnu/crti.o
 .rel.text.queuebuf_free
                0x000000000000609c       0x50 /usr/lib/gcc/i686-linux-gnu/4.6/../../../i386-linux-gnu/crti.o
 .rel.text.queuebuf_to_packetbuf
                0x00000000000060ec       0x58 /usr/lib/gcc/i686-linux-gnu/4.6/../../../i386-linux-gnu/crti.o
 .rel.text.queuebuf_dataptr
                0x0000000000006144       0x20 /usr/lib/gcc/i686-linux-gnu/4.6/../../../i386-linux-gnu/crti.o
 .rel.text.rime_sniffer_add
                0x0000000000006164        0x8 /usr/lib/gcc/i686-linux-gnu/4.6/../../../i386-linux-gnu/crti.o
 .rel.text.rime_sniffer_remove
                0x000000000000616c        0x8 /usr/lib/gcc/i686-linux-gnu/4.6/../../../i386-linux-gnu/crti.o
 .rel.text.set_packet_attrs
                0x0000000000006174       0x60 /usr/lib/gcc/i686-linux-gnu/4.6/../../../i386-linux-gnu/crti.o
 .rel.text.addr_context_lookup_by_prefix
                0x00000000000061d4       0x20 /usr/lib/gcc/i686-linux-gnu/4.6/../../../i386-linux-gnu/crti.o
 .rel.text.addr_context_lookup_by_number
                0x00000000000061f4       0x18 /usr/lib/gcc/i686-linux-gnu/4.6/../../../i386-linux-gnu/crti.o
 .rel.text.compress_addr_64
                0x000000000000620c       0x30 /usr/lib/gcc/i686-linux-gnu/4.6/../../../i386-linux-gnu/crti.o
 .rel.text.uncompress_addr
                0x000000000000623c       0x38 /usr/lib/gcc/i686-linux-gnu/4.6/../../../i386-linux-gnu/crti.o
 .rel.text.compress_hdr_hc06
                0x0000000000006274      0x5a0 /usr/lib/gcc/i686-linux-gnu/4.6/../../../i386-linux-gnu/crti.o
 .rel.text.uncompress_hdr_hc06
                0x0000000000006814      0x3e0 /usr/lib/gcc/i686-linux-gnu/4.6/../../../i386-linux-gnu/crti.o
 .rel.text.compress_hdr_ipv6
                0x0000000000006bf4       0x50 /usr/lib/gcc/i686-linux-gnu/4.6/../../../i386-linux-gnu/crti.o
 .rel.text.packet_sent
                0x0000000000006c44       0x20 /usr/lib/gcc/i686-linux-gnu/4.6/../../../i386-linux-gnu/crti.o
 .rel.text.output
                0x0000000000006c64      0x2f8 /usr/lib/gcc/i686-linux-gnu/4.6/../../../i386-linux-gnu/crti.o
 .rel.text.input
                0x0000000000006f5c      0x2e8 /usr/lib/gcc/i686-linux-gnu/4.6/../../../i386-linux-gnu/crti.o
 .rel.text.sicslowpan_init
                0x0000000000007244       0x38 /usr/lib/gcc/i686-linux-gnu/4.6/../../../i386-linux-gnu/crti.o
 .rel.text.init_simple_udp
                0x000000000000727c       0x20 /usr/lib/gcc/i686-linux-gnu/4.6/../../../i386-linux-gnu/crti.o
 .rel.text.simple_udp_send
                0x000000000000729c        0x8 /usr/lib/gcc/i686-linux-gnu/4.6/../../../i386-linux-gnu/crti.o
 .rel.text.simple_udp_sendto
                0x00000000000072a4        0x8 /usr/lib/gcc/i686-linux-gnu/4.6/../../../i386-linux-gnu/crti.o
 .rel.text.simple_udp_sendto_port
                0x00000000000072ac        0x8 /usr/lib/gcc/i686-linux-gnu/4.6/../../../i386-linux-gnu/crti.o
 .rel.text.simple_udp_register
                0x00000000000072b4       0x28 /usr/lib/gcc/i686-linux-gnu/4.6/../../../i386-linux-gnu/crti.o
 .rel.text.process_thread_simple_udp_process
                0x00000000000072dc       0x88 /usr/lib/gcc/i686-linux-gnu/4.6/../../../i386-linux-gnu/crti.o
 .rel.text.tcpip_output
                0x0000000000007364       0x10 /usr/lib/gcc/i686-linux-gnu/4.6/../../../i386-linux-gnu/crti.o
 .rel.text.tcpip_set_outputfunc
                0x0000000000007374        0x8 /usr/lib/gcc/i686-linux-gnu/4.6/../../../i386-linux-gnu/crti.o
 .rel.text.start_periodic_tcp_timer
                0x000000000000737c       0x20 /usr/lib/gcc/i686-linux-gnu/4.6/../../../i386-linux-gnu/crti.o
 .rel.text.check_for_tcp_syn
                0x000000000000739c       0x10 /usr/lib/gcc/i686-linux-gnu/4.6/../../../i386-linux-gnu/crti.o
 .rel.text.tcp_connect
                0x00000000000073ac       0x18 /usr/lib/gcc/i686-linux-gnu/4.6/../../../i386-linux-gnu/crti.o
 .rel.text.tcp_unlisten
                0x00000000000073c4       0x38 /usr/lib/gcc/i686-linux-gnu/4.6/../../../i386-linux-gnu/crti.o
 .rel.text.tcp_listen
                0x00000000000073fc       0x38 /usr/lib/gcc/i686-linux-gnu/4.6/../../../i386-linux-gnu/crti.o
 .rel.text.tcp_attach
                0x0000000000007434        0x8 /usr/lib/gcc/i686-linux-gnu/4.6/../../../i386-linux-gnu/crti.o
 .rel.text.udp_attach
                0x000000000000743c        0x8 /usr/lib/gcc/i686-linux-gnu/4.6/../../../i386-linux-gnu/crti.o
 .rel.text.udp_new
                0x0000000000007444       0x10 /usr/lib/gcc/i686-linux-gnu/4.6/../../../i386-linux-gnu/crti.o
 .rel.text.udp_broadcast_new
                0x0000000000007454       0x10 /usr/lib/gcc/i686-linux-gnu/4.6/../../../i386-linux-gnu/crti.o
 .rel.text.eventhandler
                0x0000000000007464      0x128 /usr/lib/gcc/i686-linux-gnu/4.6/../../../i386-linux-gnu/crti.o
 .rel.text.tcpip_input
                0x000000000000758c       0x20 /usr/lib/gcc/i686-linux-gnu/4.6/../../../i386-linux-gnu/crti.o
 .rel.text.tcpip_ipv6_output
                0x00000000000075ac      0x258 /usr/lib/gcc/i686-linux-gnu/4.6/../../../i386-linux-gnu/crti.o
 .rel.text.tcpip_poll_udp
                0x0000000000007804       0x10 /usr/lib/gcc/i686-linux-gnu/4.6/../../../i386-linux-gnu/crti.o
 .rel.text.tcpip_poll_tcp
                0x0000000000007814       0x10 /usr/lib/gcc/i686-linux-gnu/4.6/../../../i386-linux-gnu/crti.o
 .rel.text.tcpip_uipcall
                0x0000000000007824       0x60 /usr/lib/gcc/i686-linux-gnu/4.6/../../../i386-linux-gnu/crti.o
 .rel.text.process_thread_tcpip_process
                0x0000000000007884       0x70 /usr/lib/gcc/i686-linux-gnu/4.6/../../../i386-linux-gnu/crti.o
 .rel.text.call_route_callback
                0x00000000000078f4       0x30 /usr/lib/gcc/i686-linux-gnu/4.6/../../../i386-linux-gnu/crti.o
 .rel.text.uip_ds6_notification_add
                0x0000000000007924       0x10 /usr/lib/gcc/i686-linux-gnu/4.6/../../../i386-linux-gnu/crti.o
 .rel.text.uip_ds6_notification_rm
                0x0000000000007934       0x10 /usr/lib/gcc/i686-linux-gnu/4.6/../../../i386-linux-gnu/crti.o
 .rel.text.uip_ds6_route_init
                0x0000000000007944       0x58 /usr/lib/gcc/i686-linux-gnu/4.6/../../../i386-linux-gnu/crti.o
 .rel.text.uip_ds6_route_nexthop_lladdr
                0x000000000000799c       0x10 /usr/lib/gcc/i686-linux-gnu/4.6/../../../i386-linux-gnu/crti.o
 .rel.text.uip_ds6_route_nexthop
                0x00000000000079ac        0x8 /usr/lib/gcc/i686-linux-gnu/4.6/../../../i386-linux-gnu/crti.o
 .rel.text.uip_ds6_route_head
                0x00000000000079b4       0x20 /usr/lib/gcc/i686-linux-gnu/4.6/../../../i386-linux-gnu/crti.o
 .rel.text.uip_ds6_route_next
                0x00000000000079d4       0x20 /usr/lib/gcc/i686-linux-gnu/4.6/../../../i386-linux-gnu/crti.o
 .rel.text.uip_ds6_route_num_routes
                0x00000000000079f4        0x8 /usr/lib/gcc/i686-linux-gnu/4.6/../../../i386-linux-gnu/crti.o
 .rel.text.uip_ds6_route_lookup
                0x00000000000079fc       0x18 /usr/lib/gcc/i686-linux-gnu/4.6/../../../i386-linux-gnu/crti.o
 .rel.text.uip_ds6_route_add
                0x0000000000007a14       0x60 /usr/lib/gcc/i686-linux-gnu/4.6/../../../i386-linux-gnu/crti.o
 .rel.text.uip_ds6_route_rm
                0x0000000000007a74       0x48 /usr/lib/gcc/i686-linux-gnu/4.6/../../../i386-linux-gnu/crti.o
 .rel.text.rm_routelist
                0x0000000000007abc       0x28 /usr/lib/gcc/i686-linux-gnu/4.6/../../../i386-linux-gnu/crti.o
 .rel.text.uip_ds6_route_rm_by_nexthop
                0x0000000000007ae4       0x18 /usr/lib/gcc/i686-linux-gnu/4.6/../../../i386-linux-gnu/crti.o
 .rel.text.uip_ds6_defrt_add
                0x0000000000007afc       0x30 /usr/lib/gcc/i686-linux-gnu/4.6/../../../i386-linux-gnu/crti.o
 .rel.text.uip_ds6_defrt_rm
                0x0000000000007b2c       0x38 /usr/lib/gcc/i686-linux-gnu/4.6/../../../i386-linux-gnu/crti.o
 .rel.text.uip_ds6_defrt_lookup
                0x0000000000007b64       0x20 /usr/lib/gcc/i686-linux-gnu/4.6/../../../i386-linux-gnu/crti.o
 .rel.text.uip_ds6_defrt_choose
                0x0000000000007b84       0x20 /usr/lib/gcc/i686-linux-gnu/4.6/../../../i386-linux-gnu/crti.o
 .rel.text.uip_ds6_defrt_periodic
                0x0000000000007ba4       0x38 /usr/lib/gcc/i686-linux-gnu/4.6/../../../i386-linux-gnu/crti.o
 .rel.text.uip_ds6_neighbors_init
                0x0000000000007bdc       0x18 /usr/lib/gcc/i686-linux-gnu/4.6/../../../i386-linux-gnu/crti.o
 .rel.text.uip_ds6_nbr_add
                0x0000000000007bf4       0x30 /usr/lib/gcc/i686-linux-gnu/4.6/../../../i386-linux-gnu/crti.o
 .rel.text.uip_ds6_nbr_rm
                0x0000000000007c24       0x20 /usr/lib/gcc/i686-linux-gnu/4.6/../../../i386-linux-gnu/crti.o
 .rel.text.uip_ds6_nbr_get_ll
                0x0000000000007c44       0x10 /usr/lib/gcc/i686-linux-gnu/4.6/../../../i386-linux-gnu/crti.o
 .rel.text.uip_ds6_nbr_num
                0x0000000000007c54       0x20 /usr/lib/gcc/i686-linux-gnu/4.6/../../../i386-linux-gnu/crti.o
 .rel.text.uip_ds6_nbr_lookup
                0x0000000000007c74       0x28 /usr/lib/gcc/i686-linux-gnu/4.6/../../../i386-linux-gnu/crti.o
 .rel.text.uip_ds6_nbr_ll_lookup
                0x0000000000007c9c       0x10 /usr/lib/gcc/i686-linux-gnu/4.6/../../../i386-linux-gnu/crti.o
 .rel.text.uip_ds6_nbr_ipaddr_from_lladdr
                0x0000000000007cac        0x8 /usr/lib/gcc/i686-linux-gnu/4.6/../../../i386-linux-gnu/crti.o
 .rel.text.uip_ds6_nbr_lladdr_from_ipaddr
                0x0000000000007cb4       0x10 /usr/lib/gcc/i686-linux-gnu/4.6/../../../i386-linux-gnu/crti.o
 .rel.text.uip_ds6_link_neighbor_callback
                0x0000000000007cc4       0x18 /usr/lib/gcc/i686-linux-gnu/4.6/../../../i386-linux-gnu/crti.o
 .rel.text.uip_ds6_neighbor_periodic
                0x0000000000007cdc       0xa8 /usr/lib/gcc/i686-linux-gnu/4.6/../../../i386-linux-gnu/crti.o
 .rel.text.uip_ds6_get_least_lifetime_neighbor
                0x0000000000007d84       0x30 /usr/lib/gcc/i686-linux-gnu/4.6/../../../i386-linux-gnu/crti.o
 .rel.text.uip_ds6_init
                0x0000000000007db4      0x170 /usr/lib/gcc/i686-linux-gnu/4.6/../../../i386-linux-gnu/crti.o
 .rel.text.uip_ds6_periodic
                0x0000000000007f24       0x80 /usr/lib/gcc/i686-linux-gnu/4.6/../../../i386-linux-gnu/crti.o
 .rel.text.uip_ds6_list_loop
                0x0000000000007fa4        0x8 /usr/lib/gcc/i686-linux-gnu/4.6/../../../i386-linux-gnu/crti.o
 .rel.text.uip_ds6_prefix_add
                0x0000000000007fac       0x58 /usr/lib/gcc/i686-linux-gnu/4.6/../../../i386-linux-gnu/crti.o
 .rel.text.uip_ds6_prefix_lookup
                0x0000000000008004       0x20 /usr/lib/gcc/i686-linux-gnu/4.6/../../../i386-linux-gnu/crti.o
 .rel.text.uip_ds6_is_addr_onlink
                0x0000000000008024       0x50 /usr/lib/gcc/i686-linux-gnu/4.6/../../../i386-linux-gnu/crti.o
 .rel.text.uip_ds6_addr_add
                0x0000000000008074       0xc8 /usr/lib/gcc/i686-linux-gnu/4.6/../../../i386-linux-gnu/crti.o
 .rel.text.uip_ds6_addr_rm
                0x000000000000813c       0x88 /usr/lib/gcc/i686-linux-gnu/4.6/../../../i386-linux-gnu/crti.o
 .rel.text.uip_ds6_addr_lookup
                0x00000000000081c4       0x20 /usr/lib/gcc/i686-linux-gnu/4.6/../../../i386-linux-gnu/crti.o
 .rel.text.uip_ds6_get_link_local
                0x00000000000081e4       0x58 /usr/lib/gcc/i686-linux-gnu/4.6/../../../i386-linux-gnu/crti.o
 .rel.text.uip_ds6_get_global
                0x000000000000823c       0x58 /usr/lib/gcc/i686-linux-gnu/4.6/../../../i386-linux-gnu/crti.o
 .rel.text.uip_ds6_maddr_add
                0x0000000000008294       0x30 /usr/lib/gcc/i686-linux-gnu/4.6/../../../i386-linux-gnu/crti.o
 .rel.text.uip_ds6_maddr_lookup
                0x00000000000082c4       0x20 /usr/lib/gcc/i686-linux-gnu/4.6/../../../i386-linux-gnu/crti.o
 .rel.text.uip_ds6_aaddr_add
                0x00000000000082e4       0x30 /usr/lib/gcc/i686-linux-gnu/4.6/../../../i386-linux-gnu/crti.o
 .rel.text.uip_ds6_aaddr_lookup
                0x0000000000008314       0x20 /usr/lib/gcc/i686-linux-gnu/4.6/../../../i386-linux-gnu/crti.o
 .rel.text.uip_ds6_select_src
                0x0000000000008334       0x70 /usr/lib/gcc/i686-linux-gnu/4.6/../../../i386-linux-gnu/crti.o
 .rel.text.uip_ds6_compute_reachable_time
                0x00000000000083a4       0x30 /usr/lib/gcc/i686-linux-gnu/4.6/../../../i386-linux-gnu/crti.o
 .rel.text.create_llao
                0x00000000000083d4       0x10 /usr/lib/gcc/i686-linux-gnu/4.6/../../../i386-linux-gnu/crti.o
 .rel.text.uip_nd6_ns_input
                0x00000000000083e4      0x378 /usr/lib/gcc/i686-linux-gnu/4.6/../../../i386-linux-gnu/crti.o
 .rel.text.uip_nd6_ns_output
                0x000000000000875c      0x1e0 /usr/lib/gcc/i686-linux-gnu/4.6/../../../i386-linux-gnu/crti.o
 .rel.text.uip_nd6_na_input
                0x000000000000893c      0x2d0 /usr/lib/gcc/i686-linux-gnu/4.6/../../../i386-linux-gnu/crti.o
 .rel.text.packet_timedout
                0x0000000000008c0c       0x10 /usr/lib/gcc/i686-linux-gnu/4.6/../../../i386-linux-gnu/crti.o
 .rel.text.uip_packetqueue_alloc
                0x0000000000008c1c       0x20 /usr/lib/gcc/i686-linux-gnu/4.6/../../../i386-linux-gnu/crti.o
 .rel.text.uip_packetqueue_free
                0x0000000000008c3c       0x18 /usr/lib/gcc/i686-linux-gnu/4.6/../../../i386-linux-gnu/crti.o
 .rel.text.uip_udp_packet_send
                0x0000000000008c54       0x38 /usr/lib/gcc/i686-linux-gnu/4.6/../../../i386-linux-gnu/crti.o
 .rel.text.uip_udp_packet_sendto
                0x0000000000008c8c       0x10 /usr/lib/gcc/i686-linux-gnu/4.6/../../../i386-linux-gnu/crti.o
 .rel.text.uip_add32
                0x0000000000008c9c       0x98 /usr/lib/gcc/i686-linux-gnu/4.6/../../../i386-linux-gnu/crti.o
 .rel.text.uip_chksum
                0x0000000000008d34        0x8 /usr/lib/gcc/i686-linux-gnu/4.6/../../../i386-linux-gnu/crti.o
 .rel.text.upper_layer_chksum
                0x0000000000008d3c       0x38 /usr/lib/gcc/i686-linux-gnu/4.6/../../../i386-linux-gnu/crti.o
 .rel.text.uip_init
                0x0000000000008d74       0xa0 /usr/lib/gcc/i686-linux-gnu/4.6/../../../i386-linux-gnu/crti.o
 .rel.text.uip_connect
                0x0000000000008e14       0xc0 /usr/lib/gcc/i686-linux-gnu/4.6/../../../i386-linux-gnu/crti.o
 .rel.text.remove_ext_hdr
                0x0000000000008ed4       0x98 /usr/lib/gcc/i686-linux-gnu/4.6/../../../i386-linux-gnu/crti.o
 .rel.text.uip_udp_new
                0x0000000000008f6c       0xb8 /usr/lib/gcc/i686-linux-gnu/4.6/../../../i386-linux-gnu/crti.o
 .rel.text.uip_unlisten
                0x0000000000009024       0x40 /usr/lib/gcc/i686-linux-gnu/4.6/../../../i386-linux-gnu/crti.o
 .rel.text.uip_listen
                0x0000000000009064       0x40 /usr/lib/gcc/i686-linux-gnu/4.6/../../../i386-linux-gnu/crti.o
 .rel.text.uip_add_rcv_nxt
                0x00000000000090a4       0x50 /usr/lib/gcc/i686-linux-gnu/4.6/../../../i386-linux-gnu/crti.o
 .rel.text.ext_hdr_options_process
                0x00000000000090f4      0x108 /usr/lib/gcc/i686-linux-gnu/4.6/../../../i386-linux-gnu/crti.o
 .rel.text.uip_process
                0x00000000000091fc     0x1188 /usr/lib/gcc/i686-linux-gnu/4.6/../../../i386-linux-gnu/crti.o
 .rel.text.uip_send
                0x000000000000a384       0x38 /usr/lib/gcc/i686-linux-gnu/4.6/../../../i386-linux-gnu/crti.o
 .rel.text.doActionsBeforeTick
                0x000000000000a3bc       0x10 /usr/lib/gcc/i686-linux-gnu/4.6/../../../i386-linux-gnu/crti.o
 .rel.text.doActionsAfterTick
                0x000000000000a3cc       0x10 /usr/lib/gcc/i686-linux-gnu/4.6/../../../i386-linux-gnu/crti.o
 .rel.text.cooja_mt_init
                0x000000000000a3dc        0x8 /usr/lib/gcc/i686-linux-gnu/4.6/../../../i386-linux-gnu/crti.o
 .rel.text.cooja_mt_remove
                0x000000000000a3e4        0x8 /usr/lib/gcc/i686-linux-gnu/4.6/../../../i386-linux-gnu/crti.o
 .rel.text.cooja_mt_start
                0x000000000000a3ec        0x8 /usr/lib/gcc/i686-linux-gnu/4.6/../../../i386-linux-gnu/crti.o
 .rel.text.cooja_mt_exec
                0x000000000000a3f4       0x10 /usr/lib/gcc/i686-linux-gnu/4.6/../../../i386-linux-gnu/crti.o
 .rel.text.cooja_mt_exit
                0x000000000000a404       0x18 /usr/lib/gcc/i686-linux-gnu/4.6/../../../i386-linux-gnu/crti.o
 .rel.text.cooja_mt_yield
                0x000000000000a41c       0x18 /usr/lib/gcc/i686-linux-gnu/4.6/../../../i386-linux-gnu/crti.o
 .rel.text.cooja_sw
                0x000000000000a434        0x8 /usr/lib/gcc/i686-linux-gnu/4.6/../../../i386-linux-gnu/crti.o
 .rel.text.cooja_mtarch_exec
                0x000000000000a43c       0x18 /usr/lib/gcc/i686-linux-gnu/4.6/../../../i386-linux-gnu/crti.o
 .rel.text.cooja_mtarch_yield
                0x000000000000a454        0x8 /usr/lib/gcc/i686-linux-gnu/4.6/../../../i386-linux-gnu/crti.o
 .rel.text.rtimer_arch_init
                0x000000000000a45c       0x18 /usr/lib/gcc/i686-linux-gnu/4.6/../../../i386-linux-gnu/crti.o
 .rel.text.rtimer_arch_schedule
                0x000000000000a474       0x10 /usr/lib/gcc/i686-linux-gnu/4.6/../../../i386-linux-gnu/crti.o
 .rel.text.rtimer_arch_next
                0x000000000000a484        0x8 /usr/lib/gcc/i686-linux-gnu/4.6/../../../i386-linux-gnu/crti.o
 .rel.text.rtimer_arch_pending
                0x000000000000a48c        0x8 /usr/lib/gcc/i686-linux-gnu/4.6/../../../i386-linux-gnu/crti.o
 .rel.text.rtimer_arch_check
                0x000000000000a494       0x20 /usr/lib/gcc/i686-linux-gnu/4.6/../../../i386-linux-gnu/crti.o
 .rel.text.rtimer_arch_now
                0x000000000000a4b4       0x48 /usr/lib/gcc/i686-linux-gnu/4.6/../../../i386-linux-gnu/crti.o
 .rel.text.beep_alarm
                0x000000000000a4fc        0x8 /usr/lib/gcc/i686-linux-gnu/4.6/../../../i386-linux-gnu/crti.o
 .rel.text.beep_beep
                0x000000000000a504        0x8 /usr/lib/gcc/i686-linux-gnu/4.6/../../../i386-linux-gnu/crti.o
 .rel.text.beep
                0x000000000000a50c        0x8 /usr/lib/gcc/i686-linux-gnu/4.6/../../../i386-linux-gnu/crti.o
 .rel.text.beep_down
                0x000000000000a514        0x8 /usr/lib/gcc/i686-linux-gnu/4.6/../../../i386-linux-gnu/crti.o
 .rel.text.beep_on
                0x000000000000a51c        0x8 /usr/lib/gcc/i686-linux-gnu/4.6/../../../i386-linux-gnu/crti.o
 .rel.text.beep_off
                0x000000000000a524        0x8 /usr/lib/gcc/i686-linux-gnu/4.6/../../../i386-linux-gnu/crti.o
 .rel.text.beep_spinup
                0x000000000000a52c        0x8 /usr/lib/gcc/i686-linux-gnu/4.6/../../../i386-linux-gnu/crti.o
 .rel.text.beep_quick
                0x000000000000a534        0x8 /usr/lib/gcc/i686-linux-gnu/4.6/../../../i386-linux-gnu/crti.o
 .rel.text.beep_long
                0x000000000000a53c        0x8 /usr/lib/gcc/i686-linux-gnu/4.6/../../../i386-linux-gnu/crti.o
 .rel.text.value
                0x000000000000a544       0x28 /usr/lib/gcc/i686-linux-gnu/4.6/../../../i386-linux-gnu/crti.o
 .rel.text.configure
                0x000000000000a56c       0x40 /usr/lib/gcc/i686-linux-gnu/4.6/../../../i386-linux-gnu/crti.o
 .rel.text.status
                0x000000000000a5ac       0x18 /usr/lib/gcc/i686-linux-gnu/4.6/../../../i386-linux-gnu/crti.o
 .rel.text.doInterfaceActionsBeforeTick
                0x000000000000a5c4      0x188 /usr/lib/gcc/i686-linux-gnu/4.6/../../../i386-linux-gnu/crti.o
 .rel.text.leds_arch_init
                0x000000000000a74c        0x8 /usr/lib/gcc/i686-linux-gnu/4.6/../../../i386-linux-gnu/crti.o
 .rel.text.leds_arch_get
                0x000000000000a754        0x8 /usr/lib/gcc/i686-linux-gnu/4.6/../../../i386-linux-gnu/crti.o
 .rel.text.leds_arch_set
                0x000000000000a75c       0x10 /usr/lib/gcc/i686-linux-gnu/4.6/../../../i386-linux-gnu/crti.o
 .rel.text.rs232_set_input
                0x000000000000a76c        0x8 /usr/lib/gcc/i686-linux-gnu/4.6/../../../i386-linux-gnu/crti.o
 .rel.text.rs232_send
                0x000000000000a774       0x10 /usr/lib/gcc/i686-linux-gnu/4.6/../../../i386-linux-gnu/crti.o
 .rel.text.rs232_print
                0x000000000000a784       0x10 /usr/lib/gcc/i686-linux-gnu/4.6/../../../i386-linux-gnu/crti.o
 .rel.text.slip_arch_writeb
                0x000000000000a794        0x8 /usr/lib/gcc/i686-linux-gnu/4.6/../../../i386-linux-gnu/crti.o
 .rel.text.clock_time
                0x000000000000a79c        0x8 /usr/lib/gcc/i686-linux-gnu/4.6/../../../i386-linux-gnu/crti.o
 .rel.text.clock_seconds
                0x000000000000a7a4        0x8 /usr/lib/gcc/i686-linux-gnu/4.6/../../../i386-linux-gnu/crti.o
 .rel.text.simlog_char
                0x000000000000a7ac       0x30 /usr/lib/gcc/i686-linux-gnu/4.6/../../../i386-linux-gnu/crti.o
 .rel.text.simlog
                0x000000000000a7dc       0x38 /usr/lib/gcc/i686-linux-gnu/4.6/../../../i386-linux-gnu/crti.o
 .rel.text.log_message
                0x000000000000a814       0x10 /usr/lib/gcc/i686-linux-gnu/4.6/../../../i386-linux-gnu/crti.o
 .rel.text.log_set_putchar_with_slip
                0x000000000000a824        0x8 /usr/lib/gcc/i686-linux-gnu/4.6/../../../i386-linux-gnu/crti.o
 .rel.text.putchar
                0x000000000000a82c       0x50 /usr/lib/gcc/i686-linux-gnu/4.6/../../../i386-linux-gnu/crti.o
 .rel.text.puts
                0x000000000000a87c       0x10 /usr/lib/gcc/i686-linux-gnu/4.6/../../../i386-linux-gnu/crti.o
 .rel.text.printf
                0x000000000000a88c       0x20 /usr/lib/gcc/i686-linux-gnu/4.6/../../../i386-linux-gnu/crti.o
 .rel.text.cfs_open
                0x000000000000a8ac       0x30 /usr/lib/gcc/i686-linux-gnu/4.6/../../../i386-linux-gnu/crti.o
 .rel.text.cfs_close
                0x000000000000a8dc        0x8 /usr/lib/gcc/i686-linux-gnu/4.6/../../../i386-linux-gnu/crti.o
 .rel.text.cfs_read
                0x000000000000a8e4       0x70 /usr/lib/gcc/i686-linux-gnu/4.6/../../../i386-linux-gnu/crti.o
 .rel.text.cfs_write
                0x000000000000a954       0x90 /usr/lib/gcc/i686-linux-gnu/4.6/../../../i386-linux-gnu/crti.o
 .rel.text.cfs_seek
                0x000000000000a9e4       0x68 /usr/lib/gcc/i686-linux-gnu/4.6/../../../i386-linux-gnu/crti.o
 .rel.text.cfs_remove
                0x000000000000aa4c        0x8 /usr/lib/gcc/i686-linux-gnu/4.6/../../../i386-linux-gnu/crti.o
 .rel.text.radio_set_channel
                0x000000000000aa54        0x8 /usr/lib/gcc/i686-linux-gnu/4.6/../../../i386-linux-gnu/crti.o
 .rel.text.radio_set_txpower
                0x000000000000aa5c        0x8 /usr/lib/gcc/i686-linux-gnu/4.6/../../../i386-linux-gnu/crti.o
 .rel.text.radio_signal_strength_last
                0x000000000000aa64        0x8 /usr/lib/gcc/i686-linux-gnu/4.6/../../../i386-linux-gnu/crti.o
 .rel.text.radio_signal_strength_current
                0x000000000000aa6c        0x8 /usr/lib/gcc/i686-linux-gnu/4.6/../../../i386-linux-gnu/crti.o
 .rel.text.radio_on
                0x000000000000aa74        0x8 /usr/lib/gcc/i686-linux-gnu/4.6/../../../i386-linux-gnu/crti.o
 .rel.text.radio_off
                0x000000000000aa7c        0x8 /usr/lib/gcc/i686-linux-gnu/4.6/../../../i386-linux-gnu/crti.o
 .rel.text.radio_read
                0x000000000000aa84       0x50 /usr/lib/gcc/i686-linux-gnu/4.6/../../../i386-linux-gnu/crti.o
 .rel.text.channel_clear
                0x000000000000aad4        0x8 /usr/lib/gcc/i686-linux-gnu/4.6/../../../i386-linux-gnu/crti.o
 .rel.text.radio_send
                0x000000000000aadc       0x70 /usr/lib/gcc/i686-linux-gnu/4.6/../../../i386-linux-gnu/crti.o
 .rel.text.prepare_packet
                0x000000000000ab4c        0x8 /usr/lib/gcc/i686-linux-gnu/4.6/../../../i386-linux-gnu/crti.o
 .rel.text.transmit_packet
                0x000000000000ab54       0x10 /usr/lib/gcc/i686-linux-gnu/4.6/../../../i386-linux-gnu/crti.o
 .rel.text.receiving_packet
                0x000000000000ab64        0x8 /usr/lib/gcc/i686-linux-gnu/4.6/../../../i386-linux-gnu/crti.o
 .rel.text.pending_packet
                0x000000000000ab6c       0x10 /usr/lib/gcc/i686-linux-gnu/4.6/../../../i386-linux-gnu/crti.o
 .rel.text.process_thread_cooja_radio_process
                0x000000000000ab7c       0x20 /usr/lib/gcc/i686-linux-gnu/4.6/../../../i386-linux-gnu/crti.o
 .rel.text.init
                0x000000000000ab9c       0x10 /usr/lib/gcc/i686-linux-gnu/4.6/../../../i386-linux-gnu/crti.o
 .rel.text.get_sensor_index
                0x000000000000abac       0x10 /usr/lib/gcc/i686-linux-gnu/4.6/../../../i386-linux-gnu/crti.o
 .rel.text.sensors_first
                0x000000000000abbc        0x8 /usr/lib/gcc/i686-linux-gnu/4.6/../../../i386-linux-gnu/crti.o
 .rel.text.sensors_next
                0x000000000000abc4        0x8 /usr/lib/gcc/i686-linux-gnu/4.6/../../../i386-linux-gnu/crti.o
 .rel.text.sensors_changed
                0x000000000000abcc       0x20 /usr/lib/gcc/i686-linux-gnu/4.6/../../../i386-linux-gnu/crti.o
 .rel.text.sensors_find
                0x000000000000abec       0x20 /usr/lib/gcc/i686-linux-gnu/4.6/../../../i386-linux-gnu/crti.o
 .rel.text.process_thread_sensors_process
                0x000000000000ac0c      0x108 /usr/lib/gcc/i686-linux-gnu/4.6/../../../i386-linux-gnu/crti.o
 .rel.text.frame802154_parse
                0x000000000000ad14       0x40 /usr/lib/gcc/i686-linux-gnu/4.6/../../../i386-linux-gnu/crti.o
 .rel.text.rpl_purge_routes
                0x000000000000ad54       0x50 /usr/lib/gcc/i686-linux-gnu/4.6/../../../i386-linux-gnu/crti.o
 .rel.text.rpl_remove_routes
                0x000000000000ada4       0x20 /usr/lib/gcc/i686-linux-gnu/4.6/../../../i386-linux-gnu/crti.o
 .rel.text.rpl_remove_routes_by_nexthop
                0x000000000000adc4       0x30 /usr/lib/gcc/i686-linux-gnu/4.6/../../../i386-linux-gnu/crti.o
 .rel.text.rpl_add_route
                0x000000000000adf4        0x8 /usr/lib/gcc/i686-linux-gnu/4.6/../../../i386-linux-gnu/crti.o
 .rel.text.rpl_link_neighbor_callback
                0x000000000000adfc       0x20 /usr/lib/gcc/i686-linux-gnu/4.6/../../../i386-linux-gnu/crti.o
 .rel.text.rpl_ipv6_neighbor_callback
                0x000000000000ae1c       0x10 /usr/lib/gcc/i686-linux-gnu/4.6/../../../i386-linux-gnu/crti.o
 .rel.text.rpl_init
                0x000000000000ae2c       0x28 /usr/lib/gcc/i686-linux-gnu/4.6/../../../i386-linux-gnu/crti.o
 .rel.text.rpl_dag_init
                0x000000000000ae54       0x18 /usr/lib/gcc/i686-linux-gnu/4.6/../../../i386-linux-gnu/crti.o
 .rel.text.rpl_get_parent_rank
                0x000000000000ae6c       0x10 /usr/lib/gcc/i686-linux-gnu/4.6/../../../i386-linux-gnu/crti.o
 .rel.text.rpl_get_parent_link_metric
                0x000000000000ae7c       0x10 /usr/lib/gcc/i686-linux-gnu/4.6/../../../i386-linux-gnu/crti.o
 .rel.text.rpl_get_parent_ipaddr
                0x000000000000ae8c       0x18 /usr/lib/gcc/i686-linux-gnu/4.6/../../../i386-linux-gnu/crti.o
 .rel.text.rpl_set_preferred_parent
                0x000000000000aea4       0x20 /usr/lib/gcc/i686-linux-gnu/4.6/../../../i386-linux-gnu/crti.o
 .rel.text.remove_parents
                0x000000000000aec4       0x28 /usr/lib/gcc/i686-linux-gnu/4.6/../../../i386-linux-gnu/crti.o
 .rel.text.nullify_parents
                0x000000000000aeec       0x28 /usr/lib/gcc/i686-linux-gnu/4.6/../../../i386-linux-gnu/crti.o
 .rel.text.get_dag
                0x000000000000af14       0x10 /usr/lib/gcc/i686-linux-gnu/4.6/../../../i386-linux-gnu/crti.o
 .rel.text.rpl_set_root
                0x000000000000af24       0x30 /usr/lib/gcc/i686-linux-gnu/4.6/../../../i386-linux-gnu/crti.o
 .rel.text.rpl_repair_root
                0x000000000000af54       0x10 /usr/lib/gcc/i686-linux-gnu/4.6/../../../i386-linux-gnu/crti.o
 .rel.text.set_ip_from_prefix
                0x000000000000af64       0x18 /usr/lib/gcc/i686-linux-gnu/4.6/../../../i386-linux-gnu/crti.o
 .rel.text.check_prefix
                0x000000000000af7c       0x30 /usr/lib/gcc/i686-linux-gnu/4.6/../../../i386-linux-gnu/crti.o
 .rel.text.rpl_set_prefix
                0x000000000000afac       0x10 /usr/lib/gcc/i686-linux-gnu/4.6/../../../i386-linux-gnu/crti.o
 .rel.text.rpl_set_default_route
                0x000000000000afbc       0x18 /usr/lib/gcc/i686-linux-gnu/4.6/../../../i386-linux-gnu/crti.o
 .rel.text.rpl_alloc_instance
                0x000000000000afd4        0x8 /usr/lib/gcc/i686-linux-gnu/4.6/../../../i386-linux-gnu/crti.o
 .rel.text.rpl_alloc_dag
                0x000000000000afdc       0x18 /usr/lib/gcc/i686-linux-gnu/4.6/../../../i386-linux-gnu/crti.o
 .rel.text.rpl_set_default_instance
                0x000000000000aff4        0x8 /usr/lib/gcc/i686-linux-gnu/4.6/../../../i386-linux-gnu/crti.o
 .rel.text.rpl_free_instance
                0x000000000000affc       0x30 /usr/lib/gcc/i686-linux-gnu/4.6/../../../i386-linux-gnu/crti.o
 .rel.text.rpl_free_dag
                0x000000000000b02c        0x8 /usr/lib/gcc/i686-linux-gnu/4.6/../../../i386-linux-gnu/crti.o
 .rel.text.rpl_add_parent
                0x000000000000b034       0x18 /usr/lib/gcc/i686-linux-gnu/4.6/../../../i386-linux-gnu/crti.o
 .rel.text.find_parent_any_dag_any_instance
                0x000000000000b04c       0x20 /usr/lib/gcc/i686-linux-gnu/4.6/../../../i386-linux-gnu/crti.o
 .rel.text.rpl_select_dag
                0x000000000000b06c       0x40 /usr/lib/gcc/i686-linux-gnu/4.6/../../../i386-linux-gnu/crti.o
 .rel.text.rpl_select_parent
                0x000000000000b0ac       0x20 /usr/lib/gcc/i686-linux-gnu/4.6/../../../i386-linux-gnu/crti.o
 .rel.text.rpl_remove_parent
                0x000000000000b0cc       0x18 /usr/lib/gcc/i686-linux-gnu/4.6/../../../i386-linux-gnu/crti.o
 .rel.text.rpl_nullify_parent
                0x000000000000b0e4       0x10 /usr/lib/gcc/i686-linux-gnu/4.6/../../../i386-linux-gnu/crti.o
 .rel.text.rpl_move_parent
                0x000000000000b0f4       0x28 /usr/lib/gcc/i686-linux-gnu/4.6/../../../i386-linux-gnu/crti.o
 .rel.text.rpl_get_any_dag
                0x000000000000b11c       0x18 /usr/lib/gcc/i686-linux-gnu/4.6/../../../i386-linux-gnu/crti.o
 .rel.text.rpl_get_instance
                0x000000000000b134       0x18 /usr/lib/gcc/i686-linux-gnu/4.6/../../../i386-linux-gnu/crti.o
 .rel.text.rpl_find_of
                0x000000000000b14c       0x10 /usr/lib/gcc/i686-linux-gnu/4.6/../../../i386-linux-gnu/crti.o
 .rel.text.rpl_join_instance
                0x000000000000b15c       0x48 /usr/lib/gcc/i686-linux-gnu/4.6/../../../i386-linux-gnu/crti.o
 .rel.text.rpl_add_dag
                0x000000000000b1a4       0x38 /usr/lib/gcc/i686-linux-gnu/4.6/../../../i386-linux-gnu/crti.o
 .rel.text.global_repair
                0x000000000000b1dc       0x10 /usr/lib/gcc/i686-linux-gnu/4.6/../../../i386-linux-gnu/crti.o
 .rel.text.rpl_local_repair
                0x000000000000b1ec        0x8 /usr/lib/gcc/i686-linux-gnu/4.6/../../../i386-linux-gnu/crti.o
 .rel.text.rpl_recalculate_ranks
                0x000000000000b1f4       0x28 /usr/lib/gcc/i686-linux-gnu/4.6/../../../i386-linux-gnu/crti.o
 .rel.text.rpl_process_parent_event
                0x000000000000b21c       0x18 /usr/lib/gcc/i686-linux-gnu/4.6/../../../i386-linux-gnu/crti.o
 .rel.text.rpl_process_dio
                0x000000000000b234       0x78 /usr/lib/gcc/i686-linux-gnu/4.6/../../../i386-linux-gnu/crti.o
 .rel.text.get_global_addr
                0x000000000000b2ac       0x28 /usr/lib/gcc/i686-linux-gnu/4.6/../../../i386-linux-gnu/crti.o
 .rel.text.dis_input
                0x000000000000b2d4       0x28 /usr/lib/gcc/i686-linux-gnu/4.6/../../../i386-linux-gnu/crti.o
 .rel.text.dis_output
                0x000000000000b2fc       0x20 /usr/lib/gcc/i686-linux-gnu/4.6/../../../i386-linux-gnu/crti.o
 .rel.text.dio_input
                0x000000000000b31c       0x60 /usr/lib/gcc/i686-linux-gnu/4.6/../../../i386-linux-gnu/crti.o
 .rel.text.dio_output
                0x000000000000b37c       0x28 /usr/lib/gcc/i686-linux-gnu/4.6/../../../i386-linux-gnu/crti.o
 .rel.text.dao_input
                0x000000000000b3a4       0x98 /usr/lib/gcc/i686-linux-gnu/4.6/../../../i386-linux-gnu/crti.o
 .rel.text.dao_output
                0x000000000000b43c       0x10 /usr/lib/gcc/i686-linux-gnu/4.6/../../../i386-linux-gnu/crti.o
 .rel.text.dao_output_target
                0x000000000000b44c       0x60 /usr/lib/gcc/i686-linux-gnu/4.6/../../../i386-linux-gnu/crti.o
 .rel.text.dao_ack_output
                0x000000000000b4ac       0x18 /usr/lib/gcc/i686-linux-gnu/4.6/../../../i386-linux-gnu/crti.o
 .rel.text.uip_rpl_input
                0x000000000000b4c4       0x18 /usr/lib/gcc/i686-linux-gnu/4.6/../../../i386-linux-gnu/crti.o
 .rel.text.handle_periodic_timer
                0x000000000000b4dc       0x50 /usr/lib/gcc/i686-linux-gnu/4.6/../../../i386-linux-gnu/crti.o
 .rel.text.new_dio_interval
                0x000000000000b52c       0x18 /usr/lib/gcc/i686-linux-gnu/4.6/../../../i386-linux-gnu/crti.o
 .rel.text.handle_dio_timer
                0x000000000000b544       0x40 /usr/lib/gcc/i686-linux-gnu/4.6/../../../i386-linux-gnu/crti.o
 .rel.text.rpl_reset_periodic_timer
                0x000000000000b584       0x28 /usr/lib/gcc/i686-linux-gnu/4.6/../../../i386-linux-gnu/crti.o
 .rel.text.handle_dao_timer
                0x000000000000b5ac       0x30 /usr/lib/gcc/i686-linux-gnu/4.6/../../../i386-linux-gnu/crti.o
 .rel.text.rpl_schedule_dao
                0x000000000000b5dc       0x28 /usr/lib/gcc/i686-linux-gnu/4.6/../../../i386-linux-gnu/crti.o
 .rel.text.rpl_verify_header
                0x000000000000b604       0xd0 /usr/lib/gcc/i686-linux-gnu/4.6/../../../i386-linux-gnu/crti.o
 .rel.text.set_rpl_opt
                0x000000000000b6d4      0x108 /usr/lib/gcc/i686-linux-gnu/4.6/../../../i386-linux-gnu/crti.o
 .rel.text.rpl_update_header_empty
                0x000000000000b7dc      0x120 /usr/lib/gcc/i686-linux-gnu/4.6/../../../i386-linux-gnu/crti.o
 .rel.text.rpl_update_header_final
                0x000000000000b8fc       0xc0 /usr/lib/gcc/i686-linux-gnu/4.6/../../../i386-linux-gnu/crti.o
 .rel.text.rpl_remove_header
                0x000000000000b9bc       0xb0 /usr/lib/gcc/i686-linux-gnu/4.6/../../../i386-linux-gnu/crti.o
 .rel.text.rpl_invert_header
                0x000000000000ba6c       0xa8 /usr/lib/gcc/i686-linux-gnu/4.6/../../../i386-linux-gnu/crti.o
 .rel.text.rpl_insert_header
                0x000000000000bb14       0x20 /usr/lib/gcc/i686-linux-gnu/4.6/../../../i386-linux-gnu/crti.o
 .rel.text.memb_init
                0x000000000000bb34       0x10 /usr/lib/gcc/i686-linux-gnu/4.6/../../../i386-linux-gnu/crti.o
 .rel.text.timer_set
                0x000000000000bb44        0x8 /usr/lib/gcc/i686-linux-gnu/4.6/../../../i386-linux-gnu/crti.o
 .rel.text.timer_restart
                0x000000000000bb4c        0x8 /usr/lib/gcc/i686-linux-gnu/4.6/../../../i386-linux-gnu/crti.o
 .rel.text.timer_expired
                0x000000000000bb54        0x8 /usr/lib/gcc/i686-linux-gnu/4.6/../../../i386-linux-gnu/crti.o
 .rel.text.timer_remaining
                0x000000000000bb5c        0x8 /usr/lib/gcc/i686-linux-gnu/4.6/../../../i386-linux-gnu/crti.o
 .rel.text.list_add
                0x000000000000bb64       0x10 /usr/lib/gcc/i686-linux-gnu/4.6/../../../i386-linux-gnu/crti.o
 .rel.text.list_push
                0x000000000000bb74        0x8 /usr/lib/gcc/i686-linux-gnu/4.6/../../../i386-linux-gnu/crti.o
 .rel.text.list_insert
                0x000000000000bb7c        0x8 /usr/lib/gcc/i686-linux-gnu/4.6/../../../i386-linux-gnu/crti.o
 .rel.text.rtimer_init
                0x000000000000bb84        0x8 /usr/lib/gcc/i686-linux-gnu/4.6/../../../i386-linux-gnu/crti.o
 .rel.text.rtimer_set
                0x000000000000bb8c       0x18 /usr/lib/gcc/i686-linux-gnu/4.6/../../../i386-linux-gnu/crti.o
 .rel.text.rtimer_run_next
                0x000000000000bba4       0x30 /usr/lib/gcc/i686-linux-gnu/4.6/../../../i386-linux-gnu/crti.o
 .rel.text.stimer_set
                0x000000000000bbd4        0x8 /usr/lib/gcc/i686-linux-gnu/4.6/../../../i386-linux-gnu/crti.o
 .rel.text.stimer_restart
                0x000000000000bbdc        0x8 /usr/lib/gcc/i686-linux-gnu/4.6/../../../i386-linux-gnu/crti.o
 .rel.text.stimer_expired
                0x000000000000bbe4        0x8 /usr/lib/gcc/i686-linux-gnu/4.6/../../../i386-linux-gnu/crti.o
 .rel.text.stimer_remaining
                0x000000000000bbec        0x8 /usr/lib/gcc/i686-linux-gnu/4.6/../../../i386-linux-gnu/crti.o
 .rel.text.stimer_elapsed
                0x000000000000bbf4        0x8 /usr/lib/gcc/i686-linux-gnu/4.6/../../../i386-linux-gnu/crti.o
 .rel.text.key_from_index
                0x000000000000bbfc        0x8 /usr/lib/gcc/i686-linux-gnu/4.6/../../../i386-linux-gnu/crti.o
 .rel.text.index_from_key
                0x000000000000bc04        0x8 /usr/lib/gcc/i686-linux-gnu/4.6/../../../i386-linux-gnu/crti.o
 .rel.text.index_from_lladdr
                0x000000000000bc0c       0x28 /usr/lib/gcc/i686-linux-gnu/4.6/../../../i386-linux-gnu/crti.o
 .rel.text.nbr_table_allocate
                0x000000000000bc34       0x80 /usr/lib/gcc/i686-linux-gnu/4.6/../../../i386-linux-gnu/crti.o
 .rel.text.nbr_table_register
                0x000000000000bcb4       0x20 /usr/lib/gcc/i686-linux-gnu/4.6/../../../i386-linux-gnu/crti.o
 .rel.text.nbr_table_head
                0x000000000000bcd4       0x20 /usr/lib/gcc/i686-linux-gnu/4.6/../../../i386-linux-gnu/crti.o
 .rel.text.nbr_table_next
                0x000000000000bcf4       0x10 /usr/lib/gcc/i686-linux-gnu/4.6/../../../i386-linux-gnu/crti.o
 .rel.text.nbr_table_add_lladdr
                0x000000000000bd04       0x30 /usr/lib/gcc/i686-linux-gnu/4.6/../../../i386-linux-gnu/crti.o
 .rel.text.nbr_table_get_from_lladdr
                0x000000000000bd34        0x8 /usr/lib/gcc/i686-linux-gnu/4.6/../../../i386-linux-gnu/crti.o
 .rel.text.nbr_table_remove
                0x000000000000bd3c       0x10 /usr/lib/gcc/i686-linux-gnu/4.6/../../../i386-linux-gnu/crti.o
 .rel.text.nbr_table_lock
                0x000000000000bd4c        0x8 /usr/lib/gcc/i686-linux-gnu/4.6/../../../i386-linux-gnu/crti.o
 .rel.text.nbr_table_unlock
                0x000000000000bd54        0x8 /usr/lib/gcc/i686-linux-gnu/4.6/../../../i386-linux-gnu/crti.o
 .rel.text.uip_icmp6_echo_request_input
                0x000000000000bd5c      0x1f0 /usr/lib/gcc/i686-linux-gnu/4.6/../../../i386-linux-gnu/crti.o
 .rel.text.uip_icmp6_error_output
                0x000000000000bf4c      0x238 /usr/lib/gcc/i686-linux-gnu/4.6/../../../i386-linux-gnu/crti.o
 .rel.text.uip_icmp6_send
                0x000000000000c184       0xb8 /usr/lib/gcc/i686-linux-gnu/4.6/../../../i386-linux-gnu/crti.o
 *(.rel.fini)
 *(.rel.rodata .rel.rodata.* .rel.gnu.linkonce.r.*)
 .rel.rodata    0x000000000000c23c      0x568 /usr/lib/gcc/i686-linux-gnu/4.6/../../../i386-linux-gnu/crti.o
 *(.rel.data.rel.ro* .rel.gnu.linkonce.d.rel.ro.*)
 *(.rel.data .rel.data.* .rel.gnu.linkonce.d.*)
 .rel.data.rel  0x000000000000c7a4        0x8 /usr/lib/gcc/i686-linux-gnu/4.6/../../../i386-linux-gnu/crti.o
 .rel.data      0x000000000000c7ac      0x1e8 /usr/lib/gcc/i686-linux-gnu/4.6/../../../i386-linux-gnu/crti.o
 *(.rel.tdata .rel.tdata.* .rel.gnu.linkonce.td.*)
 *(.rel.tbss .rel.tbss.* .rel.gnu.linkonce.tb.*)
 *(.rel.ctors)
 *(.rel.dtors)
 *(.rel.got)
 .rel.got       0x000000000000c994       0x18 /usr/lib/gcc/i686-linux-gnu/4.6/../../../i386-linux-gnu/crti.o
 *(.rel.bss .rel.bss.* .rel.gnu.linkonce.b.*)
 *(.rel.ifunc)
 .rel.ifunc     0x0000000000000000        0x0 /usr/lib/gcc/i686-linux-gnu/4.6/../../../i386-linux-gnu/crti.o

.rel.plt        0x000000000000c9ac       0x10
 *(.rel.plt)
 .rel.plt       0x000000000000c9ac       0x10 /usr/lib/gcc/i686-linux-gnu/4.6/../../../i386-linux-gnu/crti.o
 *(.rel.iplt)

.init           0x000000000000c9bc       0x2e
 *(.init)
 .init          0x000000000000c9bc       0x1f /usr/lib/gcc/i686-linux-gnu/4.6/../../../i386-linux-gnu/crti.o
                0x000000000000c9bc                _init
 .init          0x000000000000c9db        0x5 /usr/lib/gcc/i686-linux-gnu/4.6/crtbeginS.o
 .init          0x000000000000c9e0        0x5 /usr/lib/gcc/i686-linux-gnu/4.6/crtendS.o
 .init          0x000000000000c9e5        0x5 /usr/lib/gcc/i686-linux-gnu/4.6/../../../i386-linux-gnu/crtn.o

.plt            0x000000000000c9f0       0x30
 *(.plt)
 .plt           0x000000000000c9f0       0x30 /usr/lib/gcc/i686-linux-gnu/4.6/../../../i386-linux-gnu/crti.o
 *(.iplt)

.text           0x000000000000ca20    0x124b8
 *(.text.unlikely .text.*_unlikely)
 *(.text.exit .text.exit.*)
 *(.text.startup .text.startup.*)
 *(.text.hot .text.hot.*)
 *(.text .stub .text.* .gnu.linkonce.t.*)
 .text          0x000000000000ca20        0x0 /usr/lib/gcc/i686-linux-gnu/4.6/../../../i386-linux-gnu/crti.o
 .text          0x000000000000ca20       0xb7 /usr/lib/gcc/i686-linux-gnu/4.6/crtbeginS.o
 .text.__i686.get_pc_thunk.bx
                0x000000000000cad7        0x4 /usr/lib/gcc/i686-linux-gnu/4.6/crtbeginS.o
                0x000000000000cad7                __i686.get_pc_thunk.bx
 *fill*         0x000000000000cadb        0x1 90909090
 .text          0x000000000000cadc        0x0 jammer.co
 .text.receiver
                0x000000000000cadc       0x1d jammer.co
 .text.process_thread_broadcast_example_process
                0x000000000000caf9      0x12f jammer.co
 .text          0x000000000000cc28        0x0 obj_cooja/mtype636.o
 .text.print_processes
                0x000000000000cc28       0x49 obj_cooja/mtype636.o
 .text.rtimer_thread_loop
                0x000000000000cc71       0x12 obj_cooja/mtype636.o
 .text.set_rime_addr
                0x000000000000cc83       0xd1 obj_cooja/mtype636.o
 .text.contiki_init
                0x000000000000cd54      0x3b0 obj_cooja/mtype636.o
                0x000000000000cd54                contiki_init
 .text.process_run_thread_loop
                0x000000000000d104       0x6e obj_cooja/mtype636.o
 .text.Java_se_sics_cooja_corecomm_Lib367_init
                0x000000000000d172       0x40 obj_cooja/mtype636.o
                0x000000000000d172                Java_se_sics_cooja_corecomm_Lib367_init
 .text.Java_se_sics_cooja_corecomm_Lib367_getMemory
                0x000000000000d1b2       0x3d obj_cooja/mtype636.o
                0x000000000000d1b2                Java_se_sics_cooja_corecomm_Lib367_getMemory
 .text.Java_se_sics_cooja_corecomm_Lib367_setMemory
                0x000000000000d1ef       0x74 obj_cooja/mtype636.o
                0x000000000000d1ef                Java_se_sics_cooja_corecomm_Lib367_setMemory
 .text.Java_se_sics_cooja_corecomm_Lib367_tick
                0x000000000000d263       0xe1 obj_cooja/mtype636.o
                0x000000000000d263                Java_se_sics_cooja_corecomm_Lib367_tick
 .text.Java_se_sics_cooja_corecomm_Lib367_setReferenceAddress
                0x000000000000d344       0x12 obj_cooja/mtype636.o
                0x000000000000d344                Java_se_sics_cooja_corecomm_Lib367_setReferenceAddress
 *fill*         0x000000000000d356        0x2 90909090
 .text          0x000000000000d358        0x0 obj_cooja/mtype636.a(rimeaddr.o)
 .text.rimeaddr_copy
                0x000000000000d358       0x15 obj_cooja/mtype636.a(rimeaddr.o)
                0x000000000000d358                rimeaddr_copy
 .text.rimeaddr_cmp
                0x000000000000d36d       0x2a obj_cooja/mtype636.a(rimeaddr.o)
                0x000000000000d36d                rimeaddr_cmp
 .text.rimeaddr_set_node_addr
                0x000000000000d397       0x1b obj_cooja/mtype636.a(rimeaddr.o)
                0x000000000000d397                rimeaddr_set_node_addr
 *fill*         0x000000000000d3b2        0x2 90909090
 .text          0x000000000000d3b4        0x0 obj_cooja/mtype636.a(nullmac.o)
 .text.send_packet
                0x000000000000d3b4       0x1d obj_cooja/mtype636.a(nullmac.o)
 .text.packet_input
                0x000000000000d3d1        0xf obj_cooja/mtype636.a(nullmac.o)
 .text.on       0x000000000000d3e0        0xf obj_cooja/mtype636.a(nullmac.o)
 .text.off      0x000000000000d3ef       0x16 obj_cooja/mtype636.a(nullmac.o)
 .text.channel_check_interval
                0x000000000000d405        0xa obj_cooja/mtype636.a(nullmac.o)
 .text.init     0x000000000000d40f        0x5 obj_cooja/mtype636.a(nullmac.o)
 .text          0x000000000000d414        0x0 obj_cooja/mtype636.a(nullrdc.o)
 .text.packetbuf_set_attr
                0x000000000000d414       0x2a obj_cooja/mtype636.a(nullrdc.o)
 .text.packetbuf_attr
                0x000000000000d43e       0x1a obj_cooja/mtype636.a(nullrdc.o)
 .text.packetbuf_set_addr
                0x000000000000d458       0x32 obj_cooja/mtype636.a(nullrdc.o)
 .text.packetbuf_addr
                0x000000000000d48a       0x1d obj_cooja/mtype636.a(nullrdc.o)
 .text.send_one_packet
                0x000000000000d4a7      0x1f9 obj_cooja/mtype636.a(nullrdc.o)
 .text.send_packet
                0x000000000000d6a0       0x1a obj_cooja/mtype636.a(nullrdc.o)
 .text.send_list
                0x000000000000d6ba       0x4a obj_cooja/mtype636.a(nullrdc.o)
 .text.packet_input
                0x000000000000d704      0x212 obj_cooja/mtype636.a(nullrdc.o)
 .text.on       0x000000000000d916        0xf obj_cooja/mtype636.a(nullrdc.o)
 .text.off      0x000000000000d925       0x1e obj_cooja/mtype636.a(nullrdc.o)
 .text.channel_check_interval
                0x000000000000d943        0xa obj_cooja/mtype636.a(nullrdc.o)
 .text.init     0x000000000000d94d        0xd obj_cooja/mtype636.a(nullrdc.o)
 *fill*         0x000000000000d95a        0x2 90909090
 .text          0x000000000000d95c        0x0 obj_cooja/mtype636.a(mac.o)
 .text.mac_call_sent_callback
                0x000000000000d95c       0x3c obj_cooja/mtype636.a(mac.o)
                0x000000000000d95c                mac_call_sent_callback
 .text          0x000000000000d998        0x0 obj_cooja/mtype636.a(framer-802154.o)
 .text.packetbuf_set_attr
                0x000000000000d998       0x2a obj_cooja/mtype636.a(framer-802154.o)
 .text.packetbuf_attr
                0x000000000000d9c2       0x1a obj_cooja/mtype636.a(framer-802154.o)
 .text.packetbuf_set_addr
                0x000000000000d9dc       0x32 obj_cooja/mtype636.a(framer-802154.o)
 .text.packetbuf_addr
                0x000000000000da0e       0x1d obj_cooja/mtype636.a(framer-802154.o)
 .text.is_broadcast_addr
                0x000000000000da2b       0x4d obj_cooja/mtype636.a(framer-802154.o)
 .text.create   0x000000000000da78      0x1cd obj_cooja/mtype636.a(framer-802154.o)
 .text.parse    0x000000000000dc45      0x12c obj_cooja/mtype636.a(framer-802154.o)
 *fill*         0x000000000000dd71        0x3 90909090
 .text          0x000000000000dd74        0x0 obj_cooja/mtype636.a(process.o)
 .text.process_alloc_event
                0x000000000000dd74       0x18 obj_cooja/mtype636.a(process.o)
                0x000000000000dd74                process_alloc_event
 .text.process_start
                0x000000000000dd8c       0x70 obj_cooja/mtype636.a(process.o)
                0x000000000000dd8c                process_start
 .text.exit_process
                0x000000000000ddfc       0xec obj_cooja/mtype636.a(process.o)
 .text.call_process
                0x000000000000dee8       0x90 obj_cooja/mtype636.a(process.o)
 .text.process_exit
                0x000000000000df78       0x1c obj_cooja/mtype636.a(process.o)
                0x000000000000df78                process_exit
 .text.process_init
                0x000000000000df94       0x33 obj_cooja/mtype636.a(process.o)
                0x000000000000df94                process_init
 .text.do_poll  0x000000000000dfc7       0x5b obj_cooja/mtype636.a(process.o)
 .text.do_event
                0x000000000000e022      0x145 obj_cooja/mtype636.a(process.o)
 .text.process_run
                0x000000000000e167       0x33 obj_cooja/mtype636.a(process.o)
                0x000000000000e167                process_run
 .text.process_nevents
                0x000000000000e19a       0x1b obj_cooja/mtype636.a(process.o)
                0x000000000000e19a                process_nevents
 .text.process_post
                0x000000000000e1b5       0xac obj_cooja/mtype636.a(process.o)
                0x000000000000e1b5                process_post
 .text.process_post_synch
                0x000000000000e261       0x38 obj_cooja/mtype636.a(process.o)
                0x000000000000e261                process_post_synch
 .text.process_poll
                0x000000000000e299       0x2f obj_cooja/mtype636.a(process.o)
                0x000000000000e299                process_poll
 .text.process_is_running
                0x000000000000e2c8       0x14 obj_cooja/mtype636.a(process.o)
                0x000000000000e2c8                process_is_running
 .text          0x000000000000e2dc        0x0 obj_cooja/mtype636.a(autostart.o)
 .text.autostart_start
                0x000000000000e2dc       0x3f obj_cooja/mtype636.a(autostart.o)
                0x000000000000e2dc                autostart_start
 .text.autostart_exit
                0x000000000000e31b       0x37 obj_cooja/mtype636.a(autostart.o)
                0x000000000000e31b                autostart_exit
 *fill*         0x000000000000e352        0x2 90909090
 .text          0x000000000000e354        0x0 obj_cooja/mtype636.a(serial-line.o)
 .text.serial_line_input_byte
                0x000000000000e354       0x7d obj_cooja/mtype636.a(serial-line.o)
                0x000000000000e354                serial_line_input_byte
 .text.process_thread_serial_line_process
                0x000000000000e3d1      0x137 obj_cooja/mtype636.a(serial-line.o)
 .text.serial_line_init
                0x000000000000e508       0x38 obj_cooja/mtype636.a(serial-line.o)
                0x000000000000e508                serial_line_init
 .text          0x000000000000e540        0x0 obj_cooja/mtype636.a(etimer.o)
 .text.update_time
                0x000000000000e540       0x8f obj_cooja/mtype636.a(etimer.o)
 .text.process_thread_etimer_process
                0x000000000000e5cf      0x190 obj_cooja/mtype636.a(etimer.o)
 .text.etimer_request_poll
                0x000000000000e75f       0x14 obj_cooja/mtype636.a(etimer.o)
                0x000000000000e75f                etimer_request_poll
 .text.add_timer
                0x000000000000e773       0x70 obj_cooja/mtype636.a(etimer.o)
 .text.etimer_set
                0x000000000000e7e3       0x25 obj_cooja/mtype636.a(etimer.o)
                0x000000000000e7e3                etimer_set
 .text.etimer_reset
                0x000000000000e808       0x1e obj_cooja/mtype636.a(etimer.o)
                0x000000000000e808                etimer_reset
 .text.etimer_restart
                0x000000000000e826       0x1e obj_cooja/mtype636.a(etimer.o)
                0x000000000000e826                etimer_restart
 .text.etimer_adjust
                0x000000000000e844       0x1c obj_cooja/mtype636.a(etimer.o)
                0x000000000000e844                etimer_adjust
 .text.etimer_expired
                0x000000000000e860       0x13 obj_cooja/mtype636.a(etimer.o)
                0x000000000000e860                etimer_expired
 .text.etimer_expiration_time
                0x000000000000e873       0x12 obj_cooja/mtype636.a(etimer.o)
                0x000000000000e873                etimer_expiration_time
 .text.etimer_start_time
                0x000000000000e885        0xa obj_cooja/mtype636.a(etimer.o)
                0x000000000000e885                etimer_start_time
 .text.etimer_pending
                0x000000000000e88f       0x12 obj_cooja/mtype636.a(etimer.o)
                0x000000000000e88f                etimer_pending
 .text.etimer_next_expiration_time
                0x000000000000e8a1       0x1a obj_cooja/mtype636.a(etimer.o)
                0x000000000000e8a1                etimer_next_expiration_time
 .text.etimer_stop
                0x000000000000e8bb       0x75 obj_cooja/mtype636.a(etimer.o)
                0x000000000000e8bb                etimer_stop
 .text          0x000000000000e930        0x0 obj_cooja/mtype636.a(ctimer.o)
 .text.process_thread_ctimer_process
                0x000000000000e930      0x11b obj_cooja/mtype636.a(ctimer.o)
 .text.ctimer_init
                0x000000000000ea4b       0x30 obj_cooja/mtype636.a(ctimer.o)
                0x000000000000ea4b                ctimer_init
 .text.ctimer_set
                0x000000000000ea7b       0x93 obj_cooja/mtype636.a(ctimer.o)
                0x000000000000ea7b                ctimer_set
 .text.ctimer_reset
                0x000000000000eb0e       0x63 obj_cooja/mtype636.a(ctimer.o)
                0x000000000000eb0e                ctimer_reset
 .text.ctimer_restart
                0x000000000000eb71       0x63 obj_cooja/mtype636.a(ctimer.o)
                0x000000000000eb71                ctimer_restart
 .text.ctimer_stop
                0x000000000000ebd4       0x4b obj_cooja/mtype636.a(ctimer.o)
                0x000000000000ebd4                ctimer_stop
 .text.ctimer_expired
                0x000000000000ec1f       0x57 obj_cooja/mtype636.a(ctimer.o)
                0x000000000000ec1f                ctimer_expired
 *fill*         0x000000000000ec76        0x2 90909090
 .text          0x000000000000ec78        0x0 obj_cooja/mtype636.a(random.o)
 .text.random_init
                0x000000000000ec78       0x1b obj_cooja/mtype636.a(random.o)
                0x000000000000ec78                random_init
 .text.random_rand
                0x000000000000ec93        0xd obj_cooja/mtype636.a(random.o)
                0x000000000000ec93                random_rand
 .text          0x000000000000eca0        0x0 obj_cooja/mtype636.a(ringbuf.o)
 .text.ringbuf_init
                0x000000000000eca0       0x31 obj_cooja/mtype636.a(ringbuf.o)
                0x000000000000eca0                ringbuf_init
 .text.ringbuf_put
                0x000000000000ecd1       0x7e obj_cooja/mtype636.a(ringbuf.o)
                0x000000000000ecd1                ringbuf_put
 .text.ringbuf_get
                0x000000000000ed4f       0x6d obj_cooja/mtype636.a(ringbuf.o)
                0x000000000000ed4f                ringbuf_get
 .text.ringbuf_size
                0x000000000000edbc       0x12 obj_cooja/mtype636.a(ringbuf.o)
                0x000000000000edbc                ringbuf_size
 .text.ringbuf_elements
                0x000000000000edce       0x27 obj_cooja/mtype636.a(ringbuf.o)
                0x000000000000edce                ringbuf_elements
 *fill*         0x000000000000edf5        0x3 90909090
 .text          0x000000000000edf8        0x0 obj_cooja/mtype636.a(netstack.o)
 .text.netstack_init
                0x000000000000edf8       0x24 obj_cooja/mtype636.a(netstack.o)
                0x000000000000edf8                netstack_init
 .text          0x000000000000ee1c        0x0 obj_cooja/mtype636.a(packetbuf.o)
 .text.packetbuf_clear
                0x000000000000ee1c       0x37 obj_cooja/mtype636.a(packetbuf.o)
                0x000000000000ee1c                packetbuf_clear
 .text.packetbuf_clear_hdr
                0x000000000000ee53        0xc obj_cooja/mtype636.a(packetbuf.o)
                0x000000000000ee53                packetbuf_clear_hdr
 .text.packetbuf_copyfrom
                0x000000000000ee5f       0x52 obj_cooja/mtype636.a(packetbuf.o)
                0x000000000000ee5f                packetbuf_copyfrom
 .text.packetbuf_compact
                0x000000000000eeb1       0x9e obj_cooja/mtype636.a(packetbuf.o)
                0x000000000000eeb1                packetbuf_compact
 .text.packetbuf_copyto_hdr
                0x000000000000ef4f       0x5a obj_cooja/mtype636.a(packetbuf.o)
                0x000000000000ef4f                packetbuf_copyto_hdr
 .text.packetbuf_copyto
                0x000000000000efa9       0xe3 obj_cooja/mtype636.a(packetbuf.o)
                0x000000000000efa9                packetbuf_copyto
 .text.packetbuf_hdralloc
                0x000000000000f08c       0x4a obj_cooja/mtype636.a(packetbuf.o)
                0x000000000000f08c                packetbuf_hdralloc
 .text.packetbuf_hdr_remove
                0x000000000000f0d6       0x18 obj_cooja/mtype636.a(packetbuf.o)
                0x000000000000f0d6                packetbuf_hdr_remove
 .text.packetbuf_hdrreduce
                0x000000000000f0ee       0x4b obj_cooja/mtype636.a(packetbuf.o)
                0x000000000000f0ee                packetbuf_hdrreduce
 .text.packetbuf_set_datalen
                0x000000000000f139       0x19 obj_cooja/mtype636.a(packetbuf.o)
                0x000000000000f139                packetbuf_set_datalen
 .text.packetbuf_dataptr
                0x000000000000f152       0x19 obj_cooja/mtype636.a(packetbuf.o)
                0x000000000000f152                packetbuf_dataptr
 .text.packetbuf_hdrptr
                0x000000000000f16b       0x17 obj_cooja/mtype636.a(packetbuf.o)
                0x000000000000f16b                packetbuf_hdrptr
 .text.packetbuf_reference
                0x000000000000f182       0x26 obj_cooja/mtype636.a(packetbuf.o)
                0x000000000000f182                packetbuf_reference
 .text.packetbuf_is_reference
                0x000000000000f1a8       0x1a obj_cooja/mtype636.a(packetbuf.o)
                0x000000000000f1a8                packetbuf_is_reference
 .text.packetbuf_reference_ptr
                0x000000000000f1c2        0xa obj_cooja/mtype636.a(packetbuf.o)
                0x000000000000f1c2                packetbuf_reference_ptr
 .text.packetbuf_datalen
                0x000000000000f1cc        0xc obj_cooja/mtype636.a(packetbuf.o)
                0x000000000000f1cc                packetbuf_datalen
 .text.packetbuf_hdrlen
                0x000000000000f1d8       0x17 obj_cooja/mtype636.a(packetbuf.o)
                0x000000000000f1d8                packetbuf_hdrlen
 .text.packetbuf_totlen
                0x000000000000f1ef       0x16 obj_cooja/mtype636.a(packetbuf.o)
                0x000000000000f1ef                packetbuf_totlen
 .text.packetbuf_attr_clear
                0x000000000000f205       0x56 obj_cooja/mtype636.a(packetbuf.o)
                0x000000000000f205                packetbuf_attr_clear
 .text.packetbuf_attr_copyto
                0x000000000000f25b       0x9d obj_cooja/mtype636.a(packetbuf.o)
                0x000000000000f25b                packetbuf_attr_copyto
 .text.packetbuf_attr_copyfrom
                0x000000000000f2f8       0x9c obj_cooja/mtype636.a(packetbuf.o)
                0x000000000000f2f8                packetbuf_attr_copyfrom
 .text          0x000000000000f394        0x0 obj_cooja/mtype636.a(queuebuf.o)
 .text.queuebuf_load_to_ram
                0x000000000000f394        0xa obj_cooja/mtype636.a(queuebuf.o)
 .text.queuebuf_init
                0x000000000000f39e       0x2c obj_cooja/mtype636.a(queuebuf.o)
                0x000000000000f39e                queuebuf_init
 .text.queuebuf_new_from_packetbuf
                0x000000000000f3ca       0xcb obj_cooja/mtype636.a(queuebuf.o)
                0x000000000000f3ca                queuebuf_new_from_packetbuf
 .text.queuebuf_update_attr_from_packetbuf
                0x000000000000f495       0x33 obj_cooja/mtype636.a(queuebuf.o)
                0x000000000000f495                queuebuf_update_attr_from_packetbuf
 .text.queuebuf_free
                0x000000000000f4c8       0x73 obj_cooja/mtype636.a(queuebuf.o)
                0x000000000000f4c8                queuebuf_free
 .text.queuebuf_to_packetbuf
                0x000000000000f53b       0xe8 obj_cooja/mtype636.a(queuebuf.o)
                0x000000000000f53b                queuebuf_to_packetbuf
 .text.queuebuf_dataptr
                0x000000000000f623       0x5f obj_cooja/mtype636.a(queuebuf.o)
                0x000000000000f623                queuebuf_dataptr
 .text.queuebuf_datalen
                0x000000000000f682       0x1f obj_cooja/mtype636.a(queuebuf.o)
                0x000000000000f682                queuebuf_datalen
 .text.queuebuf_addr
                0x000000000000f6a1       0x2f obj_cooja/mtype636.a(queuebuf.o)
                0x000000000000f6a1                queuebuf_addr
 .text.queuebuf_attr
                0x000000000000f6d0       0x2b obj_cooja/mtype636.a(queuebuf.o)
                0x000000000000f6d0                queuebuf_attr
 .text.queuebuf_debug_print
                0x000000000000f6fb        0x5 obj_cooja/mtype636.a(queuebuf.o)
                0x000000000000f6fb                queuebuf_debug_print
 .text          0x000000000000f700        0x0 obj_cooja/mtype636.a(sicslowpan.o)
 .text.packetbuf_set_attr
                0x000000000000f700       0x2a obj_cooja/mtype636.a(sicslowpan.o)
 .text.packetbuf_set_addr
                0x000000000000f72a       0x32 obj_cooja/mtype636.a(sicslowpan.o)
 .text.packetbuf_addr
                0x000000000000f75c       0x1d obj_cooja/mtype636.a(sicslowpan.o)
 .text.rime_sniffer_add
                0x000000000000f779        0xd obj_cooja/mtype636.a(sicslowpan.o)
                0x000000000000f779                rime_sniffer_add
 .text.rime_sniffer_remove
                0x000000000000f786        0xf obj_cooja/mtype636.a(sicslowpan.o)
                0x000000000000f786                rime_sniffer_remove
 .text.set_packet_attrs
                0x000000000000f795       0xe9 obj_cooja/mtype636.a(sicslowpan.o)
 .text.addr_context_lookup_by_prefix
                0x000000000000f87e       0x7a obj_cooja/mtype636.a(sicslowpan.o)
 .text.addr_context_lookup_by_number
                0x000000000000f8f8       0x6a obj_cooja/mtype636.a(sicslowpan.o)
 .text.compress_addr_64
                0x000000000000f962      0x163 obj_cooja/mtype636.a(sicslowpan.o)
 .text.uncompress_addr
                0x000000000000fac5      0x12e obj_cooja/mtype636.a(sicslowpan.o)
 .text.compress_hdr_hc06
                0x000000000000fbf3      0x942 obj_cooja/mtype636.a(sicslowpan.o)
 .text.uncompress_hdr_hc06
                0x0000000000010535      0x77d obj_cooja/mtype636.a(sicslowpan.o)
 .text.compress_hdr_ipv6
                0x0000000000010cb2       0x8d obj_cooja/mtype636.a(sicslowpan.o)
 .text.packet_sent
                0x0000000000010d3f       0x3b obj_cooja/mtype636.a(sicslowpan.o)
 .text.send_packet
                0x0000000000010d7a       0x36 obj_cooja/mtype636.a(sicslowpan.o)
 .text.output   0x0000000000010db0      0x54f obj_cooja/mtype636.a(sicslowpan.o)
 .text.input    0x00000000000112ff      0x54f obj_cooja/mtype636.a(sicslowpan.o)
 .text.sicslowpan_init
                0x000000000001184e       0x57 obj_cooja/mtype636.a(sicslowpan.o)
                0x000000000001184e                sicslowpan_init
 *fill*         0x00000000000118a5        0x3 90909090
 .text          0x00000000000118a8        0x0 obj_cooja/mtype636.a(simple-udp.o)
 .text.init_simple_udp
                0x00000000000118a8       0x2e obj_cooja/mtype636.a(simple-udp.o)
 .text.simple_udp_send
                0x00000000000118d6       0x6d obj_cooja/mtype636.a(simple-udp.o)
                0x00000000000118d6                simple_udp_send
 .text.simple_udp_sendto
                0x0000000000011943       0x65 obj_cooja/mtype636.a(simple-udp.o)
                0x0000000000011943                simple_udp_sendto
 .text.simple_udp_sendto_port
                0x00000000000119a8       0x63 obj_cooja/mtype636.a(simple-udp.o)
                0x00000000000119a8                simple_udp_sendto_port
 .text.simple_udp_register
                0x0000000000011a0b       0xe6 obj_cooja/mtype636.a(simple-udp.o)
                0x0000000000011a0b                simple_udp_register
 .text.process_thread_simple_udp_process
                0x0000000000011af1      0x15b obj_cooja/mtype636.a(simple-udp.o)
 .text          0x0000000000011c4c        0x0 obj_cooja/mtype636.a(tcpip.o)
 .text.tcpip_output
                0x0000000000011c4c       0x2f obj_cooja/mtype636.a(tcpip.o)
                0x0000000000011c4c                tcpip_output
 .text.tcpip_set_outputfunc
                0x0000000000011c7b        0xd obj_cooja/mtype636.a(tcpip.o)
                0x0000000000011c7b                tcpip_set_outputfunc
 .text.start_periodic_tcp_timer
                0x0000000000011c88       0x24 obj_cooja/mtype636.a(tcpip.o)
 .text.check_for_tcp_syn
                0x0000000000011cac       0x2d obj_cooja/mtype636.a(tcpip.o)
 .text.packet_input
                0x0000000000011cd9       0x36 obj_cooja/mtype636.a(tcpip.o)
 .text.tcp_connect
                0x0000000000011d0f       0x55 obj_cooja/mtype636.a(tcpip.o)
                0x0000000000011d0f                tcp_connect
 .text.tcp_unlisten
                0x0000000000011d64       0x6e obj_cooja/mtype636.a(tcpip.o)
                0x0000000000011d64                tcp_unlisten
 .text.tcp_listen
                0x0000000000011dd2       0x6c obj_cooja/mtype636.a(tcpip.o)
                0x0000000000011dd2                tcp_listen
 .text.tcp_attach
                0x0000000000011e3e       0x25 obj_cooja/mtype636.a(tcpip.o)
                0x0000000000011e3e                tcp_attach
 .text.udp_attach
                0x0000000000011e63       0x25 obj_cooja/mtype636.a(tcpip.o)
                0x0000000000011e63                udp_attach
 .text.udp_new  0x0000000000011e88       0x52 obj_cooja/mtype636.a(tcpip.o)
                0x0000000000011e88                udp_new
 .text.udp_broadcast_new
                0x0000000000011eda       0x92 obj_cooja/mtype636.a(tcpip.o)
                0x0000000000011eda                udp_broadcast_new
 .text.eventhandler
                0x0000000000011f6c      0x21b obj_cooja/mtype636.a(tcpip.o)
 .text.tcpip_input
                0x0000000000012187       0x34 obj_cooja/mtype636.a(tcpip.o)
                0x0000000000012187                tcpip_input
 .text.tcpip_ipv6_output
                0x00000000000121bb      0x483 obj_cooja/mtype636.a(tcpip.o)
                0x00000000000121bb                tcpip_ipv6_output
 .text.tcpip_poll_udp
                0x000000000001263e       0x23 obj_cooja/mtype636.a(tcpip.o)
                0x000000000001263e                tcpip_poll_udp
 .text.tcpip_poll_tcp
                0x0000000000012661       0x23 obj_cooja/mtype636.a(tcpip.o)
                0x0000000000012661                tcpip_poll_tcp
 .text.tcpip_uipcall
                0x0000000000012684       0xd0 obj_cooja/mtype636.a(tcpip.o)
                0x0000000000012684                tcpip_uipcall
 .text.process_thread_tcpip_process
                0x0000000000012754       0xd3 obj_cooja/mtype636.a(tcpip.o)
 *fill*         0x0000000000012827        0x1 90909090
 .text          0x0000000000012828        0x0 obj_cooja/mtype636.a(uip-ds6-route.o)
 .text.call_route_callback
                0x0000000000012828       0x77 obj_cooja/mtype636.a(uip-ds6-route.o)
 .text.uip_ds6_notification_add
                0x000000000001289f       0x31 obj_cooja/mtype636.a(uip-ds6-route.o)
                0x000000000001289f                uip_ds6_notification_add
 .text.uip_ds6_notification_rm
                0x00000000000128d0       0x1c obj_cooja/mtype636.a(uip-ds6-route.o)
                0x00000000000128d0                uip_ds6_notification_rm
 .text.uip_ds6_route_init
                0x00000000000128ec       0x4f obj_cooja/mtype636.a(uip-ds6-route.o)
                0x00000000000128ec                uip_ds6_route_init
 .text.uip_ds6_route_nexthop_lladdr
                0x000000000001293b       0x2c obj_cooja/mtype636.a(uip-ds6-route.o)
 .text.uip_ds6_route_nexthop
                0x0000000000012967       0x28 obj_cooja/mtype636.a(uip-ds6-route.o)
                0x0000000000012967                uip_ds6_route_nexthop
 .text.uip_ds6_route_head
                0x000000000001298f       0x41 obj_cooja/mtype636.a(uip-ds6-route.o)
                0x000000000001298f                uip_ds6_route_head
 .text.uip_ds6_route_next
                0x00000000000129d0       0x5c obj_cooja/mtype636.a(uip-ds6-route.o)
                0x00000000000129d0                uip_ds6_route_next
 .text.uip_ds6_route_num_routes
                0x0000000000012a2c        0xa obj_cooja/mtype636.a(uip-ds6-route.o)
                0x0000000000012a2c                uip_ds6_route_num_routes
 .text.uip_ds6_route_lookup
                0x0000000000012a36       0x7a obj_cooja/mtype636.a(uip-ds6-route.o)
                0x0000000000012a36                uip_ds6_route_lookup
 .text.uip_ds6_route_add
                0x0000000000012ab0      0x150 obj_cooja/mtype636.a(uip-ds6-route.o)
                0x0000000000012ab0                uip_ds6_route_add
 .text.uip_ds6_route_rm
                0x0000000000012c00       0xac obj_cooja/mtype636.a(uip-ds6-route.o)
                0x0000000000012c00                uip_ds6_route_rm
 .text.rm_routelist
                0x0000000000012cac       0x61 obj_cooja/mtype636.a(uip-ds6-route.o)
 .text.rm_routelist_callback
                0x0000000000012d0d       0x13 obj_cooja/mtype636.a(uip-ds6-route.o)
 .text.uip_ds6_route_rm_by_nexthop
                0x0000000000012d20       0x38 obj_cooja/mtype636.a(uip-ds6-route.o)
                0x0000000000012d20                uip_ds6_route_rm_by_nexthop
 .text.uip_ds6_defrt_add
                0x0000000000012d58       0xb1 obj_cooja/mtype636.a(uip-ds6-route.o)
                0x0000000000012d58                uip_ds6_defrt_add
 .text.uip_ds6_defrt_rm
                0x0000000000012e09       0x7f obj_cooja/mtype636.a(uip-ds6-route.o)
                0x0000000000012e09                uip_ds6_defrt_rm
 .text.uip_ds6_defrt_lookup
                0x0000000000012e88       0x59 obj_cooja/mtype636.a(uip-ds6-route.o)
                0x0000000000012e88                uip_ds6_defrt_lookup
 .text.uip_ds6_defrt_choose
                0x0000000000012ee1       0x6b obj_cooja/mtype636.a(uip-ds6-route.o)
                0x0000000000012ee1                uip_ds6_defrt_choose
 .text.uip_ds6_defrt_periodic
                0x0000000000012f4c       0x68 obj_cooja/mtype636.a(uip-ds6-route.o)
                0x0000000000012f4c                uip_ds6_defrt_periodic
 .text          0x0000000000012fb4        0x0 obj_cooja/mtype636.a(uip-ds6-nbr.o)
 .text.packetbuf_addr
                0x0000000000012fb4       0x1d obj_cooja/mtype636.a(uip-ds6-nbr.o)
 .text.uip_ds6_neighbors_init
                0x0000000000012fd1       0x1d obj_cooja/mtype636.a(uip-ds6-nbr.o)
                0x0000000000012fd1                uip_ds6_neighbors_init
 .text.uip_ds6_nbr_add
                0x0000000000012fee       0xbb obj_cooja/mtype636.a(uip-ds6-nbr.o)
                0x0000000000012fee                uip_ds6_nbr_add
 .text.uip_ds6_nbr_rm
                0x00000000000130a9       0x3b obj_cooja/mtype636.a(uip-ds6-nbr.o)
                0x00000000000130a9                uip_ds6_nbr_rm
 .text.uip_ds6_nbr_get_ipaddr
                0x00000000000130e4       0x15 obj_cooja/mtype636.a(uip-ds6-nbr.o)
                0x00000000000130e4                uip_ds6_nbr_get_ipaddr
 .text.uip_ds6_nbr_get_ll
                0x00000000000130f9       0x1c obj_cooja/mtype636.a(uip-ds6-nbr.o)
                0x00000000000130f9                uip_ds6_nbr_get_ll
 .text.uip_ds6_nbr_num
                0x0000000000013115       0x45 obj_cooja/mtype636.a(uip-ds6-nbr.o)
                0x0000000000013115                uip_ds6_nbr_num
 .text.uip_ds6_nbr_lookup
                0x000000000001315a       0x65 obj_cooja/mtype636.a(uip-ds6-nbr.o)
                0x000000000001315a                uip_ds6_nbr_lookup
 .text.uip_ds6_nbr_ll_lookup
                0x00000000000131bf       0x1c obj_cooja/mtype636.a(uip-ds6-nbr.o)
                0x00000000000131bf                uip_ds6_nbr_ll_lookup
 .text.uip_ds6_nbr_ipaddr_from_lladdr
                0x00000000000131db       0x26 obj_cooja/mtype636.a(uip-ds6-nbr.o)
                0x00000000000131db                uip_ds6_nbr_ipaddr_from_lladdr
 .text.uip_ds6_nbr_lladdr_from_ipaddr
                0x0000000000013201       0x2e obj_cooja/mtype636.a(uip-ds6-nbr.o)
                0x0000000000013201                uip_ds6_nbr_lladdr_from_ipaddr
 .text.uip_ds6_link_neighbor_callback
                0x000000000001322f       0x4a obj_cooja/mtype636.a(uip-ds6-nbr.o)
                0x000000000001322f                uip_ds6_link_neighbor_callback
 .text.uip_ds6_neighbor_periodic
                0x0000000000013279      0x22a obj_cooja/mtype636.a(uip-ds6-nbr.o)
                0x0000000000013279                uip_ds6_neighbor_periodic
 .text.uip_ds6_get_least_lifetime_neighbor
                0x00000000000134a3       0x79 obj_cooja/mtype636.a(uip-ds6-nbr.o)
                0x00000000000134a3                uip_ds6_get_least_lifetime_neighbor
 .text          0x000000000001351c        0x0 obj_cooja/mtype636.a(uip-ds6.o)
 .text.uip_ds6_init
                0x000000000001351c      0x1cb obj_cooja/mtype636.a(uip-ds6.o)
                0x000000000001351c                uip_ds6_init
 .text.uip_ds6_periodic
                0x00000000000136e7       0x7d obj_cooja/mtype636.a(uip-ds6.o)
                0x00000000000136e7                uip_ds6_periodic
 .text.uip_ds6_list_loop
                0x0000000000013764       0xa3 obj_cooja/mtype636.a(uip-ds6.o)
                0x0000000000013764                uip_ds6_list_loop
 .text.uip_ds6_prefix_add
                0x0000000000013807       0xbe obj_cooja/mtype636.a(uip-ds6.o)
                0x0000000000013807                uip_ds6_prefix_add
 .text.uip_ds6_prefix_rm
                0x00000000000138c5       0x11 obj_cooja/mtype636.a(uip-ds6.o)
                0x00000000000138c5                uip_ds6_prefix_rm
 .text.uip_ds6_prefix_lookup
                0x00000000000138d6       0x51 obj_cooja/mtype636.a(uip-ds6.o)
                0x00000000000138d6                uip_ds6_prefix_lookup
 .text.uip_ds6_is_addr_onlink
                0x0000000000013927       0x74 obj_cooja/mtype636.a(uip-ds6.o)
                0x0000000000013927                uip_ds6_is_addr_onlink
 .text.uip_ds6_addr_add
                0x000000000001399b      0x12e obj_cooja/mtype636.a(uip-ds6.o)
                0x000000000001399b                uip_ds6_addr_add
 .text.uip_ds6_addr_rm
                0x0000000000013ac9       0x9f obj_cooja/mtype636.a(uip-ds6.o)
                0x0000000000013ac9                uip_ds6_addr_rm
 .text.uip_ds6_addr_lookup
                0x0000000000013b68       0x4b obj_cooja/mtype636.a(uip-ds6.o)
                0x0000000000013b68                uip_ds6_addr_lookup
 .text.uip_ds6_get_link_local
                0x0000000000013bb3       0x7f obj_cooja/mtype636.a(uip-ds6.o)
                0x0000000000013bb3                uip_ds6_get_link_local
 .text.uip_ds6_get_global
                0x0000000000013c32       0x7f obj_cooja/mtype636.a(uip-ds6.o)
                0x0000000000013c32                uip_ds6_get_global
 .text.uip_ds6_maddr_add
                0x0000000000013cb1       0x72 obj_cooja/mtype636.a(uip-ds6.o)
                0x0000000000013cb1                uip_ds6_maddr_add
 .text.uip_ds6_maddr_rm
                0x0000000000013d23       0x11 obj_cooja/mtype636.a(uip-ds6.o)
                0x0000000000013d23                uip_ds6_maddr_rm
 .text.uip_ds6_maddr_lookup
                0x0000000000013d34       0x4b obj_cooja/mtype636.a(uip-ds6.o)
                0x0000000000013d34                uip_ds6_maddr_lookup
 .text.uip_ds6_aaddr_add
                0x0000000000013d7f       0x72 obj_cooja/mtype636.a(uip-ds6.o)
                0x0000000000013d7f                uip_ds6_aaddr_add
 .text.uip_ds6_aaddr_rm
                0x0000000000013df1       0x11 obj_cooja/mtype636.a(uip-ds6.o)
                0x0000000000013df1                uip_ds6_aaddr_rm
 .text.uip_ds6_aaddr_lookup
                0x0000000000013e02       0x4b obj_cooja/mtype636.a(uip-ds6.o)
                0x0000000000013e02                uip_ds6_aaddr_lookup
 .text.uip_ds6_select_src
                0x0000000000013e4d      0x145 obj_cooja/mtype636.a(uip-ds6.o)
                0x0000000000013e4d                uip_ds6_select_src
 .text.uip_ds6_set_addr_iid
                0x0000000000013f92       0x2a obj_cooja/mtype636.a(uip-ds6.o)
                0x0000000000013f92                uip_ds6_set_addr_iid
 .text.get_match_length
                0x0000000000013fbc       0x7f obj_cooja/mtype636.a(uip-ds6.o)
                0x0000000000013fbc                get_match_length
 .text.uip_ds6_compute_reachable_time
                0x000000000001403b       0x4c obj_cooja/mtype636.a(uip-ds6.o)
                0x000000000001403b                uip_ds6_compute_reachable_time
 *fill*         0x0000000000014087        0x1 90909090
 .text          0x0000000000014088        0x0 obj_cooja/mtype636.a(uip-nd6.o)
 .text.create_llao
                0x0000000000014088       0x48 obj_cooja/mtype636.a(uip-nd6.o)
 .text.uip_nd6_ns_input
                0x00000000000140d0      0x5b4 obj_cooja/mtype636.a(uip-nd6.o)
                0x00000000000140d0                uip_nd6_ns_input
 .text.uip_nd6_ns_output
                0x0000000000014684      0x2f8 obj_cooja/mtype636.a(uip-nd6.o)
                0x0000000000014684                uip_nd6_ns_output
 .text.uip_nd6_na_input
                0x000000000001497c      0x467 obj_cooja/mtype636.a(uip-nd6.o)
                0x000000000001497c                uip_nd6_na_input
 *fill*         0x0000000000014de3        0x1 90909090
 .text          0x0000000000014de4        0x0 obj_cooja/mtype636.a(uip-packetqueue)
 .text.packet_timedout
                0x0000000000014de4       0x2c obj_cooja/mtype636.a(uip-packetqueue)
 .text.uip_packetqueue_new
                0x0000000000014e10        0xe obj_cooja/mtype636.a(uip-packetqueue)
                0x0000000000014e10                uip_packetqueue_new
 .text.uip_packetqueue_alloc
                0x0000000000014e1e       0x60 obj_cooja/mtype636.a(uip-packetqueue)
                0x0000000000014e1e                uip_packetqueue_alloc
 .text.uip_packetqueue_free
                0x0000000000014e7e       0x41 obj_cooja/mtype636.a(uip-packetqueue)
                0x0000000000014e7e                uip_packetqueue_free
 .text.uip_packetqueue_buf
                0x0000000000014ebf       0x1d obj_cooja/mtype636.a(uip-packetqueue)
                0x0000000000014ebf                uip_packetqueue_buf
 .text.uip_packetqueue_buflen
                0x0000000000014edc       0x21 obj_cooja/mtype636.a(uip-packetqueue)
                0x0000000000014edc                uip_packetqueue_buflen
 .text.uip_packetqueue_set_buflen
                0x0000000000014efd       0x28 obj_cooja/mtype636.a(uip-packetqueue)
                0x0000000000014efd                uip_packetqueue_set_buflen
 *fill*         0x0000000000014f25        0x3 90909090
 .text          0x0000000000014f28        0x0 obj_cooja/mtype636.a(uip-udp-packet.)
 .text.uip_udp_packet_send
                0x0000000000014f28       0x63 obj_cooja/mtype636.a(uip-udp-packet.)
                0x0000000000014f28                uip_udp_packet_send
 .text.uip_udp_packet_sendto
                0x0000000000014f8b       0xd1 obj_cooja/mtype636.a(uip-udp-packet.)
                0x0000000000014f8b                uip_udp_packet_sendto
 .text          0x000000000001505c        0x0 obj_cooja/mtype636.a(uip6.o)
 .text.uip_add32
                0x000000000001505c       0xed obj_cooja/mtype636.a(uip6.o)
                0x000000000001505c                uip_add32
 .text.chksum   0x0000000000015149       0xa1 obj_cooja/mtype636.a(uip6.o)
 .text.uip_chksum
                0x00000000000151ea       0x35 obj_cooja/mtype636.a(uip6.o)
                0x00000000000151ea                uip_chksum
 .text.upper_layer_chksum
                0x000000000001521f       0xbc obj_cooja/mtype636.a(uip6.o)
 .text.uip_icmp6chksum
                0x00000000000152db       0x14 obj_cooja/mtype636.a(uip6.o)
                0x00000000000152db                uip_icmp6chksum
 .text.uip_tcpchksum
                0x00000000000152ef       0x14 obj_cooja/mtype636.a(uip6.o)
                0x00000000000152ef                uip_tcpchksum
 .text.uip_udpchksum
                0x0000000000015303       0x14 obj_cooja/mtype636.a(uip6.o)
                0x0000000000015303                uip_udpchksum
 .text.uip_init
                0x0000000000015317       0xc6 obj_cooja/mtype636.a(uip6.o)
                0x0000000000015317                uip_init
 .text.uip_connect
                0x00000000000153dd      0x1b0 obj_cooja/mtype636.a(uip6.o)
                0x00000000000153dd                uip_connect
 .text.remove_ext_hdr