Archive member included because of file (symbol)

obj_cooja/mtype263.a(rimeaddr.o)
                              obj_cooja/mtype263.o (rimeaddr_node_addr)
obj_cooja/mtype263.a(nullrdc.o)
                              obj_cooja/mtype263.o (nullrdc_driver)
obj_cooja/mtype263.a(mac.o)   obj_cooja/mtype263.a(nullrdc.o) (mac_call_sent_callback)
obj_cooja/mtype263.a(framer-802154.o)
                              obj_cooja/mtype263.a(nullrdc.o) (framer_802154)
obj_cooja/mtype263.a(csma.o)  obj_cooja/mtype263.o (csma_driver)
obj_cooja/mtype263.a(process.o)
                              obj_cooja/mtype263.o (process_start)
obj_cooja/mtype263.a(autostart.o)
                              obj_cooja/mtype263.o (autostart_start)
obj_cooja/mtype263.a(serial-line.o)
                              obj_cooja/mtype263.o (serial_line_init)
obj_cooja/mtype263.a(memb.o)  obj_cooja/mtype263.a(csma.o) (memb_init)
obj_cooja/mtype263.a(list.o)  obj_cooja/mtype263.a(csma.o) (list_init)
obj_cooja/mtype263.a(etimer.o)
                              obj_cooja/mtype263.o (etimer_process)
obj_cooja/mtype263.a(ctimer.o)
                              obj_cooja/mtype263.o (ctimer_init)
obj_cooja/mtype263.a(energest.o)
                              room-controller.co (energest_type_time)
obj_cooja/mtype263.a(random.o)
                              room-controller.co (random_rand)
obj_cooja/mtype263.a(ringbuf.o)
                              obj_cooja/mtype263.a(serial-line.o) (ringbuf_init)
obj_cooja/mtype263.a(netstack.o)
                              obj_cooja/mtype263.o (netstack_init)
obj_cooja/mtype263.a(packetbuf.o)
                              obj_cooja/mtype263.a(nullrdc.o) (packetbuf_attrs)
obj_cooja/mtype263.a(queuebuf.o)
                              obj_cooja/mtype263.o (queuebuf_init)
obj_cooja/mtype263.a(sicslowpan.o)
                              obj_cooja/mtype263.o (sicslowpan_driver)
obj_cooja/mtype263.a(simple-udp.o)
                              room-controller.co (simple_udp_sendto)
obj_cooja/mtype263.a(tcpip.o)
                              obj_cooja/mtype263.a(simple-udp.o) (tcpip_event)
obj_cooja/mtype263.a(uip-ds6-route.o)
                              obj_cooja/mtype263.a(tcpip.o) (uip_ds6_route_nexthop)
obj_cooja/mtype263.a(uip-ds6-nbr.o)
                              obj_cooja/mtype263.a(tcpip.o) (uip_ds6_nbr_add)
obj_cooja/mtype263.a(uip-ds6.o)
                              obj_cooja/mtype263.a(tcpip.o) (uip_ds6_timer_periodic)
obj_cooja/mtype263.a(uip-nd6.o)
                              obj_cooja/mtype263.a(tcpip.o) (uip_nd6_ns_output)
obj_cooja/mtype263.a(uip-packetqueue)
                              obj_cooja/mtype263.a(uip-ds6-nbr.o) (uip_packetqueue_new)
obj_cooja/mtype263.a(uip-udp-packet.)
                              obj_cooja/mtype263.a(simple-udp.o) (uip_udp_packet_sendto)
obj_cooja/mtype263.a(uip6.o)  obj_cooja/mtype263.o (uip_lladdr)
obj_cooja/mtype263.a(simEnvChange.o)
                              obj_cooja/mtype263.o (simDontFallAsleep)
obj_cooja/mtype263.a(cooja_mt.o)
                              obj_cooja/mtype263.o (cooja_mt_start)
obj_cooja/mtype263.a(cooja_mtarch.o)
                              obj_cooja/mtype263.a(cooja_mt.o) (cooja_mtarch_init)
obj_cooja/mtype263.a(rtimer-arch.o)
                              obj_cooja/mtype263.o (rtimer_arch_next)
obj_cooja/mtype263.a(watchdog.o)
                              obj_cooja/mtype263.a(nullrdc.o) (watchdog_periodic)
obj_cooja/mtype263.a(beep.o)  obj_cooja/mtype263.o (beep_interface)
obj_cooja/mtype263.a(button-sensor.o)
                              obj_cooja/mtype263.o (button_interface)
obj_cooja/mtype263.a(leds-arch.o)
                              obj_cooja/mtype263.o (leds_interface)
obj_cooja/mtype263.a(moteid.o)
                              obj_cooja/mtype263.o (moteid_interface)
obj_cooja/mtype263.a(pir-sensor.o)
                              obj_cooja/mtype263.o (pir_interface)
obj_cooja/mtype263.a(rs232.o)
                              obj_cooja/mtype263.o (rs232_interface)
obj_cooja/mtype263.a(vib-sensor.o)
                              obj_cooja/mtype263.o (vib_interface)
obj_cooja/mtype263.a(clock.o)
                              obj_cooja/mtype263.o (clock_interface)
obj_cooja/mtype263.a(log.o)   obj_cooja/mtype263.o (simlog_interface)
obj_cooja/mtype263.a(cfs-cooja.o)
                              obj_cooja/mtype263.o (cfs_interface)
obj_cooja/mtype263.a(cooja-radio.o)
                              obj_cooja/mtype263.o (radio_interface)
obj_cooja/mtype263.a(sensors.o)
                              room-controller.co (sensors_event)
obj_cooja/mtype263.a(rimestats.o)
                              obj_cooja/mtype263.a(nullrdc.o) (rimestats)
obj_cooja/mtype263.a(frame802154.o)
                              obj_cooja/mtype263.a(framer-802154.o) (frame802154_hdrlen)
obj_cooja/mtype263.a(rpl.o)   obj_cooja/mtype263.a(uip-ds6-nbr.o) (rpl_link_neighbor_callback)
obj_cooja/mtype263.a(rpl-dag.o)
[...]
Memory Configuration

Name             Origin             Length             Attributes
*default*        0x0000000000000000 0xffffffffffffffff

Linker script and memory map

LOAD /usr/lib/gcc/i686-linux-gnu/4.6/../../../i386-linux-gnu/crti.o
LOAD /usr/lib/gcc/i686-linux-gnu/4.6/crtbeginS.o
LOAD room-controller.co
LOAD obj_cooja/mtype263.o
LOAD obj_cooja/mtype263.a
LOAD /usr/lib/gcc/i686-linux-gnu/4.6/libgcc.a
LOAD /usr/lib/gcc/i686-linux-gnu/4.6/libgcc_s.so
LOAD /usr/lib/gcc/i686-linux-gnu/4.6/../../../i386-linux-gnu/libc.so
START GROUP
LOAD /lib/i386-linux-gnu/libc.so.6
LOAD /usr/lib/i386-linux-gnu/libc_nonshared.a
LOAD /lib/i386-linux-gnu/ld-linux.so.2
END GROUP
LOAD /usr/lib/gcc/i686-linux-gnu/4.6/libgcc.a
LOAD /usr/lib/gcc/i686-linux-gnu/4.6/libgcc_s.so
LOAD /usr/lib/gcc/i686-linux-gnu/4.6/crtendS.o
LOAD /usr/lib/gcc/i686-linux-gnu/4.6/../../../i386-linux-gnu/crtn.o
                0x0000000000000114                . = (0x0 + SIZEOF_HEADERS)

.note.gnu.build-id
                0x0000000000000114       0x24
 *(.note.gnu.build-id)
 .note.gnu.build-id
                0x0000000000000114       0x24 /usr/lib/gcc/i686-linux-gnu/4.6/../../../i386-linux-gnu/crti.o

.hash
 *(.hash)

.gnu.hash       0x0000000000000138      0xd88
 *(.gnu.hash)
 .gnu.hash      0x0000000000000138      0xd88 /usr/lib/gcc/i686-linux-gnu/4.6/../../../i386-linux-gnu/crti.o

.dynsym         0x0000000000000ec0     0x1e40
 *(.dynsym)
 .dynsym        0x0000000000000ec0     0x1e40 /usr/lib/gcc/i686-linux-gnu/4.6/../../../i386-linux-gnu/crti.o

.dynstr         0x0000000000002d00     0x1e8b
 *(.dynstr)
 .dynstr        0x0000000000002d00     0x1e8b /usr/lib/gcc/i686-linux-gnu/4.6/../../../i386-linux-gnu/crti.o

.gnu.version    0x0000000000004b8c      0x3c8
 *(.gnu.version)
 .gnu.version   0x0000000000004b8c      0x3c8 /usr/lib/gcc/i686-linux-gnu/4.6/../../../i386-linux-gnu/crti.o

.gnu.version_d  0x0000000000004f54        0x0
 *(.gnu.version_d)
 .gnu.version_d
                0x0000000000000000        0x0 /usr/lib/gcc/i686-linux-gnu/4.6/../../../i386-linux-gnu/crti.o

.gnu.version_r  0x0000000000004f54       0x40
 *(.gnu.version_r)
 .gnu.version_r
                0x0000000000004f54       0x40 /usr/lib/gcc/i686-linux-gnu/4.6/../../../i386-linux-gnu/crti.o

.rel.dyn        0x0000000000004f94     0x8040
 *(.rel.init)
 *(.rel.text .rel.text.* .rel.gnu.linkonce.t.*)
 .rel.text      0x0000000000000000        0x0 /usr/lib/gcc/i686-linux-gnu/4.6/../../../i386-linux-gnu/crti.o
 .rel.text.receiver
                0x0000000000004f94       0x28 /usr/lib/gcc/i686-linux-gnu/4.6/../../../i386-linux-gnu/crti.o
 .rel.text.process_thread_broadcast_process
                0x0000000000004fbc      0x2b8 /usr/lib/gcc/i686-linux-gnu/4.6/../../../i386-linux-gnu/crti.o
 .rel.text.print_processes
                0x0000000000005274       0x28 /usr/lib/gcc/i686-linux-gnu/4.6/../../../i386-linux-gnu/crti.o
 .rel.text.rtimer_thread_loop
                0x000000000000529c       0x10 /usr/lib/gcc/i686-linux-gnu/4.6/../../../i386-linux-gnu/crti.o
 .rel.text.set_rime_addr
                0x00000000000052ac       0x50 /usr/lib/gcc/i686-linux-gnu/4.6/../../../i386-linux-gnu/crti.o
 .rel.text.contiki_init
                0x00000000000052fc      0x1d0 /usr/lib/gcc/i686-linux-gnu/4.6/../../../i386-linux-gnu/crti.o
 .rel.text.process_run_thread_loop
                0x00000000000054cc       0x70 /usr/lib/gcc/i686-linux-gnu/4.6/../../../i386-linux-gnu/crti.o
 .rel.text.Java_se_sics_cooja_corecomm_Lib205_init
                0x000000000000553c       0x30 /usr/lib/gcc/i686-linux-gnu/4.6/../../../i386-linux-gnu/crti.o
 .rel.text.Java_se_sics_cooja_corecomm_Lib205_getMemory
                0x000000000000556c        0x8 /usr/lib/gcc/i686-linux-gnu/4.6/../../../i386-linux-gnu/crti.o
 .rel.text.Java_se_sics_cooja_corecomm_Lib205_setMemory
                0x0000000000005574       0x10 /usr/lib/gcc/i686-linux-gnu/4.6/../../../i386-linux-gnu/crti.o
 .rel.text.Java_se_sics_cooja_corecomm_Lib205_tick
                0x0000000000005584       0xc8 /usr/lib/gcc/i686-linux-gnu/4.6/../../../i386-linux-gnu/crti.o
 .rel.text.Java_se_sics_cooja_corecomm_Lib205_setReferenceAddress
                0x000000000000564c       0x10 /usr/lib/gcc/i686-linux-gnu/4.6/../../../i386-linux-gnu/crti.o
 .rel.text.rimeaddr_cmp
                0x000000000000565c        0x8 /usr/lib/gcc/i686-linux-gnu/4.6/../../../i386-linux-gnu/crti.o
 .rel.text.rimeaddr_set_node_addr
                0x0000000000005664       0x10 /usr/lib/gcc/i686-linux-gnu/4.6/../../../i386-linux-gnu/crti.o
 .rel.text.packetbuf_set_attr
                0x0000000000005674       0x20 /usr/lib/gcc/i686-linux-gnu/4.6/../../../i386-linux-gnu/crti.o
 .rel.text.packetbuf_attr
                0x0000000000005694       0x18 /usr/lib/gcc/i686-linux-gnu/4.6/../../../i386-linux-gnu/crti.o
 .rel.text.packetbuf_set_addr
                0x00000000000056ac       0x30 /usr/lib/gcc/i686-linux-gnu/4.6/../../../i386-linux-gnu/crti.o
 .rel.text.packetbuf_addr
                0x00000000000056dc       0x30 /usr/lib/gcc/i686-linux-gnu/4.6/../../../i386-linux-gnu/crti.o
 .rel.text.send_one_packet
                0x000000000000570c       0xd8 /usr/lib/gcc/i686-linux-gnu/4.6/../../../i386-linux-gnu/crti.o
 .rel.text.send_list
                0x00000000000057e4        0x8 /usr/lib/gcc/i686-linux-gnu/4.6/../../../i386-linux-gnu/crti.o
 .rel.text.packet_input
                0x00000000000057ec       0xd0 /usr/lib/gcc/i686-linux-gnu/4.6/../../../i386-linux-gnu/crti.o
 .rel.text.on   0x00000000000058bc       0x10 /usr/lib/gcc/i686-linux-gnu/4.6/../../../i386-linux-gnu/crti.o
 .rel.text.off  0x00000000000058cc       0x18 /usr/lib/gcc/i686-linux-gnu/4.6/../../../i386-linux-gnu/crti.o
 .rel.text.create
                0x00000000000058e4       0xb0 /usr/lib/gcc/i686-linux-gnu/4.6/../../../i386-linux-gnu/crti.o
 .rel.text.parse
                0x0000000000005994       0x30 /usr/lib/gcc/i686-linux-gnu/4.6/../../../i386-linux-gnu/crti.o
 .rel.text.neighbor_queue_from_addr
                0x00000000000059c4       0x20 /usr/lib/gcc/i686-linux-gnu/4.6/../../../i386-linux-gnu/crti.o
 .rel.text.default_timebase
                0x00000000000059e4        0x8 /usr/lib/gcc/i686-linux-gnu/4.6/../../../i386-linux-gnu/crti.o
 .rel.text.transmit_packet_list
                0x00000000000059ec       0x18 /usr/lib/gcc/i686-linux-gnu/4.6/../../../i386-linux-gnu/crti.o
 .rel.text.free_packet
                0x0000000000005a04       0x70 /usr/lib/gcc/i686-linux-gnu/4.6/../../../i386-linux-gnu/crti.o
 .rel.text.packet_sent
                0x0000000000005a74       0x68 /usr/lib/gcc/i686-linux-gnu/4.6/../../../i386-linux-gnu/crti.o
 .rel.text.send_packet
                0x0000000000005adc      0x110 /usr/lib/gcc/i686-linux-gnu/4.6/../../../i386-linux-gnu/crti.o
 .rel.text.input_packet
                0x0000000000005bec        0x8 /usr/lib/gcc/i686-linux-gnu/4.6/../../../i386-linux-gnu/crti.o
 .rel.text.channel_check_interval
                0x0000000000005bf4       0x10 /usr/lib/gcc/i686-linux-gnu/4.6/../../../i386-linux-gnu/crti.o
 .rel.text.init
                0x0000000000005c04       0x40 /usr/lib/gcc/i686-linux-gnu/4.6/../../../i386-linux-gnu/crti.o
 .rel.text.process_alloc_event
                0x0000000000005c44       0x10 /usr/lib/gcc/i686-linux-gnu/4.6/../../../i386-linux-gnu/crti.o
 .rel.text.process_start
                0x0000000000005c54       0x20 /usr/lib/gcc/i686-linux-gnu/4.6/../../../i386-linux-gnu/crti.o
 .rel.text.exit_process
                0x0000000000005c74       0x50 /usr/lib/gcc/i686-linux-gnu/4.6/../../../i386-linux-gnu/crti.o
 .rel.text.call_process
                0x0000000000005cc4        0x8 /usr/lib/gcc/i686-linux-gnu/4.6/../../../i386-linux-gnu/crti.o
 .rel.text.process_exit
                0x0000000000005ccc        0x8 /usr/lib/gcc/i686-linux-gnu/4.6/../../../i386-linux-gnu/crti.o
 .rel.text.process_init
                0x0000000000005cd4       0x38 /usr/lib/gcc/i686-linux-gnu/4.6/../../../i386-linux-gnu/crti.o
 .rel.text.do_poll
                0x0000000000005d0c       0x10 /usr/lib/gcc/i686-linux-gnu/4.6/../../../i386-linux-gnu/crti.o
 .rel.text.do_event
                0x0000000000005d1c       0xe8 /usr/lib/gcc/i686-linux-gnu/4.6/../../../i386-linux-gnu/crti.o
 .rel.text.process_run
                0x0000000000005e04       0x18 /usr/lib/gcc/i686-linux-gnu/4.6/../../../i386-linux-gnu/crti.o
 .rel.text.process_nevents
                0x0000000000005e1c       0x10 /usr/lib/gcc/i686-linux-gnu/4.6/../../../i386-linux-gnu/crti.o
 .rel.text.process_post
                0x0000000000005e2c       0x60 /usr/lib/gcc/i686-linux-gnu/4.6/../../../i386-linux-gnu/crti.o
 .rel.text.process_post_synch
                0x0000000000005e8c       0x10 /usr/lib/gcc/i686-linux-gnu/4.6/../../../i386-linux-gnu/crti.o
 .rel.text.process_poll
                0x0000000000005e9c        0x8 /usr/lib/gcc/i686-linux-gnu/4.6/../../../i386-linux-gnu/crti.o
 .rel.text.autostart_start
                0x0000000000005ea4        0x8 /usr/lib/gcc/i686-linux-gnu/4.6/../../../i386-linux-gnu/crti.o
 .rel.text.autostart_exit
                0x0000000000005eac        0x8 /usr/lib/gcc/i686-linux-gnu/4.6/../../../i386-linux-gnu/crti.o
 .rel.text.serial_line_input_byte
                0x0000000000005eb4       0x48 /usr/lib/gcc/i686-linux-gnu/4.6/../../../i386-linux-gnu/crti.o
 .rel.text.process_thread_serial_line_process
                0x0000000000005efc       0x90 /usr/lib/gcc/i686-linux-gnu/4.6/../../../i386-linux-gnu/crti.o
 .rel.text.serial_line_init
                0x0000000000005f8c       0x28 /usr/lib/gcc/i686-linux-gnu/4.6/../../../i386-linux-gnu/crti.o
 .rel.text.memb_init
                0x0000000000005fb4       0x10 /usr/lib/gcc/i686-linux-gnu/4.6/../../../i386-linux-gnu/crti.o
 .rel.text.list_add
                0x0000000000005fc4       0x10 /usr/lib/gcc/i686-linux-gnu/4.6/../../../i386-linux-gnu/crti.o
 .rel.text.list_push
                0x0000000000005fd4        0x8 /usr/lib/gcc/i686-linux-gnu/4.6/../../../i386-linux-gnu/crti.o
 .rel.text.list_insert
                0x0000000000005fdc        0x8 /usr/lib/gcc/i686-linux-gnu/4.6/../../../i386-linux-gnu/crti.o
 .rel.text.update_time
                0x0000000000005fe4       0x28 /usr/lib/gcc/i686-linux-gnu/4.6/../../../i386-linux-gnu/crti.o
 .rel.text.process_thread_etimer_process
                0x000000000000600c       0x60 /usr/lib/gcc/i686-linux-gnu/4.6/../../../i386-linux-gnu/crti.o
 .rel.text.etimer_request_poll
                0x000000000000606c       0x10 /usr/lib/gcc/i686-linux-gnu/4.6/../../../i386-linux-gnu/crti.o
 .rel.text.add_timer
                0x000000000000607c       0x30 /usr/lib/gcc/i686-linux-gnu/4.6/../../../i386-linux-gnu/crti.o
 .rel.text.etimer_set
                0x00000000000060ac        0x8 /usr/lib/gcc/i686-linux-gnu/4.6/../../../i386-linux-gnu/crti.o
 .rel.text.etimer_reset
                0x00000000000060b4        0x8 /usr/lib/gcc/i686-linux-gnu/4.6/../../../i386-linux-gnu/crti.o
 .rel.text.etimer_restart
                0x00000000000060bc        0x8 /usr/lib/gcc/i686-linux-gnu/4.6/../../../i386-linux-gnu/crti.o
 .rel.text.etimer_pending
                0x00000000000060c4        0x8 /usr/lib/gcc/i686-linux-gnu/4.6/../../../i386-linux-gnu/crti.o
 .rel.text.etimer_next_expiration_time
                0x00000000000060cc       0x10 /usr/lib/gcc/i686-linux-gnu/4.6/../../../i386-linux-gnu/crti.o
 .rel.text.etimer_stop
                0x00000000000060dc       0x20 /usr/lib/gcc/i686-linux-gnu/4.6/../../../i386-linux-gnu/crti.o
 .rel.text.process_thread_ctimer_process
                0x00000000000060fc       0x58 /usr/lib/gcc/i686-linux-gnu/4.6/../../../i386-linux-gnu/crti.o
 .rel.text.ctimer_init
                0x0000000000006154       0x28 /usr/lib/gcc/i686-linux-gnu/4.6/../../../i386-linux-gnu/crti.o
 .rel.text.ctimer_set
                0x000000000000617c       0x58 /usr/lib/gcc/i686-linux-gnu/4.6/../../../i386-linux-gnu/crti.o
 .rel.text.ctimer_reset
                0x00000000000061d4       0x50 /usr/lib/gcc/i686-linux-gnu/4.6/../../../i386-linux-gnu/crti.o
 .rel.text.ctimer_restart
                0x0000000000006224       0x50 /usr/lib/gcc/i686-linux-gnu/4.6/../../../i386-linux-gnu/crti.o
 .rel.text.ctimer_stop
                0x0000000000006274       0x20 /usr/lib/gcc/i686-linux-gnu/4.6/../../../i386-linux-gnu/crti.o
 .rel.text.ctimer_expired
                0x0000000000006294       0x20 /usr/lib/gcc/i686-linux-gnu/4.6/../../../i386-linux-gnu/crti.o
 .rel.text.random_init
                0x00000000000062b4        0x8 /usr/lib/gcc/i686-linux-gnu/4.6/../../../i386-linux-gnu/crti.o
 .rel.text.random_rand
                0x00000000000062bc        0x8 /usr/lib/gcc/i686-linux-gnu/4.6/../../../i386-linux-gnu/crti.o
 .rel.text.netstack_init
                0x00000000000062c4       0x20 /usr/lib/gcc/i686-linux-gnu/4.6/../../../i386-linux-gnu/crti.o
 .rel.text.packetbuf_clear
                0x00000000000062e4       0x38 /usr/lib/gcc/i686-linux-gnu/4.6/../../../i386-linux-gnu/crti.o
 .rel.text.packetbuf_clear_hdr
                0x000000000000631c        0x8 /usr/lib/gcc/i686-linux-gnu/4.6/../../../i386-linux-gnu/crti.o
 .rel.text.packetbuf_copyfrom
                0x0000000000006324       0x20 /usr/lib/gcc/i686-linux-gnu/4.6/../../../i386-linux-gnu/crti.o
 .rel.text.packetbuf_compact
                0x0000000000006344       0x58 /usr/lib/gcc/i686-linux-gnu/4.6/../../../i386-linux-gnu/crti.o
 .rel.text.packetbuf_copyto_hdr
                0x000000000000639c       0x28 /usr/lib/gcc/i686-linux-gnu/4.6/../../../i386-linux-gnu/crti.o
 .rel.text.packetbuf_copyto
                0x00000000000063c4       0x68 /usr/lib/gcc/i686-linux-gnu/4.6/../../../i386-linux-gnu/crti.o
 .rel.text.packetbuf_hdralloc
                0x000000000000642c       0x20 /usr/lib/gcc/i686-linux-gnu/4.6/../../../i386-linux-gnu/crti.o
 .rel.text.packetbuf_hdr_remove
                0x000000000000644c       0x10 /usr/lib/gcc/i686-linux-gnu/4.6/../../../i386-linux-gnu/crti.o
 .rel.text.packetbuf_hdrreduce
                0x000000000000645c       0x28 /usr/lib/gcc/i686-linux-gnu/4.6/../../../i386-linux-gnu/crti.o
 .rel.text.packetbuf_set_datalen
                0x0000000000006484        0x8 /usr/lib/gcc/i686-linux-gnu/4.6/../../../i386-linux-gnu/crti.o
 .rel.text.packetbuf_dataptr
                0x000000000000648c       0x10 /usr/lib/gcc/i686-linux-gnu/4.6/../../../i386-linux-gnu/crti.o
 .rel.text.packetbuf_hdrptr
                0x000000000000649c       0x10 /usr/lib/gcc/i686-linux-gnu/4.6/../../../i386-linux-gnu/crti.o
 .rel.text.packetbuf_reference
                0x00000000000064ac       0x18 /usr/lib/gcc/i686-linux-gnu/4.6/../../../i386-linux-gnu/crti.o
 .rel.text.packetbuf_is_reference
                0x00000000000064c4       0x10 /usr/lib/gcc/i686-linux-gnu/4.6/../../../i386-linux-gnu/crti.o
 .rel.text.packetbuf_reference_ptr
                0x00000000000064d4        0x8 /usr/lib/gcc/i686-linux-gnu/4.6/../../../i386-linux-gnu/crti.o
 .rel.text.packetbuf_datalen
                0x00000000000064dc        0x8 /usr/lib/gcc/i686-linux-gnu/4.6/../../../i386-linux-gnu/crti.o
 .rel.text.packetbuf_hdrlen
                0x00000000000064e4        0x8 /usr/lib/gcc/i686-linux-gnu/4.6/../../../i386-linux-gnu/crti.o
 .rel.text.packetbuf_totlen
                0x00000000000064ec       0x10 /usr/lib/gcc/i686-linux-gnu/4.6/../../../i386-linux-gnu/crti.o
 .rel.text.packetbuf_attr_clear
                0x00000000000064fc       0x20 /usr/lib/gcc/i686-linux-gnu/4.6/../../../i386-linux-gnu/crti.o
 .rel.text.packetbuf_attr_copyto
                0x000000000000651c       0x48 /usr/lib/gcc/i686-linux-gnu/4.6/../../../i386-linux-gnu/crti.o
 .rel.text.packetbuf_attr_copyfrom
                0x0000000000006564       0x48 /usr/lib/gcc/i686-linux-gnu/4.6/../../../i386-linux-gnu/crti.o
 .rel.text.queuebuf_init
                0x00000000000065ac       0x30 /usr/lib/gcc/i686-linux-gnu/4.6/../../../i386-linux-gnu/crti.o
 .rel.text.queuebuf_new_from_packetbuf
                0x00000000000065dc       0x60 /usr/lib/gcc/i686-linux-gnu/4.6/../../../i386-linux-gnu/crti.o
 .rel.text.queuebuf_update_attr_from_packetbuf
                0x000000000000663c        0x8 /usr/lib/gcc/i686-linux-gnu/4.6/../../../i386-linux-gnu/crti.o
 .rel.text.queuebuf_free
                0x0000000000006644       0x50 /usr/lib/gcc/i686-linux-gnu/4.6/../../../i386-linux-gnu/crti.o
 .rel.text.queuebuf_to_packetbuf
                0x0000000000006694       0x58 /usr/lib/gcc/i686-linux-gnu/4.6/../../../i386-linux-gnu/crti.o
 .rel.text.queuebuf_dataptr
                0x00000000000066ec       0x20 /usr/lib/gcc/i686-linux-gnu/4.6/../../../i386-linux-gnu/crti.o
 .rel.text.rime_sniffer_add
                0x000000000000670c        0x8 /usr/lib/gcc/i686-linux-gnu/4.6/../../../i386-linux-gnu/crti.o
 .rel.text.rime_sniffer_remove
                0x0000000000006714        0x8 /usr/lib/gcc/i686-linux-gnu/4.6/../../../i386-linux-gnu/crti.o
 .rel.text.set_packet_attrs
                0x000000000000671c       0x60 /usr/lib/gcc/i686-linux-gnu/4.6/../../../i386-linux-gnu/crti.o
 .rel.text.addr_context_lookup_by_prefix
                0x000000000000677c       0x20 /usr/lib/gcc/i686-linux-gnu/4.6/../../../i386-linux-gnu/crti.o
 .rel.text.addr_context_lookup_by_number
                0x000000000000679c       0x18 /usr/lib/gcc/i686-linux-gnu/4.6/../../../i386-linux-gnu/crti.o
 .rel.text.compress_addr_64
                0x00000000000067b4       0x30 /usr/lib/gcc/i686-linux-gnu/4.6/../../../i386-linux-gnu/crti.o
 .rel.text.uncompress_addr
                0x00000000000067e4       0x38 /usr/lib/gcc/i686-linux-gnu/4.6/../../../i386-linux-gnu/crti.o
 .rel.text.compress_hdr_hc06
                0x000000000000681c      0x5a0 /usr/lib/gcc/i686-linux-gnu/4.6/../../../i386-linux-gnu/crti.o
 .rel.text.uncompress_hdr_hc06
                0x0000000000006dbc      0x3e0 /usr/lib/gcc/i686-linux-gnu/4.6/../../../i386-linux-gnu/crti.o
 .rel.text.compress_hdr_ipv6
                0x000000000000719c       0x50 /usr/lib/gcc/i686-linux-gnu/4.6/../../../i386-linux-gnu/crti.o
 .rel.text.output
                0x00000000000071ec      0x2f8 /usr/lib/gcc/i686-linux-gnu/4.6/../../../i386-linux-gnu/crti.o
 .rel.text.input
                0x00000000000074e4      0x2e8 /usr/lib/gcc/i686-linux-gnu/4.6/../../../i386-linux-gnu/crti.o
 .rel.text.sicslowpan_init
                0x00000000000077cc       0x38 /usr/lib/gcc/i686-linux-gnu/4.6/../../../i386-linux-gnu/crti.o
 .rel.text.init_simple_udp
                0x0000000000007804       0x20 /usr/lib/gcc/i686-linux-gnu/4.6/../../../i386-linux-gnu/crti.o
 .rel.text.simple_udp_send
                0x0000000000007824        0x8 /usr/lib/gcc/i686-linux-gnu/4.6/../../../i386-linux-gnu/crti.o
 .rel.text.simple_udp_sendto
                0x000000000000782c        0x8 /usr/lib/gcc/i686-linux-gnu/4.6/../../../i386-linux-gnu/crti.o
 .rel.text.simple_udp_sendto_port
                0x0000000000007834        0x8 /usr/lib/gcc/i686-linux-gnu/4.6/../../../i386-linux-gnu/crti.o
 .rel.text.simple_udp_register
                0x000000000000783c       0x28 /usr/lib/gcc/i686-linux-gnu/4.6/../../../i386-linux-gnu/crti.o
 .rel.text.process_thread_simple_udp_process
                0x0000000000007864       0x88 /usr/lib/gcc/i686-linux-gnu/4.6/../../../i386-linux-gnu/crti.o
 .rel.text.tcpip_output
                0x00000000000078ec       0x10 /usr/lib/gcc/i686-linux-gnu/4.6/../../../i386-linux-gnu/crti.o
 .rel.text.tcpip_set_outputfunc
                0x00000000000078fc        0x8 /usr/lib/gcc/i686-linux-gnu/4.6/../../../i386-linux-gnu/crti.o
 .rel.text.start_periodic_tcp_timer
                0x0000000000007904       0x20 /usr/lib/gcc/i686-linux-gnu/4.6/../../../i386-linux-gnu/crti.o
 .rel.text.check_for_tcp_syn
                0x0000000000007924       0x10 /usr/lib/gcc/i686-linux-gnu/4.6/../../../i386-linux-gnu/crti.o
 .rel.text.tcp_connect
                0x0000000000007934       0x18 /usr/lib/gcc/i686-linux-gnu/4.6/../../../i386-linux-gnu/crti.o
 .rel.text.tcp_unlisten
                0x000000000000794c       0x38 /usr/lib/gcc/i686-linux-gnu/4.6/../../../i386-linux-gnu/crti.o
 .rel.text.tcp_listen
                0x0000000000007984       0x38 /usr/lib/gcc/i686-linux-gnu/4.6/../../../i386-linux-gnu/crti.o
 .rel.text.tcp_attach
                0x00000000000079bc        0x8 /usr/lib/gcc/i686-linux-gnu/4.6/../../../i386-linux-gnu/crti.o
 .rel.text.udp_attach
                0x00000000000079c4        0x8 /usr/lib/gcc/i686-linux-gnu/4.6/../../../i386-linux-gnu/crti.o
 .rel.text.udp_new
                0x00000000000079cc       0x10 /usr/lib/gcc/i686-linux-gnu/4.6/../../../i386-linux-gnu/crti.o
 .rel.text.udp_broadcast_new
                0x00000000000079dc       0x10 /usr/lib/gcc/i686-linux-gnu/4.6/../../../i386-linux-gnu/crti.o
 .rel.text.eventhandler
                0x00000000000079ec      0x128 /usr/lib/gcc/i686-linux-gnu/4.6/../../../i386-linux-gnu/crti.o
 .rel.text.tcpip_input
                0x0000000000007b14       0x20 /usr/lib/gcc/i686-linux-gnu/4.6/../../../i386-linux-gnu/crti.o
 .rel.text.tcpip_ipv6_output
                0x0000000000007b34      0x258 /usr/lib/gcc/i686-linux-gnu/4.6/../../../i386-linux-gnu/crti.o
 .rel.text.tcpip_poll_udp
                0x0000000000007d8c       0x10 /usr/lib/gcc/i686-linux-gnu/4.6/../../../i386-linux-gnu/crti.o
 .rel.text.tcpip_poll_tcp
                0x0000000000007d9c       0x10 /usr/lib/gcc/i686-linux-gnu/4.6/../../../i386-linux-gnu/crti.o
 .rel.text.tcpip_uipcall
                0x0000000000007dac       0x60 /usr/lib/gcc/i686-linux-gnu/4.6/../../../i386-linux-gnu/crti.o
 .rel.text.process_thread_tcpip_process
                0x0000000000007e0c       0x70 /usr/lib/gcc/i686-linux-gnu/4.6/../../../i386-linux-gnu/crti.o
 .rel.text.call_route_callback
                0x0000000000007e7c       0x30 /usr/lib/gcc/i686-linux-gnu/4.6/../../../i386-linux-gnu/crti.o
 .rel.text.uip_ds6_notification_add
                0x0000000000007eac       0x10 /usr/lib/gcc/i686-linux-gnu/4.6/../../../i386-linux-gnu/crti.o
 .rel.text.uip_ds6_notification_rm
                0x0000000000007ebc       0x10 /usr/lib/gcc/i686-linux-gnu/4.6/../../../i386-linux-gnu/crti.o
 .rel.text.uip_ds6_route_init
                0x0000000000007ecc       0x58 /usr/lib/gcc/i686-linux-gnu/4.6/../../../i386-linux-gnu/crti.o
 .rel.text.uip_ds6_route_nexthop_lladdr
                0x0000000000007f24       0x10 /usr/lib/gcc/i686-linux-gnu/4.6/../../../i386-linux-gnu/crti.o
 .rel.text.uip_ds6_route_nexthop
                0x0000000000007f34        0x8 /usr/lib/gcc/i686-linux-gnu/4.6/../../../i386-linux-gnu/crti.o
 .rel.text.uip_ds6_route_head
                0x0000000000007f3c       0x20 /usr/lib/gcc/i686-linux-gnu/4.6/../../../i386-linux-gnu/crti.o
 .rel.text.uip_ds6_route_next
                0x0000000000007f5c       0x20 /usr/lib/gcc/i686-linux-gnu/4.6/../../../i386-linux-gnu/crti.o
 .rel.text.uip_ds6_route_num_routes
                0x0000000000007f7c        0x8 /usr/lib/gcc/i686-linux-gnu/4.6/../../../i386-linux-gnu/crti.o
 .rel.text.uip_ds6_route_lookup
                0x0000000000007f84       0x18 /usr/lib/gcc/i686-linux-gnu/4.6/../../../i386-linux-gnu/crti.o
 .rel.text.uip_ds6_route_add
                0x0000000000007f9c       0x60 /usr/lib/gcc/i686-linux-gnu/4.6/../../../i386-linux-gnu/crti.o
 .rel.text.uip_ds6_route_rm
                0x0000000000007ffc       0x48 /usr/lib/gcc/i686-linux-gnu/4.6/../../../i386-linux-gnu/crti.o
 .rel.text.rm_routelist
                0x0000000000008044       0x28 /usr/lib/gcc/i686-linux-gnu/4.6/../../../i386-linux-gnu/crti.o
 .rel.text.uip_ds6_route_rm_by_nexthop
                0x000000000000806c       0x18 /usr/lib/gcc/i686-linux-gnu/4.6/../../../i386-linux-gnu/crti.o
 .rel.text.uip_ds6_defrt_add
                0x0000000000008084       0x30 /usr/lib/gcc/i686-linux-gnu/4.6/../../../i386-linux-gnu/crti.o
 .rel.text.uip_ds6_defrt_rm
                0x00000000000080b4       0x38 /usr/lib/gcc/i686-linux-gnu/4.6/../../../i386-linux-gnu/crti.o
 .rel.text.uip_ds6_defrt_lookup
                0x00000000000080ec       0x20 /usr/lib/gcc/i686-linux-gnu/4.6/../../../i386-linux-gnu/crti.o
 .rel.text.uip_ds6_defrt_choose
                0x000000000000810c       0x20 /usr/lib/gcc/i686-linux-gnu/4.6/../../../i386-linux-gnu/crti.o
 .rel.text.uip_ds6_defrt_periodic
                0x000000000000812c       0x38 /usr/lib/gcc/i686-linux-gnu/4.6/../../../i386-linux-gnu/crti.o
 .rel.text.uip_ds6_neighbors_init
                0x0000000000008164       0x18 /usr/lib/gcc/i686-linux-gnu/4.6/../../../i386-linux-gnu/crti.o
 .rel.text.uip_ds6_nbr_add
                0x000000000000817c       0x30 /usr/lib/gcc/i686-linux-gnu/4.6/../../../i386-linux-gnu/crti.o
 .rel.text.uip_ds6_nbr_rm
                0x00000000000081ac       0x20 /usr/lib/gcc/i686-linux-gnu/4.6/../../../i386-linux-gnu/crti.o
 .rel.text.uip_ds6_nbr_get_ll
                0x00000000000081cc       0x10 /usr/lib/gcc/i686-linux-gnu/4.6/../../../i386-linux-gnu/crti.o
 .rel.text.uip_ds6_nbr_num
                0x00000000000081dc       0x20 /usr/lib/gcc/i686-linux-gnu/4.6/../../../i386-linux-gnu/crti.o
 .rel.text.uip_ds6_nbr_lookup
                0x00000000000081fc       0x28 /usr/lib/gcc/i686-linux-gnu/4.6/../../../i386-linux-gnu/crti.o
 .rel.text.uip_ds6_nbr_ll_lookup
                0x0000000000008224       0x10 /usr/lib/gcc/i686-linux-gnu/4.6/../../../i386-linux-gnu/crti.o
 .rel.text.uip_ds6_nbr_ipaddr_from_lladdr
                0x0000000000008234        0x8 /usr/lib/gcc/i686-linux-gnu/4.6/../../../i386-linux-gnu/crti.o
 .rel.text.uip_ds6_nbr_lladdr_from_ipaddr
                0x000000000000823c       0x10 /usr/lib/gcc/i686-linux-gnu/4.6/../../../i386-linux-gnu/crti.o
 .rel.text.uip_ds6_link_neighbor_callback
                0x000000000000824c       0x18 /usr/lib/gcc/i686-linux-gnu/4.6/../../../i386-linux-gnu/crti.o
 .rel.text.uip_ds6_neighbor_periodic
                0x0000000000008264       0xa8 /usr/lib/gcc/i686-linux-gnu/4.6/../../../i386-linux-gnu/crti.o
 .rel.text.uip_ds6_get_least_lifetime_neighbor
                0x000000000000830c       0x30 /usr/lib/gcc/i686-linux-gnu/4.6/../../../i386-linux-gnu/crti.o
 .rel.text.uip_ds6_init
                0x000000000000833c      0x170 /usr/lib/gcc/i686-linux-gnu/4.6/../../../i386-linux-gnu/crti.o
 .rel.text.uip_ds6_periodic
                0x00000000000084ac       0x80 /usr/lib/gcc/i686-linux-gnu/4.6/../../../i386-linux-gnu/crti.o
 .rel.text.uip_ds6_list_loop
                0x000000000000852c        0x8 /usr/lib/gcc/i686-linux-gnu/4.6/../../../i386-linux-gnu/crti.o
 .rel.text.uip_ds6_prefix_add
                0x0000000000008534       0x58 /usr/lib/gcc/i686-linux-gnu/4.6/../../../i386-linux-gnu/crti.o
 .rel.text.uip_ds6_prefix_lookup
                0x000000000000858c       0x20 /usr/lib/gcc/i686-linux-gnu/4.6/../../../i386-linux-gnu/crti.o
 .rel.text.uip_ds6_is_addr_onlink
                0x00000000000085ac       0x50 /usr/lib/gcc/i686-linux-gnu/4.6/../../../i386-linux-gnu/crti.o
 .rel.text.uip_ds6_addr_add
                0x00000000000085fc       0xc8 /usr/lib/gcc/i686-linux-gnu/4.6/../../../i386-linux-gnu/crti.o
 .rel.text.uip_ds6_addr_rm
                0x00000000000086c4       0x88 /usr/lib/gcc/i686-linux-gnu/4.6/../../../i386-linux-gnu/crti.o
 .rel.text.uip_ds6_addr_lookup
                0x000000000000874c       0x20 /usr/lib/gcc/i686-linux-gnu/4.6/../../../i386-linux-gnu/crti.o
 .rel.text.uip_ds6_get_link_local
                0x000000000000876c       0x58 /usr/lib/gcc/i686-linux-gnu/4.6/../../../i386-linux-gnu/crti.o
 .rel.text.uip_ds6_get_global
                0x00000000000087c4       0x58 /usr/lib/gcc/i686-linux-gnu/4.6/../../../i386-linux-gnu/crti.o
 .rel.text.uip_ds6_maddr_add
                0x000000000000881c       0x30 /usr/lib/gcc/i686-linux-gnu/4.6/../../../i386-linux-gnu/crti.o
 .rel.text.uip_ds6_maddr_lookup
                0x000000000000884c       0x20 /usr/lib/gcc/i686-linux-gnu/4.6/../../../i386-linux-gnu/crti.o
 .rel.text.uip_ds6_aaddr_add
                0x000000000000886c       0x30 /usr/lib/gcc/i686-linux-gnu/4.6/../../../i386-linux-gnu/crti.o
 .rel.text.uip_ds6_aaddr_lookup
                0x000000000000889c       0x20 /usr/lib/gcc/i686-linux-gnu/4.6/../../../i386-linux-gnu/crti.o
 .rel.text.uip_ds6_select_src
                0x00000000000088bc       0x70 /usr/lib/gcc/i686-linux-gnu/4.6/../../../i386-linux-gnu/crti.o
 .rel.text.uip_ds6_compute_reachable_time
                0x000000000000892c       0x30 /usr/lib/gcc/i686-linux-gnu/4.6/../../../i386-linux-gnu/crti.o
 .rel.text.create_llao
                0x000000000000895c       0x10 /usr/lib/gcc/i686-linux-gnu/4.6/../../../i386-linux-gnu/crti.o
 .rel.text.uip_nd6_ns_input
                0x000000000000896c      0x378 /usr/lib/gcc/i686-linux-gnu/4.6/../../../i386-linux-gnu/crti.o
 .rel.text.uip_nd6_ns_output
                0x0000000000008ce4      0x1e0 /usr/lib/gcc/i686-linux-gnu/4.6/../../../i386-linux-gnu/crti.o
 .rel.text.uip_nd6_na_input
                0x0000000000008ec4      0x2d0 /usr/lib/gcc/i686-linux-gnu/4.6/../../../i386-linux-gnu/crti.o
 .rel.text.packet_timedout
                0x0000000000009194       0x10 /usr/lib/gcc/i686-linux-gnu/4.6/../../../i386-linux-gnu/crti.o
 .rel.text.uip_packetqueue_alloc
                0x00000000000091a4       0x20 /usr/lib/gcc/i686-linux-gnu/4.6/../../../i386-linux-gnu/crti.o
 .rel.text.uip_packetqueue_free
                0x00000000000091c4       0x18 /usr/lib/gcc/i686-linux-gnu/4.6/../../../i386-linux-gnu/crti.o
 .rel.text.uip_udp_packet_send
                0x00000000000091dc       0x38 /usr/lib/gcc/i686-linux-gnu/4.6/../../../i386-linux-gnu/crti.o
 .rel.text.uip_udp_packet_sendto
                0x0000000000009214       0x10 /usr/lib/gcc/i686-linux-gnu/4.6/../../../i386-linux-gnu/crti.o
 .rel.text.uip_add32
                0x0000000000009224       0x98 /usr/lib/gcc/i686-linux-gnu/4.6/../../../i386-linux-gnu/crti.o
 .rel.text.uip_chksum
                0x00000000000092bc        0x8 /usr/lib/gcc/i686-linux-gnu/4.6/../../../i386-linux-gnu/crti.o
 .rel.text.upper_layer_chksum
                0x00000000000092c4       0x38 /usr/lib/gcc/i686-linux-gnu/4.6/../../../i386-linux-gnu/crti.o
 .rel.text.uip_init
                0x00000000000092fc       0xa0 /usr/lib/gcc/i686-linux-gnu/4.6/../../../i386-linux-gnu/crti.o
 .rel.text.uip_connect
                0x000000000000939c       0xc0 /usr/lib/gcc/i686-linux-gnu/4.6/../../../i386-linux-gnu/crti.o
 .rel.text.remove_ext_hdr
                0x000000000000945c       0x98 /usr/lib/gcc/i686-linux-gnu/4.6/../../../i386-linux-gnu/crti.o
 .rel.text.uip_udp_new
                0x00000000000094f4       0xb8 /usr/lib/gcc/i686-linux-gnu/4.6/../../../i386-linux-gnu/crti.o
 .rel.text.uip_unlisten
                0x00000000000095ac       0x40 /usr/lib/gcc/i686-linux-gnu/4.6/../../../i386-linux-gnu/crti.o
 .rel.text.uip_listen
                0x00000000000095ec       0x40 /usr/lib/gcc/i686-linux-gnu/4.6/../../../i386-linux-gnu/crti.o
 .rel.text.uip_add_rcv_nxt
                0x000000000000962c       0x50 /usr/lib/gcc/i686-linux-gnu/4.6/../../../i386-linux-gnu/crti.o
 .rel.text.ext_hdr_options_process
                0x000000000000967c      0x108 /usr/lib/gcc/i686-linux-gnu/4.6/../../../i386-linux-gnu/crti.o
 .rel.text.uip_process
                0x0000000000009784     0x1188 /usr/lib/gcc/i686-linux-gnu/4.6/../../../i386-linux-gnu/crti.o
 .rel.text.uip_send
                0x000000000000a90c       0x38 /usr/lib/gcc/i686-linux-gnu/4.6/../../../i386-linux-gnu/crti.o
 .rel.text.doActionsBeforeTick
                0x000000000000a944       0x10 /usr/lib/gcc/i686-linux-gnu/4.6/../../../i386-linux-gnu/crti.o
 .rel.text.doActionsAfterTick
                0x000000000000a954       0x10 /usr/lib/gcc/i686-linux-gnu/4.6/../../../i386-linux-gnu/crti.o
 .rel.text.cooja_mt_init
                0x000000000000a964        0x8 /usr/lib/gcc/i686-linux-gnu/4.6/../../../i386-linux-gnu/crti.o
 .rel.text.cooja_mt_remove
                0x000000000000a96c        0x8 /usr/lib/gcc/i686-linux-gnu/4.6/../../../i386-linux-gnu/crti.o
 .rel.text.cooja_mt_start
                0x000000000000a974        0x8 /usr/lib/gcc/i686-linux-gnu/4.6/../../../i386-linux-gnu/crti.o
 .rel.text.cooja_mt_exec
                0x000000000000a97c       0x10 /usr/lib/gcc/i686-linux-gnu/4.6/../../../i386-linux-gnu/crti.o
 .rel.text.cooja_mt_exit
                0x000000000000a98c       0x18 /usr/lib/gcc/i686-linux-gnu/4.6/../../../i386-linux-gnu/crti.o
 .rel.text.cooja_mt_yield
                0x000000000000a9a4       0x18 /usr/lib/gcc/i686-linux-gnu/4.6/../../../i386-linux-gnu/crti.o
 .rel.text.cooja_sw
                0x000000000000a9bc        0x8 /usr/lib/gcc/i686-linux-gnu/4.6/../../../i386-linux-gnu/crti.o
 .rel.text.cooja_mtarch_exec
                0x000000000000a9c4       0x18 /usr/lib/gcc/i686-linux-gnu/4.6/../../../i386-linux-gnu/crti.o
 .rel.text.cooja_mtarch_yield
                0x000000000000a9dc        0x8 /usr/lib/gcc/i686-linux-gnu/4.6/../../../i386-linux-gnu/crti.o
 .rel.text.rtimer_arch_init
                0x000000000000a9e4       0x18 /usr/lib/gcc/i686-linux-gnu/4.6/../../../i386-linux-gnu/crti.o
 .rel.text.rtimer_arch_schedule
                0x000000000000a9fc       0x10 /usr/lib/gcc/i686-linux-gnu/4.6/../../../i386-linux-gnu/crti.o
 .rel.text.rtimer_arch_next
                0x000000000000aa0c        0x8 /usr/lib/gcc/i686-linux-gnu/4.6/../../../i386-linux-gnu/crti.o
 .rel.text.rtimer_arch_pending
                0x000000000000aa14        0x8 /usr/lib/gcc/i686-linux-gnu/4.6/../../../i386-linux-gnu/crti.o
 .rel.text.rtimer_arch_check
                0x000000000000aa1c       0x20 /usr/lib/gcc/i686-linux-gnu/4.6/../../../i386-linux-gnu/crti.o
 .rel.text.rtimer_arch_now
                0x000000000000aa3c       0x48 /usr/lib/gcc/i686-linux-gnu/4.6/../../../i386-linux-gnu/crti.o
 .rel.text.beep_alarm
                0x000000000000aa84        0x8 /usr/lib/gcc/i686-linux-gnu/4.6/../../../i386-linux-gnu/crti.o
 .rel.text.beep_beep
                0x000000000000aa8c        0x8 /usr/lib/gcc/i686-linux-gnu/4.6/../../../i386-linux-gnu/crti.o
 .rel.text.beep
                0x000000000000aa94        0x8 /usr/lib/gcc/i686-linux-gnu/4.6/../../../i386-linux-gnu/crti.o
 .rel.text.beep_down
                0x000000000000aa9c        0x8 /usr/lib/gcc/i686-linux-gnu/4.6/../../../i386-linux-gnu/crti.o
 .rel.text.beep_on
                0x000000000000aaa4        0x8 /usr/lib/gcc/i686-linux-gnu/4.6/../../../i386-linux-gnu/crti.o
 .rel.text.beep_off
                0x000000000000aaac        0x8 /usr/lib/gcc/i686-linux-gnu/4.6/../../../i386-linux-gnu/crti.o
 .rel.text.beep_spinup
                0x000000000000aab4        0x8 /usr/lib/gcc/i686-linux-gnu/4.6/../../../i386-linux-gnu/crti.o
 .rel.text.beep_quick
                0x000000000000aabc        0x8 /usr/lib/gcc/i686-linux-gnu/4.6/../../../i386-linux-gnu/crti.o
 .rel.text.beep_long
                0x000000000000aac4        0x8 /usr/lib/gcc/i686-linux-gnu/4.6/../../../i386-linux-gnu/crti.o
 .rel.text.value
                0x000000000000aacc       0x28 /usr/lib/gcc/i686-linux-gnu/4.6/../../../i386-linux-gnu/crti.o
 .rel.text.configure
                0x000000000000aaf4       0x40 /usr/lib/gcc/i686-linux-gnu/4.6/../../../i386-linux-gnu/crti.o
 .rel.text.status
                0x000000000000ab34       0x18 /usr/lib/gcc/i686-linux-gnu/4.6/../../../i386-linux-gnu/crti.o
 .rel.text.doInterfaceActionsBeforeTick
                0x000000000000ab4c      0x188 /usr/lib/gcc/i686-linux-gnu/4.6/../../../i386-linux-gnu/crti.o
 .rel.text.leds_arch_init
                0x000000000000acd4        0x8 /usr/lib/gcc/i686-linux-gnu/4.6/../../../i386-linux-gnu/crti.o
 .rel.text.leds_arch_get
                0x000000000000acdc        0x8 /usr/lib/gcc/i686-linux-gnu/4.6/../../../i386-linux-gnu/crti.o
 .rel.text.leds_arch_set
                0x000000000000ace4       0x10 /usr/lib/gcc/i686-linux-gnu/4.6/../../../i386-linux-gnu/crti.o
 .rel.text.rs232_set_input
                0x000000000000acf4        0x8 /usr/lib/gcc/i686-linux-gnu/4.6/../../../i386-linux-gnu/crti.o
 .rel.text.rs232_send
                0x000000000000acfc       0x10 /usr/lib/gcc/i686-linux-gnu/4.6/../../../i386-linux-gnu/crti.o
 .rel.text.rs232_print
                0x000000000000ad0c       0x10 /usr/lib/gcc/i686-linux-gnu/4.6/../../../i386-linux-gnu/crti.o
 .rel.text.slip_arch_writeb
                0x000000000000ad1c        0x8 /usr/lib/gcc/i686-linux-gnu/4.6/../../../i386-linux-gnu/crti.o
 .rel.text.clock_time
                0x000000000000ad24        0x8 /usr/lib/gcc/i686-linux-gnu/4.6/../../../i386-linux-gnu/crti.o
 .rel.text.clock_seconds
                0x000000000000ad2c        0x8 /usr/lib/gcc/i686-linux-gnu/4.6/../../../i386-linux-gnu/crti.o
 .rel.text.simlog_char
                0x000000000000ad34       0x30 /usr/lib/gcc/i686-linux-gnu/4.6/../../../i386-linux-gnu/crti.o
 .rel.text.simlog
                0x000000000000ad64       0x38 /usr/lib/gcc/i686-linux-gnu/4.6/../../../i386-linux-gnu/crti.o
 .rel.text.log_message
                0x000000000000ad9c       0x10 /usr/lib/gcc/i686-linux-gnu/4.6/../../../i386-linux-gnu/crti.o
 .rel.text.log_set_putchar_with_slip
                0x000000000000adac        0x8 /usr/lib/gcc/i686-linux-gnu/4.6/../../../i386-linux-gnu/crti.o
 .rel.text.putchar
                0x000000000000adb4       0x50 /usr/lib/gcc/i686-linux-gnu/4.6/../../../i386-linux-gnu/crti.o
 .rel.text.puts
                0x000000000000ae04       0x10 /usr/lib/gcc/i686-linux-gnu/4.6/../../../i386-linux-gnu/crti.o
 .rel.text.printf
                0x000000000000ae14       0x20 /usr/lib/gcc/i686-linux-gnu/4.6/../../../i386-linux-gnu/crti.o
 .rel.text.cfs_open
                0x000000000000ae34       0x30 /usr/lib/gcc/i686-linux-gnu/4.6/../../../i386-linux-gnu/crti.o
 .rel.text.cfs_close
                0x000000000000ae64        0x8 /usr/lib/gcc/i686-linux-gnu/4.6/../../../i386-linux-gnu/crti.o
 .rel.text.cfs_read
                0x000000000000ae6c       0x70 /usr/lib/gcc/i686-linux-gnu/4.6/../../../i386-linux-gnu/crti.o
 .rel.text.cfs_write
                0x000000000000aedc       0x90 /usr/lib/gcc/i686-linux-gnu/4.6/../../../i386-linux-gnu/crti.o
 .rel.text.cfs_seek
                0x000000000000af6c       0x68 /usr/lib/gcc/i686-linux-gnu/4.6/../../../i386-linux-gnu/crti.o
 .rel.text.cfs_remove
                0x000000000000afd4        0x8 /usr/lib/gcc/i686-linux-gnu/4.6/../../../i386-linux-gnu/crti.o
 .rel.text.radio_set_channel
                0x000000000000afdc        0x8 /usr/lib/gcc/i686-linux-gnu/4.6/../../../i386-linux-gnu/crti.o
 .rel.text.radio_set_txpower
                0x000000000000afe4        0x8 /usr/lib/gcc/i686-linux-gnu/4.6/../../../i386-linux-gnu/crti.o
 .rel.text.radio_signal_strength_last
                0x000000000000afec        0x8 /usr/lib/gcc/i686-linux-gnu/4.6/../../../i386-linux-gnu/crti.o
 .rel.text.radio_signal_strength_current
                0x000000000000aff4        0x8 /usr/lib/gcc/i686-linux-gnu/4.6/../../../i386-linux-gnu/crti.o
 .rel.text.radio_on
                0x000000000000affc        0x8 /usr/lib/gcc/i686-linux-gnu/4.6/../../../i386-linux-gnu/crti.o
 .rel.text.radio_off
                0x000000000000b004        0x8 /usr/lib/gcc/i686-linux-gnu/4.6/../../../i386-linux-gnu/crti.o
 .rel.text.radio_read
                0x000000000000b00c       0x50 /usr/lib/gcc/i686-linux-gnu/4.6/../../../i386-linux-gnu/crti.o
 .rel.text.channel_clear
                0x000000000000b05c        0x8 /usr/lib/gcc/i686-linux-gnu/4.6/../../../i386-linux-gnu/crti.o
 .rel.text.radio_send
                0x000000000000b064       0x70 /usr/lib/gcc/i686-linux-gnu/4.6/../../../i386-linux-gnu/crti.o
 .rel.text.prepare_packet
                0x000000000000b0d4        0x8 /usr/lib/gcc/i686-linux-gnu/4.6/../../../i386-linux-gnu/crti.o
 .rel.text.transmit_packet
                0x000000000000b0dc       0x10 /usr/lib/gcc/i686-linux-gnu/4.6/../../../i386-linux-gnu/crti.o
 .rel.text.receiving_packet
                0x000000000000b0ec        0x8 /usr/lib/gcc/i686-linux-gnu/4.6/../../../i386-linux-gnu/crti.o
 .rel.text.pending_packet
                0x000000000000b0f4       0x10 /usr/lib/gcc/i686-linux-gnu/4.6/../../../i386-linux-gnu/crti.o
 .rel.text.process_thread_cooja_radio_process
                0x000000000000b104       0x20 /usr/lib/gcc/i686-linux-gnu/4.6/../../../i386-linux-gnu/crti.o
 .rel.text.get_sensor_index
                0x000000000000b124       0x10 /usr/lib/gcc/i686-linux-gnu/4.6/../../../i386-linux-gnu/crti.o
 .rel.text.sensors_first
                0x000000000000b134        0x8 /usr/lib/gcc/i686-linux-gnu/4.6/../../../i386-linux-gnu/crti.o
 .rel.text.sensors_next
                0x000000000000b13c        0x8 /usr/lib/gcc/i686-linux-gnu/4.6/../../../i386-linux-gnu/crti.o
 .rel.text.sensors_changed
                0x000000000000b144       0x20 /usr/lib/gcc/i686-linux-gnu/4.6/../../../i386-linux-gnu/crti.o
 .rel.text.sensors_find
                0x000000000000b164       0x20 /usr/lib/gcc/i686-linux-gnu/4.6/../../../i386-linux-gnu/crti.o
 .rel.text.process_thread_sensors_process
                0x000000000000b184      0x108 /usr/lib/gcc/i686-linux-gnu/4.6/../../../i386-linux-gnu/crti.o
 .rel.text.frame802154_parse
                0x000000000000b28c       0x40 /usr/lib/gcc/i686-linux-gnu/4.6/../../../i386-linux-gnu/crti.o
 .rel.text.rpl_purge_routes
                0x000000000000b2cc       0x50 /usr/lib/gcc/i686-linux-gnu/4.6/../../../i386-linux-gnu/crti.o
 .rel.text.rpl_remove_routes
                0x000000000000b31c       0x20 /usr/lib/gcc/i686-linux-gnu/4.6/../../../i386-linux-gnu/crti.o
 .rel.text.rpl_remove_routes_by_nexthop
                0x000000000000b33c       0x30 /usr/lib/gcc/i686-linux-gnu/4.6/../../../i386-linux-gnu/crti.o
 .rel.text.rpl_add_route
                0x000000000000b36c        0x8 /usr/lib/gcc/i686-linux-gnu/4.6/../../../i386-linux-gnu/crti.o
 .rel.text.rpl_link_neighbor_callback
                0x000000000000b374       0x20 /usr/lib/gcc/i686-linux-gnu/4.6/../../../i386-linux-gnu/crti.o
 .rel.text.rpl_ipv6_neighbor_callback
                0x000000000000b394       0x10 /usr/lib/gcc/i686-linux-gnu/4.6/../../../i386-linux-gnu/crti.o
 .rel.text.rpl_init
                0x000000000000b3a4       0x28 /usr/lib/gcc/i686-linux-gnu/4.6/../../../i386-linux-gnu/crti.o
 .rel.text.rpl_dag_init
                0x000000000000b3cc       0x18 /usr/lib/gcc/i686-linux-gnu/4.6/../../../i386-linux-gnu/crti.o
 .rel.text.rpl_get_parent_rank
                0x000000000000b3e4       0x10 /usr/lib/gcc/i686-linux-gnu/4.6/../../../i386-linux-gnu/crti.o
 .rel.text.rpl_get_parent_link_metric
                0x000000000000b3f4       0x10 /usr/lib/gcc/i686-linux-gnu/4.6/../../../i386-linux-gnu/crti.o
 .rel.text.rpl_get_parent_ipaddr
                0x000000000000b404       0x18 /usr/lib/gcc/i686-linux-gnu/4.6/../../../i386-linux-gnu/crti.o
 .rel.text.rpl_set_preferred_parent
                0x000000000000b41c       0x20 /usr/lib/gcc/i686-linux-gnu/4.6/../../../i386-linux-gnu/crti.o
 .rel.text.remove_parents
                0x000000000000b43c       0x28 /usr/lib/gcc/i686-linux-gnu/4.6/../../../i386-linux-gnu/crti.o
 .rel.text.nullify_parents
                0x000000000000b464       0x28 /usr/lib/gcc/i686-linux-gnu/4.6/../../../i386-linux-gnu/crti.o
 .rel.text.get_dag
                0x000000000000b48c       0x10 /usr/lib/gcc/i686-linux-gnu/4.6/../../../i386-linux-gnu/crti.o
 .rel.text.rpl_set_root
                0x000000000000b49c       0x30 /usr/lib/gcc/i686-linux-gnu/4.6/../../../i386-linux-gnu/crti.o
 .rel.text.rpl_repair_root
                0x000000000000b4cc       0x10 /usr/lib/gcc/i686-linux-gnu/4.6/../../../i386-linux-gnu/crti.o
 .rel.text.set_ip_from_prefix
                0x000000000000b4dc       0x18 /usr/lib/gcc/i686-linux-gnu/4.6/../../../i386-linux-gnu/crti.o
 .rel.text.check_prefix
                0x000000000000b4f4       0x30 /usr/lib/gcc/i686-linux-gnu/4.6/../../../i386-linux-gnu/crti.o
 .rel.text.rpl_set_prefix
                0x000000000000b524       0x10 /usr/lib/gcc/i686-linux-gnu/4.6/../../../i386-linux-gnu/crti.o
 .rel.text.rpl_set_default_route
                0x000000000000b534       0x18 /usr/lib/gcc/i686-linux-gnu/4.6/../../../i386-linux-gnu/crti.o
 .rel.text.rpl_alloc_instance
                0x000000000000b54c        0x8 /usr/lib/gcc/i686-linux-gnu/4.6/../../../i386-linux-gnu/crti.o
 .rel.text.rpl_alloc_dag
                0x000000000000b554       0x18 /usr/lib/gcc/i686-linux-gnu/4.6/../../../i386-linux-gnu/crti.o
 .rel.text.rpl_set_default_instance
                0x000000000000b56c        0x8 /usr/lib/gcc/i686-linux-gnu/4.6/../../../i386-linux-gnu/crti.o
 .rel.text.rpl_free_instance
                0x000000000000b574       0x30 /usr/lib/gcc/i686-linux-gnu/4.6/../../../i386-linux-gnu/crti.o
 .rel.text.rpl_free_dag
                0x000000000000b5a4        0x8 /usr/lib/gcc/i686-linux-gnu/4.6/../../../i386-linux-gnu/crti.o
 .rel.text.rpl_add_parent
                0x000000000000b5ac       0x18 /usr/lib/gcc/i686-linux-gnu/4.6/../../../i386-linux-gnu/crti.o
 .rel.text.find_parent_any_dag_any_instance
                0x000000000000b5c4       0x20 /usr/lib/gcc/i686-linux-gnu/4.6/../../../i386-linux-gnu/crti.o
 .rel.text.rpl_select_dag
                0x000000000000b5e4       0x40 /usr/lib/gcc/i686-linux-gnu/4.6/../../../i386-linux-gnu/crti.o
 .rel.text.rpl_select_parent
                0x000000000000b624       0x20 /usr/lib/gcc/i686-linux-gnu/4.6/../../../i386-linux-gnu/crti.o
 .rel.text.rpl_remove_parent
                0x000000000000b644       0x18 /usr/lib/gcc/i686-linux-gnu/4.6/../../../i386-linux-gnu/crti.o
 .rel.text.rpl_nullify_parent
                0x000000000000b65c       0x10 /usr/lib/gcc/i686-linux-gnu/4.6/../../../i386-linux-gnu/crti.o
 .rel.text.rpl_move_parent
                0x000000000000b66c       0x28 /usr/lib/gcc/i686-linux-gnu/4.6/../../../i386-linux-gnu/crti.o
 .rel.text.rpl_get_any_dag
                0x000000000000b694       0x18 /usr/lib/gcc/i686-linux-gnu/4.6/../../../i386-linux-gnu/crti.o
 .rel.text.rpl_get_instance
                0x000000000000b6ac       0x18 /usr/lib/gcc/i686-linux-gnu/4.6/../../../i386-linux-gnu/crti.o
 .rel.text.rpl_find_of
                0x000000000000b6c4       0x10 /usr/lib/gcc/i686-linux-gnu/4.6/../../../i386-linux-gnu/crti.o
 .rel.text.rpl_join_instance
                0x000000000000b6d4       0x48 /usr/lib/gcc/i686-linux-gnu/4.6/../../../i386-linux-gnu/crti.o
 .rel.text.rpl_add_dag
                0x000000000000b71c       0x38 /usr/lib/gcc/i686-linux-gnu/4.6/../../../i386-linux-gnu/crti.o
 .rel.text.global_repair
                0x000000000000b754       0x10 /usr/lib/gcc/i686-linux-gnu/4.6/../../../i386-linux-gnu/crti.o
 .rel.text.rpl_local_repair
                0x000000000000b764        0x8 /usr/lib/gcc/i686-linux-gnu/4.6/../../../i386-linux-gnu/crti.o
 .rel.text.rpl_recalculate_ranks
                0x000000000000b76c       0x28 /usr/lib/gcc/i686-linux-gnu/4.6/../../../i386-linux-gnu/crti.o
 .rel.text.rpl_process_parent_event
                0x000000000000b794       0x18 /usr/lib/gcc/i686-linux-gnu/4.6/../../../i386-linux-gnu/crti.o
 .rel.text.rpl_process_dio
                0x000000000000b7ac       0x78 /usr/lib/gcc/i686-linux-gnu/4.6/../../../i386-linux-gnu/crti.o
 .rel.text.get_global_addr
                0x000000000000b824       0x28 /usr/lib/gcc/i686-linux-gnu/4.6/../../../i386-linux-gnu/crti.o
 .rel.text.dis_input
                0x000000000000b84c       0x28 /usr/lib/gcc/i686-linux-gnu/4.6/../../../i386-linux-gnu/crti.o
 .rel.text.dis_output
                0x000000000000b874       0x20 /usr/lib/gcc/i686-linux-gnu/4.6/../../../i386-linux-gnu/crti.o
 .rel.text.dio_input
                0x000000000000b894       0x60 /usr/lib/gcc/i686-linux-gnu/4.6/../../../i386-linux-gnu/crti.o
 .rel.text.dio_output
                0x000000000000b8f4       0x28 /usr/lib/gcc/i686-linux-gnu/4.6/../../../i386-linux-gnu/crti.o
 .rel.text.dao_input
                0x000000000000b91c       0x98 /usr/lib/gcc/i686-linux-gnu/4.6/../../../i386-linux-gnu/crti.o
 .rel.text.dao_output
                0x000000000000b9b4       0x10 /usr/lib/gcc/i686-linux-gnu/4.6/../../../i386-linux-gnu/crti.o
 .rel.text.dao_output_target
                0x000000000000b9c4       0x60 /usr/lib/gcc/i686-linux-gnu/4.6/../../../i386-linux-gnu/crti.o
 .rel.text.dao_ack_output
                0x000000000000ba24       0x18 /usr/lib/gcc/i686-linux-gnu/4.6/../../../i386-linux-gnu/crti.o
 .rel.text.uip_rpl_input
                0x000000000000ba3c       0x18 /usr/lib/gcc/i686-linux-gnu/4.6/../../../i386-linux-gnu/crti.o
 .rel.text.handle_periodic_timer
                0x000000000000ba54       0x50 /usr/lib/gcc/i686-linux-gnu/4.6/../../../i386-linux-gnu/crti.o
 .rel.text.new_dio_interval
                0x000000000000baa4       0x18 /usr/lib/gcc/i686-linux-gnu/4.6/../../../i386-linux-gnu/crti.o
 .rel.text.handle_dio_timer
                0x000000000000babc       0x40 /usr/lib/gcc/i686-linux-gnu/4.6/../../../i386-linux-gnu/crti.o
 .rel.text.rpl_reset_periodic_timer
                0x000000000000bafc       0x28 /usr/lib/gcc/i686-linux-gnu/4.6/../../../i386-linux-gnu/crti.o
 .rel.text.handle_dao_timer
                0x000000000000bb24       0x30 /usr/lib/gcc/i686-linux-gnu/4.6/../../../i386-linux-gnu/crti.o
 .rel.text.rpl_schedule_dao
                0x000000000000bb54       0x28 /usr/lib/gcc/i686-linux-gnu/4.6/../../../i386-linux-gnu/crti.o
 .rel.text.rpl_verify_header
                0x000000000000bb7c       0xd0 /usr/lib/gcc/i686-linux-gnu/4.6/../../../i386-linux-gnu/crti.o
 .rel.text.set_rpl_opt
                0x000000000000bc4c      0x108 /usr/lib/gcc/i686-linux-gnu/4.6/../../../i386-linux-gnu/crti.o
 .rel.text.rpl_update_header_empty
                0x000000000000bd54      0x120 /usr/lib/gcc/i686-linux-gnu/4.6/../../../i386-linux-gnu/crti.o
 .rel.text.rpl_update_header_final
                0x000000000000be74       0xc0 /usr/lib/gcc/i686-linux-gnu/4.6/../../../i386-linux-gnu/crti.o
 .rel.text.rpl_remove_header
                0x000000000000bf34       0xb0 /usr/lib/gcc/i686-linux-gnu/4.6/../../../i386-linux-gnu/crti.o
 .rel.text.rpl_invert_header
                0x000000000000bfe4       0xa8 /usr/lib/gcc/i686-linux-gnu/4.6/../../../i386-linux-gnu/crti.o
 .rel.text.rpl_insert_header
                0x000000000000c08c       0x20 /usr/lib/gcc/i686-linux-gnu/4.6/../../../i386-linux-gnu/crti.o
 .rel.text.timer_set
                0x000000000000c0ac        0x8 /usr/lib/gcc/i686-linux-gnu/4.6/../../../i386-linux-gnu/crti.o
 .rel.text.timer_restart
                0x000000000000c0b4        0x8 /usr/lib/gcc/i686-linux-gnu/4.6/../../../i386-linux-gnu/crti.o
 .rel.text.timer_expired
                0x000000000000c0bc        0x8 /usr/lib/gcc/i686-linux-gnu/4.6/../../../i386-linux-gnu/crti.o
 .rel.text.timer_remaining
                0x000000000000c0c4        0x8 /usr/lib/gcc/i686-linux-gnu/4.6/../../../i386-linux-gnu/crti.o
 .rel.text.rtimer_init
                0x000000000000c0cc        0x8 /usr/lib/gcc/i686-linux-gnu/4.6/../../../i386-linux-gnu/crti.o
 .rel.text.rtimer_set
                0x000000000000c0d4       0x18 /usr/lib/gcc/i686-linux-gnu/4.6/../../../i386-linux-gnu/crti.o
 .rel.text.rtimer_run_next
                0x000000000000c0ec       0x30 /usr/lib/gcc/i686-linux-gnu/4.6/../../../i386-linux-gnu/crti.o
 .rel.text.stimer_set
                0x000000000000c11c        0x8 /usr/lib/gcc/i686-linux-gnu/4.6/../../../i386-linux-gnu/crti.o
 .rel.text.stimer_restart
                0x000000000000c124        0x8 /usr/lib/gcc/i686-linux-gnu/4.6/../../../i386-linux-gnu/crti.o
 .rel.text.stimer_expired
                0x000000000000c12c        0x8 /usr/lib/gcc/i686-linux-gnu/4.6/../../../i386-linux-gnu/crti.o
 .rel.text.stimer_remaining
                0x000000000000c134        0x8 /usr/lib/gcc/i686-linux-gnu/4.6/../../../i386-linux-gnu/crti.o
 .rel.text.stimer_elapsed
                0x000000000000c13c        0x8 /usr/lib/gcc/i686-linux-gnu/4.6/../../../i386-linux-gnu/crti.o
 .rel.text.key_from_index
                0x000000000000c144        0x8 /usr/lib/gcc/i686-linux-gnu/4.6/../../../i386-linux-gnu/crti.o
 .rel.text.index_from_key
                0x000000000000c14c        0x8 /usr/lib/gcc/i686-linux-gnu/4.6/../../../i386-linux-gnu/crti.o
 .rel.text.index_from_lladdr
                0x000000000000c154       0x28 /usr/lib/gcc/i686-linux-gnu/4.6/../../../i386-linux-gnu/crti.o
 .rel.text.nbr_table_allocate
                0x000000000000c17c       0x80 /usr/lib/gcc/i686-linux-gnu/4.6/../../../i386-linux-gnu/crti.o
 .rel.text.nbr_table_register
                0x000000000000c1fc       0x20 /usr/lib/gcc/i686-linux-gnu/4.6/../../../i386-linux-gnu/crti.o
 .rel.text.nbr_table_head
                0x000000000000c21c       0x20 /usr/lib/gcc/i686-linux-gnu/4.6/../../../i386-linux-gnu/crti.o
 .rel.text.nbr_table_next
                0x000000000000c23c       0x10 /usr/lib/gcc/i686-linux-gnu/4.6/../../../i386-linux-gnu/crti.o
 .rel.text.nbr_table_add_lladdr
                0x000000000000c24c       0x30 /usr/lib/gcc/i686-linux-gnu/4.6/../../../i386-linux-gnu/crti.o
 .rel.text.nbr_table_get_from_lladdr
                0x000000000000c27c        0x8 /usr/lib/gcc/i686-linux-gnu/4.6/../../../i386-linux-gnu/crti.o
 .rel.text.nbr_table_remove
                0x000000000000c284       0x10 /usr/lib/gcc/i686-linux-gnu/4.6/../../../i386-linux-gnu/crti.o
 .rel.text.nbr_table_lock
                0x000000000000c294        0x8 /usr/lib/gcc/i686-linux-gnu/4.6/../../../i386-linux-gnu/crti.o
 .rel.text.nbr_table_unlock
                0x000000000000c29c        0x8 /usr/lib/gcc/i686-linux-gnu/4.6/../../../i386-linux-gnu/crti.o
 .rel.text.uip_icmp6_echo_request_input
                0x000000000000c2a4      0x1f0 /usr/lib/gcc/i686-linux-gnu/4.6/../../../i386-linux-gnu/crti.o
 .rel.text.uip_icmp6_error_output
                0x000000000000c494      0x238 /usr/lib/gcc/i686-linux-gnu/4.6/../../../i386-linux-gnu/crti.o
 .rel.text.uip_icmp6_send
                0x000000000000c6cc       0xb8 /usr/lib/gcc/i686-linux-gnu/4.6/../../../i386-linux-gnu/crti.o
 *(.rel.fini)
 *(.rel.rodata .rel.rodata.* .rel.gnu.linkonce.r.*)
 .rel.rodata    0x000000000000c784      0x610 /usr/lib/gcc/i686-linux-gnu/4.6/../../../i386-linux-gnu/crti.o
 *(.rel.data.rel.ro* .rel.gnu.linkonce.d.rel.ro.*)
 *(.rel.data .rel.data.* .rel.gnu.linkonce.d.*)
 .rel.data.rel  0x000000000000cd94        0x8 /usr/lib/gcc/i686-linux-gnu/4.6/../../../i386-linux-gnu/crti.o
 .rel.data      0x000000000000cd9c      0x220 /usr/lib/gcc/i686-linux-gnu/4.6/../../../i386-linux-gnu/crti.o
 *(.rel.tdata .rel.tdata.* .rel.gnu.linkonce.td.*)
 *(.rel.tbss .rel.tbss.* .rel.gnu.linkonce.tb.*)
 *(.rel.ctors)
 *(.rel.dtors)
 *(.rel.got)
 .rel.got       0x000000000000cfbc       0x18 /usr/lib/gcc/i686-linux-gnu/4.6/../../../i386-linux-gnu/crti.o
 *(.rel.bss .rel.bss.* .rel.gnu.linkonce.b.*)
 *(.rel.ifunc)
 .rel.ifunc     0x0000000000000000        0x0 /usr/lib/gcc/i686-linux-gnu/4.6/../../../i386-linux-gnu/crti.o

.rel.plt        0x000000000000cfd4       0x10
 *(.rel.plt)
 .rel.plt       0x000000000000cfd4       0x10 /usr/lib/gcc/i686-linux-gnu/4.6/../../../i386-linux-gnu/crti.o
 *(.rel.iplt)

.init           0x000000000000cfe4       0x2e
 *(.init)
 .init          0x000000000000cfe4       0x1f /usr/lib/gcc/i686-linux-gnu/4.6/../../../i386-linux-gnu/crti.o
                0x000000000000cfe4                _init
 .init          0x000000000000d003        0x5 /usr/lib/gcc/i686-linux-gnu/4.6/crtbeginS.o
 .init          0x000000000000d008        0x5 /usr/lib/gcc/i686-linux-gnu/4.6/crtendS.o
 .init          0x000000000000d00d        0x5 /usr/lib/gcc/i686-linux-gnu/4.6/../../../i386-linux-gnu/crtn.o

.plt            0x000000000000d020       0x30
 *(.plt)
 .plt           0x000000000000d020       0x30 /usr/lib/gcc/i686-linux-gnu/4.6/../../../i386-linux-gnu/crti.o
 *(.iplt)

.text           0x000000000000d050    0x133b8
 *(.text.unlikely .text.*_unlikely)
 *(.text.exit .text.exit.*)
 *(.text.startup .text.startup.*)
 *(.text.hot .text.hot.*)
 *(.text .stub .text.* .gnu.linkonce.t.*)
 .text          0x000000000000d050        0x0 /usr/lib/gcc/i686-linux-gnu/4.6/../../../i386-linux-gnu/crti.o
 .text          0x000000000000d050       0xb7 /usr/lib/gcc/i686-linux-gnu/4.6/crtbeginS.o
 .text.__i686.get_pc_thunk.bx
                0x000000000000d107        0x4 /usr/lib/gcc/i686-linux-gnu/4.6/crtbeginS.o
                0x000000000000d107                __i686.get_pc_thunk.bx
 *fill*         0x000000000000d10b        0x1 90909090
 .text          0x000000000000d10c        0x0 room-controller.co
 .text.receiver
                0x000000000000d10c       0x59 room-controller.co
 .text.process_thread_broadcast_process
                0x000000000000d165      0x910 room-controller.co
 *fill*         0x000000000000da75        0x3 90909090
 .text          0x000000000000da78        0x0 obj_cooja/mtype263.o
 .text.print_processes
                0x000000000000da78       0x49 obj_cooja/mtype263.o
 .text.rtimer_thread_loop
                0x000000000000dac1       0x12 obj_cooja/mtype263.o
 .text.set_rime_addr
                0x000000000000dad3       0xd1 obj_cooja/mtype263.o
 .text.contiki_init
                0x000000000000dba4      0x3b0 obj_cooja/mtype263.o
                0x000000000000dba4                contiki_init
 .text.process_run_thread_loop
                0x000000000000df54       0x6e obj_cooja/mtype263.o
 .text.Java_se_sics_cooja_corecomm_Lib205_init
                0x000000000000dfc2       0x40 obj_cooja/mtype263.o
                0x000000000000dfc2                Java_se_sics_cooja_corecomm_Lib205_init
 .text.Java_se_sics_cooja_corecomm_Lib205_getMemory
                0x000000000000e002       0x3d obj_cooja/mtype263.o
                0x000000000000e002                Java_se_sics_cooja_corecomm_Lib205_getMemory
 .text.Java_se_sics_cooja_corecomm_Lib205_setMemory
                0x000000000000e03f       0x74 obj_cooja/mtype263.o
                0x000000000000e03f                Java_se_sics_cooja_corecomm_Lib205_setMemory
 .text.Java_se_sics_cooja_corecomm_Lib205_tick
                0x000000000000e0b3       0xe1 obj_cooja/mtype263.o
                0x000000000000e0b3                Java_se_sics_cooja_corecomm_Lib205_tick
 .text.Java_se_sics_cooja_corecomm_Lib205_setReferenceAddress
                0x000000000000e194       0x12 obj_cooja/mtype263.o
                0x000000000000e194                Java_se_sics_cooja_corecomm_Lib205_setReferenceAddress
 *fill*         0x000000000000e1a6        0x2 90909090
 .text          0x000000000000e1a8        0x0 obj_cooja/mtype263.a(rimeaddr.o)
 .text.rimeaddr_copy
                0x000000000000e1a8       0x15 obj_cooja/mtype263.a(rimeaddr.o)
                0x000000000000e1a8                rimeaddr_copy
 .text.rimeaddr_cmp
                0x000000000000e1bd       0x2a obj_cooja/mtype263.a(rimeaddr.o)
                0x000000000000e1bd                rimeaddr_cmp
 .text.rimeaddr_set_node_addr
                0x000000000000e1e7       0x1b obj_cooja/mtype263.a(rimeaddr.o)
                0x000000000000e1e7                rimeaddr_set_node_addr
 *fill*         0x000000000000e202        0x2 90909090
 .text          0x000000000000e204        0x0 obj_cooja/mtype263.a(nullrdc.o)
 .text.packetbuf_set_attr
                0x000000000000e204       0x2a obj_cooja/mtype263.a(nullrdc.o)
 .text.packetbuf_attr
                0x000000000000e22e       0x1a obj_cooja/mtype263.a(nullrdc.o)
 .text.packetbuf_set_addr
                0x000000000000e248       0x32 obj_cooja/mtype263.a(nullrdc.o)
 .text.packetbuf_addr
                0x000000000000e27a       0x1d obj_cooja/mtype263.a(nullrdc.o)
 .text.send_one_packet
                0x000000000000e297      0x1f9 obj_cooja/mtype263.a(nullrdc.o)
 .text.send_packet
                0x000000000000e490       0x1a obj_cooja/mtype263.a(nullrdc.o)
 .text.send_list
                0x000000000000e4aa       0x4a obj_cooja/mtype263.a(nullrdc.o)
 .text.packet_input
                0x000000000000e4f4      0x212 obj_cooja/mtype263.a(nullrdc.o)
 .text.on       0x000000000000e706        0xf obj_cooja/mtype263.a(nullrdc.o)
 .text.off      0x000000000000e715       0x1e obj_cooja/mtype263.a(nullrdc.o)
 .text.channel_check_interval
                0x000000000000e733        0xa obj_cooja/mtype263.a(nullrdc.o)
 .text.init     0x000000000000e73d        0xd obj_cooja/mtype263.a(nullrdc.o)
 *fill*         0x000000000000e74a        0x2 90909090
 .text          0x000000000000e74c        0x0 obj_cooja/mtype263.a(mac.o)
 .text.mac_call_sent_callback
                0x000000000000e74c       0x3c obj_cooja/mtype263.a(mac.o)
                0x000000000000e74c                mac_call_sent_callback
 .text          0x000000000000e788        0x0 obj_cooja/mtype263.a(framer-802154.o)
 .text.packetbuf_set_attr
                0x000000000000e788       0x2a obj_cooja/mtype263.a(framer-802154.o)
 .text.packetbuf_attr
                0x000000000000e7b2       0x1a obj_cooja/mtype263.a(framer-802154.o)
 .text.packetbuf_set_addr
                0x000000000000e7cc       0x32 obj_cooja/mtype263.a(framer-802154.o)
 .text.packetbuf_addr
                0x000000000000e7fe       0x1d obj_cooja/mtype263.a(framer-802154.o)
 .text.is_broadcast_addr
                0x000000000000e81b       0x4d obj_cooja/mtype263.a(framer-802154.o)
 .text.create   0x000000000000e868      0x1cd obj_cooja/mtype263.a(framer-802154.o)
 .text.parse    0x000000000000ea35      0x12c obj_cooja/mtype263.a(framer-802154.o)
 *fill*         0x000000000000eb61        0x3 90909090
 .text          0x000000000000eb64        0x0 obj_cooja/mtype263.a(csma.o)
 .text.packetbuf_set_attr
                0x000000000000eb64       0x2a obj_cooja/mtype263.a(csma.o)
 .text.packetbuf_attr
                0x000000000000eb8e       0x1a obj_cooja/mtype263.a(csma.o)
 .text.packetbuf_addr
                0x000000000000eba8       0x1d obj_cooja/mtype263.a(csma.o)
 .text.neighbor_queue_from_addr
                0x000000000000ebc5       0x51 obj_cooja/mtype263.a(csma.o)
 .text.default_timebase
                0x000000000000ec16       0x25 obj_cooja/mtype263.a(csma.o)
 .text.transmit_packet_list
                0x000000000000ec3b       0x48 obj_cooja/mtype263.a(csma.o)
 .text.free_packet
                0x000000000000ec83       0xe2 obj_cooja/mtype263.a(csma.o)
 .text.packet_sent
                0x000000000000ed65      0x215 obj_cooja/mtype263.a(csma.o)
 .text.send_packet
                0x000000000000ef7a      0x28b obj_cooja/mtype263.a(csma.o)
 .text.input_packet
                0x000000000000f205        0xf obj_cooja/mtype263.a(csma.o)
 .text.on       0x000000000000f214        0xf obj_cooja/mtype263.a(csma.o)
 .text.off      0x000000000000f223       0x16 obj_cooja/mtype263.a(csma.o)
 .text.channel_check_interval
                0x000000000000f239       0x1f obj_cooja/mtype263.a(csma.o)
 .text.init     0x000000000000f258       0x2c obj_cooja/mtype263.a(csma.o)
 .text          0x000000000000f284        0x0 obj_cooja/mtype263.a(process.o)
 .text.process_alloc_event
                0x000000000000f284       0x18 obj_cooja/mtype263.a(process.o)
                0x000000000000f284                process_alloc_event
 .text.process_start
                0x000000000000f29c       0x70 obj_cooja/mtype263.a(process.o)
                0x000000000000f29c                process_start
 .text.exit_process
                0x000000000000f30c       0xec obj_cooja/mtype263.a(process.o)
 .text.call_process
                0x000000000000f3f8       0x90 obj_cooja/mtype263.a(process.o)
 .text.process_exit
                0x000000000000f488       0x1c obj_cooja/mtype263.a(process.o)
                0x000000000000f488                process_exit
 .text.process_init
                0x000000000000f4a4       0x33 obj_cooja/mtype263.a(process.o)
                0x000000000000f4a4                process_init
 .text.do_poll  0x000000000000f4d7       0x5b obj_cooja/mtype263.a(process.o)
 .text.do_event
                0x000000000000f532      0x145 obj_cooja/mtype263.a(process.o)
 .text.process_run
                0x000000000000f677       0x33 obj_cooja/mtype263.a(process.o)
                0x000000000000f677                process_run
 .text.process_nevents
                0x000000000000f6aa       0x1b obj_cooja/mtype263.a(process.o)
                0x000000000000f6aa                process_nevents
 .text.process_post
                0x000000000000f6c5       0xac obj_cooja/mtype263.a(process.o)
                0x000000000000f6c5                process_post
 .text.process_post_synch
                0x000000000000f771       0x38 obj_cooja/mtype263.a(process.o)
                0x000000000000f771                process_post_synch
 .text.process_poll
                0x000000000000f7a9       0x2f obj_cooja/mtype263.a(process.o)
                0x000000000000f7a9                process_poll
 .text.process_is_running
                0x000000000000f7d8       0x14 obj_cooja/mtype263.a(process.o)
                0x000000000000f7d8                process_is_running
 .text          0x000000000000f7ec        0x0 obj_cooja/mtype263.a(autostart.o)
 .text.autostart_start
                0x000000000000f7ec       0x3f obj_cooja/mtype263.a(autostart.o)
                0x000000000000f7ec                autostart_start
 .text.autostart_exit
                0x000000000000f82b       0x37 obj_cooja/mtype263.a(autostart.o)
                0x000000000000f82b                autostart_exit
 *fill*         0x000000000000f862        0x2 90909090
 .text          0x000000000000f864        0x0 obj_cooja/mtype263.a(serial-line.o)
 .text.serial_line_input_byte
                0x000000000000f864       0x7d obj_cooja/mtype263.a(serial-line.o)
                0x000000000000f864                serial_line_input_byte
 .text.process_thread_serial_line_process
                0x000000000000f8e1      0x137 obj_cooja/mtype263.a(serial-line.o)
 .text.serial_line_init
                0x000000000000fa18       0x38 obj_cooja/mtype263.a(serial-line.o)
                0x000000000000fa18                serial_line_init
 .text          0x000000000000fa50        0x0 obj_cooja/mtype263.a(memb.o)
 .text.memb_init
                0x000000000000fa50       0x5e obj_cooja/mtype263.a(memb.o)
                0x000000000000fa50                memb_init
 .text.memb_alloc
                0x000000000000faae       0x65 obj_cooja/mtype263.a(memb.o)
                0x000000000000faae                memb_alloc
 .text.memb_free
                0x000000000000fb13       0x7b obj_cooja/mtype263.a(memb.o)
                0x000000000000fb13                memb_free
 .text.memb_inmemb
                0x000000000000fb8e       0x3f obj_cooja/mtype263.a(memb.o)
                0x000000000000fb8e                memb_inmemb
 *fill*         0x000000000000fbcd        0x3 90909090
 .text          0x000000000000fbd0        0x0 obj_cooja/mtype263.a(list.o)
 .text.list_init
                0x000000000000fbd0        0xe obj_cooja/mtype263.a(list.o)
                0x000000000000fbd0                list_init
 .text.list_head
                0x000000000000fbde        0xa obj_cooja/mtype263.a(list.o)
                0x000000000000fbde                list_head
 .text.list_copy
                0x000000000000fbe8        0xf obj_cooja/mtype263.a(list.o)
                0x000000000000fbe8                list_copy
 .text.list_tail
                0x000000000000fbf7       0x36 obj_cooja/mtype263.a(list.o)
                0x000000000000fbf7                list_tail
 .text.list_add
                0x000000000000fc2d       0x49 obj_cooja/mtype263.a(list.o)
                0x000000000000fc2d                list_add
 .text.list_push
                0x000000000000fc76       0x2c obj_cooja/mtype263.a(list.o)
                0x000000000000fc76                list_push
 .text.list_chop
                0x000000000000fca2       0x6a obj_cooja/mtype263.a(list.o)
                0x000000000000fca2                list_chop
 .text.list_pop
                0x000000000000fd0c       0x28 obj_cooja/mtype263.a(list.o)
                0x000000000000fd0c                list_pop
 .text.list_remove
                0x000000000000fd34       0x68 obj_cooja/mtype263.a(list.o)
                0x000000000000fd34                list_remove
 .text.list_length
                0x000000000000fd9c       0x2e obj_cooja/mtype263.a(list.o)
                0x000000000000fd9c                list_length
 .text.list_insert
                0x000000000000fdca       0x34 obj_cooja/mtype263.a(list.o)
                0x000000000000fdca                list_insert
 .text.list_item_next
                0x000000000000fdfe       0x17 obj_cooja/mtype263.a(list.o)
                0x000000000000fdfe                list_item_next
 *fill*         0x000000000000fe15        0x3 90909090
 .text          0x000000000000fe18        0x0 obj_cooja/mtype263.a(etimer.o)
 .text.update_time
                0x000000000000fe18       0x8f obj_cooja/mtype263.a(etimer.o)
 .text.process_thread_etimer_process
                0x000000000000fea7      0x190 obj_cooja/mtype263.a(etimer.o)
 .text.etimer_request_poll
                0x0000000000010037       0x14 obj_cooja/mtype263.a(etimer.o)
                0x0000000000010037                etimer_request_poll
 .text.add_timer
                0x000000000001004b       0x70 obj_cooja/mtype263.a(etimer.o)
 .text.etimer_set
                0x00000000000100bb       0x25 obj_cooja/mtype263.a(etimer.o)
                0x00000000000100bb                etimer_set
 .text.etimer_reset
                0x00000000000100e0       0x1e obj_cooja/mtype263.a(etimer.o)
                0x00000000000100e0                etimer_reset
 .text.etimer_restart
                0x00000000000100fe       0x1e obj_cooja/mtype263.a(etimer.o)
                0x00000000000100fe                etimer_restart
 .text.etimer_adjust
                0x000000000001011c       0x1c obj_cooja/mtype263.a(etimer.o)
                0x000000000001011c                etimer_adjust
 .text.etimer_expired
                0x0000000000010138       0x13 obj_cooja/mtype263.a(etimer.o)
                0x0000000000010138                etimer_expired
 .text.etimer_expiration_time
                0x000000000001014b       0x12 obj_cooja/mtype263.a(etimer.o)
                0x000000000001014b                etimer_expiration_time
 .text.etimer_start_time
                0x000000000001015d        0xa obj_cooja/mtype263.a(etimer.o)
                0x000000000001015d                etimer_start_time
 .text.etimer_pending
                0x0000000000010167       0x12 obj_cooja/mtype263.a(etimer.o)
                0x0000000000010167                etimer_pending
 .text.etimer_next_expiration_time
                0x0000000000010179       0x1a obj_cooja/mtype263.a(etimer.o)
                0x0000000000010179                etimer_next_expiration_time
 .text.etimer_stop
                0x0000000000010193       0x75 obj_cooja/mtype263.a(etimer.o)
                0x0000000000010193                etimer_stop
 .text          0x0000000000010208        0x0 obj_cooja/mtype263.a(ctimer.o)
 .text.process_thread_ctimer_process
                0x0000000000010208      0x11b obj_cooja/mtype263.a(ctimer.o)
 .text.ctimer_init
                0x0000000000010323       0x30 obj_cooja/mtype263.a(ctimer.o)
                0x0000000000010323                ctimer_init
 .text.ctimer_set
                0x0000000000010353       0x93 obj_cooja/mtype263.a(ctimer.o)
                0x0000000000010353                ctimer_set
 .text.ctimer_reset
                0x00000000000103e6       0x63 obj_cooja/mtype263.a(ctimer.o)
                0x00000000000103e6                ctimer_reset
 .text.ctimer_restart
                0x0000000000010449       0x63 obj_cooja/mtype263.a(ctimer.o)
                0x0000000000010449                ctimer_restart
 .text.ctimer_stop
                0x00000000000104ac       0x4b obj_cooja/mtype263.a(ctimer.o)
                0x00000000000104ac                ctimer_stop
 .text.ctimer_expired
                0x00000000000104f7       0x57 obj_cooja/mtype263.a(ctimer.o)
                0x00000000000104f7                ctimer_expired
 *fill*         0x000000000001054e        0x2 90909090
 .text          0x0000000000010550        0x0 obj_cooja/mtype263.a(energest.o)
 .text.energest_type_set
                0x0000000000010550        0x5 obj_cooja/mtype263.a(energest.o)
                0x0000000000010550                energest_type_set
 .text.energest_init
                0x0000000000010555        0x5 obj_cooja/mtype263.a(energest.o)
                0x0000000000010555                energest_init
 .text.energest_type_time
                0x000000000001055a        0xa obj_cooja/mtype263.a(energest.o)
                0x000000000001055a                energest_type_time
 .text.energest_flush
                0x0000000000010564        0x5 obj_cooja/mtype263.a(energest.o)
                0x0000000000010564                energest_flush
 *fill*         0x0000000000010569        0x3 90909090
 .text          0x000000000001056c        0x0 obj_cooja/mtype263.a(random.o)
 .text.random_init
                0x000000000001056c       0x1b obj_cooja/mtype263.a(random.o)
                0x000000000001056c                random_init
 .text.random_rand
                0x0000000000010587        0xd obj_cooja/mtype263.a(random.o)
                0x0000000000010587                random_rand
 .text          0x0000000000010594        0x0 obj_cooja/mtype263.a(ringbuf.o)
 .text.ringbuf_init
                0x0000000000010594       0x31 obj_cooja/mtype263.a(ringbuf.o)
                0x0000000000010594                ringbuf_init
 .text.ringbuf_put
                0x00000000000105c5       0x7e obj_cooja/mtype263.a(ringbuf.o)
                0x00000000000105c5                ringbuf_put
 .text.ringbuf_get
                0x0000000000010643       0x6d obj_cooja/mtype263.a(ringbuf.o)
                0x0000000000010643                ringbuf_get
 .text.ringbuf_size
                0x00000000000106b0       0x12 obj_cooja/mtype263.a(ringbuf.o)
                0x00000000000106b0                ringbuf_size
 .text.ringbuf_elements
                0x00000000000106c2       0x27 obj_cooja/mtype263.a(ringbuf.o)
                0x00000000000106c2                ringbuf_elements
 *fill*         0x00000000000106e9        0x3 90909090
 .text          0x00000000000106ec        0x0 obj_cooja/mtype263.a(netstack.o)
 .text.netstack_init
                0x00000000000106ec       0x24 obj_cooja/mtype263.a(netstack.o)
                0x00000000000106ec                netstack_init
 .text          0x0000000000010710        0x0 obj_cooja/mtype263.a(packetbuf.o)
 .text.packetbuf_clear
                0x0000000000010710       0x37 obj_cooja/mtype263.a(packetbuf.o)
                0x0000000000010710                packetbuf_clear
 .text.packetbuf_clear_hdr
                0x0000000000010747        0xc obj_cooja/mtype263.a(packetbuf.o)
                0x0000000000010747                packetbuf_clear_hdr
 .text.packetbuf_copyfrom
                0x0000000000010753       0x52 obj_cooja/mtype263.a(packetbuf.o)
                0x0000000000010753                packetbuf_copyfrom
 .text.packetbuf_compact
                0x00000000000107a5       0x9e obj_cooja/mtype263.a(packetbuf.o)
                0x00000000000107a5                packetbuf_compact
 .text.packetbuf_copyto_hdr
                0x0000000000010843       0x5a obj_cooja/mtype263.a(packetbuf.o)
                0x0000000000010843                packetbuf_copyto_hdr
 .text.packetbuf_copyto
                0x000000000001089d       0xe3 obj_cooja/mtype263.a(packetbuf.o)
                0x000000000001089d                packetbuf_copyto
 .text.packetbuf_hdralloc
                0x0000000000010980       0x4a obj_cooja/mtype263.a(packetbuf.o)
                0x0000000000010980                packetbuf_hdralloc
 .text.packetbuf_hdr_remove
                0x00000000000109ca       0x18 obj_cooja/mtype263.a(packetbuf.o)
                0x00000000000109ca                packetbuf_hdr_remove
 .text.packetbuf_hdrreduce
                0x00000000000109e2       0x4b obj_cooja/mtype263.a(packetbuf.o)
                0x00000000000109e2                packetbuf_hdrreduce
 .text.packetbuf_set_datalen
                0x0000000000010a2d       0x19 obj_cooja/mtype263.a(packetbuf.o)
                0x0000000000010a2d                packetbuf_set_datalen
 .text.packetbuf_dataptr
                0x0000000000010a46       0x19 obj_cooja/mtype263.a(packetbuf.o)
                0x0000000000010a46                packetbuf_dataptr
 .text.packetbuf_hdrptr
                0x0000000000010a5f       0x17 obj_cooja/mtype263.a(packetbuf.o)
                0x0000000000010a5f                packetbuf_hdrptr
 .text.packetbuf_reference
                0x0000000000010a76       0x26 obj_cooja/mtype263.a(packetbuf.o)
                0x0000000000010a76                packetbuf_reference
 .text.packetbuf_is_reference
                0x0000000000010a9c       0x1a obj_cooja/mtype263.a(packetbuf.o)
                0x0000000000010a9c                packetbuf_is_reference
 .text.packetbuf_reference_ptr
                0x0000000000010ab6        0xa obj_cooja/mtype263.a(packetbuf.o)
                0x0000000000010ab6                packetbuf_reference_ptr
 .text.packetbuf_datalen
                0x0000000000010ac0        0xc obj_cooja/mtype263.a(packetbuf.o)
                0x0000000000010ac0                packetbuf_datalen
 .text.packetbuf_hdrlen
                0x0000000000010acc       0x17 obj_cooja/mtype263.a(packetbuf.o)
                0x0000000000010acc                packetbuf_hdrlen
 .text.packetbuf_totlen
                0x0000000000010ae3       0x16 obj_cooja/mtype263.a(packetbuf.o)
                0x0000000000010ae3                packetbuf_totlen
 .text.packetbuf_attr_clear
                0x0000000000010af9       0x56 obj_cooja/mtype263.a(packetbuf.o)
                0x0000000000010af9                packetbuf_attr_clear
 .text.packetbuf_attr_copyto
                0x0000000000010b4f       0x9d obj_cooja/mtype263.a(packetbuf.o)
                0x0000000000010b4f                packetbuf_attr_copyto
 .text.packetbuf_attr_copyfrom
                0x0000000000010bec       0x9c obj_cooja/mtype263.a(packetbuf.o)
                0x0000000000010bec                packetbuf_attr_copyfrom
 .text          0x0000000000010c88        0x0 obj_cooja/mtype263.a(queuebuf.o)
 .text.queuebuf_load_to_ram
                0x0000000000010c88        0xa obj_cooja/mtype263.a(queuebuf.o)
 .text.queuebuf_init
                0x0000000000010c92       0x2c obj_cooja/mtype263.a(queuebuf.o)
                0x0000000000010c92                queuebuf_init
 .text.queuebuf_new_from_packetbuf
                0x0000000000010cbe       0xcb obj_cooja/mtype263.a(queuebuf.o)
                0x0000000000010cbe                queuebuf_new_from_packetbuf
 .text.queuebuf_update_attr_from_packetbuf
                0x0000000000010d89       0x33 obj_cooja/mtype263.a(queuebuf.o)
                0x0000000000010d89                queuebuf_update_attr_from_packetbuf
 .text.queuebuf_free
                0x0000000000010dbc       0x73 obj_cooja/mtype263.a(queuebuf.o)
                0x0000000000010dbc                queuebuf_free
 .text.queuebuf_to_packetbuf
                0x0000000000010e2f       0xe8 obj_cooja/mtype263.a(queuebuf.o)
                0x0000000000010e2f                queuebuf_to_packetbuf
 .text.queuebuf_dataptr
                0x0000000000010f17       0x5f obj_cooja/mtype263.a(queuebuf.o)
                0x0000000000010f17                queuebuf_dataptr
 .text.queuebuf_datalen
                0x0000000000010f76       0x1f obj_cooja/mtype263.a(queuebuf.o)
                0x0000000000010f76                queuebuf_datalen
 .text.queuebuf_addr
                0x0000000000010f95       0x2f obj_cooja/mtype263.a(queuebuf.o)
                0x0000000000010f95                queuebuf_addr
 .text.queuebuf_attr
                0x0000000000010fc4       0x2b obj_cooja/mtype263.a(queuebuf.o)
                0x0000000000010fc4                queuebuf_attr
 .text.queuebuf_debug_print
                0x0000000000010fef        0x5 obj_cooja/mtype263.a(queuebuf.o)
                0x0000000000010fef                queuebuf_debug_print
 .text          0x0000000000010ff4        0x0 obj_cooja/mtype263.a(sicslowpan.o)
 .text.packetbuf_set_attr
                0x0000000000010ff4       0x2a obj_cooja/mtype263.a(sicslowpan.o)
 .text.packetbuf_set_addr
                0x000000000001101e       0x32 obj_cooja/mtype263.a(sicslowpan.o)
 .text.packetbuf_addr
                0x0000000000011050       0x1d obj_cooja/mtype263.a(sicslowpan.o)
 .text.rime_sniffer_add
                0x000000000001106d        0xd obj_cooja/mtype263.a(sicslowpan.o)
                0x000000000001106d                rime_sniffer_add
 .text.rime_sniffer_remove
                0x000000000001107a        0xf obj_cooja/mtype263.a(sicslowpan.o)
                0x000000000001107a                rime_sniffer_remove
 .text.set_packet_attrs
                0x0000000000011089       0xe9 obj_cooja/mtype263.a(sicslowpan.o)
 .text.addr_context_lookup_by_prefix
                0x0000000000011172       0x7a obj_cooja/mtype263.a(sicslowpan.o)
 .text.addr_context_lookup_by_number
                0x00000000000111ec       0x6a obj_cooja/mtype263.a(sicslowpan.o)
 .text.compress_addr_64
                0x0000000000011256      0x163 obj_cooja/mtype263.a(sicslowpan.o)
 .text.uncompress_addr
                0x00000000000113b9      0x12e obj_cooja/mtype263.a(sicslowpan.o)
 .text.compress_hdr_hc06
                0x00000000000114e7      0x942 obj_cooja/mtype263.a(sicslowpan.o)
 .text.uncompress_hdr_hc06
                0x0000000000011e29      0x77d obj_cooja/mtype263.a(sicslowpan.o)
 .text.compress_hdr_ipv6
                0x00000000000125a6       0x8d obj_cooja/mtype263.a(sicslowpan.o)
 .text.packet_sent
                0x0000000000012633       0x3b obj_cooja/mtype263.a(sicslowpan.o)
 .text.send_packet
                0x000000000001266e       0x36 obj_cooja/mtype263.a(sicslowpan.o)
 .text.output   0x00000000000126a4      0x54f obj_cooja/mtype263.a(sicslowpan.o)
 .text.input    0x0000000000012bf3      0x54f obj_cooja/mtype263.a(sicslowpan.o)
 .text.sicslowpan_init
                0x0000000000013142       0x57 obj_cooja/mtype263.a(sicslowpan.o)
                0x0000000000013142                sicslowpan_init
 *fill*         0x0000000000013199        0x3 90909090
 .text          0x000000000001319c        0x0 obj_cooja/mtype263.a(simple-udp.o)
 .text.init_simple_udp
                0x000000000001319c       0x2e obj_cooja/mtype263.a(simple-udp.o)
 .text.simple_udp_send
                0x00000000000131ca       0x6d obj_cooja/mtype263.a(simple-udp.o)
                0x00000000000131ca                simple_udp_send
 .text.simple_udp_sendto
                0x0000000000013237       0x65 obj_cooja/mtype263.a(simple-udp.o)
                0x0000000000013237                simple_udp_sendto
 .text.simple_udp_sendto_port
                0x000000000001329c       0x63 obj_cooja/mtype263.a(simple-udp.o)
                0x000000000001329c                simple_udp_sendto_port
 .text.simple_udp_register
                0x00000000000132ff       0xe6 obj_cooja/mtype263.a(simple-udp.o)
                0x00000000000132ff                simple_udp_register
 .text.process_thread_simple_udp_process
                0x00000000000133e5      0x15b obj_cooja/mtype263.a(simple-udp.o)
 .text          0x0000000000013540        0x0 obj_cooja/mtype263.a(tcpip.o)
 .text.tcpip_output
                0x0000000000013540       0x2f obj_cooja/mtype263.a(tcpip.o)
                0x0000000000013540                tcpip_output
 .text.tcpip_set_outputfunc
                0x000000000001356f        0xd obj_cooja/mtype263.a(tcpip.o)
                0x000000000001356f                tcpip_set_outputfunc
 .text.start_periodic_tcp_timer
                0x000000000001357c       0x24 obj_cooja/mtype263.a(tcpip.o)
 .text.check_for_tcp_syn
                0x00000000000135a0       0x2d obj_cooja/mtype263.a(tcpip.o)
 .text.packet_input
                0x00000000000135cd       0x36 obj_cooja/mtype263.a(tcpip.o)
 .text.tcp_connect
                0x0000000000013603       0x55 obj_cooja/mtype263.a(tcpip.o)
                0x0000000000013603                tcp_connect
 .text.tcp_unlisten
                0x0000000000013658       0x6e obj_cooja/mtype263.a(tcpip.o)
                0x0000000000013658                tcp_unlisten
 .text.tcp_listen
                0x00000000000136c6       0x6c obj_cooja/mtype263.a(tcpip.o)
                0x00000000000136c6                tcp_listen
 .text.tcp_attach
                0x0000000000013732       0x25 obj_cooja/mtype263.a(tcpip.o)
                0x0000000000013732                tcp_attach
 .text.udp_attach
                0x0000000000013757       0x25 obj_cooja/mtype263.a(tcpip.o)
                0x0000000000013757                udp_attach
 .text.udp_new  0x000000000001377c       0x52 obj_cooja/mtype263.a(tcpip.o)
                0x000000000001377c                udp_new
 .text.udp_broadcast_new
                0x00000000000137ce       0x92 obj_cooja/mtype263.a(tcpip.o)
                0x00000000000137ce                udp_broadcast_new
 .text.eventhandler
                0x0000000000013860      0x21b obj_cooja/mtype263.a(tcpip.o)
 .text.tcpip_input
                0x0000000000013a7b       0x34 obj_cooja/mtype263.a(tcpip.o)
                0x0000000000013a7b                tcpip_input
 .text.tcpip_ipv6_output
                0x0000000000013aaf      0x483 obj_cooja/mtype263.a(tcpip.o)
                0x0000000000013aaf                tcpip_ipv6_output
 .text.tcpip_poll_udp
                0x0000000000013f32       0x23 obj_cooja/mtype263.a(tcpip.o)
                0x0000000000013f32                tcpip_poll_udp
 .text.tcpip_poll_tcp
                0x0000000000013f55       0x23 obj_cooja/mtype263.a(tcpip.o)
                0x0000000000013f55                tcpip_poll_tcp
 .text.tcpip_uipcall
                0x0000000000013f78       0xd0 obj_cooja/mtype263.a(tcpip.o)
                0x0000000000013f78                tcpip_uipcall
 .text.process_thread_tcpip_process
                0x0000000000014048       0xd3 obj_cooja/mtype263.a(tcpip.o)
 *fill*         0x000000000001411b        0x1 90909090
 .text          0x000000000001411c        0x0 obj_cooja/mtype263.a(uip-ds6-route.o)
 .text.call_route_callback
                0x000000000001411c       0x77 obj_cooja/mtype263.a(uip-ds6-route.o)
 .text.uip_ds6_notification_add
                0x0000000000014193       0x31 obj_cooja/mtype263.a(uip-ds6-route.o)
                0x0000000000014193                uip_ds6_notification_add
 .text.uip_ds6_notification_rm
                0x00000000000141c4       0x1c obj_cooja/mtype263.a(uip-ds6-route.o)
                0x00000000000141c4                uip_ds6_notification_rm
 .text.uip_ds6_route_init
                0x00000000000141e0       0x4f obj_cooja/mtype263.a(uip-ds6-route.o)
                0x00000000000141e0                uip_ds6_route_init
 .text.uip_ds6_route_nexthop_lladdr
                0x000000000001422f       0x2c obj_cooja/mtype263.a(uip-ds6-route.o)
 .text.uip_ds6_route_nexthop
                0x000000000001425b       0x28 obj_cooja/mtype263.a(uip-ds6-route.o)
                0x000000000001425b                uip_ds6_route_nexthop
 .text.uip_ds6_route_head
                0x0000000000014283       0x41 obj_cooja/mtype263.a(uip-ds6-route.o)
                0x0000000000014283                uip_ds6_route_head
 .text.uip_ds6_route_next
                0x00000000000142c4       0x5c obj_cooja/mtype263.a(uip-ds6-route.o)
                0x00000000000142c4                uip_ds6_route_next
 .text.uip_ds6_route_num_routes
                0x0000000000014320        0xa obj_cooja/mtype263.a(uip-ds6-route.o)
                0x0000000000014320                uip_ds6_route_num_routes
 .text.uip_ds6_route_lookup
                0x000000000001432a       0x7a obj_cooja/mtype263.a(uip-ds6-route.o)
                0x000000000001432a                uip_ds6_route_lookup
 .text.uip_ds6_route_add
                0x00000000000143a4      0x150 obj_cooja/mtype263.a(uip-ds6-route.o)
                0x00000000000143a4                uip_ds6_route_add
 .text.uip_ds6_route_rm
                0x00000000000144f4       0xac obj_cooja/mtype263.a(uip-ds6-route.o)
                0x00000000000144f4                uip_ds6_route_rm
 .text.rm_routelist
                0x00000000000145a0       0x61 obj_cooja/mtype263.a(uip-ds6-route.o)
 .text.rm_routelist_callback
                0x0000000000014601       0x13 obj_cooja/mtype263.a(uip-ds6-route.o)
 .text.uip_ds6_route_rm_by_nexthop
                0x0000000000014614       0x38 obj_cooja/mtype263.a(uip-ds6-route.o)
                0x0000000000014614                uip_ds6_route_rm_by_nexthop
 .text.uip_ds6_defrt_add
                0x000000000001464c       0xb1 obj_cooja/mtype263.a(uip-ds6-route.o)
                0x000000000001464c                uip_ds6_defrt_add
 .text.uip_ds6_defrt_rm
                0x00000000000146fd       0x7f obj_cooja/mtype263.a(uip-ds6-route.o)
                0x00000000000146fd                uip_ds6_defrt_rm
 .text.uip_ds6_defrt_lookup
                0x000000000001477c       0x59 obj_cooja/mtype263.a(uip-ds6-route.o)
                0x000000000001477c                uip_ds6_defrt_lookup
 .text.uip_ds6_defrt_choose
                0x00000000000147d5       0x6b obj_cooja/mtype263.a(uip-ds6-route.o)
                0x00000000000147d5                uip_ds6_defrt_choose
 .text.uip_ds6_defrt_periodic
                0x0000000000014840       0x68 obj_cooja/mtype263.a(uip-ds6-route.o)
                0x0000000000014840                uip_ds6_defrt_periodic
 .text          0x00000000000148a8        0x0 obj_cooja/mtype263.a(uip-ds6-nbr.o)
 .text.packetbuf_addr
                0x00000000000148a8       0x1d obj_cooja/mtype263.a(uip-ds6-nbr.o)
 .text.uip_ds6_neighbors_init
                0x00000000000148c5       0x1d obj_cooja/mtype263.a(uip-ds6-nbr.o)
                0x00000000000148c5                uip_ds6_neighbors_init
 .text.uip_ds6_nbr_add
                0x00000000000148e2       0xbb obj_cooja/mtype263.a(uip-ds6-nbr.o)
                0x00000000000148e2                uip_ds6_nbr_add
 .text.uip_ds6_nbr_rm
                0x000000000001499d       0x3b obj_cooja/mtype263.a(uip-ds6-nbr.o)
                0x000000000001499d                uip_ds6_nbr_rm
 .text.uip_ds6_nbr_get_ipaddr
                0x00000000000149d8       0x15 obj_cooja/mtype263.a(uip-ds6-nbr.o)
                0x00000000000149d8                uip_ds6_nbr_get_ipaddr
 .text.uip_ds6_nbr_get_ll
                0x00000000000149ed       0x1c obj_cooja/mtype263.a(uip-ds6-nbr.o)
                0x00000000000149ed                uip_ds6_nbr_get_ll
 .text.uip_ds6_nbr_num
                0x0000000000014a09       0x45 obj_cooja/mtype263.a(uip-ds6-nbr.o)
                0x0000000000014a09                uip_ds6_nbr_num
 .text.uip_ds6_nbr_lookup
                0x0000000000014a4e       0x65 obj_cooja/mtype263.a(uip-ds6-nbr.o)
                0x0000000000014a4e                uip_ds6_nbr_lookup
 .text.uip_ds6_nbr_ll_lookup
                0x0000000000014ab3       0x1c obj_cooja/mtype263.a(uip-ds6-nbr.o)
                0x0000000000014ab3                uip_ds6_nbr_ll_lookup
 .text.uip_ds6_nbr_ipaddr_from_lladdr
                0x0000000000014acf       0x26 obj_cooja/mtype263.a(uip-ds6-nbr.o)
                0x0000000000014acf                uip_ds6_nbr_ipaddr_from_lladdr
 .text.uip_ds6_nbr_lladdr_from_ipaddr
                0x0000000000014af5       0x2e obj_cooja/mtype263.a(uip-ds6-nbr.o)
                0x0000000000014af5                uip_ds6_nbr_lladdr_from_ipaddr
 .text.uip_ds6_link_neighbor_callback
                0x0000000000014b23       0x4a obj_cooja/mtype263.a(uip-ds6-nbr.o)
                0x0000000000014b23                uip_ds6_link_neighbor_callback
 .text.uip_ds6_neighbor_periodic
                0x0000000000014b6d      0x22a obj_cooja/mtype263.a(uip-ds6-nbr.o)
                0x0000000000014b6d                uip_ds6_neighbor_periodic
 .text.uip_ds6_get_least_lifetime_neighbor
                0x0000000000014d97       0x79 obj_cooja/mtype263.a(uip-ds6-nbr.o)
                0x0000000000014d97                uip_ds6_get_least_lifetime_neighbor
 .text          0x0000000000014e10        0x0 obj_cooja/mtype263.a(uip-ds6.o)
 .text.uip_ds6_init
                0x0000000000014e10      0x1cb obj_cooja/mtype263.a(uip-ds6.o)
                0x0000000000014e10                uip_ds6_init
 .text.uip_ds6_periodic
                0x0000000000014fdb       0x7d obj_cooja/mtype263.a(uip-ds6.o)
                0x0000000000014fdb                uip_ds6_periodic
 .text.uip_ds6_list_loop
                0x0000000000015058       0xa3 obj_cooja/mtype263.a(uip-ds6.o)
                0x0000000000015058                uip_ds6_list_loop
 .text.uip_ds6_prefix_add
                0x00000000000150fb       0xbe obj_cooja/mtype263.a(uip-ds6.o)
                0x00000000000150fb                uip_ds6_prefix_add
 .text.uip_ds6_prefix_rm
                0x00000000000151b9       0x11 obj_cooja/mtype263.a(uip-ds6.o)
                0x00000000000151b9                uip_ds6_prefix_rm
 .text.uip_ds6_prefix_lookup
                0x00000000000151ca       0x51 obj_cooja/mtype263.a(uip-ds6.o)
                0x00000000000151ca                uip_ds6_prefix_lookup
 .text.uip_ds6_is_addr_onlink
                0x000000000001521b       0x74 obj_cooja/mtype263.a(uip-ds6.o)
                0x000000000001521b                uip_ds6_is_addr_onlink
 .text.uip_ds6_addr_add
                0x000000000001528f      0x12e obj_cooja/mtype263.a(uip-ds6.o)
                0x000000000001528f                uip_ds6_addr_add
 .text.uip_ds6_addr_rm
                0x00000000000153bd       0x9f obj_cooja/mtype263.a(uip-ds6.o)
                0x00000000000153bd                uip_ds6_addr_rm
 .text.uip_ds6_addr_lookup
                0x000000000001545c       0x4b obj_cooja/mtype263.a(uip-ds6.o)
                0x000000000001545c                uip_ds6_addr_lookup
 .text.uip_ds6_get_link_local
                0x00000000000154a7       0x7f obj_cooja/mtype263.a(uip-ds6.o)
                0x00000000000154a7                uip_ds6_get_link_local
 .text.uip_ds6_get_global
                0x0000000000015526       0x7f obj_cooja/mtype263.a(uip-ds6.o)
                0x0000000000015526                uip_ds6_get_global
 .text.uip_ds6_maddr_add
                0x00000000000155a5       0x72 obj_cooja/mtype263.a(uip-ds6.o)
                0x00000000000155a5                uip_ds6_maddr_add
 .text.uip_ds6_maddr_rm
                0x0000000000015617       0x11 obj_cooja/mtype263.a(uip-ds6.o)
                0x0000000000015617                uip_ds6_maddr_rm
 .text.uip_ds6_maddr_lookup