Archive member included because of file (symbol)

contiki-z1.a(rimeaddr.o)      obj_z1/contiki-z1-main.o (rimeaddr_copy)
contiki-z1.a(csma.o)          obj_z1/contiki-z1-main.o (csma_driver)
contiki-z1.a(contikimac.o)    obj_z1/contiki-z1-main.o (contikimac_driver)
contiki-z1.a(phase.o)         contiki-z1.a(contikimac.o) (phase_update)
contiki-z1.a(rpl-dag.o)       server.co (rpl_set_prefix)
contiki-z1.a(rpl-icmp6.o)     contiki-z1.a(rpl-dag.o) (dao_output)
contiki-z1.a(rpl-timers.o)    contiki-z1.a(rpl-dag.o) (rpl_reset_dio_timer)
contiki-z1.a(rpl-mrhof.o)     contiki-z1.a(rpl-dag.o) (rpl_mrhof)
contiki-z1.a(process.o)       obj_z1/contiki-z1-main.o (process_init)
contiki-z1.a(autostart.o)     obj_z1/contiki-z1-main.o (autostart_start)
contiki-z1.a(memb.o)          contiki-z1.a(csma.o) (memb_init)
contiki-z1.a(timer.o)         contiki-z1.a(phase.o) (timer_set)
contiki-z1.a(list.o)          contiki-z1.a(csma.o) (list_init)
contiki-z1.a(etimer.o)        obj_z1/contiki-z1-main.o (etimer_process)
contiki-z1.a(ctimer.o)        obj_z1/contiki-z1-main.o (ctimer_init)
contiki-z1.a(energest.o)      obj_z1/contiki-z1-main.o (energest_init)
contiki-z1.a(rtimer.o)        obj_z1/contiki-z1-main.o (rtimer_init)
contiki-z1.a(stimer.o)        contiki-z1.a(rpl-icmp6.o) (stimer_set)
contiki-z1.a(random.o)        contiki-z1.a(csma.o) (random_rand)
contiki-z1.a(nbr-table.o)     contiki-z1.a(phase.o) (nbr_table_register)
contiki-z1.a(packetbuf.o)     contiki-z1.a(contikimac.o) (packetbuf_hdr_remove)
contiki-z1.a(queuebuf.o)      obj_z1/contiki-z1-main.o (queuebuf_init)
contiki-z1.a(sicslowpan.o)    obj_z1/contiki-z1-main.o (sicslowpan_driver)
contiki-z1.a(simple-udp.o)    server.co (simple_udp_sendto)
contiki-z1.a(tcpip.o)         contiki-z1.a(sicslowpan.o) (tcpip_set_outputfunc)
contiki-z1.a(uip-debug.o)     server.co (uip_debug_ipaddr_print)
contiki-z1.a(uip-ds6-route.o)
                              contiki-z1.a(rpl-icmp6.o) (uip_ds6_route_nexthop)
contiki-z1.a(uip-ds6-nbr.o)   contiki-z1.a(rpl-icmp6.o) (uip_ds6_nbr_add)
contiki-z1.a(uip-ds6.o)       contiki-z1.a(tcpip.o) (uip_ds6_is_addr_onlink)
contiki-z1.a(uip-icmp6.o)     contiki-z1.a(rpl-icmp6.o) (uip_icmp6_send)
contiki-z1.a(uip-nd6.o)       contiki-z1.a(tcpip.o) (uip_nd6_ns_output)
contiki-z1.a(uip-udp-packet.)
                              contiki-z1.a(simple-udp.o) (uip_udp_packet_sendto)
contiki-z1.a(uip6.o)          contiki-z1.a(rpl-icmp6.o) (uip_aligned_buf)
contiki-z1.a(servreg-hack.o)  server.co (servreg_hack_init)
contiki-z1.a(contiki-z1-plat)
                              obj_z1/contiki-z1-main.o (init_platform)
contiki-z1.a(msp430.o)        obj_z1/contiki-z1-main.o (msp430_cpu_init)
contiki-z1.a(leds.o)          obj_z1/contiki-z1-main.o (leds_init)
contiki-z1.a(watchdog.o)      obj_z1/contiki-z1-main.o (watchdog_start)
contiki-z1.a(xmem.o)          obj_z1/contiki-z1-main.o (xmem_init)
contiki-z1.a(spi.o)           contiki-z1.a(xmem.o) (spi_init)
contiki-z1.a(cc2420.o)        obj_z1/contiki-z1-main.o (cc2420_set_channel)
contiki-z1.a(cc2420-arch.o)   contiki-z1.a(cc2420.o) (cc2420_arch_init)
contiki-z1.a(node-id.o)       obj_z1/contiki-z1-main.o (node_id_restore)
contiki-z1.a(sensors.o)       contiki-z1.a(contiki-z1-plat) (sensors_process)
contiki-z1.a(button-sensor.o)
                              obj_z1/contiki-z1-main.o (button_sensor)
contiki-z1.a(uart0.o)         obj_z1/contiki-z1-main.o (uart0_active)
contiki-z1.a(uart0-putchar.o)
                              server.co (putchar)
contiki-z1.a(adxl345.o)       obj_z1/contiki-z1-main.o (accm_init)
contiki-z1.a(clock.o)         contiki-z1.a(timer.o) (clock_time)
contiki-z1.a(leds-arch.o)     contiki-z1.a(leds.o) (leds_arch_init)
contiki-z1.a(rtimer-arch.o)   contiki-z1.a(rtimer.o) (rtimer_arch_init)
contiki-z1.a(mac.o)           contiki-z1.a(csma.o) (mac_call_sent_callback)
contiki-z1.a(framer-802154.o)
                              contiki-z1.a(contikimac.o) (framer_802154)
contiki-z1.a(rpl.o)           contiki-z1.a(rpl-timers.o) (rpl_purge_routes)
contiki-z1.a(rpl-ext-header.)
                              contiki-z1.a(uip6.o) (rpl_verify_header)
contiki-z1.a(i2cmaster.o)     contiki-z1.a(adxl345.o) (i2c_receiveinit)
contiki-z1.a(frame802154.o)   contiki-z1.a(framer-802154.o) (frame802154_hdrlen)
/usr/local/msp430/bin/../lib/gcc/msp430/4.7.0/../../../../msp430/lib/mcpu-430x/mmpy-16/libm.a(ef_log.o)
                              server.co (logf)
/usr/local/msp430/bin/../lib/gcc/msp430/4.7.0/../../../../msp430/lib/mcpu-430x/mmpy-16/libm.a(sf_floor.o)
                              server.co (floor)
/usr/local/msp430/bin/../lib/gcc/msp430/4.7.0/../../../../msp430/lib/mcpu-430x/mmpy-16/libm.a(ef_exp.o)
                              server.co (expf)
/usr/local/msp430/bin/../lib/gcc/msp430/4.7.0/mcpu-430x/mmpy-16/libgcc.a(_mulsi3.o)
                              contiki-z1.a(csma.o) (__mulsi3)
/usr/local/msp430/bin/../lib/gcc/msp430/4.7.0/mcpu-430x/mmpy-16/libgcc.a(_udivmod16.o)
[...]
Memory Configuration

Name             Origin             Length             Attributes
sfr              0x00000000         0x00000010
peripheral_8bit  0x00000010         0x000000f0
peripheral_16bit 0x00000100         0x00000100
ram_mirror       0x00000200         0x00000800         xw
infomem          0x00001000         0x00000100
infod            0x00001000         0x00000040
infoc            0x00001040         0x00000040
infob            0x00001080         0x00000040
infoa            0x000010c0         0x00000040
ram              0x00001100         0x00002000         xw
rom              0x00003100         0x0000cebe         xr
vectors          0x0000ffc0         0x00000040
far_rom          0x00010000         0x0000a000
bsl              0x00000000         0x00000000
ram2             0x00000000         0x00000000         xw
usbram           0x00000000         0x00000000         xw
*default*        0x00000000         0xffffffff

Linker script and memory map

LOAD /usr/local/msp430/bin/../lib/gcc/msp430/4.7.0/mcpu-430x/mmpy-16/crt0ivtbl32.o
                0x00000041                __P1SEL2 = 0x41
                0x00000045                __P5SEL2 = 0x45
LOAD server.co
LOAD obj_z1/contiki-z1-main.o
LOAD contiki-z1.a
LOAD /usr/local/msp430/bin/../lib/gcc/msp430/4.7.0/../../../../msp430/lib/mcpu-430x/mmpy-16/libm.a
LOAD /usr/local/msp430/bin/../lib/gcc/msp430/4.7.0/mcpu-430x/mmpy-16/libgcc.a
LOAD /usr/local/msp430/bin/../lib/gcc/msp430/4.7.0/../../../../msp430/lib/mcpu-430x/mmpy-16/libc.a
LOAD /usr/local/msp430/bin/../lib/gcc/msp430/4.7.0/mcpu-430x/mmpy-16/libgcc.a
LOAD /usr/local/msp430/bin/../lib/gcc/msp430/4.7.0/mcpu-430x/mmpy-16/libcrt0.a
                0x00000040                PROVIDE (__info_segment_size, 0x40)
                0x00001000                PROVIDE (__infod, 0x1000)
                0x00001040                PROVIDE (__infoc, 0x1040)
                0x00001080                PROVIDE (__infob, 0x1080)
                0x000010c0                PROVIDE (__infoa, 0x10c0)
                0x00000000                __IE1 = 0x0
                0x00000002                __IFG1 = 0x2
                0x00000001                __IE2 = 0x1
                0x00000003                __IFG2 = 0x3
                0x00000006                __UC1IE = 0x6
                0x00000007                __UC1IFG = 0x7
                0x000001a0                __ADC12CTL0 = 0x1a0
                0x000001a2                __ADC12CTL1 = 0x1a2
                0x000001a4                __ADC12IFG = 0x1a4
                0x000001a6                __ADC12IE = 0x1a6
                0x000001a8                __ADC12IV = 0x1a8
                0x00000140                __ADC12MEM0 = 0x140
                0x00000142                __ADC12MEM1 = 0x142
                0x00000144                __ADC12MEM2 = 0x144
                0x00000146                __ADC12MEM3 = 0x146
                0x00000148                __ADC12MEM4 = 0x148
                0x0000014a                __ADC12MEM5 = 0x14a
                0x0000014c                __ADC12MEM6 = 0x14c
                0x0000014e                __ADC12MEM7 = 0x14e
                0x00000150                __ADC12MEM8 = 0x150
                0x00000152                __ADC12MEM9 = 0x152
                0x00000154                __ADC12MEM10 = 0x154
                0x00000156                __ADC12MEM11 = 0x156
                0x00000158                __ADC12MEM12 = 0x158
                0x0000015a                __ADC12MEM13 = 0x15a
                0x0000015c                __ADC12MEM14 = 0x15c
                0x0000015e                __ADC12MEM15 = 0x15e
                0x00000080                __ADC12MCTL0 = 0x80
                0x00000081                __ADC12MCTL1 = 0x81
                0x00000082                __ADC12MCTL2 = 0x82
                0x00000083                __ADC12MCTL3 = 0x83
                0x00000084                __ADC12MCTL4 = 0x84
                0x00000085                __ADC12MCTL5 = 0x85
                0x00000086                __ADC12MCTL6 = 0x86
                0x00000087                __ADC12MCTL7 = 0x87
                0x00000088                __ADC12MCTL8 = 0x88
                0x00000089                __ADC12MCTL9 = 0x89
                0x0000008a                __ADC12MCTL10 = 0x8a
                0x0000008b                __ADC12MCTL11 = 0x8b
                0x0000008c                __ADC12MCTL12 = 0x8c
                0x0000008d                __ADC12MCTL13 = 0x8d
                0x0000008e                __ADC12MCTL14 = 0x8e
                0x0000008f                __ADC12MCTL15 = 0x8f
                0x00000056                __DCOCTL = 0x56
                0x00000057                __BCSCTL1 = 0x57
                0x00000058                __BCSCTL2 = 0x58
                0x00000053                __BCSCTL3 = 0x53
                0x00000059                __CACTL1 = 0x59
                0x0000005a                __CACTL2 = 0x5a
                0x0000005b                __CAPD = 0x5b
                0x000001c0                __DAC12_0CTL = 0x1c0
                0x000001c2                __DAC12_1CTL = 0x1c2
                0x000001c8                __DAC12_0DAT = 0x1c8
                0x000001ca                __DAC12_1DAT = 0x1ca
                0x00000122                __DMACTL0 = 0x122
                0x00000124                __DMACTL1 = 0x124
                0x00000126                __DMAIV = 0x126
                0x000001d0                __DMA0CTL = 0x1d0
                0x000001dc                __DMA1CTL = 0x1dc
                0x000001e8                __DMA2CTL = 0x1e8
                0x000001d2                __DMA0SA = 0x1d2
                0x000001d2                __DMA0SAL = 0x1d2
                0x000001d6                __DMA0DA = 0x1d6
                0x000001d6                __DMA0DAL = 0x1d6
                0x000001da                __DMA0SZ = 0x1da
                0x000001de                __DMA1SA = 0x1de
                0x000001de                __DMA1SAL = 0x1de
                0x000001e2                __DMA1DA = 0x1e2
                0x000001e2                __DMA1DAL = 0x1e2
                0x000001e6                __DMA1SZ = 0x1e6
                0x000001ea                __DMA2SA = 0x1ea
                0x000001ea                __DMA2SAL = 0x1ea
                0x000001ee                __DMA2DA = 0x1ee
                0x000001ee                __DMA2DAL = 0x1ee
                0x000001f2                __DMA2SZ = 0x1f2
                0x00000128                __FCTL1 = 0x128
                0x0000012a                __FCTL2 = 0x12a
                0x0000012c                __FCTL3 = 0x12c
                0x000001be                __FCTL4 = 0x1be
                0x00000130                __MPY = 0x130
                0x00000132                __MPYS = 0x132
                0x00000134                __MAC = 0x134
                0x00000136                __MACS = 0x136
                0x00000138                __OP2 = 0x138
                0x0000013a                __RESLO = 0x13a
                0x0000013c                __RESHI = 0x13c
                0x0000013e                __SUMEXT = 0x13e
                0x00000020                __P1IN = 0x20
                0x00000021                __P1OUT = 0x21
                0x00000022                __P1DIR = 0x22
                0x00000023                __P1IFG = 0x23
                0x00000024                __P1IES = 0x24
                0x00000025                __P1IE = 0x25
                0x00000026                __P1SEL = 0x26
                0x00000027                __P1REN = 0x27
                0x00000028                __P2IN = 0x28
                0x00000029                __P2OUT = 0x29
                0x0000002a                __P2DIR = 0x2a
                0x0000002b                __P2IFG = 0x2b
                0x0000002c                __P2IES = 0x2c
                0x0000002d                __P2IE = 0x2d
                0x0000002e                __P2SEL = 0x2e
                0x0000002f                __P2REN = 0x2f
                0x00000018                __P3IN = 0x18
                0x00000019                __P3OUT = 0x19
                0x0000001a                __P3DIR = 0x1a
                0x0000001b                __P3SEL = 0x1b
                0x00000010                __P3REN = 0x10
                0x0000001c                __P4IN = 0x1c
                0x0000001d                __P4OUT = 0x1d
                0x0000001e                __P4DIR = 0x1e
                0x0000001f                __P4SEL = 0x1f
                0x00000011                __P4REN = 0x11
                0x00000030                __P5IN = 0x30
                0x00000031                __P5OUT = 0x31
                0x00000032                __P5DIR = 0x32
                0x00000033                __P5SEL = 0x33
                0x00000012                __P5REN = 0x12
                0x00000034                __P6IN = 0x34
                0x00000035                __P6OUT = 0x35
                0x00000036                __P6DIR = 0x36
                0x00000037                __P6SEL = 0x37
                0x00000013                __P6REN = 0x13
                0x00000038                __P7IN = 0x38
                0x0000003a                __P7OUT = 0x3a
                0x0000003c                __P7DIR = 0x3c
                0x0000003e                __P7SEL = 0x3e
                0x00000014                __P7REN = 0x14
                0x00000039                __P8IN = 0x39
                0x0000003b                __P8OUT = 0x3b
                0x0000003d                __P8DIR = 0x3d
                0x0000003f                __P8SEL = 0x3f
                0x00000015                __P8REN = 0x15
                0x00000038                __PAIN = 0x38
                0x0000003a                __PAOUT = 0x3a
                0x0000003c                __PADIR = 0x3c
                0x0000003e                __PASEL = 0x3e
                0x00000014                __PAREN = 0x14
                0x00000055                __SVSCTL = 0x55
                0x0000012e                __TAIV = 0x12e
                0x00000160                __TACTL = 0x160
                0x00000162                __TACCTL0 = 0x162
                0x00000164                __TACCTL1 = 0x164
                0x00000166                __TACCTL2 = 0x166
                0x00000170                __TAR = 0x170
                0x00000172                __TACCR0 = 0x172
                0x00000174                __TACCR1 = 0x174
                0x00000176                __TACCR2 = 0x176
                0x0000011e                __TBIV = 0x11e
                0x00000180                __TBCTL = 0x180
                0x00000182                __TBCCTL0 = 0x182
                0x00000184                __TBCCTL1 = 0x184
                0x00000186                __TBCCTL2 = 0x186
                0x00000188                __TBCCTL3 = 0x188
                0x0000018a                __TBCCTL4 = 0x18a
                0x0000018c                __TBCCTL5 = 0x18c
                0x0000018e                __TBCCTL6 = 0x18e
                0x00000190                __TBR = 0x190
                0x00000192                __TBCCR0 = 0x192
                0x00000194                __TBCCR1 = 0x194
                0x00000196                __TBCCR2 = 0x196
                0x00000198                __TBCCR3 = 0x198
                0x0000019a                __TBCCR4 = 0x19a
                0x0000019c                __TBCCR5 = 0x19c
                0x0000019e                __TBCCR6 = 0x19e
                0x00000060                __UCA0CTL0 = 0x60
                0x00000061                __UCA0CTL1 = 0x61
                0x00000062                __UCA0BR0 = 0x62
                0x00000063                __UCA0BR1 = 0x63
                0x00000064                __UCA0MCTL = 0x64
                0x00000065                __UCA0STAT = 0x65
                0x00000066                __UCA0RXBUF = 0x66
                0x00000067                __UCA0TXBUF = 0x67
                0x0000005d                __UCA0ABCTL = 0x5d
                0x0000005e                __UCA0IRTCTL = 0x5e
                0x0000005f                __UCA0IRRCTL = 0x5f
                0x00000068                __UCB0CTL0 = 0x68
                0x00000069                __UCB0CTL1 = 0x69
                0x0000006a                __UCB0BR0 = 0x6a
                0x0000006b                __UCB0BR1 = 0x6b
                0x0000006c                __UCB0I2CIE = 0x6c
                0x0000006d                __UCB0STAT = 0x6d
                0x0000006e                __UCB0RXBUF = 0x6e
                0x0000006f                __UCB0TXBUF = 0x6f
                0x00000118                __UCB0I2COA = 0x118
                0x0000011a                __UCB0I2CSA = 0x11a
                0x000000d0                __UCA1CTL0 = 0xd0
                0x000000d1                __UCA1CTL1 = 0xd1
                0x000000d2                __UCA1BR0 = 0xd2
                0x000000d3                __UCA1BR1 = 0xd3
                0x000000d4                __UCA1MCTL = 0xd4
                0x000000d5                __UCA1STAT = 0xd5
                0x000000d6                __UCA1RXBUF = 0xd6
                0x000000d7                __UCA1TXBUF = 0xd7
                0x000000cd                __UCA1ABCTL = 0xcd
                0x000000ce                __UCA1IRTCTL = 0xce
                0x000000cf                __UCA1IRRCTL = 0xcf
                0x000000d8                __UCB1CTL0 = 0xd8
                0x000000d9                __UCB1CTL1 = 0xd9
                0x000000da                __UCB1BR0 = 0xda
                0x000000db                __UCB1BR1 = 0xdb
                0x000000dc                __UCB1I2CIE = 0xdc
                0x000000dd                __UCB1STAT = 0xdd
                0x000000de                __UCB1RXBUF = 0xde
                0x000000df                __UCB1TXBUF = 0xdf
                0x0000017c                __UCB1I2COA = 0x17c
                0x0000017e                __UCB1I2CSA = 0x17e
                0x00000120                __WDTCTL = 0x120
                0x000010c0                __TLV_CHECKSUM = 0x10c0
                0x000010f6                __TLV_DCO_30_TAG = 0x10f6
                0x000010f7                __TLV_DCO_30_LEN = 0x10f7
                0x000010da                __TLV_ADC12_1_TAG = 0x10da
                0x000010db                __TLV_ADC12_1_LEN = 0x10db
                0x000010f8                __CALDCO_16MHZ = 0x10f8
                0x000010f9                __CALBC1_16MHZ = 0x10f9
                0x000010fa                __CALDCO_12MHZ = 0x10fa
                0x000010fb                __CALBC1_12MHZ = 0x10fb
                0x000010fc                __CALDCO_8MHZ = 0x10fc
                0x000010fd                __CALBC1_8MHZ = 0x10fd
                0x000010fe                __CALDCO_1MHZ = 0x10fe
                0x000010ff                __CALBC1_1MHZ = 0x10ff

.hash
 *(.hash)

.dynsym
 *(.dynsym)

.dynstr
 *(.dynstr)

.gnu.version
 *(.gnu.version)

.gnu.version_d
 *(.gnu.version_d)

.gnu.version_r
 *(.gnu.version_r)

.rel.init
 *(.rel.init)

.rela.init
 *(.rela.init)

.rel.fini
 *(.rel.fini)

.rela.fini
 *(.rela.fini)

.rel.text
 *(.rel.text .rel.text.* .rel.gnu.linkonce.t.*)

.rela.text
 *(.rela.text .rela.text.* .rela.gnu.linkonce.t.*)

.rel.rodata
 *(.rel.rodata .rel.rodata.* .rel.gnu.linkonce.r.*)

.rela.rodata
 *(.rela.rodata .rela.rodata.* .rela.gnu.linkonce.r.*)

.rel.data
 *(.rel.data .rel.data.* .rel.gnu.linkonce.d.*)

.rela.data
 *(.rela.data .rela.data.* .rela.gnu.linkonce.d.*)

.rel.bss
 *(.rel.bss .rel.bss.* .rel.gnu.linkonce.b.*)

.rela.bss
 *(.rela.bss .rela.bss.* .rela.gnu.linkonce.b.*)

.rel.ctors
 *(.rel.ctors)

.rela.ctors
 *(.rela.ctors)

.rel.dtors
 *(.rel.dtors)

.rela.dtors
 *(.rela.dtors)

.rel.got
 *(.rel.got)

.rela.got
 *(.rela.got)

.rel.plt
 *(.rel.plt)

.rela.plt
 *(.rela.plt)

.text           0x00003100     0xce72
                0x00003100                . = ALIGN (0x2)
 *(.init .init.*)
 *(.init0)
 .init0         0x00003100        0x0 /usr/local/msp430/bin/../lib/gcc/msp430/4.7.0/mcpu-430x/mmpy-16/libcrt0.a(_reset_vector__.o)
                0x00003100                _reset_vector__
 *(.init1)
 .init1         0x00003100        0xc /usr/local/msp430/bin/../lib/gcc/msp430/4.7.0/mcpu-430x/mmpy-16/libcrt0.a(__watchdog_support.o)
                0x00003100                __watchdog_support
 *(.init2)
 .init2         0x0000310c        0x4 /usr/local/msp430/bin/../lib/gcc/msp430/4.7.0/mcpu-430x/mmpy-16/libcrt0.a(__init_stack.o)
                0x0000310c                __init_stack
 *(.init3)
 .init3         0x00003110        0x0 /usr/local/msp430/bin/../lib/gcc/msp430/4.7.0/mcpu-430x/mmpy-16/libcrt0.a(__low_level_init.o)
                0x00003110                __low_level_init
 *(.init4)
 .init4         0x00003110       0x18 /usr/local/msp430/bin/../lib/gcc/msp430/4.7.0/mcpu-430x/mmpy-16/libcrt0.a(_copy_data.o)
                0x00003110                __do_copy_data
 .init4         0x00003128       0x16 /usr/local/msp430/bin/../lib/gcc/msp430/4.7.0/mcpu-430x/mmpy-16/libcrt0.a(_clear_bss.o)
                0x00003128                __do_clear_bss
 *(.init5)
 *(.init6)
 *(.init7)
 *(.init8)
 *(.init9)
 .init9         0x0000313e      0x364 obj_z1/contiki-z1-main.o
                0x0000313e                main
 *(.fini9)
 .fini9         0x000034a2        0x0 /usr/local/msp430/bin/../lib/gcc/msp430/4.7.0/mcpu-430x/mmpy-16/libcrt0.a(__stop_progExec__.o)
                0x000034a2                __stop_progExec__
 *(.fini8)
 *(.fini7)
 *(.fini6)
 *(.fini5)
 *(.fini4)
 *(.fini3)
 *(.fini2)
 *(.fini1)
 *(.fini0)
 .fini0         0x000034a2        0x6 /usr/local/msp430/bin/../lib/gcc/msp430/4.7.0/mcpu-430x/mmpy-16/libcrt0.a(_endless_loop__.o)
                0x000034a2                _endless_loop__
 *(.fini .fini.*)
                0x000034a8                . = ALIGN (0x2)
                0x000034a8                __ctors_start = .
 *(.ctors)
                0x000034a8                __ctors_end = .
                0x000034a8                __dtors_start = .
 *(.dtors)
                0x000034a8                __dtors_end = .
                0x000034a8                . = ALIGN (0x2)
 *(.text .text.* .gnu.linkonce.t.*)
 .text          0x000034a8        0x4 /usr/local/msp430/bin/../lib/gcc/msp430/4.7.0/mcpu-430x/mmpy-16/crt0ivtbl32.o
                0x000034a8                __isr_14
                0x000034a8                __isr_4
                0x000034a8                __isr_29
                0x000034a8                __isr_11
                0x000034a8                __isr_5
                0x000034a8                __isr_2
                0x000034a8                __isr_10
                0x000034a8                __isr_7
                0x000034a8                __isr_0
                0x000034a8                __isr_28
                0x000034a8                __isr_8
                0x000034a8                __isr_20
                0x000034a8                __isr_3
                0x000034a8                __isr_12
                0x000034a8                __isr_13
                0x000034a8                __isr_27
                0x000034a8                __isr_9
                0x000034a8                __isr_30
                0x000034a8                __isr_6
                0x000034a8                __isr_22
                0x000034a8                __isr_1
                0x000034a8                __isr_15
                0x000034a8                __isr_21
 .text.crt0     0x000034ac        0x0 /usr/local/msp430/bin/../lib/gcc/msp430/4.7.0/mcpu-430x/mmpy-16/crt0ivtbl32.o
 .text          0x000034ac        0x0 server.co
 .text.process_thread_broadcast_process
                0x000034ac      0x138 server.co
 .text.process_thread_server_process
                0x000035e4      0x126 server.co
 .text.receiver
                0x0000370a      0x4ca server.co
 .text          0x00003bd4        0x0 obj_z1/contiki-z1-main.o
 .text.uip_log  0x00003bd4        0x6 obj_z1/contiki-z1-main.o
                0x00003bd4                uip_log
 .text          0x00003bda        0x0 contiki-z1.a(rimeaddr.o)
 .text.rimeaddr_copy
                0x00003bda        0x8 contiki-z1.a(rimeaddr.o)
                0x00003bda                rimeaddr_copy
 .text.rimeaddr_cmp
                0x00003be2       0x12 contiki-z1.a(rimeaddr.o)
                0x00003be2                rimeaddr_cmp
 .text.rimeaddr_set_node_addr
                0x00003bf4        0xc contiki-z1.a(rimeaddr.o)
                0x00003bf4                rimeaddr_set_node_addr
 .text          0x00003c00        0x0 contiki-z1.a(csma.o)
 .text.input_packet
                0x00003c00        0x6 contiki-z1.a(csma.o)
 .text.on       0x00003c06        0x6 contiki-z1.a(csma.o)
 .text.off      0x00003c0c        0x6 contiki-z1.a(csma.o)
 .text.channel_check_interval
                0x00003c12       0x10 contiki-z1.a(csma.o)
 .text.transmit_packet_list
                0x00003c22       0x24 contiki-z1.a(csma.o)
 .text.init     0x00003c46       0x1a contiki-z1.a(csma.o)
 .text.send_packet
                0x00003c60      0x158 contiki-z1.a(csma.o)
 .text.free_packet
                0x00003db8       0x94 contiki-z1.a(csma.o)
 .text.packet_sent
                0x00003e4c      0x118 contiki-z1.a(csma.o)
 .text          0x00003f64        0x0 contiki-z1.a(contikimac.o)
 .text.duty_cycle
                0x00003f64        0x6 contiki-z1.a(contikimac.o)
 .text.init     0x00003f6a       0x2e contiki-z1.a(contikimac.o)
 .text.on       0x00003f98       0x1a contiki-z1.a(contikimac.o)
 .text.off      0x00003fb2       0x22 contiki-z1.a(contikimac.o)
 .text.recv_burst_off
                0x00003fd4        0xa contiki-z1.a(contikimac.o)
 .text.powercycle_turn_radio_off
                0x00003fde       0x14 contiki-z1.a(contikimac.o)
 .text.turn_off
                0x00003ff2       0x20 contiki-z1.a(contikimac.o)
 .text.turn_on  0x00004012       0x30 contiki-z1.a(contikimac.o)
 .text.schedule_powercycle_fixed.part.5
                0x00004042       0x34 contiki-z1.a(contikimac.o)
 .text.input_packet
                0x00004076       0xf8 contiki-z1.a(contikimac.o)
 .text.send_packet
                0x0000416e      0x278 contiki-z1.a(contikimac.o)
 .text.qsend_list
                0x000043e6       0x72 contiki-z1.a(contikimac.o)
 .text.qsend_packet
                0x00004458       0x24 contiki-z1.a(contikimac.o)
 .text.powercycle
                0x0000447c      0x1da contiki-z1.a(contikimac.o)
 .text.contikimac_debug_print
                0x00004656        0x4 contiki-z1.a(contikimac.o)
                0x00004656                contikimac_debug_print
 .text          0x0000465a        0x0 contiki-z1.a(phase.o)
 .text.send_packet
                0x0000465a       0x44 contiki-z1.a(phase.o)
 .text.phase_update
                0x0000469e       0x86 contiki-z1.a(phase.o)
                0x0000469e                phase_update
 .text.phase_wait
                0x00004724       0xda contiki-z1.a(phase.o)
                0x00004724                phase_wait
 .text.phase_init
                0x000047fe       0x14 contiki-z1.a(phase.o)
                0x000047fe                phase_init
 .text          0x00004812        0x0 contiki-z1.a(rpl-dag.o)
 .text.lollipop_greater_than
                0x00004812       0x3c contiki-z1.a(rpl-dag.o)
 .text.find_parent_any_dag_any_instance
                0x0000484e       0x14 contiki-z1.a(rpl-dag.o)
 .text.rpl_set_preferred_parent
                0x00004862       0x2c contiki-z1.a(rpl-dag.o)
 .text.set_ip_from_prefix
                0x0000488e       0x30 contiki-z1.a(rpl-dag.o)
 .text.check_prefix
                0x000048be       0x70 contiki-z1.a(rpl-dag.o)
 .text.rpl_dag_init
                0x0000492e        0xe contiki-z1.a(rpl-dag.o)
                0x0000492e                rpl_dag_init
 .text.rpl_get_parent_rank
                0x0000493c       0x18 contiki-z1.a(rpl-dag.o)
                0x0000493c                rpl_get_parent_rank
 .text.rpl_get_parent_link_metric
                0x00004954       0x18 contiki-z1.a(rpl-dag.o)
                0x00004954                rpl_get_parent_link_metric
 .text.rpl_get_parent_ipaddr
                0x0000496c       0x10 contiki-z1.a(rpl-dag.o)
                0x0000496c                rpl_get_parent_ipaddr
 .text.rpl_set_prefix
                0x0000497c       0x74 contiki-z1.a(rpl-dag.o)
                0x0000497c                rpl_set_prefix
 .text.rpl_set_default_route
                0x000049f0       0x60 contiki-z1.a(rpl-dag.o)
                0x000049f0                rpl_set_default_route
 .text.rpl_alloc_instance
                0x00004a50       0x2c contiki-z1.a(rpl-dag.o)
                0x00004a50                rpl_alloc_instance
 .text.rpl_set_default_instance
                0x00004a7c        0x6 contiki-z1.a(rpl-dag.o)
                0x00004a7c                rpl_set_default_instance
 .text.rpl_add_parent
                0x00004a82       0x38 contiki-z1.a(rpl-dag.o)
                0x00004a82                rpl_add_parent
 .text.rpl_find_parent
                0x00004aba       0x1c contiki-z1.a(rpl-dag.o)
                0x00004aba                rpl_find_parent
 .text.rpl_find_parent_any_dag
                0x00004ad6       0x24 contiki-z1.a(rpl-dag.o)
                0x00004ad6                rpl_find_parent_any_dag
 .text.rpl_select_parent
                0x00004afa       0x54 contiki-z1.a(rpl-dag.o)
                0x00004afa                rpl_select_parent
 .text.rpl_select_dag
                0x00004b4e      0x196 contiki-z1.a(rpl-dag.o)
                0x00004b4e                rpl_select_dag
 .text.rpl_nullify_parent
                0x00004ce4       0x4a contiki-z1.a(rpl-dag.o)
                0x00004ce4                rpl_nullify_parent
 .text.rpl_remove_parent
                0x00004d2e       0x16 contiki-z1.a(rpl-dag.o)
                0x00004d2e                rpl_remove_parent
 .text.remove_parents.constprop.5
                0x00004d44       0x2e contiki-z1.a(rpl-dag.o)
 .text.rpl_free_dag
                0x00004d72       0x34 contiki-z1.a(rpl-dag.o)
                0x00004d72                rpl_free_dag
 .text.rpl_free_instance
                0x00004da6       0x54 contiki-z1.a(rpl-dag.o)
                0x00004da6                rpl_free_instance
 .text.rpl_move_parent
                0x00004dfa       0x66 contiki-z1.a(rpl-dag.o)
                0x00004dfa                rpl_move_parent
 .text.rpl_get_any_dag
                0x00004e60       0x16 contiki-z1.a(rpl-dag.o)
                0x00004e60                rpl_get_any_dag
 .text.rpl_get_instance
                0x00004e76       0x16 contiki-z1.a(rpl-dag.o)
                0x00004e76                rpl_get_instance
 .text.get_dag  0x00004e8c       0x50 contiki-z1.a(rpl-dag.o)
 .text.rpl_alloc_dag
                0x00004edc       0x62 contiki-z1.a(rpl-dag.o)
                0x00004edc                rpl_alloc_dag
 .text.rpl_set_root
                0x00004f3e       0xdc contiki-z1.a(rpl-dag.o)
                0x00004f3e                rpl_set_root
 .text.rpl_repair_root
                0x0000501a       0x4c contiki-z1.a(rpl-dag.o)
                0x0000501a                rpl_repair_root
 .text.rpl_find_of
                0x00005066       0x10 contiki-z1.a(rpl-dag.o)
                0x00005066                rpl_find_of
 .text.rpl_join_instance
                0x00005076      0x128 contiki-z1.a(rpl-dag.o)
                0x00005076                rpl_join_instance
 .text.rpl_local_repair
                0x0000519e       0x64 contiki-z1.a(rpl-dag.o)
                0x0000519e                rpl_local_repair
 .text.rpl_process_parent_event
                0x00005202       0x6c contiki-z1.a(rpl-dag.o)
                0x00005202                rpl_process_parent_event
 .text.rpl_recalculate_ranks
                0x0000526e       0x42 contiki-z1.a(rpl-dag.o)
                0x0000526e                rpl_recalculate_ranks
 .text.rpl_add_dag
                0x000052b0      0x102 contiki-z1.a(rpl-dag.o)
                0x000052b0                rpl_add_dag
 .text.rpl_process_dio
                0x000053b2      0x25c contiki-z1.a(rpl-dag.o)
                0x000053b2                rpl_process_dio
 .text          0x0000560e        0x0 contiki-z1.a(rpl-icmp6.o)
 .text.get32    0x0000560e       0x3e contiki-z1.a(rpl-icmp6.o)
 .text.set32    0x0000564c       0x2a contiki-z1.a(rpl-icmp6.o)
 .text.get16    0x00005676        0xe contiki-z1.a(rpl-icmp6.o)
 .text.set16    0x00005684       0x10 contiki-z1.a(rpl-icmp6.o)
 .text.dis_output
                0x00005694       0x50 contiki-z1.a(rpl-icmp6.o)
                0x00005694                dis_output
 .text.dio_output
                0x000056e4      0x23e contiki-z1.a(rpl-icmp6.o)
                0x000056e4                dio_output
 .text.dao_output_target
                0x00005922       0xc8 contiki-z1.a(rpl-icmp6.o)
                0x00005922                dao_output_target
 .text.dao_output
                0x000059ea       0x68 contiki-z1.a(rpl-icmp6.o)
                0x000059ea                dao_output
 .text.dao_ack_output
                0x00005a52       0x32 contiki-z1.a(rpl-icmp6.o)
                0x00005a52                dao_ack_output
 .text.uip_rpl_input
                0x00005a84      0x4f6 contiki-z1.a(rpl-icmp6.o)
                0x00005a84                uip_rpl_input
 .text          0x00005f7a        0x0 contiki-z1.a(rpl-timers.o)
 .text.new_dio_interval
                0x00005f7a       0x8a contiki-z1.a(rpl-timers.o)
 .text.handle_periodic_timer
                0x00006004       0x2e contiki-z1.a(rpl-timers.o)
 .text.handle_dao_timer
                0x00006032       0x50 contiki-z1.a(rpl-timers.o)
 .text.handle_dio_timer
                0x00006082       0x82 contiki-z1.a(rpl-timers.o)
 .text.rpl_reset_periodic_timer
                0x00006104       0x54 contiki-z1.a(rpl-timers.o)
                0x00006104                rpl_reset_periodic_timer
 .text.rpl_reset_dio_timer
                0x00006158       0x18 contiki-z1.a(rpl-timers.o)
                0x00006158                rpl_reset_dio_timer
 .text.rpl_schedule_dao
                0x00006170       0x46 contiki-z1.a(rpl-timers.o)
                0x00006170                rpl_schedule_dao
 .text          0x000061b6        0x0 contiki-z1.a(rpl-mrhof.o)
 .text.reset    0x000061b6        0x2 contiki-z1.a(rpl-mrhof.o)
 .text.neighbor_link_callback
                0x000061b8       0x70 contiki-z1.a(rpl-mrhof.o)
 .text.calculate_rank
                0x00006228       0x2c contiki-z1.a(rpl-mrhof.o)
 .text.update_metric_container
                0x00006254        0x6 contiki-z1.a(rpl-mrhof.o)
 .text.best_dag
                0x0000625a       0x2e contiki-z1.a(rpl-mrhof.o)
 .text.best_parent
                0x00006288       0x4e contiki-z1.a(rpl-mrhof.o)
 .text          0x000062d6        0x0 contiki-z1.a(process.o)
 .text.call_process
                0x000062d6       0x42 contiki-z1.a(process.o)
 .text.exit_process
                0x00006318       0x8a contiki-z1.a(process.o)
 .text.do_poll  0x000063a2       0x30 contiki-z1.a(process.o)
 .text.process_alloc_event
                0x000063d2        0xe contiki-z1.a(process.o)
                0x000063d2                process_alloc_event
 .text.process_exit
                0x000063e0        0xa contiki-z1.a(process.o)
                0x000063e0                process_exit
 .text.process_init
                0x000063ea       0x1c contiki-z1.a(process.o)
                0x000063ea                process_init
 .text.process_run
                0x00006406       0xa4 contiki-z1.a(process.o)
                0x00006406                process_run
 .text.process_nevents
                0x000064aa        0xe contiki-z1.a(process.o)
                0x000064aa                process_nevents
 .text.process_post
                0x000064b8       0x50 contiki-z1.a(process.o)
                0x000064b8                process_post
 .text.process_post_synch
                0x00006508       0x12 contiki-z1.a(process.o)
                0x00006508                process_post_synch
 .text.process_start
                0x0000651a       0x36 contiki-z1.a(process.o)
                0x0000651a                process_start
 .text.process_poll
                0x00006550       0x18 contiki-z1.a(process.o)
                0x00006550                process_poll
 .text.process_is_running
                0x00006568        0xe contiki-z1.a(process.o)
                0x00006568                process_is_running
 .text          0x00006576        0x0 contiki-z1.a(autostart.o)
 .text.autostart_start
                0x00006576       0x16 contiki-z1.a(autostart.o)
                0x00006576                autostart_start
 .text.autostart_exit
                0x0000658c       0x14 contiki-z1.a(autostart.o)
                0x0000658c                autostart_exit
 .text          0x000065a0        0x0 contiki-z1.a(memb.o)
 .text.memb_init
                0x000065a0       0x36 contiki-z1.a(memb.o)
                0x000065a0                memb_init
 .text.memb_alloc
                0x000065d6       0x3e contiki-z1.a(memb.o)
                0x000065d6                memb_alloc
 .text.memb_free
                0x00006614       0x3a contiki-z1.a(memb.o)
                0x00006614                memb_free
 .text.memb_inmemb
                0x0000664e       0x2a contiki-z1.a(memb.o)
                0x0000664e                memb_inmemb
 .text          0x00006678        0x0 contiki-z1.a(timer.o)
 .text.timer_set
                0x00006678       0x1c contiki-z1.a(timer.o)
                0x00006678                timer_set
 .text.timer_reset
                0x00006694        0xe contiki-z1.a(timer.o)
                0x00006694                timer_reset
 .text.timer_restart
                0x000066a2       0x14 contiki-z1.a(timer.o)
                0x000066a2                timer_restart
 .text.timer_expired
                0x000066b6       0x2a contiki-z1.a(timer.o)
                0x000066b6                timer_expired
 .text.timer_remaining
                0x000066e0       0x24 contiki-z1.a(timer.o)
                0x000066e0                timer_remaining
 .text          0x00006704        0x0 contiki-z1.a(list.o)
 .text.list_init
                0x00006704        0x6 contiki-z1.a(list.o)
                0x00006704                list_init
 .text.list_head
                0x0000670a        0x4 contiki-z1.a(list.o)
                0x0000670a                list_head
 .text.list_copy
                0x0000670e        0x6 contiki-z1.a(list.o)
                0x0000670e                list_copy
 .text.list_tail
                0x00006714       0x12 contiki-z1.a(list.o)
                0x00006714                list_tail
 .text.list_chop
                0x00006726       0x1a contiki-z1.a(list.o)
                0x00006726                list_chop
 .text.list_pop
                0x00006740        0xe contiki-z1.a(list.o)
                0x00006740                list_pop
 .text.list_remove
                0x0000674e       0x34 contiki-z1.a(list.o)
                0x0000674e                list_remove
 .text.list_push
                0x00006782       0x16 contiki-z1.a(list.o)
                0x00006782                list_push
 .text.list_add
                0x00006798       0x26 contiki-z1.a(list.o)
                0x00006798                list_add
 .text.list_length
                0x000067be       0x10 contiki-z1.a(list.o)
                0x000067be                list_length
 .text.list_insert
                0x000067ce       0x16 contiki-z1.a(list.o)
                0x000067ce                list_insert
 .text.list_item_next
                0x000067e4        0xc contiki-z1.a(list.o)
                0x000067e4                list_item_next
 .text          0x000067f0        0x0 contiki-z1.a(etimer.o)
 .text.update_time
                0x000067f0       0x70 contiki-z1.a(etimer.o)
 .text.etimer_request_poll
                0x00006860        0xa contiki-z1.a(etimer.o)
                0x00006860                etimer_request_poll
 .text.process_thread_etimer_process
                0x0000686a       0xc4 contiki-z1.a(etimer.o)
 .text.add_timer
                0x0000692e       0x40 contiki-z1.a(etimer.o)
 .text.etimer_set
                0x0000696e       0x12 contiki-z1.a(etimer.o)
                0x0000696e                etimer_set
 .text.etimer_reset
                0x00006980       0x12 contiki-z1.a(etimer.o)
                0x00006980                etimer_reset
 .text.etimer_restart
                0x00006992       0x12 contiki-z1.a(etimer.o)
                0x00006992                etimer_restart
 .text.etimer_adjust
                0x000069a4       0x1a contiki-z1.a(etimer.o)
                0x000069a4                etimer_adjust
 .text.etimer_expired
                0x000069be        0xe contiki-z1.a(etimer.o)
                0x000069be                etimer_expired
 .text.etimer_expiration_time
                0x000069cc       0x14 contiki-z1.a(etimer.o)
                0x000069cc                etimer_expiration_time
 .text.etimer_start_time
                0x000069e0        0x8 contiki-z1.a(etimer.o)
                0x000069e0                etimer_start_time
 .text.etimer_pending
                0x000069e8        0xc contiki-z1.a(etimer.o)
                0x000069e8                etimer_pending
 .text.etimer_next_expiration_time
                0x000069f4       0x16 contiki-z1.a(etimer.o)
                0x000069f4                etimer_next_expiration_time
 .text.etimer_stop
                0x00006a0a       0x3e contiki-z1.a(etimer.o)
                0x00006a0a                etimer_stop
 .text          0x00006a48        0x0 contiki-z1.a(ctimer.o)
 .text.process_thread_ctimer_process
                0x00006a48       0xa0 contiki-z1.a(ctimer.o)
 .text.ctimer_init
                0x00006ae8       0x18 contiki-z1.a(ctimer.o)
                0x00006ae8                ctimer_init
 .text.ctimer_set
                0x00006b00       0x52 contiki-z1.a(ctimer.o)
                0x00006b00                ctimer_set
 .text.ctimer_reset
                0x00006b52       0x36 contiki-z1.a(ctimer.o)
                0x00006b52                ctimer_reset
 .text.ctimer_restart
                0x00006b88       0x36 contiki-z1.a(ctimer.o)
                0x00006b88                ctimer_restart
 .text.ctimer_stop
                0x00006bbe       0x28 contiki-z1.a(ctimer.o)
                0x00006bbe                ctimer_stop
 .text.ctimer_expired
                0x00006be6       0x30 contiki-z1.a(ctimer.o)
                0x00006be6                ctimer_expired
 .text          0x00006c16        0x0 contiki-z1.a(energest.o)
 .text.energest_init
                0x00006c16       0x24 contiki-z1.a(energest.o)
                0x00006c16                energest_init
 .text.energest_type_time
                0x00006c3a       0x3c contiki-z1.a(energest.o)
                0x00006c3a                energest_type_time
 .text.energest_leveldevice_leveltime
                0x00006c76        0x6 contiki-z1.a(energest.o)
                0x00006c76                energest_leveldevice_leveltime
 .text.energest_type_set
                0x00006c7c        0xc contiki-z1.a(energest.o)
                0x00006c7c                energest_type_set
 .text.energest_flush
                0x00006c88       0x38 contiki-z1.a(energest.o)
                0x00006c88                energest_flush
 .text          0x00006cc0        0x0 contiki-z1.a(rtimer.o)
 .text.rtimer_init
                0x00006cc0        0x6 contiki-z1.a(rtimer.o)
                0x00006cc0                rtimer_init
 .text.rtimer_set
                0x00006cc6       0x24 contiki-z1.a(rtimer.o)
                0x00006cc6                rtimer_set
 .text.rtimer_run_next
                0x00006cea       0x26 contiki-z1.a(rtimer.o)
                0x00006cea                rtimer_run_next
 .text          0x00006d10        0x0 contiki-z1.a(stimer.o)
 .text.stimer_set
                0x00006d10       0x1c contiki-z1.a(stimer.o)
                0x00006d10                stimer_set
 .text.stimer_reset
                0x00006d2c        0xe contiki-z1.a(stimer.o)
                0x00006d2c                stimer_reset
 .text.stimer_restart
                0x00006d3a       0x14 contiki-z1.a(stimer.o)
                0x00006d3a                stimer_restart
 .text.stimer_expired
                0x00006d4e       0x30 contiki-z1.a(stimer.o)
                0x00006d4e                stimer_expired
 .text.stimer_remaining
                0x00006d7e       0x24 contiki-z1.a(stimer.o)
                0x00006d7e                stimer_remaining
 .text.stimer_elapsed
                0x00006da2       0x12 contiki-z1.a(stimer.o)
                0x00006da2                stimer_elapsed
 .text          0x00006db4        0x0 contiki-z1.a(random.o)
 .text.random_init
                0x00006db4        0x6 contiki-z1.a(random.o)
                0x00006db4                random_init
 .text.random_rand
                0x00006dba        0x6 contiki-z1.a(random.o)
                0x00006dba                random_rand
 .text          0x00006dc0        0x0 contiki-z1.a(nbr-table.o)
 .text.item_from_index
                0x00006dc0       0x2a contiki-z1.a(nbr-table.o)
 .text.index_from_key
                0x00006dea       0x26 contiki-z1.a(nbr-table.o)
 .text.index_from_item
                0x00006e10       0x1e contiki-z1.a(nbr-table.o)
 .text.nbr_set_bit
                0x00006e2e       0x50 contiki-z1.a(nbr-table.o)
 .text.index_from_lladdr
                0x00006e7e       0x3e contiki-z1.a(nbr-table.o)
 .text.nbr_get_bit.constprop.0
                0x00006ebc       0x2c contiki-z1.a(nbr-table.o)
 .text.nbr_table_register
                0x00006ee8       0x26 contiki-z1.a(nbr-table.o)
                0x00006ee8                nbr_table_register
 .text.nbr_table_next
                0x00006f0e       0x4c contiki-z1.a(nbr-table.o)
                0x00006f0e                nbr_table_next
 .text.nbr_table_head
                0x00006f5a       0x36 contiki-z1.a(nbr-table.o)
                0x00006f5a                nbr_table_head
 .text.nbr_table_add_lladdr
                0x00006f90      0x110 contiki-z1.a(nbr-table.o)
                0x00006f90                nbr_table_add_lladdr
 .text.nbr_table_get_from_lladdr
                0x000070a0       0x28 contiki-z1.a(nbr-table.o)
                0x000070a0                nbr_table_get_from_lladdr
 .text.nbr_table_remove
                0x000070c8       0x2a contiki-z1.a(nbr-table.o)
                0x000070c8                nbr_table_remove
 .text.nbr_table_lock
                0x000070f2       0x10 contiki-z1.a(nbr-table.o)
                0x000070f2                nbr_table_lock
 .text.nbr_table_unlock
                0x00007102       0x10 contiki-z1.a(nbr-table.o)
                0x00007102                nbr_table_unlock
 .text.nbr_table_get_lladdr
                0x00007112       0x20 contiki-z1.a(nbr-table.o)
                0x00007112                nbr_table_get_lladdr
 .text          0x00007132        0x0 contiki-z1.a(packetbuf.o)
 .text.packetbuf_clear_hdr
                0x00007132        0x8 contiki-z1.a(packetbuf.o)
                0x00007132                packetbuf_clear_hdr
 .text.packetbuf_copyto_hdr
                0x0000713a       0x1c contiki-z1.a(packetbuf.o)
                0x0000713a                packetbuf_copyto_hdr
 .text.packetbuf_copyto
                0x00007156       0x46 contiki-z1.a(packetbuf.o)
                0x00007156                packetbuf_copyto
 .text.packetbuf_hdr_remove
                0x0000719c        0x6 contiki-z1.a(packetbuf.o)
                0x0000719c                packetbuf_hdr_remove
 .text.packetbuf_hdrreduce
                0x000071a2       0x1a contiki-z1.a(packetbuf.o)
                0x000071a2                packetbuf_hdrreduce
 .text.packetbuf_set_datalen
                0x000071bc        0x6 contiki-z1.a(packetbuf.o)
                0x000071bc                packetbuf_set_datalen
 .text.packetbuf_dataptr
                0x000071c2        0xe contiki-z1.a(packetbuf.o)
                0x000071c2                packetbuf_dataptr
 .text.packetbuf_hdrptr
                0x000071d0        0xa contiki-z1.a(packetbuf.o)
                0x000071d0                packetbuf_hdrptr
 .text.packetbuf_is_reference
                0x000071da        0xe contiki-z1.a(packetbuf.o)
                0x000071da                packetbuf_is_reference
 .text.packetbuf_compact
                0x000071e8       0x48 contiki-z1.a(packetbuf.o)
                0x000071e8                packetbuf_compact
 .text.packetbuf_reference_ptr
                0x00007230        0x6 contiki-z1.a(packetbuf.o)
                0x00007230                packetbuf_reference_ptr
 .text.packetbuf_datalen
                0x00007236        0x6 contiki-z1.a(packetbuf.o)
                0x00007236                packetbuf_datalen
 .text.packetbuf_hdrlen
                0x0000723c        0xa contiki-z1.a(packetbuf.o)
                0x0000723c                packetbuf_hdrlen
 .text.packetbuf_totlen
                0x00007246       0x10 contiki-z1.a(packetbuf.o)
                0x00007246                packetbuf_totlen
 .text.packetbuf_hdralloc
                0x00007256       0x2a contiki-z1.a(packetbuf.o)
                0x00007256                packetbuf_hdralloc
 .text.packetbuf_attr_clear
                0x00007280       0x2c contiki-z1.a(packetbuf.o)
                0x00007280                packetbuf_attr_clear
 .text.packetbuf_clear
                0x000072ac       0x1a contiki-z1.a(packetbuf.o)
                0x000072ac                packetbuf_clear
 .text.packetbuf_reference
                0x000072c6       0x16 contiki-z1.a(packetbuf.o)
                0x000072c6                packetbuf_reference
 .text.packetbuf_copyfrom
                0x000072dc       0x2a contiki-z1.a(packetbuf.o)
                0x000072dc                packetbuf_copyfrom
 .text.packetbuf_attr_copyto
                0x00007306       0x22 contiki-z1.a(packetbuf.o)
                0x00007306                packetbuf_attr_copyto
 .text.packetbuf_attr_copyfrom
                0x00007328       0x24 contiki-z1.a(packetbuf.o)
                0x00007328                packetbuf_attr_copyfrom
 .text          0x0000734c        0x0 contiki-z1.a(queuebuf.o)
 .text.queuebuf_init
                0x0000734c       0x1a contiki-z1.a(queuebuf.o)
                0x0000734c                queuebuf_init
 .text.queuebuf_new_from_packetbuf
                0x00007366       0x7a contiki-z1.a(queuebuf.o)
                0x00007366                queuebuf_new_from_packetbuf
 .text.queuebuf_update_attr_from_packetbuf
                0x000073e0       0x12 contiki-z1.a(queuebuf.o)
                0x000073e0                queuebuf_update_attr_from_packetbuf
 .text.queuebuf_free
                0x000073f2       0x40 contiki-z1.a(queuebuf.o)
                0x000073f2                queuebuf_free
 .text.queuebuf_to_packetbuf
                0x00007432       0x6a contiki-z1.a(queuebuf.o)
                0x00007432                queuebuf_to_packetbuf
 .text.queuebuf_dataptr
                0x0000749c       0x32 contiki-z1.a(queuebuf.o)
                0x0000749c                queuebuf_dataptr
 .text.queuebuf_datalen
                0x000074ce        0x6 contiki-z1.a(queuebuf.o)
                0x000074ce                queuebuf_datalen
 .text.queuebuf_addr
                0x000074d4        0xe contiki-z1.a(queuebuf.o)
                0x000074d4                queuebuf_addr
 .text.queuebuf_attr
                0x000074e2        0xe contiki-z1.a(queuebuf.o)
                0x000074e2                queuebuf_attr
 .text.queuebuf_debug_print
                0x000074f0        0x2 contiki-z1.a(queuebuf.o)
                0x000074f0                queuebuf_debug_print
 .text          0x000074f2        0x0 contiki-z1.a(sicslowpan.o)
 .text.set_packet_attrs
                0x000074f2       0x46 contiki-z1.a(sicslowpan.o)
 .text.addr_context_lookup_by_number
                0x00007538       0x30 contiki-z1.a(sicslowpan.o)
 .text.compress_addr_64
                0x00007568       0x9a contiki-z1.a(sicslowpan.o)
 .text.uncompress_addr
                0x00007602       0x96 contiki-z1.a(sicslowpan.o)
 .text.input    0x00007698      0x5b8 contiki-z1.a(sicslowpan.o)
 .text.sicslowpan_init
                0x00007c50       0x26 contiki-z1.a(sicslowpan.o)
                0x00007c50                sicslowpan_init
 .text.addr_context_lookup_by_prefix
                0x00007c76       0x4a contiki-z1.a(sicslowpan.o)
 .text.packet_sent
                0x00007cc0       0x22 contiki-z1.a(sicslowpan.o)
 .text.send_packet
                0x00007ce2       0x1a contiki-z1.a(sicslowpan.o)
 .text.output   0x00007cfc      0x6a6 contiki-z1.a(sicslowpan.o)
 .text.rime_sniffer_add
                0x000083a2        0x6 contiki-z1.a(sicslowpan.o)
                0x000083a2                rime_sniffer_add
 .text.rime_sniffer_remove
                0x000083a8        0x6 contiki-z1.a(sicslowpan.o)
                0x000083a8                rime_sniffer_remove
 .text          0x000083ae        0x0 contiki-z1.a(simple-udp.o)
 .text.process_thread_simple_udp_process
                0x000083ae       0x9e contiki-z1.a(simple-udp.o)
 .text.simple_udp_send
                0x0000844c       0x2a contiki-z1.a(simple-udp.o)
                0x0000844c                simple_udp_send
 .text.simple_udp_sendto
                0x00008476       0x28 contiki-z1.a(simple-udp.o)
                0x00008476                simple_udp_sendto
 .text.simple_udp_sendto_port
                0x0000849e       0x26 contiki-z1.a(simple-udp.o)
                0x0000849e                simple_udp_sendto_port
 .text.simple_udp_register
                0x000084c4       0x82 contiki-z1.a(simple-udp.o)
                0x000084c4                simple_udp_register
 .text          0x00008546        0x0 contiki-z1.a(tcpip.o)
 .text.start_periodic_tcp_timer
                0x00008546       0x16 contiki-z1.a(tcpip.o)
 .text.tcpip_output
                0x0000855c       0x10 contiki-z1.a(tcpip.o)
                0x0000855c                tcpip_output
 .text.tcpip_set_outputfunc
                0x0000856c        0x6 contiki-z1.a(tcpip.o)
                0x0000856c                tcpip_set_outputfunc
 .text.tcp_unlisten
                0x00008572       0x32 contiki-z1.a(tcpip.o)
                0x00008572                tcp_unlisten
 .text.tcp_listen
                0x000085a4       0x3a contiki-z1.a(tcpip.o)
                0x000085a4                tcp_listen
 .text.tcp_attach
                0x000085de        0xc contiki-z1.a(tcpip.o)
                0x000085de                tcp_attach
 .text.udp_attach
                0x000085ea        0xc contiki-z1.a(tcpip.o)
                0x000085ea                udp_attach
 .text.udp_new  0x000085f6       0x1a contiki-z1.a(tcpip.o)
                0x000085f6                udp_new
 .text.udp_broadcast_new
                0x00008610       0x46 contiki-z1.a(tcpip.o)
                0x00008610                udp_broadcast_new
 .text.tcpip_input
                0x00008656       0x16 contiki-z1.a(tcpip.o)
                0x00008656                tcpip_input
 .text.tcpip_ipv6_output
                0x0000866c      0x14e contiki-z1.a(tcpip.o)
                0x0000866c                tcpip_ipv6_output
 .text.process_thread_tcpip_process
                0x000087ba      0x1ba contiki-z1.a(tcpip.o)
 .text.tcpip_poll_udp
                0x00008974        0xe contiki-z1.a(tcpip.o)
                0x00008974                tcpip_poll_udp
 .text.tcpip_poll_tcp
                0x00008982        0xe contiki-z1.a(tcpip.o)
                0x00008982                tcpip_poll_tcp
 .text.tcp_connect
                0x00008990       0x22 contiki-z1.a(tcpip.o)
                0x00008990                tcp_connect
 .text.tcpip_uipcall
                0x000089b2       0x70 contiki-z1.a(tcpip.o)
                0x000089b2                tcpip_uipcall
 .text          0x00008a22        0x0 contiki-z1.a(uip-debug.o)
 .text.uip_debug_ipaddr_print
                0x00008a22       0x72 contiki-z1.a(uip-debug.o)
                0x00008a22                uip_debug_ipaddr_print
 .text.uip_debug_lladdr_print
                0x00008a94       0x2c contiki-z1.a(uip-debug.o)
                0x00008a94                uip_debug_lladdr_print
 .text          0x00008ac0        0x0 contiki-z1.a(uip-ds6-route.o)
 .text.call_route_callback
                0x00008ac0       0x40 contiki-z1.a(uip-ds6-route.o)
 .text.uip_ds6_notification_add
                0x00008b00       0x18 contiki-z1.a(uip-ds6-route.o)
                0x00008b00                uip_ds6_notification_add
 .text.uip_ds6_notification_rm
                0x00008b18        0xc contiki-z1.a(uip-ds6-route.o)
                0x00008b18                uip_ds6_notification_rm
 .text.uip_ds6_route_init
                0x00008b24       0x2e contiki-z1.a(uip-ds6-route.o)
                0x00008b24                uip_ds6_route_init
 .text.uip_ds6_route_nexthop
                0x00008b52       0x1a contiki-z1.a(uip-ds6-route.o)
                0x00008b52                uip_ds6_route_nexthop
 .text.uip_ds6_route_head
                0x00008b6c       0x28 contiki-z1.a(uip-ds6-route.o)
                0x00008b6c                uip_ds6_route_head
 .text.uip_ds6_route_next
                0x00008b94       0x30 contiki-z1.a(uip-ds6-route.o)
                0x00008b94                uip_ds6_route_next
 .text.uip_ds6_route_num_routes
                0x00008bc4        0x6 contiki-z1.a(uip-ds6-route.o)
                0x00008bc4                uip_ds6_route_num_routes
 .text.uip_ds6_route_lookup
                0x00008bca       0x40 contiki-z1.a(uip-ds6-route.o)
                0x00008bca                uip_ds6_route_lookup
 .text.uip_ds6_route_add
                0x00008c0a       0xa0 contiki-z1.a(uip-ds6-route.o)
                0x00008c0a                uip_ds6_route_add
 .text.uip_ds6_route_rm
                0x00008caa       0x60 contiki-z1.a(uip-ds6-route.o)
                0x00008caa                uip_ds6_route_rm
 .text.rm_routelist
                0x00008d0a       0x30 contiki-z1.a(uip-ds6-route.o)
 .text.rm_routelist_callback
                0x00008d3a        0x6 contiki-z1.a(uip-ds6-route.o)
 .text.uip_ds6_route_rm_by_nexthop
                0x00008d40       0x14 contiki-z1.a(uip-ds6-route.o)
                0x00008d40                uip_ds6_route_rm_by_nexthop
 .text.uip_ds6_defrt_rm
                0x00008d54       0x44 contiki-z1.a(uip-ds6-route.o)
                0x00008d54                uip_ds6_defrt_rm
 .text.uip_ds6_defrt_lookup
                0x00008d98       0x32 contiki-z1.a(uip-ds6-route.o)
                0x00008d98                uip_ds6_defrt_lookup
 .text.uip_ds6_defrt_add
                0x00008dca       0x68 contiki-z1.a(uip-ds6-route.o)
                0x00008dca                uip_ds6_defrt_add
 .text.uip_ds6_defrt_choose
                0x00008e32       0x36 contiki-z1.a(uip-ds6-route.o)
                0x00008e32                uip_ds6_defrt_choose
 .text.uip_ds6_defrt_periodic
                0x00008e68       0x38 contiki-z1.a(uip-ds6-route.o)
                0x00008e68                uip_ds6_defrt_periodic
 .text          0x00008ea0        0x0 contiki-z1.a(uip-ds6-nbr.o)
 .text.uip_ds6_nbr_rm
                0x00008ea0       0x1a contiki-z1.a(uip-ds6-nbr.o)
                0x00008ea0                uip_ds6_nbr_rm
 .text.uip_ds6_neighbors_init
                0x00008eba        0xe contiki-z1.a(uip-ds6-nbr.o)
                0x00008eba                uip_ds6_neighbors_init
 .text.uip_ds6_nbr_add
                0x00008ec8       0x54 contiki-z1.a(uip-ds6-nbr.o)
                0x00008ec8                uip_ds6_nbr_add
 .text.uip_ds6_nbr_get_ipaddr
                0x00008f1c        0x2 contiki-z1.a(uip-ds6-nbr.o)
                0x00008f1c                uip_ds6_nbr_get_ipaddr
 .text.uip_ds6_nbr_get_ll
                0x00008f1e        0xc contiki-z1.a(uip-ds6-nbr.o)
                0x00008f1e                uip_ds6_nbr_get_ll
 .text.uip_ds6_nbr_num
                0x00008f2a       0x24 contiki-z1.a(uip-ds6-nbr.o)
                0x00008f2a                uip_ds6_nbr_num
 .text.uip_ds6_nbr_lookup
                0x00008f4e       0x3e contiki-z1.a(uip-ds6-nbr.o)
                0x00008f4e                uip_ds6_nbr_lookup
 .text.uip_ds6_nbr_ll_lookup
                0x00008f8c        0xc contiki-z1.a(uip-ds6-nbr.o)
                0x00008f8c                uip_ds6_nbr_ll_lookup
 .text.uip_ds6_nbr_ipaddr_from_lladdr
                0x00008f98        0x6 contiki-z1.a(uip-ds6-nbr.o)
                0x00008f98                uip_ds6_nbr_ipaddr_from_lladdr
 .text.uip_ds6_nbr_lladdr_from_ipaddr
                0x00008f9e       0x12 contiki-z1.a(uip-ds6-nbr.o)
                0x00008f9e                uip_ds6_nbr_lladdr_from_ipaddr
 .text.uip_ds6_link_neighbor_callback
                0x00008fb0       0x26 contiki-z1.a(uip-ds6-nbr.o)
                0x00008fb0                uip_ds6_link_neighbor_callback
 .text.uip_ds6_neighbor_periodic
                0x00008fd6       0xfa contiki-z1.a(uip-ds6-nbr.o)
                0x00008fd6                uip_ds6_neighbor_periodic
 .text.uip_ds6_get_least_lifetime_neighbor
                0x000090d0       0x4e contiki-z1.a(uip-ds6-nbr.o)
                0x000090d0                uip_ds6_get_least_lifetime_neighbor
 .text          0x0000911e        0x0 contiki-z1.a(uip-ds6.o)
 .text.uip_ds6_list_loop
                0x0000911e       0x66 contiki-z1.a(uip-ds6.o)
                0x0000911e                uip_ds6_list_loop
 .text.uip_ds6_prefix_add
                0x00009184       0x70 contiki-z1.a(uip-ds6.o)
                0x00009184                uip_ds6_prefix_add
 .text.uip_ds6_prefix_rm
                0x000091f4        0xa contiki-z1.a(uip-ds6.o)
                0x000091f4                uip_ds6_prefix_rm
 .text.uip_ds6_prefix_lookup
                0x000091fe       0x28 contiki-z1.a(uip-ds6.o)
                0x000091fe                uip_ds6_prefix_lookup
 .text.uip_ds6_is_addr_onlink
                0x00009226       0x42 contiki-z1.a(uip-ds6.o)
                0x00009226                uip_ds6_is_addr_onlink
 .text.uip_ds6_addr_lookup
                0x00009268       0x2a contiki-z1.a(uip-ds6.o)
                0x00009268                uip_ds6_addr_lookup
 .text.uip_ds6_get_link_local
                0x00009292       0x3e contiki-z1.a(uip-ds6.o)
                0x00009292                uip_ds6_get_link_local
 .text.uip_ds6_get_global
                0x000092d0       0x3e contiki-z1.a(uip-ds6.o)
                0x000092d0                uip_ds6_get_global
 .text.uip_ds6_maddr_add
                0x0000930e       0x48 contiki-z1.a(uip-ds6.o)
                0x0000930e                uip_ds6_maddr_add
 .text.uip_ds6_addr_add
                0x00009356       0xb4 contiki-z1.a(uip-ds6.o)
                0x00009356                uip_ds6_addr_add
 .text.uip_ds6_maddr_rm
                0x0000940a        0xa contiki-z1.a(uip-ds6.o)
                0x0000940a                uip_ds6_maddr_rm
 .text.uip_ds6_maddr_lookup
                0x00009414       0x2a contiki-z1.a(uip-ds6.o)
                0x00009414                uip_ds6_maddr_lookup
 .text.uip_ds6_addr_rm
                0x0000943e       0x54 contiki-z1.a(uip-ds6.o)
                0x0000943e                uip_ds6_addr_rm
 .text.uip_ds6_periodic
                0x00009492       0x4a contiki-z1.a(uip-ds6.o)
                0x00009492                uip_ds6_periodic
 .text.uip_ds6_aaddr_add
                0x000094dc       0x46 contiki-z1.a(uip-ds6.o)
                0x000094dc                uip_ds6_aaddr_add
 .text.uip_ds6_aaddr_rm
                0x00009522        0xa contiki-z1.a(uip-ds6.o)
                0x00009522                uip_ds6_aaddr_rm
 .text.uip_ds6_aaddr_lookup
                0x0000952c       0x28 contiki-z1.a(uip-ds6.o)
                0x0000952c                uip_ds6_aaddr_lookup
 .text.uip_ds6_set_addr_iid
                0x00009554       0x14 contiki-z1.a(uip-ds6.o)
                0x00009554                uip_ds6_set_addr_iid
 .text.get_match_length
                0x00009568       0x3c contiki-z1.a(uip-ds6.o)
                0x00009568                get_match_length
 .text.uip_ds6_select_src
                0x000095a4       0x9a contiki-z1.a(uip-ds6.o)
                0x000095a4                uip_ds6_select_src
 .text.uip_ds6_compute_reachable_time
                0x0000963e       0x36 contiki-z1.a(uip-ds6.o)
                0x0000963e                uip_ds6_compute_reachable_time
 .text.uip_ds6_init
                0x00009674      0x138 contiki-z1.a(uip-ds6.o)
                0x00009674                uip_ds6_init
 .text          0x000097ac        0x0 contiki-z1.a(uip-icmp6.o)
 .text.uip_icmp6_echo_request_input
                0x000097ac      0x128 contiki-z1.a(uip-icmp6.o)
                0x000097ac                uip_icmp6_echo_request_input
 .text.uip_icmp6_error_output
                0x000098d4      0x16c contiki-z1.a(uip-icmp6.o)
                0x000098d4                uip_icmp6_error_output
 .text.uip_icmp6_send
                0x00009a40       0x84 contiki-z1.a(uip-icmp6.o)
                0x00009a40                uip_icmp6_send
 .text          0x00009ac4        0x0 contiki-z1.a(uip-nd6.o)
 .text.uip_nd6_ns_input
                0x00009ac4      0x246 contiki-z1.a(uip-nd6.o)
                0x00009ac4                uip_nd6_ns_input
 .text.uip_nd6_ns_output
                0x00009d0a      0x176 contiki-z1.a(uip-nd6.o)
                0x00009d0a                uip_nd6_ns_output
 .text.uip_nd6_na_input
                0x00009e80      0x1a0 contiki-z1.a(uip-nd6.o)
                0x00009e80                uip_nd6_na_input
 .text          0x0000a020        0x0 contiki-z1.a(uip-udp-packet.)
 .text.uip_udp_packet_send
                0x0000a020       0x2e contiki-z1.a(uip-udp-packet.)
                0x0000a020                uip_udp_packet_send
 .text.uip_udp_packet_sendto
                0x0000a04e       0x56 contiki-z1.a(uip-udp-packet.)
                0x0000a04e                uip_udp_packet_sendto
 .text          0x0000a0a4        0x0 contiki-z1.a(uip6.o)
 .text.chksum   0x0000a0a4       0x32 contiki-z1.a(uip6.o)
 .text.upper_layer_chksum
                0x0000a0d6       0x56 contiki-z1.a(uip6.o)
 .text.ext_hdr_options_process
                0x0000a12c       0xc2 contiki-z1.a(uip6.o)
 .text.uip_add32
                0x0000a1ee       0x60 contiki-z1.a(uip6.o)
                0x0000a1ee                uip_add32
 .text.uip_add_rcv_nxt
                0x0000a24e       0x2e contiki-z1.a(uip6.o)
 .text.uip_chksum
                0x0000a27c       0x18 contiki-z1.a(uip6.o)
                0x0000a27c                uip_chksum
 .text.uip_icmp6chksum
                0x0000a294        0xa contiki-z1.a(uip6.o)
                0x0000a294                uip_icmp6chksum
 .text.uip_tcpchksum
                0x0000a29e        0xa contiki-z1.a(uip6.o)
                0x0000a29e                uip_tcpchksum
 .text.uip_udpchksum
                0x0000a2a8        0xa contiki-z1.a(uip6.o)
                0x0000a2a8                uip_udpchksum
 .text.uip_init
                0x0000a2b2       0x5a contiki-z1.a(uip6.o)
                0x0000a2b2                uip_init
 .text.uip_connect
                0x0000a30c      0x11a contiki-z1.a(uip6.o)
                0x0000a30c                uip_connect
 .text.remove_ext_hdr
                0x0000a426       0x54 contiki-z1.a(uip6.o)
                0x0000a426                remove_ext_hdr
 .text.uip_udp_new
                0x0000a47a       0xb8 contiki-z1.a(uip6.o)
                0x0000a47a                uip_udp_new
 .text.uip_unlisten
                0x0000a532       0x2a contiki-z1.a(uip6.o)
                0x0000a532                uip_unlisten
 .text.uip_listen
                0x0000a55c       0x2c contiki-z1.a(uip6.o)
                0x0000a55c                uip_listen
 .text.uip_process
                0x0000a588      0xe18 contiki-z1.a(uip6.o)
                0x0000a588                uip_process
 .text.uip_htons
                0x0000b3a0        0xc contiki-z1.a(uip6.o)
                0x0000b3a0                uip_htons
 .text.uip_htonl
                0x0000b3ac       0x2a contiki-z1.a(uip6.o)
                0x0000b3ac                uip_htonl
 .text.uip_send
                0x0000b3d6       0x2c contiki-z1.a(uip6.o)
                0x0000b3d6                uip_send
 .text          0x0000b402        0x0 contiki-z1.a(servreg-hack.o)
 .text.purge_registrations
                0x0000b402       0x7a contiki-z1.a(servreg-hack.o)
 .text.servreg_hack_init
                0x0000b47c       0x2e contiki-z1.a(servreg-hack.o)
                0x0000b47c                servreg_hack_init
 .text.servreg_hack_register
                0x0000b4aa       0x92 contiki-z1.a(servreg-hack.o)
                0x0000b4aa                servreg_hack_register
 .text.servreg_hack_list_head
                0x0000b53c        0xe contiki-z1.a(servreg-hack.o)
                0x0000b53c                servreg_hack_list_head
 .text.process_thread_servreg_hack_process
                0x0000b54a      0x216 contiki-z1.a(servreg-hack.o)
 .text.servreg_hack_item_id
                0x0000b760        0x6 contiki-z1.a(servreg-hack.o)
                0x0000b760                servreg_hack_item_id
 .text.servreg_hack_item_address
                0x0000b766        0x6 contiki-z1.a(servreg-hack.o)
                0x0000b766                servreg_hack_item_address
 .text.servreg_hack_lookup
                0x0000b76c       0x2a contiki-z1.a(servreg-hack.o)
                0x0000b76c                servreg_hack_lookup
 .text          0x0000b796        0x0 contiki-z1.a(contiki-z1-plat)
 .text.init_platform
                0x0000b796        0xc contiki-z1.a(contiki-z1-plat)
                0x0000b796                init_platform
 .text          0x0000b7a2        0x0 contiki-z1.a(msp430.o)
 .text.msp430_init_dco
                0x0000b7a2       0x28 contiki-z1.a(msp430.o)
                0x0000b7a2                msp430_init_dco
 .text.msp430_quick_synch_dco
                0x0000b7ca       0x7c contiki-z1.a(msp430.o)
                0x0000b7ca                msp430_quick_synch_dco
 .text.msp430_cpu_init
                0x0000b846       0x26 contiki-z1.a(msp430.o)
                0x0000b846                msp430_cpu_init
 .text.splhigh_
                0x0000b86c        0x8 contiki-z1.a(msp430.o)
                0x0000b86c                splhigh_
 .text          0x0000b874        0x0 contiki-z1.a(leds.o)
 .text.show_leds
                0x0000b874       0xf8 contiki-z1.a(leds.o)
 .text.leds_init
                0x0000b96c        0xe contiki-z1.a(leds.o)
                0x0000b96c                leds_init
 .text.leds_get
                0x0000b97a        0x6 contiki-z1.a(leds.o)
                0x0000b97a                leds_get
 .text.leds_on  0x0000b980       0x14 contiki-z1.a(leds.o)
                0x0000b980                leds_on
 .text.leds_off
                0x0000b994       0x14 contiki-z1.a(leds.o)
                0x0000b994                leds_off
 .text.leds_invert
                0x0000b9a8        0xa contiki-z1.a(leds.o)
                0x0000b9a8                leds_invert
 .text.leds_toggle
                0x0000b9b2        0x6 contiki-z1.a(leds.o)
                0x0000b9b2                leds_toggle
 .text.leds_blink
                0x0000b9b8       0x24 contiki-z1.a(leds.o)
                0x0000b9b8                leds_blink
 .text          0x0000b9dc        0x0 contiki-z1.a(watchdog.o)
 .text.watchdog_start
                0x0000b9dc       0x14 contiki-z1.a(watchdog.o)
                0x0000b9dc                watchdog_start
 .text.watchdog_periodic
                0x0000b9f0       0x12 contiki-z1.a(watchdog.o)
                0x0000b9f0                watchdog_periodic
 .text.watchdog_stop
                0x0000ba02       0x16 contiki-z1.a(watchdog.o)
                0x0000ba02                watchdog_stop
 .text.watchdog_init
                0x0000ba18       0x12 contiki-z1.a(watchdog.o)
                0x0000ba18                watchdog_init
 .text.watchdog_reboot
                0x0000ba2a        0x6 contiki-z1.a(watchdog.o)
                0x0000ba2a                watchdog_reboot
 .text          0x0000ba30        0x0 contiki-z1.a(xmem.o)
 .text.write_enable
                0x0000ba30       0x26 contiki-z1.a(xmem.o)
 .text.wait_ready
                0x0000ba56       0x46 contiki-z1.a(xmem.o)
 .text.xmem_init
                0x0000ba9c       0x1e contiki-z1.a(xmem.o)
                0x0000ba9c                xmem_init
 .text.xmem_pread
                0x0000baba       0xc2 contiki-z1.a(xmem.o)
                0x0000baba                xmem_pread
 .text.xmem_pwrite
                0x0000bb7c      0x114 contiki-z1.a(xmem.o)
                0x0000bb7c                xmem_pwrite
 .text.xmem_erase
                0x0000bc90       0xaa contiki-z1.a(xmem.o)
                0x0000bc90                xmem_erase
 .text          0x0000bd3a        0x0 contiki-z1.a(spi.o)
 .text.spi_init
                0x0000bd3a       0x32 contiki-z1.a(spi.o)
                0x0000bd3a                spi_init
 .text          0x0000bd6c        0x0 contiki-z1.a(cc2420.o)
 .text.strobe   0x0000bd6c       0x1a contiki-z1.a(cc2420.o)
 .text.status   0x0000bd86       0x20 contiki-z1.a(cc2420.o)
 .text.getreg   0x0000bda6       0x46 contiki-z1.a(cc2420.o)
 .text.setreg   0x0000bdec       0x44 contiki-z1.a(cc2420.o)
 .text.set_txpower
                0x0000be30       0x24 contiki-z1.a(cc2420.o)
 .text.cc2420_receiving_packet
                0x0000be54        0xa contiki-z1.a(cc2420.o)
 .text.pending_packet
                0x0000be5e        0xa contiki-z1.a(cc2420.o)
 .text.on       0x0000be68       0x44 contiki-z1.a(cc2420.o)
 .text.flushrx  0x0000beac       0x64 contiki-z1.a(cc2420.o)
 .text.off      0x0000bf10       0x6e contiki-z1.a(cc2420.o)
 .text.RELEASE_LOCK
                0x0000bf7e       0x28 contiki-z1.a(cc2420.o)
 .text.cc2420_prepare
                0x0000bfa6       0x76 contiki-z1.a(cc2420.o)
 .text.getrxdata
                0x0000c01c       0x4c contiki-z1.a(cc2420.o)
 .text.cc2420_on
                0x0000c068       0x22 contiki-z1.a(cc2420.o)
                0x0000c068                cc2420_on
 .text.cc2420_off
                0x0000c08a       0x30 contiki-z1.a(cc2420.o)
                0x0000c08a                cc2420_off
 .text.cc2420_cca
                0x0000c0ba       0x6e contiki-z1.a(cc2420.o)
 .text.cc2420_read
                0x0000c128       0xce contiki-z1.a(cc2420.o)
 .text.process_thread_cc2420_process
                0x0000c1f6       0x54 contiki-z1.a(cc2420.o)
 .text.cc2420_get_channel
                0x0000c24a        0x6 contiki-z1.a(cc2420.o)
                0x0000c24a                cc2420_get_channel
 .text.cc2420_set_channel
                0x0000c250       0x78 contiki-z1.a(cc2420.o)
                0x0000c250                cc2420_set_channel
 .text.cc2420_set_pan_addr
                0x0000c2c8      0x120 contiki-z1.a(cc2420.o)
                0x0000c2c8                cc2420_set_pan_addr
 .text.cc2420_init
                0x0000c3e8       0xca contiki-z1.a(cc2420.o)
                0x0000c3e8                cc2420_init
 .text.cc2420_interrupt
                0x0000c4b2       0x1e contiki-z1.a(cc2420.o)
                0x0000c4b2                cc2420_interrupt
 .text.cc2420_set_txpower
                0x0000c4d0        0xe contiki-z1.a(cc2420.o)
                0x0000c4d0                cc2420_set_txpower
 .text.cc2420_get_txpower
                0x0000c4de       0x1e contiki-z1.a(cc2420.o)
                0x0000c4de                cc2420_get_txpower
 .text.cc2420_transmit
                0x0000c4fc      0x196 contiki-z1.a(cc2420.o)
 .text.cc2420_send
                0x0000c692       0x12 contiki-z1.a(cc2420.o)
 .text.cc2420_rssi
                0x0000c6a4       0x5e contiki-z1.a(cc2420.o)
                0x0000c6a4                cc2420_rssi
 .text.cc2420_cca_valid
                0x0000c702       0x24 contiki-z1.a(cc2420.o)
                0x0000c702                cc2420_cca_valid
 .text.cc2420_set_cca_threshold
                0x0000c726       0x16 contiki-z1.a(cc2420.o)
                0x0000c726                cc2420_set_cca_threshold
 .text          0x0000c73c        0x0 contiki-z1.a(cc2420-arch.o)
 .text.cc2420_arch_init
                0x0000c73c       0x1a contiki-z1.a(cc2420-arch.o)
                0x0000c73c                cc2420_arch_init
 .text          0x0000c756        0x0 contiki-z1.a(node-id.o)
 .text.node_id_restore
                0x0000c756       0x4c contiki-z1.a(node-id.o)
                0x0000c756                node_id_restore
 .text.node_id_burn
                0x0000c7a2       0x4a contiki-z1.a(node-id.o)
                0x0000c7a2                node_id_burn
 .text          0x0000c7ec        0x0 contiki-z1.a(sensors.o)
 .text.process_thread_sensors_process
                0x0000c7ec       0xc2 contiki-z1.a(sensors.o)
 .text.sensors_first
                0x0000c8ae        0x6 contiki-z1.a(sensors.o)
                0x0000c8ae                sensors_first
 .text.sensors_next
                0x0000c8b4       0x24 contiki-z1.a(sensors.o)
                0x0000c8b4                sensors_next
 .text.sensors_changed
                0x0000c8d8       0x2a contiki-z1.a(sensors.o)
                0x0000c8d8                sensors_changed
 .text.sensors_find
                0x0000c902       0x40 contiki-z1.a(sensors.o)
                0x0000c902                sensors_find
 .text          0x0000c942        0x0 contiki-z1.a(button-sensor.o)
 .text.status   0x0000c942       0x18 contiki-z1.a(button-sensor.o)
 .text.value    0x0000c95a       0x20 contiki-z1.a(button-sensor.o)
 .text.configure
                0x0000c97a       0x4e contiki-z1.a(button-sensor.o)
 .text          0x0000c9c8        0x0 contiki-z1.a(uart0.o)
 .text.uart0_active
                0x0000c9c8        0xe contiki-z1.a(uart0.o)
                0x0000c9c8                uart0_active
 .text.uart0_set_input
                0x0000c9d6        0x6 contiki-z1.a(uart0.o)
                0x0000c9d6                uart0_set_input
 .text.uart0_writeb
                0x0000c9dc       0x16 contiki-z1.a(uart0.o)
                0x0000c9dc                uart0_writeb
 .text.uart0_init
                0x0000c9f2       0x40 contiki-z1.a(uart0.o)
                0x0000c9f2                uart0_init
 .text          0x0000ca32        0x0 contiki-z1.a(uart0-putchar.o)
 .text.putchar  0x0000ca32       0x10 contiki-z1.a(uart0-putchar.o)
                0x0000ca32                putchar
 .text          0x0000ca42        0x0 contiki-z1.a(adxl345.o)
 .text.accm_write_reg
                0x0000ca42       0x2e contiki-z1.a(adxl345.o)
                0x0000ca42                accm_write_reg
 .text.accm_write_stream
                0x0000ca70       0x2a contiki-z1.a(adxl345.o)
                0x0000ca70                accm_write_stream
 .text.accm_read_reg
                0x0000ca9a       0x54 contiki-z1.a(adxl345.o)
                0x0000ca9a                accm_read_reg
 .text.process_thread_accmeter_process
                0x0000caee       0x56 contiki-z1.a(adxl345.o)
 .text.accm_read_stream
                0x0000cb44       0x52 contiki-z1.a(adxl345.o)
                0x0000cb44                accm_read_stream
 .text.accm_read_axis
                0x0000cb96       0x26 contiki-z1.a(adxl345.o)
                0x0000cb96                accm_read_axis
 .text.accm_set_grange
                0x0000cbbc       0x24 contiki-z1.a(adxl345.o)
                0x0000cbbc                accm_set_grange
 .text.accm_init
                0x0000cbe0       0x8a contiki-z1.a(adxl345.o)
                0x0000cbe0                accm_init
 .text.accm_set_irq
                0x0000cc6a       0x2c contiki-z1.a(adxl345.o)
                0x0000cc6a                accm_set_irq
 .text          0x0000cc96        0x0 contiki-z1.a(clock.o)
 .text.clock_time
                0x0000cc96       0x1a contiki-z1.a(clock.o)
                0x0000cc96                clock_time
 .text.clock_set
                0x0000ccb0       0x16 contiki-z1.a(clock.o)
                0x0000ccb0                clock_set
 .text.clock_fine_max
                0x0000ccc6        0x6 contiki-z1.a(clock.o)
                0x0000ccc6                clock_fine_max
 .text.clock_fine
                0x0000cccc        0xc contiki-z1.a(clock.o)
                0x0000cccc                clock_fine
 .text.clock_init
                0x0000ccd8       0x28 contiki-z1.a(clock.o)
                0x0000ccd8                clock_init
 .text.clock_delay
                0x0000cd00        0xc contiki-z1.a(clock.o)
                0x0000cd00                clock_delay
 .text.clock_wait
                0x0000cd0c       0x24 contiki-z1.a(clock.o)
                0x0000cd0c                clock_wait
 .text.clock_set_seconds
                0x0000cd30       0x18 contiki-z1.a(clock.o)
                0x0000cd30                clock_set_seconds
 .text.clock_seconds
                0x0000cd48       0x1a contiki-z1.a(clock.o)
                0x0000cd48                clock_seconds
 .text.clock_counter
                0x0000cd62        0xe contiki-z1.a(clock.o)
                0x0000cd62                clock_counter
 .text          0x0000cd70        0x0 contiki-z1.a(leds-arch.o)
 .text.leds_arch_init
                0x0000cd70        0xe contiki-z1.a(leds-arch.o)
                0x0000cd70                leds_arch_init
 .text.leds_arch_get
                0x0000cd7e       0x2e contiki-z1.a(leds-arch.o)
                0x0000cd7e                leds_arch_get
 .text.leds_arch_set
                0x0000cdac       0x38 contiki-z1.a(leds-arch.o)
                0x0000cdac                leds_arch_set
 .text          0x0000cde4        0x0 contiki-z1.a(rtimer-arch.o)
 .text.rtimer_arch_init
                0x0000cde4        0xe contiki-z1.a(rtimer-arch.o)
                0x0000cde4                rtimer_arch_init
 .text.rtimer_arch_now
                0x0000cdf2        0xe contiki-z1.a(rtimer-arch.o)
                0x0000cdf2                rtimer_arch_now
 .text.rtimer_arch_schedule
                0x0000ce00        0x6 contiki-z1.a(rtimer-arch.o)
                0x0000ce00                rtimer_arch_schedule
 .text          0x0000ce06        0x0 contiki-z1.a(mac.o)
 .text.mac_call_sent_callback
                0x0000ce06       0x14 contiki-z1.a(mac.o)
                0x0000ce06                mac_call_sent_callback
 .text          0x0000ce1a        0x0 contiki-z1.a(framer-802154.o)
 .text.create   0x0000ce1a      0x10a contiki-z1.a(framer-802154.o)
 .text.parse    0x0000cf24       0xac contiki-z1.a(framer-802154.o)
 .text          0x0000cfd0        0x0 contiki-z1.a(rpl.o)
 .text.rpl_purge_routes
                0x0000cfd0       0x96 contiki-z1.a(rpl.o)
                0x0000cfd0                rpl_purge_routes
 .text.rpl_remove_routes
                0x0000d066       0x22 contiki-z1.a(rpl.o)
                0x0000d066                rpl_remove_routes
 .text.rpl_remove_routes_by_nexthop
                0x0000d088       0x3e contiki-z1.a(rpl.o)
                0x0000d088                rpl_remove_routes_by_nexthop
 .text.rpl_add_route
                0x0000d0c6       0x48 contiki-z1.a(rpl.o)
                0x0000d0c6                rpl_add_route
 .text.rpl_link_neighbor_callback
                0x0000d10e       0x66 contiki-z1.a(rpl.o)
                0x0000d10e                rpl_link_neighbor_callback
 .text.rpl_ipv6_neighbor_callback
                0x0000d174       0x1e contiki-z1.a(rpl.o)
                0x0000d174                rpl_ipv6_neighbor_callback
 .text.rpl_init
                0x0000d192       0x40 contiki-z1.a(rpl.o)
                0x0000d192                rpl_init
 .text          0x0000d1d2        0x0 contiki-z1.a(rpl-ext-header.)
 .text.rpl_verify_header
                0x0000d1d2       0xb0 contiki-z1.a(rpl-ext-header.)
                0x0000d1d2                rpl_verify_header
 .text.rpl_update_header_empty
                0x0000d282       0xf0 contiki-z1.a(rpl-ext-header.)
                0x0000d282                rpl_update_header_empty
 .text.rpl_update_header_final
                0x0000d372       0x88 contiki-z1.a(rpl-ext-header.)
                0x0000d372                rpl_update_header_final
 .text.rpl_remove_header
                0x0000d3fa       0x4c contiki-z1.a(rpl-ext-header.)
                0x0000d3fa                rpl_remove_header
 .text.rpl_invert_header
                0x0000d446       0x4e contiki-z1.a(rpl-ext-header.)
                0x0000d446                rpl_invert_header
 .text.rpl_insert_header
                0x0000d494       0x1c contiki-z1.a(rpl-ext-header.)
                0x0000d494                rpl_insert_header
 .text          0x0000d4b0        0x0 contiki-z1.a(i2cmaster.o)
 .text.i2c_receiveinit
                0x0000d4b0       0x34 contiki-z1.a(i2cmaster.o)
                0x0000d4b0                i2c_receiveinit
 .text.i2c_transmitinit
                0x0000d4e4       0x2e contiki-z1.a(i2cmaster.o)
                0x0000d4e4                i2c_transmitinit
 .text.i2c_receive_n
                0x0000d512       0x3e contiki-z1.a(i2cmaster.o)
                0x0000d512                i2c_receive_n
 .text.i2c_busy
                0x0000d550        0xa contiki-z1.a(i2cmaster.o)
                0x0000d550                i2c_busy
 .text.i2c_enable
                0x0000d55a       0x22 contiki-z1.a(i2cmaster.o)
                0x0000d55a                i2c_enable
 .text.i2c_disable
                0x0000d57c       0x1a contiki-z1.a(i2cmaster.o)
                0x0000d57c                i2c_disable
 .text.i2c_transmit_n
                0x0000d596       0x14 contiki-z1.a(i2cmaster.o)
                0x0000d596                i2c_transmit_n
 .text          0x0000d5aa        0x0 contiki-z1.a(frame802154.o)
 .text.field_len
                0x0000d5aa       0x8c contiki-z1.a(frame802154.o)
 .text.frame802154_hdrlen
                0x0000d636       0x2e contiki-z1.a(frame802154.o)
                0x0000d636                frame802154_hdrlen
 .text.frame802154_create
                0x0000d664      0x136 contiki-z1.a(frame802154.o)
                0x0000d664                frame802154_create
 .text.frame802154_parse
                0x0000d79a      0x176 contiki-z1.a(frame802154.o)
                0x0000d79a                frame802154_parse
 .text          0x0000d910        0x0 /usr/local/msp430/bin/../lib/gcc/msp430/4.7.0/../../../../msp430/lib/mcpu-430x/mmpy-16/libm.a(ef_log.o)
 .text.__ieee754_logf
                0x0000d910      0x462 /usr/local/msp430/bin/../lib/gcc/msp430/4.7.0/../../../../msp430/lib/mcpu-430x/mmpy-16/libm.a(ef_log.o)
                0x0000d910                __ieee754_logf
 .text.logf     0x0000dd72        0x6 /usr/local/msp430/bin/../lib/gcc/msp430/4.7.0/../../../../msp430/lib/mcpu-430x/mmpy-16/libm.a(ef_log.o)
                0x0000dd72                logf
 .text          0x0000dd78        0x0 /usr/local/msp430/bin/../lib/gcc/msp430/4.7.0/../../../../msp430/lib/mcpu-430x/mmpy-16/libm.a(sf_floor.o)
 .text.floorf   0x0000dd78       0xfe /usr/local/msp430/bin/../lib/gcc/msp430/4.7.0/../../../../msp430/lib/mcpu-430x/mmpy-16/libm.a(sf_floor.o)
                0x0000dd78                floorf
 .text.floor    0x0000de76        0x6 /usr/local/msp430/bin/../lib/gcc/msp430/4.7.0/../../../../msp430/lib/mcpu-430x/mmpy-16/libm.a(sf_floor.o)
                0x0000de76                floor
 .text          0x0000de7c        0x0 /usr/local/msp430/bin/../lib/gcc/msp430/4.7.0/../../../../msp430/lib/mcpu-430x/mmpy-16/libm.a(ef_exp.o)
 .text.__ieee754_expf
                0x0000de7c      0x314 /usr/local/msp430/bin/../lib/gcc/msp430/4.7.0/../../../../msp430/lib/mcpu-430x/mmpy-16/libm.a(ef_exp.o)
                0x0000de7c                __ieee754_expf
 .text.expf     0x0000e190        0x6 /usr/local/msp430/bin/../lib/gcc/msp430/4.7.0/../../../../msp430/lib/mcpu-430x/mmpy-16/libm.a(ef_exp.o)
                0x0000e190                expf
 .text          0x0000e196        0x0 /usr/local/msp430/bin/../lib/gcc/msp430/4.7.0/mcpu-430x/mmpy-16/libgcc.a(_mulsi3.o)
 .text.libgcc   0x0000e196       0x26 /usr/local/msp430/bin/../lib/gcc/msp430/4.7.0/mcpu-430x/mmpy-16/libgcc.a(_mulsi3.o)
                0x0000e196                __mulsi3
 .text          0x0000e1bc        0x0 /usr/local/msp430/bin/../lib/gcc/msp430/4.7.0/mcpu-430x/mmpy-16/libgcc.a(_udivmod16.o)
 .text.libgcc   0x0000e1bc       0x22 /usr/local/msp430/bin/../lib/gcc/msp430/4.7.0/mcpu-430x/mmpy-16/libgcc.a(_udivmod16.o)
                0x0000e1bc                __udivhi3
                0x0000e1bc                __ext_udivmod16
                0x0000e1d6                __umodhi3
 .text          0x0000e1de        0x0 /usr/local/msp430/bin/../lib/gcc/msp430/4.7.0/mcpu-430x/mmpy-16/libgcc.a(_divmod16.o)
 .text.libgcc   0x0000e1de       0x3a /usr/local/msp430/bin/../lib/gcc/msp430/4.7.0/mcpu-430x/mmpy-16/libgcc.a(_divmod16.o)
                0x0000e1de                __ext_divmod16
                0x0000e1de                __divhi3
                0x0000e210                __modhi3
 .text          0x0000e218        0x0 /usr/local/msp430/bin/../lib/gcc/msp430/4.7.0/mcpu-430x/mmpy-16/libgcc.a(_udivmod32.o)
 .text.libgcc   0x0000e218       0x38 /usr/local/msp430/bin/../lib/gcc/msp430/4.7.0/mcpu-430x/mmpy-16/libgcc.a(_udivmod32.o)
                0x0000e218                __udivsi3
                0x0000e218                __ext_udivmod32
                0x0000e246                __umodsi3
 .text          0x0000e250       0x3c /usr/local/msp430/bin/../lib/gcc/msp430/4.7.0/mcpu-430x/mmpy-16/libgcc.a(_fixunssfsi.o)
                0x0000e250                __fixunssfsi
 .text          0x0000e28c      0x2f0 /usr/local/msp430/bin/../lib/gcc/msp430/4.7.0/mcpu-430x/mmpy-16/libgcc.a(_addsub_sf.o)
                0x0000e4e0                __addsf3
                0x0000e52c                __subsf3
 .text          0x0000e57c      0x1f2 /usr/local/msp430/bin/../lib/gcc/msp430/4.7.0/mcpu-430x/mmpy-16/libgcc.a(_mul_sf.o)
                0x0000e57c                __mulsf3
 .text          0x0000e76e      0x142 /usr/local/msp430/bin/../lib/gcc/msp430/4.7.0/mcpu-430x/mmpy-16/libgcc.a(_div_sf.o)
                0x0000e76e                __divsf3
 .text          0x0000e8b0       0x4e /usr/local/msp430/bin/../lib/gcc/msp430/4.7.0/mcpu-430x/mmpy-16/libgcc.a(_eq_sf.o)
                0x0000e8b0                __eqsf2
 .text          0x0000e8fe       0x4e /usr/local/msp430/bin/../lib/gcc/msp430/4.7.0/mcpu-430x/mmpy-16/libgcc.a(_gt_sf.o)
                0x0000e8fe                __gtsf2
 .text          0x0000e94c       0x4e /usr/local/msp430/bin/../lib/gcc/msp430/4.7.0/mcpu-430x/mmpy-16/libgcc.a(_ge_sf.o)
                0x0000e94c                __gesf2
 .text          0x0000e99a       0xa4 /usr/local/msp430/bin/../lib/gcc/msp430/4.7.0/mcpu-430x/mmpy-16/libgcc.a(_si_to_sf.o)
                0x0000e99a                __floatsisf
 .text          0x0000ea3e       0x8c /usr/local/msp430/bin/../lib/gcc/msp430/4.7.0/mcpu-430x/mmpy-16/libgcc.a(_sf_to_si.o)
                0x0000ea3e                __fixsfsi
 .text          0x0000eaca        0x0 /usr/local/msp430/bin/../lib/gcc/msp430/4.7.0/mcpu-430x/mmpy-16/libgcc.a(_thenan_sf.o)
 .text          0x0000eaca       0x6a /usr/local/msp430/bin/../lib/gcc/msp430/4.7.0/mcpu-430x/mmpy-16/libgcc.a(_clzsi2.o)
                0x0000eaca                __clzsi2
 .text          0x0000eb34      0x1c8 /usr/local/msp430/bin/../lib/gcc/msp430/4.7.0/mcpu-430x/mmpy-16/libgcc.a(_pack_sf.o)
                0x0000eb34                __pack_f
 .text          0x0000ecfc      0x10c /usr/local/msp430/bin/../lib/gcc/msp430/4.7.0/mcpu-430x/mmpy-16/libgcc.a(_unpack_sf.o)
                0x0000ecfc                __unpack_f
 .text          0x0000ee08       0xa4 /usr/local/msp430/bin/../lib/gcc/msp430/4.7.0/mcpu-430x/mmpy-16/libgcc.a(_fpcmp_parts_sf.o)
                0x0000ee08                __fpcmp_parts_f
 .text          0x0000eeac        0x0 /usr/local/msp430/bin/../lib/gcc/msp430/4.7.0/mcpu-430x/mmpy-16/libgcc.a(_clz.o)
 .text          0x0000eeac        0x0 /usr/local/msp430/bin/../lib/gcc/msp430/4.7.0/../../../../msp430/lib/mcpu-430x/mmpy-16/libc.a(printf.o)
 .text.printf   0x0000eeac       0x10 /usr/local/msp430/bin/../lib/gcc/msp430/4.7.0/../../../../msp430/lib/mcpu-430x/mmpy-16/libc.a(printf.o)
                0x0000eeac                printf
 .text.vprintf  0x0000eebc        0xe /usr/local/msp430/bin/../lib/gcc/msp430/4.7.0/../../../../msp430/lib/mcpu-430x/mmpy-16/libc.a(printf.o)
                0x0000eebc                vprintf
 .text          0x0000eeca        0x0 /usr/local/msp430/bin/../lib/gcc/msp430/4.7.0/../../../../msp430/lib/mcpu-430x/mmpy-16/libc.a(sprintf.o)
 .text.append   0x0000eeca       0x22 /usr/local/msp430/bin/../lib/gcc/msp430/4.7.0/../../../../msp430/lib/mcpu-430x/mmpy-16/libc.a(sprintf.o)
 .text.call_vuprintf
                0x0000eeec       0x36 /usr/local/msp430/bin/../lib/gcc/msp430/4.7.0/../../../../msp430/lib/mcpu-430x/mmpy-16/libc.a(sprintf.o)
 .text.sprintf  0x0000ef22       0x1c /usr/local/msp430/bin/../lib/gcc/msp430/4.7.0/../../../../msp430/lib/mcpu-430x/mmpy-16/libc.a(sprintf.o)
                0x0000ef22                sprintf
 .text.snprintf
                0x0000ef3e       0x1a /usr/local/msp430/bin/../lib/gcc/msp430/4.7.0/../../../../msp430/lib/mcpu-430x/mmpy-16/libc.a(sprintf.o)
                0x0000ef3e                snprintf
 .text.vsprintf
                0x0000ef58       0x16 /usr/local/msp430/bin/../lib/gcc/msp430/4.7.0/../../../../msp430/lib/mcpu-430x/mmpy-16/libc.a(sprintf.o)
                0x0000ef58                vsprintf
 .text.vsnprintf
                0x0000ef6e       0x12 /usr/local/msp430/bin/../lib/gcc/msp430/4.7.0/../../../../msp430/lib/mcpu-430x/mmpy-16/libc.a(sprintf.o)
                0x0000ef6e                vsnprintf
 .text          0x0000ef80        0x0 /usr/local/msp430/bin/../lib/gcc/msp430/4.7.0/../../../../msp430/lib/mcpu-430x/mmpy-16/libc.a(vuprintf.o)
 .text.print_field
                0x0000ef80      0x176 /usr/local/msp430/bin/../lib/gcc/msp430/4.7.0/../../../../msp430/lib/mcpu-430x/mmpy-16/libc.a(vuprintf.o)
 .text.vuprintf
                0x0000f0f6      0x740 /usr/local/msp430/bin/../lib/gcc/msp430/4.7.0/../../../../msp430/lib/mcpu-430x/mmpy-16/libc.a(vuprintf.o)
                0x0000f0f6                vuprintf
 .text          0x0000f836        0x0 /usr/local/msp430/bin/../lib/gcc/msp430/4.7.0/../../../../msp430/lib/mcpu-430x/mmpy-16/libc.a(puts.o)
 .text.puts     0x0000f836       0x2c /usr/local/msp430/bin/../lib/gcc/msp430/4.7.0/../../../../msp430/lib/mcpu-430x/mmpy-16/libc.a(puts.o)
                0x0000f836                puts
 .text          0x0000f862        0x0 /usr/local/msp430/bin/../lib/gcc/msp430/4.7.0/../../../../msp430/lib/mcpu-430x/mmpy-16/libc.a(rand.o)
 .text.rand_r   0x0000f862       0x24 /usr/local/msp430/bin/../lib/gcc/msp430/4.7.0/../../../../msp430/lib/mcpu-430x/mmpy-16/libc.a(rand.o)
                0x0000f862                rand_r
 .text.rand     0x0000f886       0x26 /usr/local/msp430/bin/../lib/gcc/msp430/4.7.0/../../../../msp430/lib/mcpu-430x/mmpy-16/libc.a(rand.o)
                0x0000f886                rand
 .text.srand    0x0000f8ac        0xa /usr/local/msp430/bin/../lib/gcc/msp430/4.7.0/../../../../msp430/lib/mcpu-430x/mmpy-16/libc.a(rand.o)
                0x0000f8ac                srand
 .text          0x0000f8b6        0x0 /usr/local/msp430/bin/../lib/gcc/msp430/4.7.0/../../../../msp430/lib/mcpu-430x/mmpy-16/libc.a(strncmp.o)
 .text.strncmp  0x0000f8b6       0x2a /usr/local/msp430/bin/../lib/gcc/msp430/4.7.0/../../../../msp430/lib/mcpu-430x/mmpy-16/libc.a(strncmp.o)
                0x0000f8b6                strncmp
 .text          0x0000f8e0        0x0 /usr/local/msp430/bin/../lib/gcc/msp430/4.7.0/../../../../msp430/lib/mcpu-430x/mmpy-16/libc.a(memcmp.o)
 .text.memcmp   0x0000f8e0       0x2c /usr/local/msp430/bin/../lib/gcc/msp430/4.7.0/../../../../msp430/lib/mcpu-430x/mmpy-16/libc.a(memcmp.o)
                0x0000f8e0                memcmp
 .text          0x0000f90c        0x0 /usr/local/msp430/bin/../lib/gcc/msp430/4.7.0/../../../../msp430/lib/mcpu-430x/mmpy-16/libc.a(memcpy.o)
 .text.memcpy   0x0000f90c       0xe8 /usr/local/msp430/bin/../lib/gcc/msp430/4.7.0/../../../../msp430/lib/mcpu-430x/mmpy-16/libc.a(memcpy.o)
                0x0000f90c                memcpy
 .text          0x0000f9f4        0x0 /usr/local/msp430/bin/../lib/gcc/msp430/4.7.0/../../../../msp430/lib/mcpu-430x/mmpy-16/libc.a(memmove.o)
 .text.memmove  0x0000f9f4       0xe8 /usr/local/msp430/bin/../lib/gcc/msp430/4.7.0/../../../../msp430/lib/mcpu-430x/mmpy-16/libc.a(memmove.o)
                0x0000f9f4                memmove
 .text          0x0000fadc        0x0 /usr/local/msp430/bin/../lib/gcc/msp430/4.7.0/../../../../msp430/lib/mcpu-430x/mmpy-16/libc.a(memset.o)
 .text.memset   0x0000fadc       0x5c /usr/local/msp430/bin/../lib/gcc/msp430/4.7.0/../../../../msp430/lib/mcpu-430x/mmpy-16/libc.a(memset.o)
                0x0000fadc                memset
 .text          0x0000fb38        0x0 /usr/local/msp430/bin/../lib/gcc/msp430/4.7.0/mcpu-430x/mmpy-16/libgcc.a(_udivmod64.o)
 .text.libgcc   0x0000fb38       0xbc /usr/local/msp430/bin/../lib/gcc/msp430/4.7.0/mcpu-430x/mmpy-16/libgcc.a(_udivmod64.o)
                0x0000fb38                __xabi_udivmod64
                0x0000fb8a                __udivdi3
                0x0000fba4                __umoddi3
                0x0000fbc6                __udivmoddi4
 .text          0x0000fbf4        0x0 /usr/local/msp430/bin/../lib/gcc/msp430/4.7.0/mcpu-430x/mmpy-16/libcrt0.a(_reset_vector__.o)
 .text          0x0000fbf4        0x0 /usr/local/msp430/bin/../lib/gcc/msp430/4.7.0/mcpu-430x/mmpy-16/libcrt0.a(__watchdog_support.o)
 .text          0x0000fbf4        0x0 /usr/local/msp430/bin/../lib/gcc/msp430/4.7.0/mcpu-430x/mmpy-16/libcrt0.a(__init_stack.o)